Archive member included to satisfy reference by file (symbol)

src/i2c_non_blocking/libi2c_non_blocking.a(i2c_non_blocking.c.obj)
                              CMakeFiles/weather_station.dir/src/main.c.obj (i2c_nb_handler)
src/systick/libsystick.a(systick.c.obj)
                              CMakeFiles/weather_station.dir/src/main.c.obj (systick_init)
src/station/libstation.a(station.c.obj)
                              CMakeFiles/weather_station.dir/src/main.c.obj (station_init)
src/weather_mode/libweather_mode.a(weather_mode.c.obj)
                              src/station/libstation.a(station.c.obj) (weather_mode_measure_data)
src/wellcome_mode/libwellcome_mode.a(wellcome_mode.c.obj)
                              src/station/libstation.a(station.c.obj) (wellcome_main_grid)
src/lcd/liblcd.a(lcd.c.obj)   src/station/libstation.a(station.c.obj) (lcd_backlight_off)
src/font/libfont.a(font.c.obj)
                              src/station/libstation.a(station.c.obj) (BigFont)
src/touchscreen/libtouchscreen.a(touchscreen.c.obj)
                              src/station/libstation.a(station.c.obj) (touchscreen_init)
src/bme280/libbme280.a(bme280.c.obj)
                              src/station/libstation.a(station.c.obj) (BME280_config)
src/veml7700/libveml7700.a(veml7700.c.obj)
                              src/station/libstation.a(station.c.obj) (VEML7700_config)
src/RN4870/libRN4870.a(RN4870.c.obj)
                              CMakeFiles/weather_station.dir/src/main.c.obj (BLE_DATA_RECEIVED)
src/display/libdisplay.a(display.c.obj)
                              CMakeFiles/weather_station.dir/src/main.c.obj (display_create_zone_matrix)
src/util/libutil.a(util.c.obj)
                              src/RN4870/libRN4870.a(RN4870.c.obj) (gpio_initialize_out)
src/led_rgb/libled_rgb.a(led_rgb.c.obj)
                              CMakeFiles/weather_station.dir/src/main.c.obj (led_rgb_init)
src/drawing_mode/libdrawing_mode.a(drawing_mode.c.obj)
                              src/station/libstation.a(station.c.obj) (drawing_mode_draw)
/usr/lib/gcc/arm-none-eabi/13.2.1/thumb/v6-m/nofp/libgcc.a(_dvmd_tls.o)
                              CMakeFiles/weather_station.dir/home/gael/git/pico-sdk/src/rp2_common/pico_divider/divider_hardware.S.obj (__aeabi_idiv0)
/usr/lib/gcc/arm-none-eabi/13.2.1/../../../arm-none-eabi/lib/thumb/v6-m/nofp/libg.a(libc_a-calloc.o)
                              CMakeFiles/weather_station.dir/home/gael/git/pico-sdk/src/rp2_common/pico_malloc/malloc.c.obj (calloc)
/usr/lib/gcc/arm-none-eabi/13.2.1/../../../arm-none-eabi/lib/thumb/v6-m/nofp/libg.a(libc_a-impure.o)
                              /usr/lib/gcc/arm-none-eabi/13.2.1/../../../arm-none-eabi/lib/thumb/v6-m/nofp/libg.a(libc_a-calloc.o) (_impure_ptr)
/usr/lib/gcc/arm-none-eabi/13.2.1/../../../arm-none-eabi/lib/thumb/v6-m/nofp/libg.a(libc_a-callocr.o)
                              /usr/lib/gcc/arm-none-eabi/13.2.1/../../../arm-none-eabi/lib/thumb/v6-m/nofp/libg.a(libc_a-calloc.o) (_calloc_r)
/usr/lib/gcc/arm-none-eabi/13.2.1/../../../arm-none-eabi/lib/thumb/v6-m/nofp/libg.a(libc_a-realloc.o)
                              CMakeFiles/weather_station.dir/home/gael/git/pico-sdk/src/rp2_common/pico_malloc/malloc.c.obj (realloc)
/usr/lib/gcc/arm-none-eabi/13.2.1/../../../arm-none-eabi/lib/thumb/v6-m/nofp/libg.a(libc_a-mallocr.o)
                              /usr/lib/gcc/arm-none-eabi/13.2.1/../../../arm-none-eabi/lib/thumb/v6-m/nofp/libg.a(libc_a-callocr.o) (_malloc_r)
/usr/lib/gcc/arm-none-eabi/13.2.1/../../../arm-none-eabi/lib/thumb/v6-m/nofp/libg.a(libc_a-freer.o)
                              /usr/lib/gcc/arm-none-eabi/13.2.1/../../../arm-none-eabi/lib/thumb/v6-m/nofp/libg.a(libc_a-mallocr.o) (_free_r)
/usr/lib/gcc/arm-none-eabi/13.2.1/../../../arm-none-eabi/lib/thumb/v6-m/nofp/libg.a(libc_a-memcmp.o)
                              CMakeFiles/weather_station.dir/home/gael/git/pico-sdk/src/rp2_common/pico_atomic/atomic.c.obj (memcmp)
/usr/lib/gcc/arm-none-eabi/13.2.1/../../../arm-none-eabi/lib/thumb/v6-m/nofp/libg.a(libc_a-malloc.o)
                              CMakeFiles/weather_station.dir/home/gael/git/pico-sdk/src/rp2_common/pico_malloc/malloc.c.obj (malloc)
/usr/lib/gcc/arm-none-eabi/13.2.1/../../../arm-none-eabi/lib/thumb/v6-m/nofp/libg.a(libc_a-sysconf.o)
                              /usr/lib/gcc/arm-none-eabi/13.2.1/../../../arm-none-eabi/lib/thumb/v6-m/nofp/libg.a(libc_a-mallocr.o) (sysconf)
/usr/lib/gcc/arm-none-eabi/13.2.1/../../../arm-none-eabi/lib/thumb/v6-m/nofp/libg.a(libc_a-init.o)
                              /usr/lib/gcc/arm-none-eabi/13.2.1/../../../arm-none-eabi/lib/thumb/v6-m/nofp/crt0.o (__libc_init_array)
/usr/lib/gcc/arm-none-eabi/13.2.1/../../../arm-none-eabi/lib/thumb/v6-m/nofp/libg.a(libc_a-reallocr.o)
                              /usr/lib/gcc/arm-none-eabi/13.2.1/../../../arm-none-eabi/lib/thumb/v6-m/nofp/libg.a(libc_a-realloc.o) (_realloc_r)
[...]
Memory Configuration

Name             Origin             Length             Attributes
FLASH            0x10000000         0x00200000         xr
RAM              0x20000000         0x00040000         xrw
SCRATCH_X        0x20040000         0x00001000         xrw
SCRATCH_Y        0x20041000         0x00001000         xrw
*default*        0x00000000         0xffffffff

Linker script and memory map

LOAD /usr/lib/gcc/arm-none-eabi/13.2.1/thumb/v6-m/nofp/crti.o
LOAD /usr/lib/gcc/arm-none-eabi/13.2.1/thumb/v6-m/nofp/crtbegin.o
LOAD /usr/lib/gcc/arm-none-eabi/13.2.1/../../../arm-none-eabi/lib/thumb/v6-m/nofp/crt0.o

.flash_begin    0x10000000        0x0
                0x10000000                        __flash_binary_start = .

.boot2          0x10000000      0x100
                0x10000000                        __boot2_start__ = .
 *(.boot2)
 .boot2         0x10000000      0x100 /tmp/cc7KtIoP.o
                0x10000100                        __boot2_end__ = .
                0x00000001                        ASSERT (((__boot2_end__ - __boot2_start__) == 0x100), ERROR: Pico second stage bootloader must be 256 bytes in size)

.text           0x10000100     0x8c78
                0x10000100                        __logical_binary_start = .
 *(.vectors)
 .vectors       0x10000100       0xd4 CMakeFiles/weather_station.dir/home/gael/git/pico-sdk/src/rp2_common/pico_crt0/crt0.S.obj
                0x10000100                __vectors
                0x10000100                __VECTOR_TABLE
                0x100001c0                isr_invalid
                0x100001c0                __default_isrs_start
                0x100001c2                isr_nmi
                0x100001c4                isr_hardfault
                0x100001c6                isr_svcall
                0x100001c8                isr_pendsv
                0x100001cc                isr_irq30
                0x100001cc                __unhandled_user_irq
                0x100001cc                isr_irq13
                0x100001cc                isr_irq27
                0x100001cc                isr_irq31
                0x100001cc                isr_irq5
                0x100001cc                isr_irq11
                0x100001cc                isr_irq23
                0x100001cc                isr_irq18
                0x100001cc                isr_irq28
                0x100001cc                isr_irq19
                0x100001cc                isr_irq0
                0x100001cc                isr_irq6
                0x100001cc                isr_irq22
                0x100001cc                isr_irq17
                0x100001cc                isr_irq14
                0x100001cc                isr_irq2
                0x100001cc                isr_irq10
                0x100001cc                isr_irq8
                0x100001cc                isr_irq24
                0x100001cc                isr_irq1
                0x100001cc                isr_irq7
                0x100001cc                isr_irq21
                0x100001cc                isr_irq20
                0x100001cc                isr_irq15
                0x100001cc                isr_irq25
                0x100001cc                isr_irq4
                0x100001cc                isr_irq16
                0x100001cc                isr_irq29
                0x100001cc                isr_irq26
                0x100001cc                __default_isrs_end
                0x100001cc                isr_irq3
                0x100001cc                isr_irq12
                0x100001cc                isr_irq9
                0x100001d2                unhandled_user_irq_num_in_r0
 *(.binary_info_header)
 .binary_info_header
                0x100001d4       0x14 CMakeFiles/weather_station.dir/home/gael/git/pico-sdk/src/rp2_common/pico_crt0/crt0.S.obj
                0x100001e8                        __binary_info_header_end = .
 *(.embedded_block)
                0x100001e8                        __embedded_block_end = .
 *(.reset)
 .reset         0x100001e8       0x9c CMakeFiles/weather_station.dir/home/gael/git/pico-sdk/src/rp2_common/pico_crt0/crt0.S.obj
                0x100001e8                _entry_point
 *(.init)
 .init          0x10000284        0x4 /usr/lib/gcc/arm-none-eabi/13.2.1/thumb/v6-m/nofp/crti.o
                0x10000284                _init
 *(EXCLUDE_FILE(*libm.a: *libc.a:*lib_a-mem*.o *libgcc.a:) .text*)
 .text          0x10000288       0x98 /usr/lib/gcc/arm-none-eabi/13.2.1/thumb/v6-m/nofp/crtbegin.o
 .text.main     0x10000320       0x12 CMakeFiles/weather_station.dir/src/main.c.obj
                0x10000320                main
 *fill*         0x10000332        0x2 
 .text.i2c_unreset
                0x10000334       0x2c CMakeFiles/weather_station.dir/home/gael/git/pico-sdk/src/rp2_common/hardware_i2c/i2c.c.obj
 .text.i2c_write_blocking_internal
                0x10000360      0x158 CMakeFiles/weather_station.dir/home/gael/git/pico-sdk/src/rp2_common/hardware_i2c/i2c.c.obj
 .text.i2c_read_blocking_internal
                0x100004b8       0xee CMakeFiles/weather_station.dir/home/gael/git/pico-sdk/src/rp2_common/hardware_i2c/i2c.c.obj
 *fill*         0x100005a6        0x2 
 .text.i2c_set_baudrate
                0x100005a8       0xf0 CMakeFiles/weather_station.dir/home/gael/git/pico-sdk/src/rp2_common/hardware_i2c/i2c.c.obj
                0x100005a8                i2c_set_baudrate
 .text.i2c_init
                0x10000698       0x54 CMakeFiles/weather_station.dir/home/gael/git/pico-sdk/src/rp2_common/hardware_i2c/i2c.c.obj
                0x10000698                i2c_init
 .text.i2c_write_blocking
                0x100006ec       0x18 CMakeFiles/weather_station.dir/home/gael/git/pico-sdk/src/rp2_common/hardware_i2c/i2c.c.obj
                0x100006ec                i2c_write_blocking
 .text.i2c_read_blocking
                0x10000704       0x18 CMakeFiles/weather_station.dir/home/gael/git/pico-sdk/src/rp2_common/hardware_i2c/i2c.c.obj
                0x10000704                i2c_read_blocking
 .text.rp2040_chip_version
                0x1000071c       0x54 CMakeFiles/weather_station.dir/home/gael/git/pico-sdk/src/rp2040/pico_platform/platform.c.obj
                0x1000071c                rp2040_chip_version
 .text.panic    0x10000770       0x30 CMakeFiles/weather_station.dir/home/gael/git/pico-sdk/src/rp2_common/pico_platform_panic/panic.c.obj
                0x10000770                panic
 .text.hw_claim_lock
                0x100007a0       0x18 CMakeFiles/weather_station.dir/home/gael/git/pico-sdk/src/common/hardware_claim/claim.c.obj
                0x100007a0                hw_claim_lock
 .text.hw_claim_unlock
                0x100007b8       0x14 CMakeFiles/weather_station.dir/home/gael/git/pico-sdk/src/common/hardware_claim/claim.c.obj
                0x100007b8                hw_claim_unlock
 .text.hw_claim_or_assert
                0x100007cc       0x32 CMakeFiles/weather_station.dir/home/gael/git/pico-sdk/src/common/hardware_claim/claim.c.obj
                0x100007cc                hw_claim_or_assert
 .text.hw_claim_unused_from_range
                0x100007fe       0x50 CMakeFiles/weather_station.dir/home/gael/git/pico-sdk/src/common/hardware_claim/claim.c.obj
                0x100007fe                hw_claim_unused_from_range
 *fill*         0x1000084e        0x2 
 .text.next_striped_spin_lock_num
                0x10000850       0x1c CMakeFiles/weather_station.dir/home/gael/git/pico-sdk/src/rp2_common/hardware_sync/sync.c.obj
                0x10000850                next_striped_spin_lock_num
 .text.spin_lock_claim_unused
                0x1000086c       0x24 CMakeFiles/weather_station.dir/home/gael/git/pico-sdk/src/rp2_common/hardware_sync/sync.c.obj
                0x1000086c                spin_lock_claim_unused
 .text.spin_locks_reset
                0x10000890       0x20 CMakeFiles/weather_station.dir/home/gael/git/pico-sdk/src/rp2_common/hardware_sync_spin_lock/sync_spin_lock.c.obj
                0x10000890                spin_locks_reset
 .text.make_alarm_id
                0x100008b0        0x6 CMakeFiles/weather_station.dir/home/gael/git/pico-sdk/src/common/pico_time/time.c.obj
 *fill*         0x100008b6        0x2 
 .text.sleep_until_callback
                0x100008b8       0x30 CMakeFiles/weather_station.dir/home/gael/git/pico-sdk/src/common/pico_time/time.c.obj
 .text.alarm_pool_irq_handler
                0x100008e8      0x2e0 CMakeFiles/weather_station.dir/home/gael/git/pico-sdk/src/common/pico_time/time.c.obj
 .text.ta_enable_irq_handler
                0x10000bc8       0x2c CMakeFiles/weather_station.dir/home/gael/git/pico-sdk/src/common/pico_time/time.c.obj
 .text.alarm_pool_post_alloc_init
                0x10000bf4       0x78 CMakeFiles/weather_station.dir/home/gael/git/pico-sdk/src/common/pico_time/time.c.obj
 .text.alarm_pool_get_default
                0x10000c6c       0x2c CMakeFiles/weather_station.dir/home/gael/git/pico-sdk/src/common/pico_time/time.c.obj
                0x10000c6c                alarm_pool_get_default
 .text.alarm_pool_add_alarm_at_force_in_context
                0x10000c98       0xa4 CMakeFiles/weather_station.dir/home/gael/git/pico-sdk/src/common/pico_time/time.c.obj
                0x10000c98                alarm_pool_add_alarm_at_force_in_context
 .text.alarm_pool_add_alarm_at
                0x10000d3c       0x3c CMakeFiles/weather_station.dir/home/gael/git/pico-sdk/src/common/pico_time/time.c.obj
                0x10000d3c                alarm_pool_add_alarm_at
 .text.add_alarm_at
                0x10000d78       0x2e CMakeFiles/weather_station.dir/home/gael/git/pico-sdk/src/common/pico_time/time.c.obj
 *fill*         0x10000da6        0x2 
 .text.alarm_pool_cancel_alarm
                0x10000da8       0x78 CMakeFiles/weather_station.dir/home/gael/git/pico-sdk/src/common/pico_time/time.c.obj
                0x10000da8                alarm_pool_cancel_alarm
 .text.cancel_alarm
                0x10000e20       0x10 CMakeFiles/weather_station.dir/home/gael/git/pico-sdk/src/common/pico_time/time.c.obj
 .text.alarm_pool_core_num
                0x10000e30        0x4 CMakeFiles/weather_station.dir/home/gael/git/pico-sdk/src/common/pico_time/time.c.obj
                0x10000e30                alarm_pool_core_num
 .text.sleep_until
                0x10000e34       0xc0 CMakeFiles/weather_station.dir/home/gael/git/pico-sdk/src/common/pico_time/time.c.obj
                0x10000e34                sleep_until
 .text.sleep_us
                0x10000ef4       0x24 CMakeFiles/weather_station.dir/home/gael/git/pico-sdk/src/common/pico_time/time.c.obj
                0x10000ef4                sleep_us
 .text.sleep_ms
                0x10000f18       0x14 CMakeFiles/weather_station.dir/home/gael/git/pico-sdk/src/common/pico_time/time.c.obj
                0x10000f18                sleep_ms
 .text.best_effort_wfe_or_timeout
                0x10000f2c       0xc4 CMakeFiles/weather_station.dir/home/gael/git/pico-sdk/src/common/pico_time/time.c.obj
                0x10000f2c                best_effort_wfe_or_timeout
 .text.alarm_pool_get_default_timer
                0x10000ff0        0x8 CMakeFiles/weather_station.dir/home/gael/git/pico-sdk/src/common/pico_time/time.c.obj
                0x10000ff0                alarm_pool_get_default_timer
 .text.runtime_init_default_alarm_pool
                0x10000ff8       0x38 CMakeFiles/weather_station.dir/home/gael/git/pico-sdk/src/common/pico_time/time.c.obj
                0x10000ff8                runtime_init_default_alarm_pool
 .text.timer_hardware_alarm_claim
                0x10001030       0x14 CMakeFiles/weather_station.dir/home/gael/git/pico-sdk/src/rp2_common/hardware_timer/timer.c.obj
                0x10001030                timer_hardware_alarm_claim
 .text.timer_time_us_64
                0x10001044       0x10 CMakeFiles/weather_station.dir/home/gael/git/pico-sdk/src/rp2_common/hardware_timer/timer.c.obj
                0x10001044                timer_time_us_64
 .text.timer_busy_wait_until
                0x10001054       0x1a CMakeFiles/weather_station.dir/home/gael/git/pico-sdk/src/rp2_common/hardware_timer/timer.c.obj
                0x10001054                timer_busy_wait_until
 *fill*         0x1000106e        0x2 
 .text.time_us_64
                0x10001070       0x10 CMakeFiles/weather_station.dir/home/gael/git/pico-sdk/src/rp2_common/hardware_timer/timer.c.obj
                0x10001070                time_us_64
 .text.busy_wait_until
                0x10001080       0x14 CMakeFiles/weather_station.dir/home/gael/git/pico-sdk/src/rp2_common/hardware_timer/timer.c.obj
                0x10001080                busy_wait_until
 .text.set_raw_irq_handler_and_unlock
                0x10001094       0x28 CMakeFiles/weather_station.dir/home/gael/git/pico-sdk/src/rp2_common/hardware_irq/irq.c.obj
 .text.nvic_ipr0
                0x100010bc        0x8 CMakeFiles/weather_station.dir/home/gael/git/pico-sdk/src/rp2_common/hardware_irq/irq.c.obj
 .text.runtime_init_per_core_irq_priorities
                0x100010c4       0x1c CMakeFiles/weather_station.dir/home/gael/git/pico-sdk/src/rp2_common/hardware_irq/irq.c.obj
                0x100010c4                runtime_init_per_core_irq_priorities
 .text.resolve_j_16
                0x100010e0       0x30 CMakeFiles/weather_station.dir/home/gael/git/pico-sdk/src/rp2_common/hardware_irq/irq.c.obj
 .text.make_j_16
                0x10001110       0x48 CMakeFiles/weather_station.dir/home/gael/git/pico-sdk/src/rp2_common/hardware_irq/irq.c.obj
 .text.insert_bl_32
                0x10001158       0x40 CMakeFiles/weather_station.dir/home/gael/git/pico-sdk/src/rp2_common/hardware_irq/irq.c.obj
 .text.irq_is_enabled
                0x10001198       0x18 CMakeFiles/weather_station.dir/home/gael/git/pico-sdk/src/rp2_common/hardware_irq/irq.c.obj
                0x10001198                irq_is_enabled
 .text.irq_set_mask_n_enabled
                0x100011b0       0x1c CMakeFiles/weather_station.dir/home/gael/git/pico-sdk/src/rp2_common/hardware_irq/irq.c.obj
                0x100011b0                irq_set_mask_n_enabled
 .text.irq_set_enabled
                0x100011cc       0x14 CMakeFiles/weather_station.dir/home/gael/git/pico-sdk/src/rp2_common/hardware_irq/irq.c.obj
                0x100011cc                irq_set_enabled
 .text.irq_set_pending
                0x100011e0       0x10 CMakeFiles/weather_station.dir/home/gael/git/pico-sdk/src/rp2_common/hardware_irq/irq.c.obj
                0x100011e0                irq_set_pending
 .text.irq_get_vtable_handler
                0x100011f0       0x10 CMakeFiles/weather_station.dir/home/gael/git/pico-sdk/src/rp2_common/hardware_irq/irq.c.obj
                0x100011f0                irq_get_vtable_handler
 .text.irq_has_shared_handler
                0x10001200       0x24 CMakeFiles/weather_station.dir/home/gael/git/pico-sdk/src/rp2_common/hardware_irq/irq.c.obj
                0x10001200                irq_has_shared_handler
 .text.irq_set_exclusive_handler
                0x10001224       0x54 CMakeFiles/weather_station.dir/home/gael/git/pico-sdk/src/rp2_common/hardware_irq/irq.c.obj
                0x10001224                irq_set_exclusive_handler
 .text.irq_add_shared_handler
                0x10001278      0x218 CMakeFiles/weather_station.dir/home/gael/git/pico-sdk/src/rp2_common/hardware_irq/irq.c.obj
                0x10001278                irq_add_shared_handler
 .text.irq_remove_handler
                0x10001490      0x18c CMakeFiles/weather_station.dir/home/gael/git/pico-sdk/src/rp2_common/hardware_irq/irq.c.obj
                0x10001490                irq_remove_handler
 .text.irq_add_tail_to_free_list
                0x1000161c       0xf4 CMakeFiles/weather_station.dir/home/gael/git/pico-sdk/src/rp2_common/hardware_irq/irq.c.obj
                0x1000161c                irq_add_tail_to_free_list
 .text.user_irq_claim_unused
                0x10001710       0x2c CMakeFiles/weather_station.dir/home/gael/git/pico-sdk/src/rp2_common/hardware_irq/irq.c.obj
                0x10001710                user_irq_claim_unused
 .text.lock_init
                0x1000173c       0x10 CMakeFiles/weather_station.dir/home/gael/git/pico-sdk/src/common/pico_sync/lock_core.c.obj
                0x1000173c                lock_init
 .text.mutex_init
                0x1000174c       0x1a CMakeFiles/weather_station.dir/home/gael/git/pico-sdk/src/common/pico_sync/mutex.c.obj
                0x1000174c                mutex_init
 .text.recursive_mutex_init
                0x10001766       0x1e CMakeFiles/weather_station.dir/home/gael/git/pico-sdk/src/common/pico_sync/mutex.c.obj
                0x10001766                recursive_mutex_init
 .text.runtime_init_mutex
                0x10001784       0x4c CMakeFiles/weather_station.dir/home/gael/git/pico-sdk/src/common/pico_sync/mutex.c.obj
                0x10001784                runtime_init_mutex
 .text.critical_section_init_with_lock_num
                0x100017d0       0x14 CMakeFiles/weather_station.dir/home/gael/git/pico-sdk/src/common/pico_sync/critical_section.c.obj
                0x100017d0                critical_section_init_with_lock_num
 .text.critical_section_init
                0x100017e4       0x14 CMakeFiles/weather_station.dir/home/gael/git/pico-sdk/src/common/pico_sync/critical_section.c.obj
                0x100017e4                critical_section_init
 .text.clock_configure_internal
                0x100017f8       0xc4 CMakeFiles/weather_station.dir/home/gael/git/pico-sdk/src/rp2_common/hardware_clocks/clocks.c.obj
 .text.clock_configure_int_divider
                0x100018bc       0x28 CMakeFiles/weather_station.dir/home/gael/git/pico-sdk/src/rp2_common/hardware_clocks/clocks.c.obj
                0x100018bc                clock_configure_int_divider
 .text.clock_configure_undivided
                0x100018e4       0x12 CMakeFiles/weather_station.dir/home/gael/git/pico-sdk/src/rp2_common/hardware_clocks/clocks.c.obj
                0x100018e4                clock_configure_undivided
 *fill*         0x100018f6        0x2 
 .text.clock_get_hz
                0x100018f8        0xc CMakeFiles/weather_station.dir/home/gael/git/pico-sdk/src/rp2_common/hardware_clocks/clocks.c.obj
                0x100018f8                clock_get_hz
 .text.gpio_set_function
                0x10001904       0x34 CMakeFiles/weather_station.dir/home/gael/git/pico-sdk/src/rp2_common/hardware_gpio/gpio.c.obj
                0x10001904                gpio_set_function
 .text.gpio_set_irq_callback
                0x10001938       0x48 CMakeFiles/weather_station.dir/home/gael/git/pico-sdk/src/rp2_common/hardware_gpio/gpio.c.obj
                0x10001938                gpio_set_irq_callback
 .text.gpio_acknowledge_irq
                0x10001980       0x18 CMakeFiles/weather_station.dir/home/gael/git/pico-sdk/src/rp2_common/hardware_gpio/gpio.c.obj
                0x10001980                gpio_acknowledge_irq
 .text._gpio_set_irq_enabled
                0x10001998       0x38 CMakeFiles/weather_station.dir/home/gael/git/pico-sdk/src/rp2_common/hardware_gpio/gpio.c.obj
 .text.gpio_set_irq_enabled
                0x100019d0       0x64 CMakeFiles/weather_station.dir/home/gael/git/pico-sdk/src/rp2_common/hardware_gpio/gpio.c.obj
                0x100019d0                gpio_set_irq_enabled
 .text.gpio_set_irq_enabled_with_callback
                0x10001a34       0x28 CMakeFiles/weather_station.dir/home/gael/git/pico-sdk/src/rp2_common/hardware_gpio/gpio.c.obj
                0x10001a34                gpio_set_irq_enabled_with_callback
 .text.gpio_default_irq_handler
                0x10001a5c       0xa0 CMakeFiles/weather_station.dir/home/gael/git/pico-sdk/src/rp2_common/hardware_gpio/gpio.c.obj
 .text.gpio_init
                0x10001afc       0x16 CMakeFiles/weather_station.dir/home/gael/git/pico-sdk/src/rp2_common/hardware_gpio/gpio.c.obj
                0x10001afc                gpio_init
 *fill*         0x10001b12        0x2 
 .text.pll_init
                0x10001b14      0x124 CMakeFiles/weather_station.dir/home/gael/git/pico-sdk/src/rp2_common/hardware_pll/pll.c.obj
                0x10001b14                pll_init
 .text.watchdog_update
                0x10001c38       0x14 CMakeFiles/weather_station.dir/home/gael/git/pico-sdk/src/rp2_common/hardware_watchdog/watchdog.c.obj
                0x10001c38                watchdog_update
 .text._watchdog_enable
                0x10001c4c       0x7c CMakeFiles/weather_station.dir/home/gael/git/pico-sdk/src/rp2_common/hardware_watchdog/watchdog.c.obj
                0x10001c4c                _watchdog_enable
 .text.watchdog_reboot
                0x10001cc8       0x48 CMakeFiles/weather_station.dir/home/gael/git/pico-sdk/src/rp2_common/hardware_watchdog/watchdog.c.obj
                0x10001cc8                watchdog_reboot
 .text.tick_start
                0x10001d10       0x10 CMakeFiles/weather_station.dir/home/gael/git/pico-sdk/src/rp2_common/hardware_ticks/ticks.c.obj
                0x10001d10                tick_start
 .text.xosc_init
                0x10001d20       0x28 CMakeFiles/weather_station.dir/home/gael/git/pico-sdk/src/rp2_common/hardware_xosc/xosc.c.obj
                0x10001d20                xosc_init
 .text.runtime_run_initializers_from
                0x10001d48       0x18 CMakeFiles/weather_station.dir/home/gael/git/pico-sdk/src/rp2_common/pico_runtime/runtime.c.obj
 .text.first_per_core_initializer
                0x10001d60        0x2 CMakeFiles/weather_station.dir/home/gael/git/pico-sdk/src/rp2_common/pico_runtime/runtime.c.obj
 *fill*         0x10001d62        0x2 
 .text.runtime_run_initializers
                0x10001d64       0x10 CMakeFiles/weather_station.dir/home/gael/git/pico-sdk/src/rp2_common/pico_runtime/runtime.c.obj
                0x10001d64                runtime_run_initializers
 .text.runtime_init_early_resets
                0x10001d74       0x2c CMakeFiles/weather_station.dir/home/gael/git/pico-sdk/src/rp2_common/pico_runtime_init/runtime_init.c.obj
                0x10001d74                runtime_init_early_resets
 .text.runtime_init_usb_power_down
                0x10001da0       0x1c CMakeFiles/weather_station.dir/home/gael/git/pico-sdk/src/rp2_common/pico_runtime_init/runtime_init.c.obj
                0x10001da0                runtime_init_usb_power_down
 .text.runtime_init_post_clock_resets
                0x10001dbc       0x20 CMakeFiles/weather_station.dir/home/gael/git/pico-sdk/src/rp2_common/pico_runtime_init/runtime_init.c.obj
                0x10001dbc                runtime_init_post_clock_resets
 .text.runtime_init_rp2040_gpio_ie_disable
                0x10001ddc       0x14 CMakeFiles/weather_station.dir/home/gael/git/pico-sdk/src/rp2_common/pico_runtime_init/runtime_init.c.obj
                0x10001ddc                runtime_init_rp2040_gpio_ie_disable
 .text.runtime_init_spin_locks_reset
                0x10001df0        0x8 CMakeFiles/weather_station.dir/home/gael/git/pico-sdk/src/rp2_common/pico_runtime_init/runtime_init.c.obj
                0x10001df0                runtime_init_spin_locks_reset
 .text.runtime_init_install_ram_vector_table
                0x10001df8       0x1c CMakeFiles/weather_station.dir/home/gael/git/pico-sdk/src/rp2_common/pico_runtime_init/runtime_init.c.obj
                0x10001df8                runtime_init_install_ram_vector_table
 .text.start_all_ticks
                0x10001e14       0x28 CMakeFiles/weather_station.dir/home/gael/git/pico-sdk/src/rp2_common/pico_runtime_init/runtime_init_clocks.c.obj
 .text.runtime_init_clocks
                0x10001e3c       0xcc CMakeFiles/weather_station.dir/home/gael/git/pico-sdk/src/rp2_common/pico_runtime_init/runtime_init_clocks.c.obj
                0x10001e3c                runtime_init_clocks
 .text          0x10001f08       0x10 CMakeFiles/weather_station.dir/home/gael/git/pico-sdk/src/rp2_common/pico_bit_ops/bit_ops_aeabi.S.obj
 .text.rom_func_lookup
                0x10001f18       0x10 CMakeFiles/weather_station.dir/home/gael/git/pico-sdk/src/rp2_common/pico_bootrom/bootrom.c.obj
                0x10001f18                rom_func_lookup
 .text.rom_data_lookup
                0x10001f28       0x10 CMakeFiles/weather_station.dir/home/gael/git/pico-sdk/src/rp2_common/pico_bootrom/bootrom.c.obj
                0x10001f28                rom_data_lookup
 .text.rom_funcs_lookup
                0x10001f38       0x36 CMakeFiles/weather_station.dir/home/gael/git/pico-sdk/src/rp2_common/pico_bootrom/bootrom.c.obj
                0x10001f38                rom_funcs_lookup
 *fill*         0x10001f6e        0x2 
 .text.rom_reset_usb_boot
                0x10001f70       0x18 CMakeFiles/weather_station.dir/home/gael/git/pico-sdk/src/rp2_common/pico_bootrom/bootrom.c.obj
                0x10001f70                rom_reset_usb_boot
 .text.__wrap___aeabi_idiv
                0x10001f88       0x50 CMakeFiles/weather_station.dir/home/gael/git/pico-sdk/src/rp2_common/pico_divider/divider_hardware.S.obj
                0x10001f88                __wrap___aeabi_idivmod
                0x10001f88                divmod_s32s32
                0x10001f88                div_s32s32
                0x10001f88                __wrap___aeabi_idiv
                0x10001f90                divmod_s32s32_unsafe
                0x10001fbc                divmod_s32s32_savestate
 .text.__wrap___aeabi_uidiv
                0x10001fd8       0x4c CMakeFiles/weather_station.dir/home/gael/git/pico-sdk/src/rp2_common/pico_divider/divider_hardware.S.obj
                0x10001fd8                __wrap___aeabi_uidiv
                0x10001fd8                __wrap___aeabi_uidivmod
                0x10001fd8                div_u32u32
                0x10001fd8                divmod_u32u32
                0x10001fe0                divmod_u32u32_unsafe
                0x10002008                divmod_u32u32_savestate
 .text.__wrap___aeabi_ldiv
                0x10002024      0x424 CMakeFiles/weather_station.dir/home/gael/git/pico-sdk/src/rp2_common/pico_divider/divider_hardware.S.obj
                0x10002024                div_s64s64
                0x10002024                divmod_s64s64
                0x10002024                __wrap___aeabi_ldivmod
                0x10002054                div_u64u64
                0x10002054                divmod_u64u64
                0x10002054                __wrap___aeabi_uldivmod
                0x10002064                divmod_u64u64_savestate
                0x10002084                divmod_s64s64_unsafe
                0x1000210c                divmod_u64u64_unsafe
 .text.__wrap___aeabi_darithmetic
                0x10002448       0x80 CMakeFiles/weather_station.dir/home/gael/git/pico-sdk/src/rp2_common/pico_double/double_aeabi_rp2040.S.obj
                0x10002448                __wrap___aeabi_drsub
                0x1000244e                __wrap___aeabi_dsub
                0x10002460                __wrap___aeabi_dadd
                0x10002472                __wrap___aeabi_ddiv
                0x100024ae                __wrap___aeabi_dmul
 .text.__wrap___aeabi_cdcmple
                0x100024c8       0x6c CMakeFiles/weather_station.dir/home/gael/git/pico-sdk/src/rp2_common/pico_double/double_aeabi_rp2040.S.obj
                0x100024c8                __wrap___aeabi_cdrcmple
                0x100024d8                __wrap___aeabi_cdcmple
                0x100024d8                __wrap___aeabi_cdcmpeq
 .text.__wrap___aeabi_dcmpeq
                0x10002534       0x10 CMakeFiles/weather_station.dir/home/gael/git/pico-sdk/src/rp2_common/pico_double/double_aeabi_rp2040.S.obj
                0x10002534                __wrap___aeabi_dcmpeq
 .text.__wrap___aeabi_dcmplt
                0x10002544        0xc CMakeFiles/weather_station.dir/home/gael/git/pico-sdk/src/rp2_common/pico_double/double_aeabi_rp2040.S.obj
                0x10002544                __wrap___aeabi_dcmplt
 .text.__wrap___aeabi_dcmple
                0x10002550       0x10 CMakeFiles/weather_station.dir/home/gael/git/pico-sdk/src/rp2_common/pico_double/double_aeabi_rp2040.S.obj
                0x10002550                __wrap___aeabi_dcmple
 .text.__wrap___aeabi_dcmpge
                0x10002560       0x10 CMakeFiles/weather_station.dir/home/gael/git/pico-sdk/src/rp2_common/pico_double/double_aeabi_rp2040.S.obj
                0x10002560                __wrap___aeabi_dcmpge
 .text.__wrap___aeabi_dcmpgt
                0x10002570        0xa CMakeFiles/weather_station.dir/home/gael/git/pico-sdk/src/rp2_common/pico_double/double_aeabi_rp2040.S.obj
                0x10002570                __wrap___aeabi_dcmpgt
 .text.__wrap___aeabi_dcmpun
                0x1000257a       0x18 CMakeFiles/weather_station.dir/home/gael/git/pico-sdk/src/rp2_common/pico_double/double_aeabi_rp2040.S.obj
                0x1000257a                __wrap___aeabi_dcmpun
 *fill*         0x10002592        0x2 
 .text.__wrap___aeabi_i2d
                0x10002594       0x38 CMakeFiles/weather_station.dir/home/gael/git/pico-sdk/src/rp2_common/pico_double/double_aeabi_rp2040.S.obj
                0x10002594                __wrap___aeabi_ui2d
                0x1000259c                __wrap___aeabi_i2d
 .text.__wrap___aeabi_d2iz
                0x100025cc       0x48 CMakeFiles/weather_station.dir/home/gael/git/pico-sdk/src/rp2_common/pico_double/double_aeabi_rp2040.S.obj
                0x100025cc                __wrap___aeabi_d2iz
                0x100025cc                double2int_z
 .text.__wrap___aeabi_d2uiz
                0x10002614       0x18 CMakeFiles/weather_station.dir/home/gael/git/pico-sdk/src/rp2_common/pico_double/double_aeabi_rp2040.S.obj
                0x10002614                double2uint
                0x10002614                __wrap___aeabi_d2uiz
 .text.__wrap___aeabi_d2f
                0x1000262c       0x18 CMakeFiles/weather_station.dir/home/gael/git/pico-sdk/src/rp2_common/pico_double/double_aeabi_rp2040.S.obj
                0x1000262c                __wrap___aeabi_d2f
 .text.__aeabi_double_init
                0x10002644       0xcc CMakeFiles/weather_station.dir/home/gael/git/pico-sdk/src/rp2_common/pico_double/double_init_rom_rp2040.c.obj
                0x10002644                __aeabi_double_init
 .text.double_table_shim_on_use_helper
                0x10002710       0x34 CMakeFiles/weather_station.dir/home/gael/git/pico-sdk/src/rp2_common/pico_double/double_v1_rom_shim_rp2040.S.obj
                0x10002710                double_table_shim_on_use_helper
 .text.__wrap___aeabi_dsub
                0x10002744       0x10 CMakeFiles/weather_station.dir/home/gael/git/pico-sdk/src/rp2_common/pico_double/double_v1_rom_shim_rp2040.S.obj
                0x10002744                drsub_shim
                0x1000274a                dsub_shim
 .text.dadd_shim
                0x10002754      0x15c CMakeFiles/weather_station.dir/home/gael/git/pico-sdk/src/rp2_common/pico_double/double_v1_rom_shim_rp2040.S.obj
                0x10002754                dadd_shim
 .text.dmul_shim
                0x100028b0      0x15c CMakeFiles/weather_station.dir/home/gael/git/pico-sdk/src/rp2_common/pico_double/double_v1_rom_shim_rp2040.S.obj
                0x100028b0                dmul_shim
 .text.ddiv_shim
                0x10002a0c      0x1b0 CMakeFiles/weather_station.dir/home/gael/git/pico-sdk/src/rp2_common/pico_double/double_v1_rom_shim_rp2040.S.obj
                0x10002a0c                ddiv_shim
 .text.double2uint_shim
                0x10002bbc        0xe CMakeFiles/weather_station.dir/home/gael/git/pico-sdk/src/rp2_common/pico_double/double_v1_rom_shim_rp2040.S.obj
                0x10002bbc                double2uint_shim
                0x10002bbe                double2ufix_shim
 *fill*         0x10002bca        0x2 
 .text.double2uint64_shim
                0x10002bcc       0x70 CMakeFiles/weather_station.dir/home/gael/git/pico-sdk/src/rp2_common/pico_double/double_v1_rom_shim_rp2040.S.obj
                0x10002bcc                double2uint64_shim
                0x10002bce                double2ufix64_shim
                0x10002bee                d2fix_a
 .text.double2float_shim
                0x10002c3c       0x5c CMakeFiles/weather_station.dir/home/gael/git/pico-sdk/src/rp2_common/pico_double/double_v1_rom_shim_rp2040.S.obj
                0x10002c3c                double2float_shim
 .text.dunpacks
                0x10002c98       0x3c CMakeFiles/weather_station.dir/home/gael/git/pico-sdk/src/rp2_common/pico_double/double_v1_rom_shim_rp2040.S.obj
                0x10002c98                dunpacks
 .text.__aeabi_lmul
                0x10002cd4       0x32 CMakeFiles/weather_station.dir/home/gael/git/pico-sdk/src/rp2_common/pico_int64_ops/pico_int64_ops_aeabi.S.obj
                0x10002cd4                __wrap___aeabi_lmul
 *fill*         0x10002d06        0x2 
 .text.__wrap___aeabi_farithmetic
                0x10002d08       0x58 CMakeFiles/weather_station.dir/home/gael/git/pico-sdk/src/rp2_common/pico_float/float_aeabi_rp2040.S.obj
                0x10002d08                __wrap___aeabi_frsub
                0x10002d0e                __wrap___aeabi_fsub
                0x10002d18                __wrap___aeabi_fadd
                0x10002d22                __wrap___aeabi_fdiv
                0x10002d4e                __wrap___aeabi_fmul
 .text.__wrap___aeabi_f2iz
                0x10002d60       0x4e CMakeFiles/weather_station.dir/home/gael/git/pico-sdk/src/rp2_common/pico_float/float_aeabi_rp2040.S.obj
                0x10002d60                __wrap___aeabi_f2iz
                0x10002d60                float2int_z
 *fill*         0x10002dae        0x2 
 .text.float2int
                0x10002db0       0x14 CMakeFiles/weather_station.dir/home/gael/git/pico-sdk/src/rp2_common/pico_float/float_aeabi_rp2040.S.obj
                0x10002db0                float2int
 .text.__wrap___aeabi_f2uiz
                0x10002dc4       0x10 CMakeFiles/weather_station.dir/home/gael/git/pico-sdk/src/rp2_common/pico_float/float_aeabi_rp2040.S.obj
                0x10002dc4                float2uint_z
                0x10002dc4                __wrap___aeabi_f2uiz
 .text.__aeabi_float_init
                0x10002dd4       0xfc CMakeFiles/weather_station.dir/home/gael/git/pico-sdk/src/rp2_common/pico_float/float_init_rom_rp2040.c.obj
                0x10002dd4                __aeabi_float_init
 .text.float_table_shim_on_use_helper
                0x10002ed0       0x34 CMakeFiles/weather_station.dir/home/gael/git/pico-sdk/src/rp2_common/pico_float/float_v1_rom_shim_rp2040.S.obj
                0x10002ed0                float_table_shim_on_use_helper
 .text.float232_shims
                0x10002f04       0x18 CMakeFiles/weather_station.dir/home/gael/git/pico-sdk/src/rp2_common/pico_float/float_v1_rom_shim_rp2040.S.obj
                0x10002f04                float2int_shim
                0x10002f06                float2fix_shim
 .text          0x10002f1c       0x10 CMakeFiles/weather_station.dir/home/gael/git/pico-sdk/src/rp2_common/pico_mem_ops/mem_ops_aeabi.S.obj
                0x10002f1c                __aeabi_mem_init
 .text.memset   0x10002f2c        0xc CMakeFiles/weather_station.dir/home/gael/git/pico-sdk/src/rp2_common/pico_mem_ops/mem_ops_aeabi.S.obj
                0x10002f2c                __wrap_memset
 .text.memcpy   0x10002f38        0xc CMakeFiles/weather_station.dir/home/gael/git/pico-sdk/src/rp2_common/pico_mem_ops/mem_ops_aeabi.S.obj
                0x10002f38                __wrap___aeabi_memcpy
                0x10002f38                __wrap_memcpy
 .text._out_buffer
                0x10002f44        0x8 CMakeFiles/weather_station.dir/home/gael/git/pico-sdk/src/rp2_common/pico_printf/printf.c.obj
 .text._out_null
                0x10002f4c        0x2 CMakeFiles/weather_station.dir/home/gael/git/pico-sdk/src/rp2_common/pico_printf/printf.c.obj
 .text._out_fct
                0x10002f4e        0xe CMakeFiles/weather_station.dir/home/gael/git/pico-sdk/src/rp2_common/pico_printf/printf.c.obj
 .text._atoi    0x10002f5c       0x24 CMakeFiles/weather_station.dir/home/gael/git/pico-sdk/src/rp2_common/pico_printf/printf.c.obj
 .text._out_rev
                0x10002f80       0xae CMakeFiles/weather_station.dir/home/gael/git/pico-sdk/src/rp2_common/pico_printf/printf.c.obj
 .text._ntoa_format
                0x1000302e      0x110 CMakeFiles/weather_station.dir/home/gael/git/pico-sdk/src/rp2_common/pico_printf/printf.c.obj
 .text._ntoa_long
                0x1000313e       0xbc CMakeFiles/weather_station.dir/home/gael/git/pico-sdk/src/rp2_common/pico_printf/printf.c.obj
 .text._ntoa_long_long
                0x100031fa      0x10e CMakeFiles/weather_station.dir/home/gael/git/pico-sdk/src/rp2_common/pico_printf/printf.c.obj
 .text._etoa    0x10003308      0x420 CMakeFiles/weather_station.dir/home/gael/git/pico-sdk/src/rp2_common/pico_printf/printf.c.obj
 .text._ftoa    0x10003728      0x354 CMakeFiles/weather_station.dir/home/gael/git/pico-sdk/src/rp2_common/pico_printf/printf.c.obj
 .text._vsnprintf
                0x10003a7c      0x668 CMakeFiles/weather_station.dir/home/gael/git/pico-sdk/src/rp2_common/pico_printf/printf.c.obj
 .text.__wrap_sprintf
                0x100040e4       0x2c CMakeFiles/weather_station.dir/home/gael/git/pico-sdk/src/rp2_common/pico_printf/printf.c.obj
                0x100040e4                __wrap_sprintf
 .text.vfctprintf
                0x10004110       0x20 CMakeFiles/weather_station.dir/home/gael/git/pico-sdk/src/rp2_common/pico_printf/printf.c.obj
                0x10004110                vfctprintf
 .text._exit    0x10004130        0x4 CMakeFiles/weather_station.dir/home/gael/git/pico-sdk/src/rp2_common/pico_clib_interface/newlib_interface.c.obj
                0x10004130                _exit
 .text.exit     0x10004134        0x6 CMakeFiles/weather_station.dir/home/gael/git/pico-sdk/src/rp2_common/pico_clib_interface/newlib_interface.c.obj
                0x10004134                exit
 *fill*         0x1000413a        0x2 
 .text.__assert_func
                0x1000413c       0x38 CMakeFiles/weather_station.dir/home/gael/git/pico-sdk/src/rp2_common/pico_clib_interface/newlib_interface.c.obj
                0x1000413c                __assert_func
 .text.runtime_init
                0x10004174       0x28 CMakeFiles/weather_station.dir/home/gael/git/pico-sdk/src/rp2_common/pico_clib_interface/newlib_interface.c.obj
                0x10004174                runtime_init
 .text.stdio_out_chars_no_crlf
                0x1000419c        0xe CMakeFiles/weather_station.dir/home/gael/git/pico-sdk/src/rp2_common/pico_stdio/stdio.c.obj
 *fill*         0x100041aa        0x2 
 .text.stdio_out_chars_crlf
                0x100041ac       0x80 CMakeFiles/weather_station.dir/home/gael/git/pico-sdk/src/rp2_common/pico_stdio/stdio.c.obj
 .text.stdio_stack_buffer_flush
                0x1000422c       0x44 CMakeFiles/weather_station.dir/home/gael/git/pico-sdk/src/rp2_common/pico_stdio/stdio.c.obj
 .text.stdio_buffered_printer
                0x10004270       0x20 CMakeFiles/weather_station.dir/home/gael/git/pico-sdk/src/rp2_common/pico_stdio/stdio.c.obj
 .text.stdout_serialize_begin
                0x10004290       0x30 CMakeFiles/weather_station.dir/home/gael/git/pico-sdk/src/rp2_common/pico_stdio/stdio.c.obj
                0x10004290                stdout_serialize_begin
 .text.stdout_serialize_end
                0x100042c0       0x10 CMakeFiles/weather_station.dir/home/gael/git/pico-sdk/src/rp2_common/pico_stdio/stdio.c.obj
                0x100042c0                stdout_serialize_end
 .text.stdio_put_string
                0x100042d0       0x94 CMakeFiles/weather_station.dir/home/gael/git/pico-sdk/src/rp2_common/pico_stdio/stdio.c.obj
                0x100042d0                stdio_put_string
 .text.stdio_set_driver_enabled
                0x10004364       0x2c CMakeFiles/weather_station.dir/home/gael/git/pico-sdk/src/rp2_common/pico_stdio/stdio.c.obj
                0x10004364                stdio_set_driver_enabled
 .text.stdio_flush
                0x10004390       0x20 CMakeFiles/weather_station.dir/home/gael/git/pico-sdk/src/rp2_common/pico_stdio/stdio.c.obj
                0x10004390                stdio_flush
 .text.stdio_init_all
                0x100043b0        0x8 CMakeFiles/weather_station.dir/home/gael/git/pico-sdk/src/rp2_common/pico_stdio/stdio.c.obj
                0x100043b0                stdio_init_all
 .text.__wrap_puts
                0x100043b8       0x1e CMakeFiles/weather_station.dir/home/gael/git/pico-sdk/src/rp2_common/pico_stdio/stdio.c.obj
                0x100043b8                __wrap_puts
                0x100043b8                stdio_puts
 *fill*         0x100043d6        0x2 
 .text.__wrap_vprintf
                0x100043d8       0x40 CMakeFiles/weather_station.dir/home/gael/git/pico-sdk/src/rp2_common/pico_stdio/stdio.c.obj
                0x100043d8                __wrap_vprintf
                0x100043d8                stdio_vprintf
 .text.__wrap_printf
                0x10004418       0x18 CMakeFiles/weather_station.dir/home/gael/git/pico-sdk/src/rp2_common/pico_stdio/stdio.c.obj
                0x10004418                stdio_printf
                0x10004418                __wrap_printf
 .text.resetd_init
                0x10004430        0x2 CMakeFiles/weather_station.dir/home/gael/git/pico-sdk/src/rp2_common/pico_stdio_usb/reset_interface.c.obj
 *fill*         0x10004432        0x2 
 .text.resetd_reset
                0x10004434        0xc CMakeFiles/weather_station.dir/home/gael/git/pico-sdk/src/rp2_common/pico_stdio_usb/reset_interface.c.obj
 .text.resetd_open
                0x10004440       0x34 CMakeFiles/weather_station.dir/home/gael/git/pico-sdk/src/rp2_common/pico_stdio_usb/reset_interface.c.obj
 .text.resetd_xfer_cb
                0x10004474        0x4 CMakeFiles/weather_station.dir/home/gael/git/pico-sdk/src/rp2_common/pico_stdio_usb/reset_interface.c.obj
 .text.resetd_control_xfer_cb
                0x10004478       0x5c CMakeFiles/weather_station.dir/home/gael/git/pico-sdk/src/rp2_common/pico_stdio_usb/reset_interface.c.obj
 .text.tud_descriptor_bos_cb
                0x100044d4        0x8 CMakeFiles/weather_station.dir/home/gael/git/pico-sdk/src/rp2_common/pico_stdio_usb/reset_interface.c.obj
                0x100044d4                tud_descriptor_bos_cb
 .text.tud_vendor_control_xfer_cb
                0x100044dc       0x38 CMakeFiles/weather_station.dir/home/gael/git/pico-sdk/src/rp2_common/pico_stdio_usb/reset_interface.c.obj
                0x100044dc                tud_vendor_control_xfer_cb
 .text.usbd_app_driver_get_cb
                0x10004514        0xc CMakeFiles/weather_station.dir/home/gael/git/pico-sdk/src/rp2_common/pico_stdio_usb/reset_interface.c.obj
                0x10004514                usbd_app_driver_get_cb
 .text.tud_cdc_line_coding_cb
                0x10004520       0x28 CMakeFiles/weather_station.dir/home/gael/git/pico-sdk/src/rp2_common/pico_stdio_usb/reset_interface.c.obj
                0x10004520                tud_cdc_line_coding_cb
 .text.stdio_usb_set_chars_available_callback
                0x10004548       0x14 CMakeFiles/weather_station.dir/home/gael/git/pico-sdk/src/rp2_common/pico_stdio_usb/stdio_usb.c.obj
                0x10004548                stdio_usb_set_chars_available_callback
 .text.stdio_usb_out_flush
                0x1000455c       0x4c CMakeFiles/weather_station.dir/home/gael/git/pico-sdk/src/rp2_common/pico_stdio_usb/stdio_usb.c.obj
 .text.usb_irq  0x100045a8       0x10 CMakeFiles/weather_station.dir/home/gael/git/pico-sdk/src/rp2_common/pico_stdio_usb/stdio_usb.c.obj
 .text.critical_section_enter_blocking
                0x100045b8       0x16 CMakeFiles/weather_station.dir/home/gael/git/pico-sdk/src/rp2_common/pico_stdio_usb/stdio_usb.c.obj
 *fill*         0x100045ce        0x2 
 .text.timer_task
                0x100045d0       0x60 CMakeFiles/weather_station.dir/home/gael/git/pico-sdk/src/rp2_common/pico_stdio_usb/stdio_usb.c.obj
 .text.alarm_pool_add_alarm_in_us
                0x10004630       0x40 CMakeFiles/weather_station.dir/home/gael/git/pico-sdk/src/rp2_common/pico_stdio_usb/stdio_usb.c.obj
 .text.add_alarm_in_us
                0x10004670       0x2e CMakeFiles/weather_station.dir/home/gael/git/pico-sdk/src/rp2_common/pico_stdio_usb/stdio_usb.c.obj
 *fill*         0x1000469e        0x2 
 .text.low_priority_worker_irq
                0x100046a0       0xa0 CMakeFiles/weather_station.dir/home/gael/git/pico-sdk/src/rp2_common/pico_stdio_usb/stdio_usb.c.obj
 .text.stdio_usb_init
                0x10004740       0xdc CMakeFiles/weather_station.dir/home/gael/git/pico-sdk/src/rp2_common/pico_stdio_usb/stdio_usb.c.obj
                0x10004740                stdio_usb_init
 .text.stdio_usb_connected
                0x1000481c        0xa CMakeFiles/weather_station.dir/home/gael/git/pico-sdk/src/rp2_common/pico_stdio_usb/stdio_usb.c.obj
                0x1000481c                stdio_usb_connected
 *fill*         0x10004826        0x2 
 .text.stdio_usb_in_chars
                0x10004828       0x98 CMakeFiles/weather_station.dir/home/gael/git/pico-sdk/src/rp2_common/pico_stdio_usb/stdio_usb.c.obj
                0x10004828                stdio_usb_in_chars
 .text.stdio_usb_out_chars
                0x100048c0       0xe8 CMakeFiles/weather_station.dir/home/gael/git/pico-sdk/src/rp2_common/pico_stdio_usb/stdio_usb.c.obj
 .text.tud_descriptor_device_cb
                0x100049a8        0x8 CMakeFiles/weather_station.dir/home/gael/git/pico-sdk/src/rp2_common/pico_stdio_usb/stdio_usb_descriptors.c.obj
                0x100049a8                tud_descriptor_device_cb
 .text.tud_descriptor_configuration_cb
                0x100049b0        0x8 CMakeFiles/weather_station.dir/home/gael/git/pico-sdk/src/rp2_common/pico_stdio_usb/stdio_usb_descriptors.c.obj
                0x100049b0                tud_descriptor_configuration_cb
 .text.tud_descriptor_string_cb
                0x100049b8       0x6c CMakeFiles/weather_station.dir/home/gael/git/pico-sdk/src/rp2_common/pico_stdio_usb/stdio_usb_descriptors.c.obj
                0x100049b8                tud_descriptor_string_cb
 .text._retrieve_unique_id_on_boot
                0x10004a24       0x10 CMakeFiles/weather_station.dir/home/gael/git/pico-sdk/src/rp2_common/pico_unique_id/unique_id.c.obj
 .text.pico_get_unique_board_id_string
                0x10004a34       0x5c CMakeFiles/weather_station.dir/home/gael/git/pico-sdk/src/rp2_common/pico_unique_id/unique_id.c.obj
                0x10004a34                pico_get_unique_board_id_string
 .text.flash_get_unique_id
                0x10004a90       0x40 CMakeFiles/weather_station.dir/home/gael/git/pico-sdk/src/rp2_common/hardware_flash/flash.c.obj
                0x10004a90                flash_get_unique_id
 .text._hw_endpoint_alloc
                0x10004ad0       0x70 CMakeFiles/weather_station.dir/home/gael/git/pico-sdk/lib/tinyusb/src/portable/raspberrypi/rp2040/dcd_rp2040.c.obj
 .text.hw_endpoint_init
                0x10004b40       0xbc CMakeFiles/weather_station.dir/home/gael/git/pico-sdk/lib/tinyusb/src/portable/raspberrypi/rp2040/dcd_rp2040.c.obj
 .text.hw_endpoint_xfer
                0x10004bfc       0x20 CMakeFiles/weather_station.dir/home/gael/git/pico-sdk/lib/tinyusb/src/portable/raspberrypi/rp2040/dcd_rp2040.c.obj
 .text.dcd_int_enable
                0x10004c1c       0x2c CMakeFiles/weather_station.dir/home/gael/git/pico-sdk/lib/tinyusb/src/portable/raspberrypi/rp2040/dcd_rp2040.c.obj
                0x10004c1c                dcd_int_enable
 .text.dcd_set_address
                0x10004c48       0x2c CMakeFiles/weather_station.dir/home/gael/git/pico-sdk/lib/tinyusb/src/portable/raspberrypi/rp2040/dcd_rp2040.c.obj
                0x10004c48                dcd_set_address
 .text.dcd_connect
                0x10004c74       0x10 CMakeFiles/weather_station.dir/home/gael/git/pico-sdk/lib/tinyusb/src/portable/raspberrypi/rp2040/dcd_rp2040.c.obj
                0x10004c74                dcd_connect
 .text.dcd_init
                0x10004c84       0x80 CMakeFiles/weather_station.dir/home/gael/git/pico-sdk/lib/tinyusb/src/portable/raspberrypi/rp2040/dcd_rp2040.c.obj
                0x10004c84                dcd_init
 .text.dcd_sof_enable
                0x10004d04       0x1c CMakeFiles/weather_station.dir/home/gael/git/pico-sdk/lib/tinyusb/src/portable/raspberrypi/rp2040/dcd_rp2040.c.obj
                0x10004d04                dcd_sof_enable
 .text.dcd_edpt0_status_complete
                0x10004d20       0x1c CMakeFiles/weather_station.dir/home/gael/git/pico-sdk/lib/tinyusb/src/portable/raspberrypi/rp2040/dcd_rp2040.c.obj
                0x10004d20                dcd_edpt0_status_complete
 .text.dcd_edpt_open
                0x10004d3c       0x40 CMakeFiles/weather_station.dir/home/gael/git/pico-sdk/lib/tinyusb/src/portable/raspberrypi/rp2040/dcd_rp2040.c.obj
                0x10004d3c                dcd_edpt_open
 .text.dcd_edpt_close_all
                0x10004d7c        0x8 CMakeFiles/weather_station.dir/home/gael/git/pico-sdk/lib/tinyusb/src/portable/raspberrypi/rp2040/dcd_rp2040.c.obj
                0x10004d7c                dcd_edpt_close_all
 .text.dcd_edpt_xfer
                0x10004d84       0x30 CMakeFiles/weather_station.dir/home/gael/git/pico-sdk/lib/tinyusb/src/portable/raspberrypi/rp2040/dcd_rp2040.c.obj
                0x10004d84                dcd_edpt_xfer
 .text.dcd_edpt_stall
                0x10004db4       0x3c CMakeFiles/weather_station.dir/home/gael/git/pico-sdk/lib/tinyusb/src/portable/raspberrypi/rp2040/dcd_rp2040.c.obj
                0x10004db4                dcd_edpt_stall
 .text.dcd_edpt_clear_stall
                0x10004df0       0x30 CMakeFiles/weather_station.dir/home/gael/git/pico-sdk/lib/tinyusb/src/portable/raspberrypi/rp2040/dcd_rp2040.c.obj
                0x10004df0                dcd_edpt_clear_stall
 .text.unaligned_memcpy
                0x10004e20       0x14 CMakeFiles/weather_station.dir/home/gael/git/pico-sdk/lib/tinyusb/src/portable/raspberrypi/rp2040/rp2040_usb.c.obj
 .text.rp2040_usb_init
                0x10004e34       0x44 CMakeFiles/weather_station.dir/home/gael/git/pico-sdk/lib/tinyusb/src/portable/raspberrypi/rp2040/rp2040_usb.c.obj
                0x10004e34                rp2040_usb_init
 .text.hw_endpoint_xfer_start
                0x10004e78       0x60 CMakeFiles/weather_station.dir/home/gael/git/pico-sdk/lib/tinyusb/src/portable/raspberrypi/rp2040/rp2040_usb.c.obj
                0x10004e78                hw_endpoint_xfer_start
 .text.configuration_reset
                0x10004ed8       0x84 CMakeFiles/weather_station.dir/home/gael/git/pico-sdk/lib/tinyusb/src/device/usbd.c.obj
 .text.critical_section_enter_blocking
                0x10004f5c       0x16 CMakeFiles/weather_station.dir/home/gael/git/pico-sdk/lib/tinyusb/src/device/usbd.c.obj
 .text.usbd_reset
                0x10004f72        0xc CMakeFiles/weather_station.dir/home/gael/git/pico-sdk/lib/tinyusb/src/device/usbd.c.obj
 .text.invoke_class_control
                0x10004f7e       0x1a CMakeFiles/weather_station.dir/home/gael/git/pico-sdk/lib/tinyusb/src/device/usbd.c.obj
 .text.process_set_config
                0x10004f98      0x1b0 CMakeFiles/weather_station.dir/home/gael/git/pico-sdk/lib/tinyusb/src/device/usbd.c.obj
 .text.tud_event_hook_cb
                0x10005148        0x2 CMakeFiles/weather_station.dir/home/gael/git/pico-sdk/lib/tinyusb/src/device/usbd.c.obj
                0x10005148                tud_event_hook_cb
 .text.tud_sof_cb
                0x1000514a        0x2 CMakeFiles/weather_station.dir/home/gael/git/pico-sdk/lib/tinyusb/src/device/usbd.c.obj
                0x1000514a                tud_sof_cb
 .text.tud_descriptor_device_qualifier_cb
                0x1000514c        0x4 CMakeFiles/weather_station.dir/home/gael/git/pico-sdk/lib/tinyusb/src/device/usbd.c.obj
                0x1000514c                tud_descriptor_device_qualifier_cb
 .text.tud_descriptor_other_speed_configuration_cb
                0x10005150        0x4 CMakeFiles/weather_station.dir/home/gael/git/pico-sdk/lib/tinyusb/src/device/usbd.c.obj
                0x10005150                tud_descriptor_other_speed_configuration_cb
 .text.process_get_descriptor
                0x10005154       0xe0 CMakeFiles/weather_station.dir/home/gael/git/pico-sdk/lib/tinyusb/src/device/usbd.c.obj
 .text.tud_mount_cb
                0x10005234        0x2 CMakeFiles/weather_station.dir/home/gael/git/pico-sdk/lib/tinyusb/src/device/usbd.c.obj
                0x10005234                tud_mount_cb
 .text.tud_umount_cb
                0x10005236        0x2 CMakeFiles/weather_station.dir/home/gael/git/pico-sdk/lib/tinyusb/src/device/usbd.c.obj
                0x10005236                tud_umount_cb
 .text.tud_suspend_cb
                0x10005238        0x2 CMakeFiles/weather_station.dir/home/gael/git/pico-sdk/lib/tinyusb/src/device/usbd.c.obj
                0x10005238                tud_suspend_cb
 .text.tud_resume_cb
                0x1000523a        0x2 CMakeFiles/weather_station.dir/home/gael/git/pico-sdk/lib/tinyusb/src/device/usbd.c.obj
                0x1000523a                tud_resume_cb
 .text.tud_mounted
                0x1000523c       0x10 CMakeFiles/weather_station.dir/home/gael/git/pico-sdk/lib/tinyusb/src/device/usbd.c.obj
                0x1000523c                tud_mounted
 .text.tud_suspended
                0x1000524c       0x10 CMakeFiles/weather_station.dir/home/gael/git/pico-sdk/lib/tinyusb/src/device/usbd.c.obj
                0x1000524c                tud_suspended
 .text.tud_inited
                0x1000525c       0x14 CMakeFiles/weather_station.dir/home/gael/git/pico-sdk/lib/tinyusb/src/device/usbd.c.obj
                0x1000525c                tud_inited
 .text.tud_init
                0x10005270       0xdc CMakeFiles/weather_station.dir/home/gael/git/pico-sdk/lib/tinyusb/src/device/usbd.c.obj
                0x10005270                tud_init
 .text.usbd_edpt_open
                0x1000534c       0x60 CMakeFiles/weather_station.dir/home/gael/git/pico-sdk/lib/tinyusb/src/device/usbd.c.obj
                0x1000534c                usbd_edpt_open
 .text.usbd_open_edpt_pair
                0x100053ac       0x8c CMakeFiles/weather_station.dir/home/gael/git/pico-sdk/lib/tinyusb/src/device/usbd.c.obj
                0x100053ac                usbd_open_edpt_pair
 .text.usbd_edpt_claim
                0x10005438       0x28 CMakeFiles/weather_station.dir/home/gael/git/pico-sdk/lib/tinyusb/src/device/usbd.c.obj
                0x10005438                usbd_edpt_claim
 .text.usbd_edpt_release
                0x10005460       0x28 CMakeFiles/weather_station.dir/home/gael/git/pico-sdk/lib/tinyusb/src/device/usbd.c.obj
                0x10005460                usbd_edpt_release
 .text.usbd_edpt_xfer
                0x10005488       0x88 CMakeFiles/weather_station.dir/home/gael/git/pico-sdk/lib/tinyusb/src/device/usbd.c.obj
                0x10005488                usbd_edpt_xfer
 .text.usbd_edpt_stall
                0x10005510       0x34 CMakeFiles/weather_station.dir/home/gael/git/pico-sdk/lib/tinyusb/src/device/usbd.c.obj
                0x10005510                usbd_edpt_stall
 .text.usbd_edpt_clear_stall
                0x10005544       0x34 CMakeFiles/weather_station.dir/home/gael/git/pico-sdk/lib/tinyusb/src/device/usbd.c.obj
                0x10005544                usbd_edpt_clear_stall
 .text.usbd_edpt_stalled
                0x10005578       0x1c CMakeFiles/weather_station.dir/home/gael/git/pico-sdk/lib/tinyusb/src/device/usbd.c.obj
                0x10005578                usbd_edpt_stalled
 .text.process_control_request
                0x10005594      0x390 CMakeFiles/weather_station.dir/home/gael/git/pico-sdk/lib/tinyusb/src/device/usbd.c.obj
 .text.tud_task_ext
                0x10005924      0x1c8 CMakeFiles/weather_station.dir/home/gael/git/pico-sdk/lib/tinyusb/src/device/usbd.c.obj
                0x10005924                tud_task_ext
 .text._status_stage_xact
                0x10005aec       0x1a CMakeFiles/weather_station.dir/home/gael/git/pico-sdk/lib/tinyusb/src/device/usbd_control.c.obj
 *fill*         0x10005b06        0x2 
 .text._data_stage_xact
                0x10005b08       0x60 CMakeFiles/weather_station.dir/home/gael/git/pico-sdk/lib/tinyusb/src/device/usbd_control.c.obj
 .text.tud_control_status
                0x10005b68       0x28 CMakeFiles/weather_station.dir/home/gael/git/pico-sdk/lib/tinyusb/src/device/usbd_control.c.obj
                0x10005b68                tud_control_status
 .text.tud_control_xfer
                0x10005b90       0x98 CMakeFiles/weather_station.dir/home/gael/git/pico-sdk/lib/tinyusb/src/device/usbd_control.c.obj
                0x10005b90                tud_control_xfer
 .text.usbd_control_reset
                0x10005c28       0x14 CMakeFiles/weather_station.dir/home/gael/git/pico-sdk/lib/tinyusb/src/device/usbd_control.c.obj
                0x10005c28                usbd_control_reset
 .text.usbd_control_set_complete_callback
                0x10005c3c        0xc CMakeFiles/weather_station.dir/home/gael/git/pico-sdk/lib/tinyusb/src/device/usbd_control.c.obj
                0x10005c3c                usbd_control_set_complete_callback
 .text.usbd_control_set_request
                0x10005c48       0x1c CMakeFiles/weather_station.dir/home/gael/git/pico-sdk/lib/tinyusb/src/device/usbd_control.c.obj
                0x10005c48                usbd_control_set_request
 .text.usbd_control_xfer_cb
                0x10005c64       0xe0 CMakeFiles/weather_station.dir/home/gael/git/pico-sdk/lib/tinyusb/src/device/usbd_control.c.obj
                0x10005c64                usbd_control_xfer_cb
 .text._prep_out_transaction
                0x10005d44       0x72 CMakeFiles/weather_station.dir/home/gael/git/pico-sdk/lib/tinyusb/src/class/cdc/cdc_device.c.obj
 *fill*         0x10005db6        0x2 
 .text.tud_cdc_n_connected
                0x10005db8       0x38 CMakeFiles/weather_station.dir/home/gael/git/pico-sdk/lib/tinyusb/src/class/cdc/cdc_device.c.obj
                0x10005db8                tud_cdc_n_connected
 .text.tud_cdc_n_available
                0x10005df0       0x18 CMakeFiles/weather_station.dir/home/gael/git/pico-sdk/lib/tinyusb/src/class/cdc/cdc_device.c.obj
                0x10005df0                tud_cdc_n_available
 .text.tud_cdc_n_read
                0x10005e08       0x38 CMakeFiles/weather_station.dir/home/gael/git/pico-sdk/lib/tinyusb/src/class/cdc/cdc_device.c.obj
                0x10005e08                tud_cdc_n_read
 .text.tud_cdc_n_write_flush
                0x10005e40       0xcc CMakeFiles/weather_station.dir/home/gael/git/pico-sdk/lib/tinyusb/src/class/cdc/cdc_device.c.obj
                0x10005e40                tud_cdc_n_write_flush
 .text.tud_cdc_n_write
                0x10005f0c       0x48 CMakeFiles/weather_station.dir/home/gael/git/pico-sdk/lib/tinyusb/src/class/cdc/cdc_device.c.obj
                0x10005f0c                tud_cdc_n_write
 .text.tud_cdc_n_write_available
                0x10005f54       0x1c CMakeFiles/weather_station.dir/home/gael/git/pico-sdk/lib/tinyusb/src/class/cdc/cdc_device.c.obj
                0x10005f54                tud_cdc_n_write_available
 .text.cdcd_init
                0x10005f70       0xc0 CMakeFiles/weather_station.dir/home/gael/git/pico-sdk/lib/tinyusb/src/class/cdc/cdc_device.c.obj
                0x10005f70                cdcd_init
 .text.cdcd_deinit
                0x10006030       0x50 CMakeFiles/weather_station.dir/home/gael/git/pico-sdk/lib/tinyusb/src/class/cdc/cdc_device.c.obj
                0x10006030                cdcd_deinit
 .text.cdcd_reset
                0x10006080       0x78 CMakeFiles/weather_station.dir/home/gael/git/pico-sdk/lib/tinyusb/src/class/cdc/cdc_device.c.obj
                0x10006080                cdcd_reset
 .text.cdcd_open
                0x100060f8       0xf0 CMakeFiles/weather_station.dir/home/gael/git/pico-sdk/lib/tinyusb/src/class/cdc/cdc_device.c.obj
                0x100060f8                cdcd_open
 .text.cdcd_control_xfer_cb
                0x100061e8      0x138 CMakeFiles/weather_station.dir/home/gael/git/pico-sdk/lib/tinyusb/src/class/cdc/cdc_device.c.obj
                0x100061e8                cdcd_control_xfer_cb
 .text.cdcd_xfer_cb
                0x10006320      0x144 CMakeFiles/weather_station.dir/home/gael/git/pico-sdk/lib/tinyusb/src/class/cdc/cdc_device.c.obj
                0x10006320                cdcd_xfer_cb
 .text._prep_out_transaction
                0x10006464       0x3a CMakeFiles/weather_station.dir/home/gael/git/pico-sdk/lib/tinyusb/src/class/vendor/vendor_device.c.obj
 *fill*         0x1000649e        0x2 
 .text.tud_vendor_n_write_flush
                0x100064a0       0xcc CMakeFiles/weather_station.dir/home/gael/git/pico-sdk/lib/tinyusb/src/class/vendor/vendor_device.c.obj
                0x100064a0                tud_vendor_n_write_flush
 .text.vendord_init
                0x1000656c       0xa0 CMakeFiles/weather_station.dir/home/gael/git/pico-sdk/lib/tinyusb/src/class/vendor/vendor_device.c.obj
                0x1000656c                vendord_init
 .text.vendord_deinit
                0x1000660c       0x50 CMakeFiles/weather_station.dir/home/gael/git/pico-sdk/lib/tinyusb/src/class/vendor/vendor_device.c.obj
                0x1000660c                vendord_deinit
 .text.vendord_reset
                0x1000665c       0x38 CMakeFiles/weather_station.dir/home/gael/git/pico-sdk/lib/tinyusb/src/class/vendor/vendor_device.c.obj
                0x1000665c                vendord_reset
 .text.vendord_open
                0x10006694       0xd0 CMakeFiles/weather_station.dir/home/gael/git/pico-sdk/lib/tinyusb/src/class/vendor/vendor_device.c.obj
                0x10006694                vendord_open
 .text.vendord_xfer_cb
                0x10006764       0xc8 CMakeFiles/weather_station.dir/home/gael/git/pico-sdk/lib/tinyusb/src/class/vendor/vendor_device.c.obj
                0x10006764                vendord_xfer_cb
 .text.tusb_init
                0x1000682c       0x24 CMakeFiles/weather_station.dir/home/gael/git/pico-sdk/lib/tinyusb/src/tusb.c.obj
                0x1000682c                tusb_init
 .text.tu_edpt_claim
                0x10006850       0x50 CMakeFiles/weather_station.dir/home/gael/git/pico-sdk/lib/tinyusb/src/tusb.c.obj
                0x10006850                tu_edpt_claim
 .text.tu_edpt_release
                0x100068a0       0x38 CMakeFiles/weather_station.dir/home/gael/git/pico-sdk/lib/tinyusb/src/tusb.c.obj
                0x100068a0                tu_edpt_release
 .text.tu_edpt_validate
                0x100068d8       0xac CMakeFiles/weather_station.dir/home/gael/git/pico-sdk/lib/tinyusb/src/tusb.c.obj
                0x100068d8                tu_edpt_validate
 .text.tu_edpt_bind_driver
                0x10006984       0x26 CMakeFiles/weather_station.dir/home/gael/git/pico-sdk/lib/tinyusb/src/tusb.c.obj
                0x10006984                tu_edpt_bind_driver
 .text.advance_index
                0x100069aa       0x1a CMakeFiles/weather_station.dir/home/gael/git/pico-sdk/lib/tinyusb/src/common/tusb_fifo.c.obj
 .text._tu_fifo_peek
                0x100069c4       0x56 CMakeFiles/weather_station.dir/home/gael/git/pico-sdk/lib/tinyusb/src/common/tusb_fifo.c.obj
 .text._ff_pull_n
                0x10006a1a       0x68 CMakeFiles/weather_station.dir/home/gael/git/pico-sdk/lib/tinyusb/src/common/tusb_fifo.c.obj
 .text._tu_fifo_peek_n
                0x10006a82       0x6a CMakeFiles/weather_station.dir/home/gael/git/pico-sdk/lib/tinyusb/src/common/tusb_fifo.c.obj
 .text._tu_fifo_read_n
                0x10006aec       0x4e CMakeFiles/weather_station.dir/home/gael/git/pico-sdk/lib/tinyusb/src/common/tusb_fifo.c.obj
 .text._ff_push_n
                0x10006b3a       0x68 CMakeFiles/weather_station.dir/home/gael/git/pico-sdk/lib/tinyusb/src/common/tusb_fifo.c.obj
 .text._tu_fifo_write_n
                0x10006ba2       0xf0 CMakeFiles/weather_station.dir/home/gael/git/pico-sdk/lib/tinyusb/src/common/tusb_fifo.c.obj
 .text.tu_fifo_config
                0x10006c92       0x7c CMakeFiles/weather_station.dir/home/gael/git/pico-sdk/lib/tinyusb/src/common/tusb_fifo.c.obj
                0x10006c92                tu_fifo_config
 .text.tu_fifo_count
                0x10006d0e       0x2a CMakeFiles/weather_station.dir/home/gael/git/pico-sdk/lib/tinyusb/src/common/tusb_fifo.c.obj
                0x10006d0e                tu_fifo_count
 .text.tu_fifo_empty
                0x10006d38        0xe CMakeFiles/weather_station.dir/home/gael/git/pico-sdk/lib/tinyusb/src/common/tusb_fifo.c.obj
                0x10006d38                tu_fifo_empty
 .text.tu_fifo_full
                0x10006d46       0x28 CMakeFiles/weather_station.dir/home/gael/git/pico-sdk/lib/tinyusb/src/common/tusb_fifo.c.obj
                0x10006d46                tu_fifo_full
 .text.tu_fifo_remaining
                0x10006d6e       0x2c CMakeFiles/weather_station.dir/home/gael/git/pico-sdk/lib/tinyusb/src/common/tusb_fifo.c.obj
                0x10006d6e                tu_fifo_remaining
 .text.tu_fifo_read
                0x10006d9a       0x42 CMakeFiles/weather_station.dir/home/gael/git/pico-sdk/lib/tinyusb/src/common/tusb_fifo.c.obj
                0x10006d9a                tu_fifo_read
 .text.tu_fifo_read_n
                0x10006ddc        0xa CMakeFiles/weather_station.dir/home/gael/git/pico-sdk/lib/tinyusb/src/common/tusb_fifo.c.obj
                0x10006ddc                tu_fifo_read_n
 .text.tu_fifo_write
                0x10006de6       0x64 CMakeFiles/weather_station.dir/home/gael/git/pico-sdk/lib/tinyusb/src/common/tusb_fifo.c.obj
                0x10006de6                tu_fifo_write
 .text.tu_fifo_write_n
                0x10006e4a        0xa CMakeFiles/weather_station.dir/home/gael/git/pico-sdk/lib/tinyusb/src/common/tusb_fifo.c.obj
                0x10006e4a                tu_fifo_write_n
 .text.tu_fifo_clear
                0x10006e54       0x3e CMakeFiles/weather_station.dir/home/gael/git/pico-sdk/lib/tinyusb/src/common/tusb_fifo.c.obj
                0x10006e54                tu_fifo_clear
 .text.tu_fifo_set_overwritable
                0x10006e92       0x46 CMakeFiles/weather_station.dir/home/gael/git/pico-sdk/lib/tinyusb/src/common/tusb_fifo.c.obj
                0x10006e92                tu_fifo_set_overwritable
 .text.spi_unreset
                0x10006ed8       0x2c CMakeFiles/weather_station.dir/home/gael/git/pico-sdk/src/rp2_common/hardware_spi/spi.c.obj
 .text.spi_set_baudrate
                0x10006f04       0xb4 CMakeFiles/weather_station.dir/home/gael/git/pico-sdk/src/rp2_common/hardware_spi/spi.c.obj
                0x10006f04                spi_set_baudrate
 .text.spi_init
                0x10006fb8       0x70 CMakeFiles/weather_station.dir/home/gael/git/pico-sdk/src/rp2_common/hardware_spi/spi.c.obj
                0x10006fb8                spi_init
 .text.systick_init
                0x10007028       0x28 src/systick/libsystick.a(systick.c.obj)
                0x10007028                systick_init
 .text.station_gesture_handler
                0x10007050       0x9c src/station/libstation.a(station.c.obj)
                0x10007050                station_gesture_handler
 .text.isr_systick
                0x100070ec       0x1c src/station/libstation.a(station.c.obj)
                0x100070ec                isr_systick
 .text.station_reset
                0x10007108       0x22 src/station/libstation.a(station.c.obj)
                0x10007108                station_reset
 .text.station_init_gpio
                0x1000712a       0x20 src/station/libstation.a(station.c.obj)
                0x1000712a                station_init_gpio
 *fill*         0x1000714a        0x2 
 .text.station_state_init
                0x1000714c       0x10 src/station/libstation.a(station.c.obj)
                0x1000714c                station_state_init
 .text.station_disable_ble
                0x1000715c        0xc src/station/libstation.a(station.c.obj)
                0x1000715c                station_disable_ble
 .text.station_init
                0x10007168       0x30 src/station/libstation.a(station.c.obj)
                0x10007168                station_init
 .text.station_init_i2c_sensor
                0x10007198       0x24 src/station/libstation.a(station.c.obj)
                0x10007198                station_init_i2c_sensor
 .text.station_reset_systick_counter
                0x100071bc        0xc src/station/libstation.a(station.c.obj)
                0x100071bc                station_reset_systick_counter
 .text.station_run
                0x100071c8       0x70 src/station/libstation.a(station.c.obj)
                0x100071c8                station_run
 .text.station_draw_title
                0x10007238       0x20 src/station/libstation.a(station.c.obj)
                0x10007238                station_draw_title
 .text.station_change_mode
                0x10007258       0x10 src/station/libstation.a(station.c.obj)
                0x10007258                station_change_mode
 .text.station_update_state_after_mode_switch
                0x10007268       0x10 src/station/libstation.a(station.c.obj)
                0x10007268                station_update_state_after_mode_switch
 .text.weather_mode_switch_to_wellcome_mode
                0x10007278       0x18 src/weather_mode/libweather_mode.a(weather_mode.c.obj)
                0x10007278                weather_mode_switch_to_wellcome_mode
 .text.weather_mode_draw_grid
                0x10007290       0x78 src/weather_mode/libweather_mode.a(weather_mode.c.obj)
                0x10007290                weather_mode_draw_grid
 .text.weather_mode_init
                0x10007308       0x8c src/weather_mode/libweather_mode.a(weather_mode.c.obj)
                0x10007308                weather_mode_init
 .text.weather_mode_measure_data
                0x10007394       0x4c src/weather_mode/libweather_mode.a(weather_mode.c.obj)
                0x10007394                weather_mode_measure_data
 .text.weather_mode_update_data_on_screen
                0x100073e0       0xac src/weather_mode/libweather_mode.a(weather_mode.c.obj)
                0x100073e0                weather_mode_update_data_on_screen
 .text.wellcome_mode_switch_to_weather_mode
                0x1000748c       0x18 src/wellcome_mode/libwellcome_mode.a(wellcome_mode.c.obj)
                0x1000748c                wellcome_mode_switch_to_weather_mode
 .text.wellcome_mode_switch_to_drawing_mode
                0x100074a4       0x18 src/wellcome_mode/libwellcome_mode.a(wellcome_mode.c.obj)
                0x100074a4                wellcome_mode_switch_to_drawing_mode
 .text.wellcome_mode_draw_grid
                0x100074bc       0xe0 src/wellcome_mode/libwellcome_mode.a(wellcome_mode.c.obj)
                0x100074bc                wellcome_mode_draw_grid
 .text.wellcome_mode_init
                0x1000759c      0x104 src/wellcome_mode/libwellcome_mode.a(wellcome_mode.c.obj)
                0x1000759c                wellcome_mode_init
 .text.lcd_backlight_off
                0x100076a0        0xc src/lcd/liblcd.a(lcd.c.obj)
                0x100076a0                lcd_backlight_off
 .text.lcd_backlight_on
                0x100076ac        0xc src/lcd/liblcd.a(lcd.c.obj)
                0x100076ac                lcd_backlight_on
 .text.lcd_spi_config
                0x100076b8       0x3c src/lcd/liblcd.a(lcd.c.obj)
                0x100076b8                lcd_spi_config
 .text.lcd_write_Cmd
                0x100076f4       0x24 src/lcd/liblcd.a(lcd.c.obj)
                0x100076f4                lcd_write_Cmd
 .text.lcd_write_Data
                0x10007718       0x24 src/lcd/liblcd.a(lcd.c.obj)
                0x10007718                lcd_write_Data
 .text.lcd_config
                0x1000773c      0x21a src/lcd/liblcd.a(lcd.c.obj)
                0x1000773c                lcd_config
 .text.lcd_write_Data16
                0x10007956       0x12 src/lcd/liblcd.a(lcd.c.obj)
                0x10007956                lcd_write_Data16
 .text.lcd_set_zone
                0x10007968       0x3e src/lcd/liblcd.a(lcd.c.obj)
                0x10007968                lcd_set_zone
 .text.lcd_clear
                0x100079a6       0x38 src/lcd/liblcd.a(lcd.c.obj)
                0x100079a6                lcd_clear
 .text.lcd_init
                0x100079de       0x22 src/lcd/liblcd.a(lcd.c.obj)
                0x100079de                lcd_init
 .text.lcd_set_pixel
                0x10007a00       0x1c src/lcd/liblcd.a(lcd.c.obj)
                0x10007a00                lcd_set_pixel
 .text.lcd_draw_char
                0x10007a1c      0x118 src/lcd/liblcd.a(lcd.c.obj)
                0x10007a1c                lcd_draw_char
 .text.lcd_draw_string
                0x10007b34       0x3c src/lcd/liblcd.a(lcd.c.obj)
                0x10007b34                lcd_draw_string
 .text.lcd_print_int
                0x10007b70       0x2c src/lcd/liblcd.a(lcd.c.obj)
                0x10007b70                lcd_print_int
 .text.lcd_fill_rect
                0x10007b9c       0x54 src/lcd/liblcd.a(lcd.c.obj)
                0x10007b9c                lcd_fill_rect
 .text.lcd_h_line
                0x10007bf0       0x28 src/lcd/liblcd.a(lcd.c.obj)
                0x10007bf0                lcd_h_line
 .text.lcd_v_line
                0x10007c18       0x54 src/lcd/liblcd.a(lcd.c.obj)
                0x10007c18                lcd_v_line
 .text.lcd_rect
                0x10007c6c       0x46 src/lcd/liblcd.a(lcd.c.obj)
                0x10007c6c                lcd_rect
 .text.abs      0x10007cb2        0x8 src/touchscreen/libtouchscreen.a(touchscreen.c.obj)
 *fill*         0x10007cba        0x2 
 .text.touchscreen_i2c_config
                0x10007cbc       0x34 src/touchscreen/libtouchscreen.a(touchscreen.c.obj)
                0x10007cbc                touchscreen_i2c_config
 .text.touchscreen_config
                0x10007cf0       0x50 src/touchscreen/libtouchscreen.a(touchscreen.c.obj)
                0x10007cf0                touchscreen_config
 .text.touchscreen_enable_irq
                0x10007d40       0x14 src/touchscreen/libtouchscreen.a(touchscreen.c.obj)
                0x10007d40                touchscreen_enable_irq
 .text.touchscreen_init
                0x10007d54       0x24 src/touchscreen/libtouchscreen.a(touchscreen.c.obj)
                0x10007d54                touchscreen_init
 .text.touchscreen_read
                0x10007d78       0x60 src/touchscreen/libtouchscreen.a(touchscreen.c.obj)
                0x10007d78                touchscreen_read
 .text.touchscreen_new_event
                0x10007dd8       0x20 src/touchscreen/libtouchscreen.a(touchscreen.c.obj)
                0x10007dd8                touchscreen_new_event
 .text.touchscreen_irq_callback
                0x10007df8       0x1c src/touchscreen/libtouchscreen.a(touchscreen.c.obj)
                0x10007df8                touchscreen_irq_callback
 .text.touchscreen_in_gesture_mode
                0x10007e14        0xc src/touchscreen/libtouchscreen.a(touchscreen.c.obj)
                0x10007e14                touchscreen_in_gesture_mode
 .text.touchscreen_in_simple_touch_mode
                0x10007e20       0x10 src/touchscreen/libtouchscreen.a(touchscreen.c.obj)
                0x10007e20                touchscreen_in_simple_touch_mode
 .text.touchscreen_switch_to_simple_touch_mode
                0x10007e30        0xc src/touchscreen/libtouchscreen.a(touchscreen.c.obj)
                0x10007e30                touchscreen_switch_to_simple_touch_mode
 .text.touchscreen_status_reset_watching
                0x10007e3c        0xc src/touchscreen/libtouchscreen.a(touchscreen.c.obj)
                0x10007e3c                touchscreen_status_reset_watching
 .text.touchscreen_set_action_from_infos
                0x10007e48       0x8e src/touchscreen/libtouchscreen.a(touchscreen.c.obj)
                0x10007e48                touchscreen_set_action_from_infos
 *fill*         0x10007ed6        0x2 
 .text.touchscreen_handler_in_gesture_mode
                0x10007ed8       0x7c src/touchscreen/libtouchscreen.a(touchscreen.c.obj)
                0x10007ed8                touchscreen_handler_in_gesture_mode
 .text.touchscreen_handler_in_simple_touch_mode
                0x10007f54       0x18 src/touchscreen/libtouchscreen.a(touchscreen.c.obj)
                0x10007f54                touchscreen_handler_in_simple_touch_mode
 .text.BME280_init_calib
                0x10007f6c      0x178 src/bme280/libbme280.a(bme280.c.obj)
                0x10007f6c                BME280_init_calib
 .text.BME280_set_ctrl_hum
                0x100080e4       0x24 src/bme280/libbme280.a(bme280.c.obj)
                0x100080e4                BME280_set_ctrl_hum
 .text.BME280_set_ctrl_meas
                0x10008108       0x30 src/bme280/libbme280.a(bme280.c.obj)
                0x10008108                BME280_set_ctrl_meas
 .text.BME280_set_config
                0x10008138       0x2c src/bme280/libbme280.a(bme280.c.obj)
                0x10008138                BME280_set_config
 .text.BME280_config
                0x10008164       0x20 src/bme280/libbme280.a(bme280.c.obj)
                0x10008164                BME280_config
 .text.BME280_compensate_T
                0x10008184      0x124 src/bme280/libbme280.a(bme280.c.obj)
                0x10008184                BME280_compensate_T
 .text.BME280_compensate_P
                0x100082a8      0x240 src/bme280/libbme280.a(bme280.c.obj)
                0x100082a8                BME280_compensate_P
 .text.BME280_compensate_H
                0x100084e8      0x190 src/bme280/libbme280.a(bme280.c.obj)
                0x100084e8                BME280_compensate_H
 .text.BME280_read
                0x10008678       0x8c src/bme280/libbme280.a(bme280.c.obj)
                0x10008678                BME280_read
 .text.VEML7700_config
                0x10008704       0x24 src/veml7700/libveml7700.a(veml7700.c.obj)
                0x10008704                VEML7700_config
 .text.VEML7700_read
                0x10008728       0x58 src/veml7700/libveml7700.a(veml7700.c.obj)
                0x10008728                VEML7700_read
 .text.display_point_init
                0x10008780        0x6 src/display/libdisplay.a(display.c.obj)
                0x10008780                display_point_init
 .text.display_zone_init
                0x10008786       0x3a src/display/libdisplay.a(display.c.obj)
                0x10008786                display_zone_init
 .text.display_create_zone_matrix
                0x100087c0       0xde src/display/libdisplay.a(display.c.obj)
                0x100087c0                display_create_zone_matrix
 .text.display_draw_zone
                0x1000889e       0x3a src/display/libdisplay.a(display.c.obj)
                0x1000889e                display_draw_zone
 .text.display_find_zone_matrix_from_coordiantes
                0x100088d8       0x2c src/display/libdisplay.a(display.c.obj)
                0x100088d8                display_find_zone_matrix_from_coordiantes
 .text.display_find_zone_from_coordinates
                0x10008904       0x34 src/display/libdisplay.a(display.c.obj)
                0x10008904                display_find_zone_from_coordinates
 .text.drawing_mode_draw
                0x10008938       0x64 src/drawing_mode/libdrawing_mode.a(drawing_mode.c.obj)
                0x10008938                drawing_mode_draw
 .text.drawing_mode_draw_grid
                0x1000899c       0xb4 src/drawing_mode/libdrawing_mode.a(drawing_mode.c.obj)
                0x1000899c                drawing_mode_draw_grid
 .text.drawing_mode_init
                0x10008a50       0xd4 src/drawing_mode/libdrawing_mode.a(drawing_mode.c.obj)
                0x10008a50                drawing_mode_init
 .text          0x10008b24       0x10 /usr/lib/gcc/arm-none-eabi/13.2.1/../../../arm-none-eabi/lib/thumb/v6-m/nofp/libg.a(libc_a-atexit.o)
                0x10008b24                atexit
 .text          0x10008b34       0x5c /usr/lib/gcc/arm-none-eabi/13.2.1/../../../arm-none-eabi/lib/thumb/v6-m/nofp/libg.a(libc_a-strlen-stub.o)
                0x10008b34                strlen
 .text          0x10008b90       0x28 /usr/lib/gcc/arm-none-eabi/13.2.1/../../../arm-none-eabi/lib/thumb/v6-m/nofp/libg.a(libc_a-fini.o)
                0x10008b90                __libc_fini_array
 .text          0x10008bb8       0x78 /usr/lib/gcc/arm-none-eabi/13.2.1/../../../arm-none-eabi/lib/thumb/v6-m/nofp/libg.a(libc_a-__atexit.o)
                0x10008bb8                __register_exitproc
 .text.startup  0x10008c30       0x18 /usr/lib/gcc/arm-none-eabi/13.2.1/../../../arm-none-eabi/lib/thumb/v6-m/nofp/libg.a(libc_a-__call_atexit.o)
 *(.fini)
 .fini          0x10008c48        0x4 /usr/lib/gcc/arm-none-eabi/13.2.1/thumb/v6-m/nofp/crti.o
                0x10008c48                _fini
 *fill*         0x10008c4c        0x4 
 .fini.__stub   0x10008c50       0xe0 linker stubs
 *crtbegin.o(.ctors)
 *crtbegin?.o(.ctors)
 *(EXCLUDE_FILE(*crtend.o *crtend?.o) .ctors)
 *(SORT_BY_NAME(.ctors.*))
 *(.ctors)
 *crtbegin.o(.dtors)
 *crtbegin?.o(.dtors)
 *(EXCLUDE_FILE(*crtend.o *crtend?.o) .dtors)
 *(SORT_BY_NAME(.dtors.*))
 *(.dtors)
                0x10008d30                        . = ALIGN (0x4)
                0x10008d30                        PROVIDE (__preinit_array_start = .)
 *(SORT_BY_NAME(.preinit_array.*))
 .preinit_array.00100
                0x10008d30        0x4 CMakeFiles/weather_station.dir/home/gael/git/pico-sdk/src/rp2_common/pico_runtime_init/runtime_init.c.obj
                0x10008d30                __pre_init_runtime_init_early_resets
 .preinit_array.00101
                0x10008d34        0x4 CMakeFiles/weather_station.dir/home/gael/git/pico-sdk/src/rp2_common/pico_runtime_init/runtime_init.c.obj
                0x10008d34                __pre_init_runtime_init_usb_power_down
 .preinit_array.00275
                0x10008d38        0x4 CMakeFiles/weather_station.dir/home/gael/git/pico-sdk/src/rp2_common/pico_bit_ops/bit_ops_aeabi.S.obj
 .preinit_array.00300
                0x10008d3c        0x4 CMakeFiles/weather_station.dir/home/gael/git/pico-sdk/src/rp2_common/pico_mem_ops/mem_ops_aeabi.S.obj
 .preinit_array.00350
                0x10008d40        0x4 CMakeFiles/weather_station.dir/home/gael/git/pico-sdk/src/rp2_common/pico_double/double_aeabi_rp2040.S.obj
 .preinit_array.00350
                0x10008d44        0x4 CMakeFiles/weather_station.dir/home/gael/git/pico-sdk/src/rp2_common/pico_float/float_aeabi_rp2040.S.obj
 .preinit_array.00500
                0x10008d48        0x4 CMakeFiles/weather_station.dir/home/gael/git/pico-sdk/src/rp2_common/pico_runtime_init/runtime_init.c.obj
                0x10008d48                __pre_init_runtime_init_clocks
 .preinit_array.00600
                0x10008d4c        0x4 CMakeFiles/weather_station.dir/home/gael/git/pico-sdk/src/rp2_common/pico_runtime_init/runtime_init.c.obj
                0x10008d4c                __pre_init_runtime_init_post_clock_resets
 .preinit_array.00700
                0x10008d50        0x4 CMakeFiles/weather_station.dir/home/gael/git/pico-sdk/src/rp2_common/pico_runtime_init/runtime_init.c.obj
                0x10008d50                __pre_init_runtime_init_rp2040_gpio_ie_disable
 .preinit_array.01000
                0x10008d54        0x4 CMakeFiles/weather_station.dir/home/gael/git/pico-sdk/src/rp2_common/pico_runtime_init/runtime_init.c.obj
                0x10008d54                __pre_init_runtime_init_spin_locks_reset
 .preinit_array.01100
                0x10008d58        0x4 CMakeFiles/weather_station.dir/home/gael/git/pico-sdk/src/common/pico_sync/mutex.c.obj
                0x10008d58                __pre_init_runtime_init_mutex
 .preinit_array.10080
                0x10008d5c        0x4 CMakeFiles/weather_station.dir/home/gael/git/pico-sdk/src/rp2_common/pico_runtime_init/runtime_init.c.obj
                0x10008d5c                __pre_init_runtime_init_install_ram_vector_table
 .preinit_array.11000
                0x10008d60        0x4 CMakeFiles/weather_station.dir/home/gael/git/pico-sdk/src/common/pico_time/time.c.obj
                0x10008d60                __pre_init_runtime_init_default_alarm_pool
 .preinit_array.YYYYY
                0x10008d64        0x4 CMakeFiles/weather_station.dir/home/gael/git/pico-sdk/src/rp2_common/pico_runtime/runtime.c.obj
                0x10008d64                __pre_init_first_per_core_initializer
 .preinit_array.ZZZZZ.01200
                0x10008d68        0x4 CMakeFiles/weather_station.dir/home/gael/git/pico-sdk/src/rp2_common/hardware_irq/irq.c.obj
                0x10008d68                __pre_init_runtime_init_per_core_irq_priorities
 *(.preinit_array)
                0x10008d6c                        PROVIDE (__preinit_array_end = .)
                0x10008d6c                        . = ALIGN (0x4)
                0x10008d6c                        PROVIDE (__init_array_start = .)
 *(SORT_BY_NAME(.init_array.*))
 .init_array.00000
                0x10008d6c        0x4 /usr/lib/gcc/arm-none-eabi/13.2.1/../../../arm-none-eabi/lib/thumb/v6-m/nofp/libg.a(libc_a-__call_atexit.o)
 *(.init_array)
 .init_array    0x10008d70        0x4 /usr/lib/gcc/arm-none-eabi/13.2.1/thumb/v6-m/nofp/crtbegin.o
 .init_array    0x10008d74        0x4 CMakeFiles/weather_station.dir/home/gael/git/pico-sdk/src/rp2_common/pico_unique_id/unique_id.c.obj
                0x10008d78                        PROVIDE (__init_array_end = .)
                0x10008d78                        . = ALIGN (0x4)
                0x10008d78                        PROVIDE (__fini_array_start = .)
 *(SORT_BY_NAME(.fini_array.*))
 *(.fini_array)
                0x10008d78                        PROVIDE (__fini_array_end = .)
 *(.eh_frame*)
 .eh_frame      0x10008d78        0x0 /usr/lib/gcc/arm-none-eabi/13.2.1/thumb/v6-m/nofp/crtbegin.o
                0x10008d78                        . = ALIGN (0x4)

.glue_7         0x10008d78        0x0
 .glue_7        0x10008d78        0x0 linker stubs

.glue_7t        0x10008d78        0x0
 .glue_7t       0x10008d78        0x0 linker stubs

.vfp11_veneer   0x10008d78        0x0
 .vfp11_veneer  0x10008d78        0x0 linker stubs

.v4_bx          0x10008d78        0x0
 .v4_bx         0x10008d78        0x0 linker stubs

.iplt           0x10008d78        0x0
 .iplt          0x10008d78        0x0 /usr/lib/gcc/arm-none-eabi/13.2.1/thumb/v6-m/nofp/crtbegin.o

.rodata         0x10008d78     0x2580
 *(EXCLUDE_FILE(*libm.a: *libc.a:*lib_a-mem*.o *libgcc.a:) .rodata*)
 .rodata.i2c_set_baudrate.str1.4
                0x10008d78      0xcd4 CMakeFiles/weather_station.dir/home/gael/git/pico-sdk/src/rp2_common/hardware_i2c/i2c.c.obj
                                 0x5a (size before relaxing)
 .rodata.__func__.0
                0x10009a4c       0x11 CMakeFiles/weather_station.dir/home/gael/git/pico-sdk/src/rp2_common/hardware_i2c/i2c.c.obj
 .rodata.rp2040_chip_version.str1.4
                0x10009a5d       0x71 CMakeFiles/weather_station.dir/home/gael/git/pico-sdk/src/rp2040/pico_platform/platform.c.obj
 *fill*         0x10009a5d        0x3 
 .rodata.__func__.0
                0x10009a60       0x14 CMakeFiles/weather_station.dir/home/gael/git/pico-sdk/src/rp2040/pico_platform/platform.c.obj
 .rodata.panic.str1.4
                0x10009a74       0x12 CMakeFiles/weather_station.dir/home/gael/git/pico-sdk/src/rp2_common/pico_platform_panic/panic.c.obj
 .rodata.spin_lock_claim_unused.str1.4
                0x10009a74       0x1b CMakeFiles/weather_station.dir/home/gael/git/pico-sdk/src/rp2_common/hardware_sync/sync.c.obj
 .rodata.alarm_pool_irq_handler.str1.4
                0x10009a74       0x60 CMakeFiles/weather_station.dir/home/gael/git/pico-sdk/src/common/pico_time/time.c.obj
 .rodata.alarm_pool_get_default.str1.4
                0x10009a74       0x21 CMakeFiles/weather_station.dir/home/gael/git/pico-sdk/src/common/pico_time/time.c.obj
 .rodata.sleep_until.str1.4
                0x10009a74       0x4d CMakeFiles/weather_station.dir/home/gael/git/pico-sdk/src/common/pico_time/time.c.obj
 .rodata.__func__.1
                0x10009a74       0x17 CMakeFiles/weather_station.dir/home/gael/git/pico-sdk/src/common/pico_time/time.c.obj
 *fill*         0x10009a8b        0x1 
 .rodata.__func__.2
                0x10009a8c       0x17 CMakeFiles/weather_station.dir/home/gael/git/pico-sdk/src/common/pico_time/time.c.obj
 .rodata.timer_hardware_alarm_claim.str1.4
                0x10009aa3       0x22 CMakeFiles/weather_station.dir/home/gael/git/pico-sdk/src/rp2_common/hardware_timer/timer.c.obj
 .rodata.resolve_j_16.str1.4
                0x10009aa3       0x52 CMakeFiles/weather_station.dir/home/gael/git/pico-sdk/src/rp2_common/hardware_irq/irq.c.obj
 .rodata.make_j_16.str1.4
                0x10009aa3       0x30 CMakeFiles/weather_station.dir/home/gael/git/pico-sdk/src/rp2_common/hardware_irq/irq.c.obj
 .rodata.insert_bl_32.str1.4
                0x10009aa3       0x10 CMakeFiles/weather_station.dir/home/gael/git/pico-sdk/src/rp2_common/hardware_irq/irq.c.obj
 .rodata.irq_set_exclusive_handler.str1.4
                0x10009aa3       0x36 CMakeFiles/weather_station.dir/home/gael/git/pico-sdk/src/rp2_common/hardware_irq/irq.c.obj
 .rodata.irq_add_shared_handler.str1.4
                0x10009aa3       0xd2 CMakeFiles/weather_station.dir/home/gael/git/pico-sdk/src/rp2_common/hardware_irq/irq.c.obj
 .rodata.irq_remove_handler.str1.4
                0x10009aa3       0x3a CMakeFiles/weather_station.dir/home/gael/git/pico-sdk/src/rp2_common/hardware_irq/irq.c.obj
 .rodata.irq_add_tail_to_free_list.str1.4
                0x10009aa3       0x3a CMakeFiles/weather_station.dir/home/gael/git/pico-sdk/src/rp2_common/hardware_irq/irq.c.obj
 .rodata.user_irq_claim_unused.str1.4
                0x10009aa3       0x1b CMakeFiles/weather_station.dir/home/gael/git/pico-sdk/src/rp2_common/hardware_irq/irq.c.obj
 *fill*         0x10009aa3        0x1 
 .rodata.__func__.0
                0x10009aa4       0x1a CMakeFiles/weather_station.dir/home/gael/git/pico-sdk/src/rp2_common/hardware_irq/irq.c.obj
 *fill*         0x10009abe        0x2 
 .rodata.__func__.1
                0x10009ac0        0xd CMakeFiles/weather_station.dir/home/gael/git/pico-sdk/src/rp2_common/hardware_irq/irq.c.obj
 *fill*         0x10009acd        0x3 
 .rodata.__func__.2
                0x10009ad0       0x13 CMakeFiles/weather_station.dir/home/gael/git/pico-sdk/src/rp2_common/hardware_irq/irq.c.obj
 *fill*         0x10009ae3        0x1 
 .rodata.__func__.3
                0x10009ae4        0xa CMakeFiles/weather_station.dir/home/gael/git/pico-sdk/src/rp2_common/hardware_irq/irq.c.obj
 *fill*         0x10009aee        0x2 
 .rodata.__func__.4
                0x10009af0        0xd CMakeFiles/weather_station.dir/home/gael/git/pico-sdk/src/rp2_common/hardware_irq/irq.c.obj
 *fill*         0x10009afd        0x3 
 .rodata.__func__.5
                0x10009b00       0x17 CMakeFiles/weather_station.dir/home/gael/git/pico-sdk/src/rp2_common/hardware_irq/irq.c.obj
 *fill*         0x10009b17        0x1 
 .rodata.__func__.6
                0x10009b18       0x1a CMakeFiles/weather_station.dir/home/gael/git/pico-sdk/src/rp2_common/hardware_irq/irq.c.obj
 .rodata.runtime_init_mutex.str1.4
                0x10009b32       0x55 CMakeFiles/weather_station.dir/home/gael/git/pico-sdk/src/common/pico_sync/mutex.c.obj
 .rodata.str1.4
                0x10009b32       0x51 CMakeFiles/weather_station.dir/home/gael/git/pico-sdk/src/common/pico_sync/mutex.c.obj
 *fill*         0x10009b32        0x2 
 .rodata.__func__.1
                0x10009b34        0xb CMakeFiles/weather_station.dir/home/gael/git/pico-sdk/src/common/pico_sync/mutex.c.obj
 *fill*         0x10009b3f        0x1 
 .rodata.__func__.3
                0x10009b40       0x18 CMakeFiles/weather_station.dir/home/gael/git/pico-sdk/src/common/pico_sync/mutex.c.obj
 .rodata.__func__.6
                0x10009b58       0x13 CMakeFiles/weather_station.dir/home/gael/git/pico-sdk/src/common/pico_sync/mutex.c.obj
 .rodata.gpio_add_raw_irq_handler_with_order_priority_masked.str1.4
                0x10009b6b       0x68 CMakeFiles/weather_station.dir/home/gael/git/pico-sdk/src/rp2_common/hardware_gpio/gpio.c.obj
 .rodata.gpio_set_irq_enabled.str1.4
                0x10009b6b       0x55 CMakeFiles/weather_station.dir/home/gael/git/pico-sdk/src/rp2_common/hardware_gpio/gpio.c.obj
 *fill*         0x10009b6b        0x1 
 .rodata.__func__.4
                0x10009b6c       0x15 CMakeFiles/weather_station.dir/home/gael/git/pico-sdk/src/rp2_common/hardware_gpio/gpio.c.obj
 .rodata.pll_init.str1.4
                0x10009b81      0x110 CMakeFiles/weather_station.dir/home/gael/git/pico-sdk/src/rp2_common/hardware_pll/pll.c.obj
 *fill*         0x10009b81        0x3 
 .rodata.__func__.0
                0x10009b84        0x9 CMakeFiles/weather_station.dir/home/gael/git/pico-sdk/src/rp2_common/hardware_pll/pll.c.obj
 .rodata.__aeabi_double_init.str1.4
                0x10009b8d       0x90 CMakeFiles/weather_station.dir/home/gael/git/pico-sdk/src/rp2_common/pico_double/double_init_rom_rp2040.c.obj
 *fill*         0x10009b8d        0x3 
 .rodata.__func__.0
                0x10009b90       0x14 CMakeFiles/weather_station.dir/home/gael/git/pico-sdk/src/rp2_common/pico_double/double_init_rom_rp2040.c.obj
 .rodata.__aeabi_float_init.str1.4
                0x10009ba4       0x82 CMakeFiles/weather_station.dir/home/gael/git/pico-sdk/src/rp2_common/pico_float/float_init_rom_rp2040.c.obj
 .rodata.__func__.0
                0x10009ba4       0x13 CMakeFiles/weather_station.dir/home/gael/git/pico-sdk/src/rp2_common/pico_float/float_init_rom_rp2040.c.obj
 .rodata.str1.4
                0x10009bb7       0x34 CMakeFiles/weather_station.dir/home/gael/git/pico-sdk/src/rp2_common/pico_standard_binary_info/standard_binary_info.c.obj
 *fill*         0x10009bb7        0x1 
 .rodata.__bi_84
                0x10009bb8        0xc CMakeFiles/weather_station.dir/home/gael/git/pico-sdk/src/rp2_common/pico_standard_binary_info/standard_binary_info.c.obj
 .rodata.__bi_54
                0x10009bc4        0xc CMakeFiles/weather_station.dir/home/gael/git/pico-sdk/src/rp2_common/pico_standard_binary_info/standard_binary_info.c.obj
 .rodata.__bi_48