Archive member included to satisfy reference by file (symbol)

src/i2c_non_blocking/libi2c_non_blocking.a(i2c_non_blocking.c.obj)
                              CMakeFiles/weather_station.dir/src/main.c.obj (i2c_nb_handler)
src/systick/libsystick.a(systick.c.obj)
                              CMakeFiles/weather_station.dir/src/main.c.obj (systick_init)
src/station/libstation.a(station.c.obj)
                              CMakeFiles/weather_station.dir/src/main.c.obj (station_init)
src/weather_mode/libweather_mode.a(weather_mode.c.obj)
                              src/station/libstation.a(station.c.obj) (weather_mode_init)
src/wellcome_mode/libwellcome_mode.a(wellcome_mode.c.obj)
                              src/station/libstation.a(station.c.obj) (wellcome_mode_init)
src/lcd/liblcd.a(lcd.c.obj)   src/station/libstation.a(station.c.obj) (lcd_backlight_off)
src/font/libfont.a(font.c.obj)
                              src/station/libstation.a(station.c.obj) (BigFont)
src/touchscreen/libtouchscreen.a(touchscreen.c.obj)
                              src/station/libstation.a(station.c.obj) (touchscreen_init)
src/bme280/libbme280.a(bme280.c.obj)
                              src/station/libstation.a(station.c.obj) (BME280_config)
src/veml7700/libveml7700.a(veml7700.c.obj)
                              src/station/libstation.a(station.c.obj) (VEML7700_config)
src/RN4870/libRN4870.a(RN4870.c.obj)
                              CMakeFiles/weather_station.dir/src/main.c.obj (RN4870_init)
src/display/libdisplay.a(display.c.obj)
                              CMakeFiles/weather_station.dir/src/main.c.obj (display_create_zone_matrix)
src/util/libutil.a(util.c.obj)
                              src/RN4870/libRN4870.a(RN4870.c.obj) (gpio_initialize_out)
src/led_rgb/libled_rgb.a(led_rgb.c.obj)
                              CMakeFiles/weather_station.dir/src/main.c.obj (led_rgb_init)
/usr/lib/gcc/arm-none-eabi/10.3.1/thumb/v6-m/nofp/libgcc.a(_dvmd_tls.o)
                              CMakeFiles/weather_station.dir/home/gael/hepia/CSH/pico_sdk/pico-sdk/src/rp2_common/pico_divider/divider.S.obj (__aeabi_idiv0)
/usr/lib/gcc/arm-none-eabi/10.3.1/../../../arm-none-eabi/lib/thumb/v6-m/nofp/libc.a(lib_a-atexit.o)
                              /usr/lib/gcc/arm-none-eabi/10.3.1/../../../arm-none-eabi/lib/thumb/v6-m/nofp/crt0.o (atexit)
/usr/lib/gcc/arm-none-eabi/10.3.1/../../../arm-none-eabi/lib/thumb/v6-m/nofp/libc.a(lib_a-calloc.o)
                              CMakeFiles/weather_station.dir/home/gael/hepia/CSH/pico_sdk/pico-sdk/src/rp2_common/pico_malloc/pico_malloc.c.obj (calloc)
/usr/lib/gcc/arm-none-eabi/10.3.1/../../../arm-none-eabi/lib/thumb/v6-m/nofp/libc.a(lib_a-callocr.o)
                              /usr/lib/gcc/arm-none-eabi/10.3.1/../../../arm-none-eabi/lib/thumb/v6-m/nofp/libc.a(lib_a-calloc.o) (_calloc_r)
/usr/lib/gcc/arm-none-eabi/10.3.1/../../../arm-none-eabi/lib/thumb/v6-m/nofp/libc.a(lib_a-fini.o)
                              /usr/lib/gcc/arm-none-eabi/10.3.1/../../../arm-none-eabi/lib/thumb/v6-m/nofp/crt0.o (__libc_fini_array)
/usr/lib/gcc/arm-none-eabi/10.3.1/../../../arm-none-eabi/lib/thumb/v6-m/nofp/libc.a(lib_a-impure.o)
                              /usr/lib/gcc/arm-none-eabi/10.3.1/../../../arm-none-eabi/lib/thumb/v6-m/nofp/libc.a(lib_a-calloc.o) (_impure_ptr)
/usr/lib/gcc/arm-none-eabi/10.3.1/../../../arm-none-eabi/lib/thumb/v6-m/nofp/libc.a(lib_a-init.o)
                              /usr/lib/gcc/arm-none-eabi/10.3.1/../../../arm-none-eabi/lib/thumb/v6-m/nofp/crt0.o (__libc_init_array)
/usr/lib/gcc/arm-none-eabi/10.3.1/../../../arm-none-eabi/lib/thumb/v6-m/nofp/libc.a(lib_a-malloc.o)
                              CMakeFiles/weather_station.dir/home/gael/hepia/CSH/pico_sdk/pico-sdk/src/rp2_common/pico_malloc/pico_malloc.c.obj (malloc)
/usr/lib/gcc/arm-none-eabi/10.3.1/../../../arm-none-eabi/lib/thumb/v6-m/nofp/libc.a(lib_a-mallocr.o)
                              /usr/lib/gcc/arm-none-eabi/10.3.1/../../../arm-none-eabi/lib/thumb/v6-m/nofp/libc.a(lib_a-callocr.o) (_malloc_r)
/usr/lib/gcc/arm-none-eabi/10.3.1/../../../arm-none-eabi/lib/thumb/v6-m/nofp/libc.a(lib_a-mlock.o)
                              /usr/lib/gcc/arm-none-eabi/10.3.1/../../../arm-none-eabi/lib/thumb/v6-m/nofp/libc.a(lib_a-mallocr.o) (__malloc_lock)
/usr/lib/gcc/arm-none-eabi/10.3.1/../../../arm-none-eabi/lib/thumb/v6-m/nofp/libc.a(lib_a-realloc.o)
                              CMakeFiles/weather_station.dir/home/gael/hepia/CSH/pico_sdk/pico-sdk/src/rp2_common/pico_malloc/pico_malloc.c.obj (realloc)
/usr/lib/gcc/arm-none-eabi/10.3.1/../../../arm-none-eabi/lib/thumb/v6-m/nofp/libc.a(lib_a-reallocr.o)
                              /usr/lib/gcc/arm-none-eabi/10.3.1/../../../arm-none-eabi/lib/thumb/v6-m/nofp/libc.a(lib_a-realloc.o) (_realloc_r)
/usr/lib/gcc/arm-none-eabi/10.3.1/../../../arm-none-eabi/lib/thumb/v6-m/nofp/libc.a(lib_a-sbrkr.o)
[...]
Memory Configuration

Name             Origin             Length             Attributes
FLASH            0x0000000010000000 0x0000000000200000 xr
RAM              0x0000000020000000 0x0000000000040000 xrw
SCRATCH_X        0x0000000020040000 0x0000000000001000 xrw
SCRATCH_Y        0x0000000020041000 0x0000000000001000 xrw
*default*        0x0000000000000000 0xffffffffffffffff

Linker script and memory map

LOAD /usr/lib/gcc/arm-none-eabi/10.3.1/thumb/v6-m/nofp/crti.o
LOAD /usr/lib/gcc/arm-none-eabi/10.3.1/thumb/v6-m/nofp/crtbegin.o
LOAD /usr/lib/gcc/arm-none-eabi/10.3.1/../../../arm-none-eabi/lib/thumb/v6-m/nofp/crt0.o

.flash_begin    0x0000000010000000        0x0
                0x0000000010000000                __flash_binary_start = .

.boot2          0x0000000010000000      0x100
                0x0000000010000000                __boot2_start__ = .
 *(.boot2)
 .boot2         0x0000000010000000      0x100 /tmp/ccoijMCk.o
                0x0000000010000100                __boot2_end__ = .
                0x0000000000000001                ASSERT (((__boot2_end__ - __boot2_start__) == 0x100), ERROR: Pico second stage bootloader must be 256 bytes in size)

.text           0x0000000010000100     0x90d0
                0x0000000010000100                __logical_binary_start = .
 *(.vectors)
 .vectors       0x0000000010000100       0xd4 CMakeFiles/weather_station.dir/home/gael/hepia/CSH/pico_sdk/pico-sdk/src/rp2_common/pico_standard_link/crt0.S.obj
                0x0000000010000100                __vectors
                0x0000000010000100                __VECTOR_TABLE
                0x00000000100001c0                isr_invalid
                0x00000000100001c0                __default_isrs_start
                0x00000000100001c2                isr_nmi
                0x00000000100001c4                isr_hardfault
                0x00000000100001c6                isr_svcall
                0x00000000100001c8                isr_pendsv
                0x00000000100001cc                isr_irq30
                0x00000000100001cc                __unhandled_user_irq
                0x00000000100001cc                isr_irq13
                0x00000000100001cc                isr_irq27
                0x00000000100001cc                isr_irq31
                0x00000000100001cc                isr_irq5
                0x00000000100001cc                isr_irq11
                0x00000000100001cc                isr_irq23
                0x00000000100001cc                isr_irq18
                0x00000000100001cc                isr_irq28
                0x00000000100001cc                isr_irq19
                0x00000000100001cc                isr_irq0
                0x00000000100001cc                isr_irq6
                0x00000000100001cc                isr_irq22
                0x00000000100001cc                isr_irq17
                0x00000000100001cc                isr_irq14
                0x00000000100001cc                isr_irq2
                0x00000000100001cc                isr_irq10
                0x00000000100001cc                isr_irq8
                0x00000000100001cc                isr_irq24
                0x00000000100001cc                isr_irq1
                0x00000000100001cc                isr_irq7
                0x00000000100001cc                isr_irq21
                0x00000000100001cc                isr_irq20
                0x00000000100001cc                isr_irq15
                0x00000000100001cc                isr_irq25
                0x00000000100001cc                isr_irq4
                0x00000000100001cc                isr_irq16
                0x00000000100001cc                isr_irq29
                0x00000000100001cc                isr_irq26
                0x00000000100001cc                __default_isrs_end
                0x00000000100001cc                isr_irq3
                0x00000000100001cc                isr_irq12
                0x00000000100001cc                isr_irq9
                0x00000000100001d2                unhandled_user_irq_num_in_r0
 *(.binary_info_header)
 .binary_info_header
                0x00000000100001d4       0x14 CMakeFiles/weather_station.dir/home/gael/hepia/CSH/pico_sdk/pico-sdk/src/rp2_common/pico_standard_link/crt0.S.obj
                0x00000000100001e8                __binary_info_header_end = .
 *(.reset)
 .reset         0x00000000100001e8       0xa0 CMakeFiles/weather_station.dir/home/gael/hepia/CSH/pico_sdk/pico-sdk/src/rp2_common/pico_standard_link/crt0.S.obj
                0x00000000100001e8                _entry_point
 .reset         0x0000000010000288       0x30 CMakeFiles/weather_station.dir/home/gael/hepia/CSH/pico_sdk/pico-sdk/src/rp2_common/pico_standard_link/binary_info.c.obj
 *(.init)
 .init          0x00000000100002b8        0x4 /usr/lib/gcc/arm-none-eabi/10.3.1/thumb/v6-m/nofp/crti.o
                0x00000000100002b8                _init
 *(EXCLUDE_FILE(*libm.a: *libc.a:*lib_a-mem*.o *libgcc.a:) .text*)
 .text          0x00000000100002bc       0x98 /usr/lib/gcc/arm-none-eabi/10.3.1/thumb/v6-m/nofp/crtbegin.o
 .text.startup.main
                0x0000000010000354       0x14 CMakeFiles/weather_station.dir/src/main.c.obj
                0x0000000010000354                main
 .text.i2c_set_baudrate
                0x0000000010000368       0xc4 CMakeFiles/weather_station.dir/home/gael/hepia/CSH/pico_sdk/pico-sdk/src/rp2_common/hardware_i2c/i2c.c.obj
                0x0000000010000368                i2c_set_baudrate
 .text.i2c_init
                0x000000001000042c       0x54 CMakeFiles/weather_station.dir/home/gael/hepia/CSH/pico_sdk/pico-sdk/src/rp2_common/hardware_i2c/i2c.c.obj
                0x000000001000042c                i2c_init
 .text.i2c_write_blocking
                0x0000000010000480       0xd0 CMakeFiles/weather_station.dir/home/gael/hepia/CSH/pico_sdk/pico-sdk/src/rp2_common/hardware_i2c/i2c.c.obj
                0x0000000010000480                i2c_write_blocking
 .text.i2c_read_blocking
                0x0000000010000550       0xac CMakeFiles/weather_station.dir/home/gael/hepia/CSH/pico_sdk/pico-sdk/src/rp2_common/hardware_i2c/i2c.c.obj
                0x0000000010000550                i2c_read_blocking
 .text.running_on_fpga
                0x00000000100005fc       0x10 CMakeFiles/weather_station.dir/home/gael/hepia/CSH/pico_sdk/pico-sdk/src/rp2_common/pico_platform/platform.c.obj
                0x00000000100005fc                running_on_fpga
 .text.hw_claim_or_assert
                0x000000001000060c       0x44 CMakeFiles/weather_station.dir/home/gael/hepia/CSH/pico_sdk/pico-sdk/src/rp2_common/hardware_claim/claim.c.obj
                0x000000001000060c                hw_claim_or_assert
 .text.hw_claim_unused_from_range
                0x0000000010000650       0x9c CMakeFiles/weather_station.dir/home/gael/hepia/CSH/pico_sdk/pico-sdk/src/rp2_common/hardware_claim/claim.c.obj
                0x0000000010000650                hw_claim_unused_from_range
 .text.spin_locks_reset
                0x00000000100006ec       0x1c CMakeFiles/weather_station.dir/home/gael/hepia/CSH/pico_sdk/pico-sdk/src/rp2_common/hardware_sync/sync.c.obj
                0x00000000100006ec                spin_locks_reset
 .text.next_striped_spin_lock_num
                0x0000000010000708       0x18 CMakeFiles/weather_station.dir/home/gael/hepia/CSH/pico_sdk/pico-sdk/src/rp2_common/hardware_sync/sync.c.obj
                0x0000000010000708                next_striped_spin_lock_num
 .text.spin_lock_claim_unused
                0x0000000010000720       0x20 CMakeFiles/weather_station.dir/home/gael/hepia/CSH/pico_sdk/pico-sdk/src/rp2_common/hardware_sync/sync.c.obj
                0x0000000010000720                spin_lock_claim_unused
 .text.timer_pool_entry_comparator
                0x0000000010000740       0x34 CMakeFiles/weather_station.dir/home/gael/hepia/CSH/pico_sdk/pico-sdk/src/common/pico_time/time.c.obj
                0x0000000010000740                timer_pool_entry_comparator
 .text.sleep_until_callback
                0x0000000010000774       0x30 CMakeFiles/weather_station.dir/home/gael/hepia/CSH/pico_sdk/pico-sdk/src/common/pico_time/time.c.obj
 .text.add_alarm_under_lock.isra.0
                0x00000000100007a4      0x100 CMakeFiles/weather_station.dir/home/gael/hepia/CSH/pico_sdk/pico-sdk/src/common/pico_time/time.c.obj
 .text.alarm_pool_alarm_callback
                0x00000000100008a4      0x1b8 CMakeFiles/weather_station.dir/home/gael/hepia/CSH/pico_sdk/pico-sdk/src/common/pico_time/time.c.obj
 .text.alarm_pool_init_default
                0x0000000010000a5c       0x6c CMakeFiles/weather_station.dir/home/gael/hepia/CSH/pico_sdk/pico-sdk/src/common/pico_time/time.c.obj
                0x0000000010000a5c                alarm_pool_init_default
 .text.alarm_pool_get_default
                0x0000000010000ac8        0x8 CMakeFiles/weather_station.dir/home/gael/hepia/CSH/pico_sdk/pico-sdk/src/common/pico_time/time.c.obj
                0x0000000010000ac8                alarm_pool_get_default
 .text.alarm_pool_add_alarm_at
                0x0000000010000ad0      0x17c CMakeFiles/weather_station.dir/home/gael/hepia/CSH/pico_sdk/pico-sdk/src/common/pico_time/time.c.obj
                0x0000000010000ad0                alarm_pool_add_alarm_at
 .text.alarm_pool_cancel_alarm
                0x0000000010000c4c       0x74 CMakeFiles/weather_station.dir/home/gael/hepia/CSH/pico_sdk/pico-sdk/src/common/pico_time/time.c.obj
                0x0000000010000c4c                alarm_pool_cancel_alarm
 .text.alarm_pool_core_num
                0x0000000010000cc0        0x4 CMakeFiles/weather_station.dir/home/gael/hepia/CSH/pico_sdk/pico-sdk/src/common/pico_time/time.c.obj
                0x0000000010000cc0                alarm_pool_core_num
 .text.sleep_until
                0x0000000010000cc4       0xc4 CMakeFiles/weather_station.dir/home/gael/hepia/CSH/pico_sdk/pico-sdk/src/common/pico_time/time.c.obj
                0x0000000010000cc4                sleep_until
 .text.sleep_ms
                0x0000000010000d88       0x34 CMakeFiles/weather_station.dir/home/gael/hepia/CSH/pico_sdk/pico-sdk/src/common/pico_time/time.c.obj
                0x0000000010000d88                sleep_ms
 .text.best_effort_wfe_or_timeout
                0x0000000010000dbc       0x78 CMakeFiles/weather_station.dir/home/gael/hepia/CSH/pico_sdk/pico-sdk/src/common/pico_time/time.c.obj
                0x0000000010000dbc                best_effort_wfe_or_timeout
 .text.hardware_alarm_irq_handler
                0x0000000010000e34       0xbc CMakeFiles/weather_station.dir/home/gael/hepia/CSH/pico_sdk/pico-sdk/src/rp2_common/hardware_timer/timer.c.obj
 .text.hardware_alarm_claim
                0x0000000010000ef0       0x18 CMakeFiles/weather_station.dir/home/gael/hepia/CSH/pico_sdk/pico-sdk/src/rp2_common/hardware_timer/timer.c.obj
                0x0000000010000ef0                hardware_alarm_claim
 .text.time_us_64
                0x0000000010000f08       0x14 CMakeFiles/weather_station.dir/home/gael/hepia/CSH/pico_sdk/pico-sdk/src/rp2_common/hardware_timer/timer.c.obj
                0x0000000010000f08                time_us_64
 .text.busy_wait_until
                0x0000000010000f1c       0x20 CMakeFiles/weather_station.dir/home/gael/hepia/CSH/pico_sdk/pico-sdk/src/rp2_common/hardware_timer/timer.c.obj
                0x0000000010000f1c                busy_wait_until
 .text.hardware_alarm_set_callback
                0x0000000010000f3c       0x8c CMakeFiles/weather_station.dir/home/gael/hepia/CSH/pico_sdk/pico-sdk/src/rp2_common/hardware_timer/timer.c.obj
                0x0000000010000f3c                hardware_alarm_set_callback
 .text.hardware_alarm_set_target
                0x0000000010000fc8       0xe0 CMakeFiles/weather_station.dir/home/gael/hepia/CSH/pico_sdk/pico-sdk/src/rp2_common/hardware_timer/timer.c.obj
                0x0000000010000fc8                hardware_alarm_set_target
 .text.hardware_alarm_cancel
                0x00000000100010a8       0x3c CMakeFiles/weather_station.dir/home/gael/hepia/CSH/pico_sdk/pico-sdk/src/rp2_common/hardware_timer/timer.c.obj
                0x00000000100010a8                hardware_alarm_cancel
 .text.irq_set_enabled
                0x00000000100010e4       0x24 CMakeFiles/weather_station.dir/home/gael/hepia/CSH/pico_sdk/pico-sdk/src/rp2_common/hardware_irq/irq.c.obj
                0x00000000100010e4                irq_set_enabled
 .text.irq_set_pending
                0x0000000010001108       0x10 CMakeFiles/weather_station.dir/home/gael/hepia/CSH/pico_sdk/pico-sdk/src/rp2_common/hardware_irq/irq.c.obj
                0x0000000010001108                irq_set_pending
 .text.irq_has_shared_handler
                0x0000000010001118       0x2c CMakeFiles/weather_station.dir/home/gael/hepia/CSH/pico_sdk/pico-sdk/src/rp2_common/hardware_irq/irq.c.obj
                0x0000000010001118                irq_has_shared_handler
 .text.irq_get_vtable_handler
                0x0000000010001144       0x10 CMakeFiles/weather_station.dir/home/gael/hepia/CSH/pico_sdk/pico-sdk/src/rp2_common/hardware_irq/irq.c.obj
                0x0000000010001144                irq_get_vtable_handler
 .text.irq_set_exclusive_handler
                0x0000000010001154       0x54 CMakeFiles/weather_station.dir/home/gael/hepia/CSH/pico_sdk/pico-sdk/src/rp2_common/hardware_irq/irq.c.obj
                0x0000000010001154                irq_set_exclusive_handler
 .text.irq_add_shared_handler
                0x00000000100011a8      0x1e8 CMakeFiles/weather_station.dir/home/gael/hepia/CSH/pico_sdk/pico-sdk/src/rp2_common/hardware_irq/irq.c.obj
                0x00000000100011a8                irq_add_shared_handler
 .text.irq_remove_handler
                0x0000000010001390      0x1b0 CMakeFiles/weather_station.dir/home/gael/hepia/CSH/pico_sdk/pico-sdk/src/rp2_common/hardware_irq/irq.c.obj
                0x0000000010001390                irq_remove_handler
 .text.irq_add_tail_to_free_list
                0x0000000010001540       0xb4 CMakeFiles/weather_station.dir/home/gael/hepia/CSH/pico_sdk/pico-sdk/src/rp2_common/hardware_irq/irq.c.obj
                0x0000000010001540                irq_add_tail_to_free_list
 .text.irq_init_priorities
                0x00000000100015f4       0x24 CMakeFiles/weather_station.dir/home/gael/hepia/CSH/pico_sdk/pico-sdk/src/rp2_common/hardware_irq/irq.c.obj
                0x00000000100015f4                irq_init_priorities
 .text.user_irq_claim_unused
                0x0000000010001618       0x28 CMakeFiles/weather_station.dir/home/gael/hepia/CSH/pico_sdk/pico-sdk/src/rp2_common/hardware_irq/irq.c.obj
                0x0000000010001618                user_irq_claim_unused
 .text.lock_init
                0x0000000010001640       0x10 CMakeFiles/weather_station.dir/home/gael/hepia/CSH/pico_sdk/pico-sdk/src/common/pico_sync/lock_core.c.obj
                0x0000000010001640                lock_init
 .text.mutex_init
                0x0000000010001650       0x1c CMakeFiles/weather_station.dir/home/gael/hepia/CSH/pico_sdk/pico-sdk/src/common/pico_sync/mutex.c.obj
                0x0000000010001650                mutex_init
 .text.recursive_mutex_init
                0x000000001000166c       0x1c CMakeFiles/weather_station.dir/home/gael/hepia/CSH/pico_sdk/pico-sdk/src/common/pico_sync/mutex.c.obj
                0x000000001000166c                recursive_mutex_init
 .text.critical_section_init
                0x0000000010001688       0x20 CMakeFiles/weather_station.dir/home/gael/hepia/CSH/pico_sdk/pico-sdk/src/common/pico_sync/critical_section.c.obj
                0x0000000010001688                critical_section_init
 .text.critical_section_init_with_lock_num
                0x00000000100016a8       0x14 CMakeFiles/weather_station.dir/home/gael/hepia/CSH/pico_sdk/pico-sdk/src/common/pico_sync/critical_section.c.obj
                0x00000000100016a8                critical_section_init_with_lock_num
 .text.ph_merge_nodes
                0x00000000100016bc       0x68 CMakeFiles/weather_station.dir/home/gael/hepia/CSH/pico_sdk/pico-sdk/src/common/pico_util/pheap.c.obj
 .text.ph_post_alloc_init
                0x0000000010001724       0x3c CMakeFiles/weather_station.dir/home/gael/hepia/CSH/pico_sdk/pico-sdk/src/common/pico_util/pheap.c.obj
                0x0000000010001724                ph_post_alloc_init
 .text.ph_merge_two_pass
                0x0000000010001760       0x90 CMakeFiles/weather_station.dir/home/gael/hepia/CSH/pico_sdk/pico-sdk/src/common/pico_util/pheap.c.obj
                0x0000000010001760                ph_merge_two_pass
 .text.ph_remove_any_head
                0x00000000100017f0      0x100 CMakeFiles/weather_station.dir/home/gael/hepia/CSH/pico_sdk/pico-sdk/src/common/pico_util/pheap.c.obj
 .text.ph_remove_head
                0x00000000100018f0      0x104 CMakeFiles/weather_station.dir/home/gael/hepia/CSH/pico_sdk/pico-sdk/src/common/pico_util/pheap.c.obj
                0x00000000100018f0                ph_remove_head
 .text.ph_remove_and_free_node
                0x00000000100019f4       0x7c CMakeFiles/weather_station.dir/home/gael/hepia/CSH/pico_sdk/pico-sdk/src/common/pico_util/pheap.c.obj
                0x00000000100019f4                ph_remove_and_free_node
 .text.clocks_init
                0x0000000010001a70      0x2bc CMakeFiles/weather_station.dir/home/gael/hepia/CSH/pico_sdk/pico-sdk/src/rp2_common/hardware_clocks/clocks.c.obj
                0x0000000010001a70                clocks_init
 .text.clock_get_hz
                0x0000000010001d2c        0xc CMakeFiles/weather_station.dir/home/gael/hepia/CSH/pico_sdk/pico-sdk/src/rp2_common/hardware_clocks/clocks.c.obj
                0x0000000010001d2c                clock_get_hz
 .text.gpio_default_irq_handler
                0x0000000010001d38      0x248 CMakeFiles/weather_station.dir/home/gael/hepia/CSH/pico_sdk/pico-sdk/src/rp2_common/hardware_gpio/gpio.c.obj
 .text.gpio_set_function
                0x0000000010001f80       0x30 CMakeFiles/weather_station.dir/home/gael/hepia/CSH/pico_sdk/pico-sdk/src/rp2_common/hardware_gpio/gpio.c.obj
                0x0000000010001f80                gpio_set_function
 .text.gpio_set_irq_enabled_with_callback
                0x0000000010001fb0       0xb0 CMakeFiles/weather_station.dir/home/gael/hepia/CSH/pico_sdk/pico-sdk/src/rp2_common/hardware_gpio/gpio.c.obj
                0x0000000010001fb0                gpio_set_irq_enabled_with_callback
 .text.gpio_init
                0x0000000010002060       0x3c CMakeFiles/weather_station.dir/home/gael/hepia/CSH/pico_sdk/pico-sdk/src/rp2_common/hardware_gpio/gpio.c.obj
                0x0000000010002060                gpio_init
 .text.pll_init
                0x000000001000209c       0xb0 CMakeFiles/weather_station.dir/home/gael/hepia/CSH/pico_sdk/pico-sdk/src/rp2_common/hardware_pll/pll.c.obj
                0x000000001000209c                pll_init
 .text.watchdog_start_tick
                0x000000001000214c       0x10 CMakeFiles/weather_station.dir/home/gael/hepia/CSH/pico_sdk/pico-sdk/src/rp2_common/hardware_watchdog/watchdog.c.obj
                0x000000001000214c                watchdog_start_tick
 .text.watchdog_reboot
                0x000000001000215c       0x98 CMakeFiles/weather_station.dir/home/gael/hepia/CSH/pico_sdk/pico-sdk/src/rp2_common/hardware_watchdog/watchdog.c.obj
                0x000000001000215c                watchdog_reboot
 .text.xosc_init
                0x00000000100021f4       0x28 CMakeFiles/weather_station.dir/home/gael/hepia/CSH/pico_sdk/pico-sdk/src/rp2_common/hardware_xosc/xosc.c.obj
                0x00000000100021f4                xosc_init
 .text.runtime_init
                0x000000001000221c       0xf0 CMakeFiles/weather_station.dir/home/gael/hepia/CSH/pico_sdk/pico-sdk/src/rp2_common/pico_runtime/runtime.c.obj
                0x000000001000221c                runtime_init
 .text._exit    0x000000001000230c        0x4 CMakeFiles/weather_station.dir/home/gael/hepia/CSH/pico_sdk/pico-sdk/src/rp2_common/pico_runtime/runtime.c.obj
                0x000000001000230c                _exit
 .text.exit     0x0000000010002310        0x8 CMakeFiles/weather_station.dir/home/gael/hepia/CSH/pico_sdk/pico-sdk/src/rp2_common/pico_runtime/runtime.c.obj
                0x0000000010002310                exit
 .text.panic    0x0000000010002318       0x30 CMakeFiles/weather_station.dir/home/gael/hepia/CSH/pico_sdk/pico-sdk/src/rp2_common/pico_runtime/runtime.c.obj
                0x0000000010002318                panic
 .text.hard_assertion_failure
                0x0000000010002348        0xc CMakeFiles/weather_station.dir/home/gael/hepia/CSH/pico_sdk/pico-sdk/src/rp2_common/pico_runtime/runtime.c.obj
                0x0000000010002348                hard_assertion_failure
 .text._out_buffer
                0x0000000010002354        0x8 CMakeFiles/weather_station.dir/home/gael/hepia/CSH/pico_sdk/pico-sdk/src/rp2_common/pico_printf/printf.c.obj
 .text._out_null
                0x000000001000235c        0x4 CMakeFiles/weather_station.dir/home/gael/hepia/CSH/pico_sdk/pico-sdk/src/rp2_common/pico_printf/printf.c.obj
 .text._out_rev
                0x0000000010002360       0x9c CMakeFiles/weather_station.dir/home/gael/hepia/CSH/pico_sdk/pico-sdk/src/rp2_common/pico_printf/printf.c.obj
 .text._ntoa_format
                0x00000000100023fc      0x1cc CMakeFiles/weather_station.dir/home/gael/hepia/CSH/pico_sdk/pico-sdk/src/rp2_common/pico_printf/printf.c.obj
 .text._out_char
                0x00000000100025c8       0x10 CMakeFiles/weather_station.dir/home/gael/hepia/CSH/pico_sdk/pico-sdk/src/rp2_common/pico_printf/printf.c.obj
 .text._out_fct
                0x00000000100025d8       0x10 CMakeFiles/weather_station.dir/home/gael/hepia/CSH/pico_sdk/pico-sdk/src/rp2_common/pico_printf/printf.c.obj
 .text._etoa    0x00000000100025e8      0x44c CMakeFiles/weather_station.dir/home/gael/hepia/CSH/pico_sdk/pico-sdk/src/rp2_common/pico_printf/printf.c.obj
 .text._ftoa    0x0000000010002a34      0x398 CMakeFiles/weather_station.dir/home/gael/hepia/CSH/pico_sdk/pico-sdk/src/rp2_common/pico_printf/printf.c.obj
 .text._vsnprintf
                0x0000000010002dcc      0xb04 CMakeFiles/weather_station.dir/home/gael/hepia/CSH/pico_sdk/pico-sdk/src/rp2_common/pico_printf/printf.c.obj
 .text.__wrap_sprintf
                0x00000000100038d0       0x28 CMakeFiles/weather_station.dir/home/gael/hepia/CSH/pico_sdk/pico-sdk/src/rp2_common/pico_printf/printf.c.obj
                0x00000000100038d0                __wrap_sprintf
 .text.vfctprintf
                0x00000000100038f8       0x20 CMakeFiles/weather_station.dir/home/gael/hepia/CSH/pico_sdk/pico-sdk/src/rp2_common/pico_printf/printf.c.obj
                0x00000000100038f8                vfctprintf
 .text.weak_raw_vprintf
                0x0000000010003918       0x30 CMakeFiles/weather_station.dir/home/gael/hepia/CSH/pico_sdk/pico-sdk/src/rp2_common/pico_printf/printf.c.obj
                0x0000000010003918                weak_raw_vprintf
 .text          0x0000000010003948       0x10 CMakeFiles/weather_station.dir/home/gael/hepia/CSH/pico_sdk/pico-sdk/src/rp2_common/pico_bit_ops/bit_ops_aeabi.S.obj
 .text.rom_func_lookup
                0x0000000010003958       0x10 CMakeFiles/weather_station.dir/home/gael/hepia/CSH/pico_sdk/pico-sdk/src/rp2_common/pico_bootrom/bootrom.c.obj
                0x0000000010003958                rom_func_lookup
 .text.rom_data_lookup
                0x0000000010003968       0x10 CMakeFiles/weather_station.dir/home/gael/hepia/CSH/pico_sdk/pico-sdk/src/rp2_common/pico_bootrom/bootrom.c.obj
                0x0000000010003968                rom_data_lookup
 .text.rom_funcs_lookup
                0x0000000010003978       0x44 CMakeFiles/weather_station.dir/home/gael/hepia/CSH/pico_sdk/pico-sdk/src/rp2_common/pico_bootrom/bootrom.c.obj
                0x0000000010003978                rom_funcs_lookup
 .text.__wrap___aeabi_idiv
                0x00000000100039bc       0x50 CMakeFiles/weather_station.dir/home/gael/hepia/CSH/pico_sdk/pico-sdk/src/rp2_common/pico_divider/divider.S.obj
                0x00000000100039bc                __wrap___aeabi_idivmod
                0x00000000100039bc                divmod_s32s32
                0x00000000100039bc                div_s32s32
                0x00000000100039bc                __wrap___aeabi_idiv
                0x00000000100039c4                divmod_s32s32_unsafe
                0x00000000100039f0                divmod_s32s32_savestate
 .text.__wrap___aeabi_uidiv
                0x0000000010003a0c       0x4c CMakeFiles/weather_station.dir/home/gael/hepia/CSH/pico_sdk/pico-sdk/src/rp2_common/pico_divider/divider.S.obj
                0x0000000010003a0c                __wrap___aeabi_uidiv
                0x0000000010003a0c                __wrap___aeabi_uidivmod
                0x0000000010003a0c                div_u32u32
                0x0000000010003a0c                divmod_u32u32
                0x0000000010003a14                divmod_u32u32_unsafe
                0x0000000010003a3c                divmod_u32u32_savestate
 .text.__wrap___aeabi_ldiv
                0x0000000010003a58      0x424 CMakeFiles/weather_station.dir/home/gael/hepia/CSH/pico_sdk/pico-sdk/src/rp2_common/pico_divider/divider.S.obj
                0x0000000010003a58                div_s64s64
                0x0000000010003a58                divmod_s64s64
                0x0000000010003a58                __wrap___aeabi_ldivmod
                0x0000000010003a88                div_u64u64
                0x0000000010003a88                divmod_u64u64
                0x0000000010003a88                __wrap___aeabi_uldivmod
                0x0000000010003a98                divmod_u64u64_savestate
                0x0000000010003ab8                divmod_s64s64_unsafe
                0x0000000010003b40                divmod_u64u64_unsafe
 .text.__wrap___aeabi_darithmetic
                0x0000000010003e7c       0x80 CMakeFiles/weather_station.dir/home/gael/hepia/CSH/pico_sdk/pico-sdk/src/rp2_common/pico_double/double_aeabi.S.obj
                0x0000000010003e7c                __wrap___aeabi_drsub
                0x0000000010003e82                __wrap___aeabi_dsub
                0x0000000010003e94                __wrap___aeabi_dadd
                0x0000000010003ea6                __wrap___aeabi_ddiv
                0x0000000010003ee2                __wrap___aeabi_dmul
 .text.__wrap___aeabi_cdcmple
                0x0000000010003efc       0x6c CMakeFiles/weather_station.dir/home/gael/hepia/CSH/pico_sdk/pico-sdk/src/rp2_common/pico_double/double_aeabi.S.obj
                0x0000000010003efc                __wrap___aeabi_cdrcmple
                0x0000000010003f0c                __wrap___aeabi_cdcmple
                0x0000000010003f0c                __wrap___aeabi_cdcmpeq
 .text.__wrap___aeabi_dcmpeq
                0x0000000010003f68       0x10 CMakeFiles/weather_station.dir/home/gael/hepia/CSH/pico_sdk/pico-sdk/src/rp2_common/pico_double/double_aeabi.S.obj
                0x0000000010003f68                __wrap___aeabi_dcmpeq
 .text.__wrap___aeabi_dcmplt
                0x0000000010003f78        0xc CMakeFiles/weather_station.dir/home/gael/hepia/CSH/pico_sdk/pico-sdk/src/rp2_common/pico_double/double_aeabi.S.obj
                0x0000000010003f78                __wrap___aeabi_dcmplt
 .text.__wrap___aeabi_dcmple
                0x0000000010003f84       0x10 CMakeFiles/weather_station.dir/home/gael/hepia/CSH/pico_sdk/pico-sdk/src/rp2_common/pico_double/double_aeabi.S.obj
                0x0000000010003f84                __wrap___aeabi_dcmple
 .text.__wrap___aeabi_dcmpge
                0x0000000010003f94       0x10 CMakeFiles/weather_station.dir/home/gael/hepia/CSH/pico_sdk/pico-sdk/src/rp2_common/pico_double/double_aeabi.S.obj
                0x0000000010003f94                __wrap___aeabi_dcmpge
 .text.__wrap___aeabi_dcmpgt
                0x0000000010003fa4        0xa CMakeFiles/weather_station.dir/home/gael/hepia/CSH/pico_sdk/pico-sdk/src/rp2_common/pico_double/double_aeabi.S.obj
                0x0000000010003fa4                __wrap___aeabi_dcmpgt
 .text.__wrap___aeabi_dcmpun
                0x0000000010003fae       0x1c CMakeFiles/weather_station.dir/home/gael/hepia/CSH/pico_sdk/pico-sdk/src/rp2_common/pico_double/double_aeabi.S.obj
                0x0000000010003fae                __wrap___aeabi_dcmpun
 *fill*         0x0000000010003fca        0x2 
 .text.__wrap___aeabi_i2d
                0x0000000010003fcc       0x38 CMakeFiles/weather_station.dir/home/gael/hepia/CSH/pico_sdk/pico-sdk/src/rp2_common/pico_double/double_aeabi.S.obj
                0x0000000010003fcc                __wrap___aeabi_ui2d
                0x0000000010003fd4                __wrap___aeabi_i2d
 .text.__wrap___aeabi_d2iz
                0x0000000010004004       0x48 CMakeFiles/weather_station.dir/home/gael/hepia/CSH/pico_sdk/pico-sdk/src/rp2_common/pico_double/double_aeabi.S.obj
                0x0000000010004004                __wrap___aeabi_d2iz
                0x0000000010004004                double2int_z
 .text.__wrap___aeabi_d2uiz
                0x000000001000404c       0x18 CMakeFiles/weather_station.dir/home/gael/hepia/CSH/pico_sdk/pico-sdk/src/rp2_common/pico_double/double_aeabi.S.obj
                0x000000001000404c                double2uint
                0x000000001000404c                __wrap___aeabi_d2uiz
 .text.__wrap___aeabi_d2f
                0x0000000010004064       0x18 CMakeFiles/weather_station.dir/home/gael/hepia/CSH/pico_sdk/pico-sdk/src/rp2_common/pico_double/double_aeabi.S.obj
                0x0000000010004064                __wrap___aeabi_d2f
 .text.__aeabi_double_init
                0x000000001000407c       0x94 CMakeFiles/weather_station.dir/home/gael/hepia/CSH/pico_sdk/pico-sdk/src/rp2_common/pico_double/double_init_rom.c.obj
                0x000000001000407c                __aeabi_double_init
 .text.double_table_shim_on_use_helper
                0x0000000010004110       0x2c CMakeFiles/weather_station.dir/home/gael/hepia/CSH/pico_sdk/pico-sdk/src/rp2_common/pico_double/double_v1_rom_shim.S.obj
                0x0000000010004110                double_table_shim_on_use_helper
 .text.__wrap___aeabi_dsub
                0x000000001000413c       0x10 CMakeFiles/weather_station.dir/home/gael/hepia/CSH/pico_sdk/pico-sdk/src/rp2_common/pico_double/double_v1_rom_shim.S.obj
                0x000000001000413c                drsub_shim
                0x0000000010004142                dsub_shim
 .text.dadd_shim
                0x000000001000414c      0x15c CMakeFiles/weather_station.dir/home/gael/hepia/CSH/pico_sdk/pico-sdk/src/rp2_common/pico_double/double_v1_rom_shim.S.obj
                0x000000001000414c                dadd_shim
 .text.dmul_shim
                0x00000000100042a8      0x15c CMakeFiles/weather_station.dir/home/gael/hepia/CSH/pico_sdk/pico-sdk/src/rp2_common/pico_double/double_v1_rom_shim.S.obj
                0x00000000100042a8                dmul_shim
 .text.ddiv_shim
                0x0000000010004404      0x1b0 CMakeFiles/weather_station.dir/home/gael/hepia/CSH/pico_sdk/pico-sdk/src/rp2_common/pico_double/double_v1_rom_shim.S.obj
                0x0000000010004404                ddiv_shim
 .text.double2uint_shim
                0x00000000100045b4        0xe CMakeFiles/weather_station.dir/home/gael/hepia/CSH/pico_sdk/pico-sdk/src/rp2_common/pico_double/double_v1_rom_shim.S.obj
                0x00000000100045b4                double2uint_shim
                0x00000000100045b6                double2ufix_shim
 *fill*         0x00000000100045c2        0x2 
 .text.double2uint64_shim
                0x00000000100045c4       0x70 CMakeFiles/weather_station.dir/home/gael/hepia/CSH/pico_sdk/pico-sdk/src/rp2_common/pico_double/double_v1_rom_shim.S.obj
                0x00000000100045c4                double2uint64_shim
                0x00000000100045c6                double2ufix64_shim
                0x00000000100045e6                d2fix_a
 .text.double2float_shim
                0x0000000010004634       0x5c CMakeFiles/weather_station.dir/home/gael/hepia/CSH/pico_sdk/pico-sdk/src/rp2_common/pico_double/double_v1_rom_shim.S.obj
                0x0000000010004634                double2float_shim
 .text.dunpacks
                0x0000000010004690       0x3c CMakeFiles/weather_station.dir/home/gael/hepia/CSH/pico_sdk/pico-sdk/src/rp2_common/pico_double/double_v1_rom_shim.S.obj
                0x0000000010004690                dunpacks
 .text.__aeabi_lmul
                0x00000000100046cc       0x32 CMakeFiles/weather_station.dir/home/gael/hepia/CSH/pico_sdk/pico-sdk/src/rp2_common/pico_int64_ops/pico_int64_ops_aeabi.S.obj
                0x00000000100046cc                __wrap___aeabi_lmul
 *fill*         0x00000000100046fe        0x2 
 .text.__wrap___aeabi_farithmetic
                0x0000000010004700       0x48 CMakeFiles/weather_station.dir/home/gael/hepia/CSH/pico_sdk/pico-sdk/src/rp2_common/pico_float/float_aeabi.S.obj
                0x0000000010004700                __wrap___aeabi_frsub
                0x0000000010004706                __wrap___aeabi_fsub
                0x000000001000470c                __wrap___aeabi_fadd
                0x0000000010004712                __wrap___aeabi_fdiv
                0x000000001000473a                __wrap___aeabi_fmul
 .text.__wrap___aeabi_f2iz
                0x0000000010004748       0x4e CMakeFiles/weather_station.dir/home/gael/hepia/CSH/pico_sdk/pico-sdk/src/rp2_common/pico_float/float_aeabi.S.obj
                0x0000000010004748                __wrap___aeabi_f2iz
                0x0000000010004748                float2int_z
 *fill*         0x0000000010004796        0x2 
 .text.float2int
                0x0000000010004798       0x14 CMakeFiles/weather_station.dir/home/gael/hepia/CSH/pico_sdk/pico-sdk/src/rp2_common/pico_float/float_aeabi.S.obj
                0x0000000010004798                float2int
 .text.__wrap___aeabi_f2uiz
                0x00000000100047ac        0xc CMakeFiles/weather_station.dir/home/gael/hepia/CSH/pico_sdk/pico-sdk/src/rp2_common/pico_float/float_aeabi.S.obj
                0x00000000100047ac                __wrap___aeabi_f2uiz
 .text.__aeabi_float_init
                0x00000000100047b8       0x64 CMakeFiles/weather_station.dir/home/gael/hepia/CSH/pico_sdk/pico-sdk/src/rp2_common/pico_float/float_init_rom.c.obj
                0x00000000100047b8                __aeabi_float_init
 .text.float_table_shim_on_use_helper
                0x000000001000481c       0x2c CMakeFiles/weather_station.dir/home/gael/hepia/CSH/pico_sdk/pico-sdk/src/rp2_common/pico_float/float_v1_rom_shim.S.obj
                0x000000001000481c                float_table_shim_on_use_helper
 .text.float232_shims
                0x0000000010004848       0x18 CMakeFiles/weather_station.dir/home/gael/hepia/CSH/pico_sdk/pico-sdk/src/rp2_common/pico_float/float_v1_rom_shim.S.obj
                0x0000000010004848                float2int_shim
                0x000000001000484a                float2fix_shim
 .text          0x0000000010004860       0x10 CMakeFiles/weather_station.dir/home/gael/hepia/CSH/pico_sdk/pico-sdk/src/rp2_common/pico_mem_ops/mem_ops_aeabi.S.obj
                0x0000000010004860                __aeabi_mem_init
 .text.memset   0x0000000010004870        0xc CMakeFiles/weather_station.dir/home/gael/hepia/CSH/pico_sdk/pico-sdk/src/rp2_common/pico_mem_ops/mem_ops_aeabi.S.obj
                0x0000000010004870                __wrap_memset
 .text.memcpy   0x000000001000487c        0xc CMakeFiles/weather_station.dir/home/gael/hepia/CSH/pico_sdk/pico-sdk/src/rp2_common/pico_mem_ops/mem_ops_aeabi.S.obj
                0x000000001000487c                __wrap___aeabi_memcpy
                0x000000001000487c                __wrap_memcpy
 .text.stdio_out_chars_no_crlf
                0x0000000010004888       0x10 CMakeFiles/weather_station.dir/home/gael/hepia/CSH/pico_sdk/pico-sdk/src/rp2_common/pico_stdio/stdio.c.obj
 .text.stdio_out_chars_crlf
                0x0000000010004898       0xb4 CMakeFiles/weather_station.dir/home/gael/hepia/CSH/pico_sdk/pico-sdk/src/rp2_common/pico_stdio/stdio.c.obj
 .text.stdio_buffered_printer
                0x000000001000494c       0x64 CMakeFiles/weather_station.dir/home/gael/hepia/CSH/pico_sdk/pico-sdk/src/rp2_common/pico_stdio/stdio.c.obj
 .text.stdio_put_string.isra.0
                0x00000000100049b0       0xfc CMakeFiles/weather_station.dir/home/gael/hepia/CSH/pico_sdk/pico-sdk/src/rp2_common/pico_stdio/stdio.c.obj
 .text.__wrap_putchar
                0x0000000010004aac       0x98 CMakeFiles/weather_station.dir/home/gael/hepia/CSH/pico_sdk/pico-sdk/src/rp2_common/pico_stdio/stdio.c.obj
                0x0000000010004aac                __wrap_putchar
 .text.__wrap_puts
                0x0000000010004b44       0x3c CMakeFiles/weather_station.dir/home/gael/hepia/CSH/pico_sdk/pico-sdk/src/rp2_common/pico_stdio/stdio.c.obj
                0x0000000010004b44                __wrap_puts
 .text.stdio_set_driver_enabled
                0x0000000010004b80       0x30 CMakeFiles/weather_station.dir/home/gael/hepia/CSH/pico_sdk/pico-sdk/src/rp2_common/pico_stdio/stdio.c.obj
                0x0000000010004b80                stdio_set_driver_enabled
 .text.__wrap_vprintf
                0x0000000010004bb0       0xd8 CMakeFiles/weather_station.dir/home/gael/hepia/CSH/pico_sdk/pico-sdk/src/rp2_common/pico_stdio/stdio.c.obj
                0x0000000010004bb0                __wrap_vprintf
 .text.__wrap_printf
                0x0000000010004c88       0x18 CMakeFiles/weather_station.dir/home/gael/hepia/CSH/pico_sdk/pico-sdk/src/rp2_common/pico_stdio/stdio.c.obj
                0x0000000010004c88                __wrap_printf
 .text.stdio_init_all
                0x0000000010004ca0        0x8 CMakeFiles/weather_station.dir/home/gael/hepia/CSH/pico_sdk/pico-sdk/src/rp2_common/pico_stdio/stdio.c.obj
                0x0000000010004ca0                stdio_init_all
 .text.resetd_init
                0x0000000010004ca8        0x4 CMakeFiles/weather_station.dir/home/gael/hepia/CSH/pico_sdk/pico-sdk/src/rp2_common/pico_stdio_usb/reset_interface.c.obj
 .text.resetd_reset
                0x0000000010004cac        0xc CMakeFiles/weather_station.dir/home/gael/hepia/CSH/pico_sdk/pico-sdk/src/rp2_common/pico_stdio_usb/reset_interface.c.obj
 .text.resetd_open
                0x0000000010004cb8       0x28 CMakeFiles/weather_station.dir/home/gael/hepia/CSH/pico_sdk/pico-sdk/src/rp2_common/pico_stdio_usb/reset_interface.c.obj
 .text.resetd_xfer_cb
                0x0000000010004ce0        0x4 CMakeFiles/weather_station.dir/home/gael/hepia/CSH/pico_sdk/pico-sdk/src/rp2_common/pico_stdio_usb/reset_interface.c.obj
 .text.resetd_control_xfer_cb
                0x0000000010004ce4       0x64 CMakeFiles/weather_station.dir/home/gael/hepia/CSH/pico_sdk/pico-sdk/src/rp2_common/pico_stdio_usb/reset_interface.c.obj
 .text.usbd_app_driver_get_cb
                0x0000000010004d48        0xc CMakeFiles/weather_station.dir/home/gael/hepia/CSH/pico_sdk/pico-sdk/src/rp2_common/pico_stdio_usb/reset_interface.c.obj
                0x0000000010004d48                usbd_app_driver_get_cb
 .text.tud_cdc_line_coding_cb
                0x0000000010004d54       0x34 CMakeFiles/weather_station.dir/home/gael/hepia/CSH/pico_sdk/pico-sdk/src/rp2_common/pico_stdio_usb/reset_interface.c.obj
                0x0000000010004d54                tud_cdc_line_coding_cb
 .text.stdio_usb_set_chars_available_callback
                0x0000000010004d88       0x14 CMakeFiles/weather_station.dir/home/gael/hepia/CSH/pico_sdk/pico-sdk/src/rp2_common/pico_stdio_usb/stdio_usb.c.obj
                0x0000000010004d88                stdio_usb_set_chars_available_callback
 .text.usb_irq  0x0000000010004d9c       0x10 CMakeFiles/weather_station.dir/home/gael/hepia/CSH/pico_sdk/pico-sdk/src/rp2_common/pico_stdio_usb/stdio_usb.c.obj
 .text.timer_task
                0x0000000010004dac       0x54 CMakeFiles/weather_station.dir/home/gael/hepia/CSH/pico_sdk/pico-sdk/src/rp2_common/pico_stdio_usb/stdio_usb.c.obj
 .text.stdio_usb_in_chars
                0x0000000010004e00       0x90 CMakeFiles/weather_station.dir/home/gael/hepia/CSH/pico_sdk/pico-sdk/src/rp2_common/pico_stdio_usb/stdio_usb.c.obj
                0x0000000010004e00                stdio_usb_in_chars
 .text.stdio_usb_out_chars
                0x0000000010004e90      0x100 CMakeFiles/weather_station.dir/home/gael/hepia/CSH/pico_sdk/pico-sdk/src/rp2_common/pico_stdio_usb/stdio_usb.c.obj
 .text.low_priority_worker_irq
                0x0000000010004f90       0xa8 CMakeFiles/weather_station.dir/home/gael/hepia/CSH/pico_sdk/pico-sdk/src/rp2_common/pico_stdio_usb/stdio_usb.c.obj
 .text.tud_cdc_rx_cb
                0x0000000010005038       0x20 CMakeFiles/weather_station.dir/home/gael/hepia/CSH/pico_sdk/pico-sdk/src/rp2_common/pico_stdio_usb/stdio_usb.c.obj
                0x0000000010005038                tud_cdc_rx_cb
 .text.stdio_usb_init
                0x0000000010005058       0xdc CMakeFiles/weather_station.dir/home/gael/hepia/CSH/pico_sdk/pico-sdk/src/rp2_common/pico_stdio_usb/stdio_usb.c.obj
                0x0000000010005058                stdio_usb_init
 .text.tud_descriptor_device_cb
                0x0000000010005134        0x8 CMakeFiles/weather_station.dir/home/gael/hepia/CSH/pico_sdk/pico-sdk/src/rp2_common/pico_stdio_usb/stdio_usb_descriptors.c.obj
                0x0000000010005134                tud_descriptor_device_cb
 .text.tud_descriptor_configuration_cb
                0x000000001000513c        0x8 CMakeFiles/weather_station.dir/home/gael/hepia/CSH/pico_sdk/pico-sdk/src/rp2_common/pico_stdio_usb/stdio_usb_descriptors.c.obj
                0x000000001000513c                tud_descriptor_configuration_cb
 .text.tud_descriptor_string_cb
                0x0000000010005144       0x74 CMakeFiles/weather_station.dir/home/gael/hepia/CSH/pico_sdk/pico-sdk/src/rp2_common/pico_stdio_usb/stdio_usb_descriptors.c.obj
                0x0000000010005144                tud_descriptor_string_cb
 .text.startup._retrieve_unique_id_on_boot
                0x00000000100051b8       0x10 CMakeFiles/weather_station.dir/home/gael/hepia/CSH/pico_sdk/pico-sdk/src/rp2_common/pico_unique_id/unique_id.c.obj
 .text.pico_get_unique_board_id_string
                0x00000000100051c8      0x1a8 CMakeFiles/weather_station.dir/home/gael/hepia/CSH/pico_sdk/pico-sdk/src/rp2_common/pico_unique_id/unique_id.c.obj
                0x00000000100051c8                pico_get_unique_board_id_string
 .text.flash_get_unique_id
                0x0000000010005370       0x40 CMakeFiles/weather_station.dir/home/gael/hepia/CSH/pico_sdk/pico-sdk/src/rp2_common/hardware_flash/flash.c.obj
                0x0000000010005370                flash_get_unique_id
 .text.dcd_int_enable
                0x00000000100053b0        0xc CMakeFiles/weather_station.dir/home/gael/hepia/CSH/pico_sdk/pico-sdk/lib/tinyusb/src/portable/raspberrypi/rp2040/dcd_rp2040.c.obj
                0x00000000100053b0                dcd_int_enable
 .text.dcd_set_address
                0x00000000100053bc       0x14 CMakeFiles/weather_station.dir/home/gael/hepia/CSH/pico_sdk/pico-sdk/lib/tinyusb/src/portable/raspberrypi/rp2040/dcd_rp2040.c.obj
                0x00000000100053bc                dcd_set_address
 .text.dcd_connect
                0x00000000100053d0       0x10 CMakeFiles/weather_station.dir/home/gael/hepia/CSH/pico_sdk/pico-sdk/lib/tinyusb/src/portable/raspberrypi/rp2040/dcd_rp2040.c.obj
                0x00000000100053d0                dcd_connect
 .text.dcd_init
                0x00000000100053e0       0x98 CMakeFiles/weather_station.dir/home/gael/hepia/CSH/pico_sdk/pico-sdk/lib/tinyusb/src/portable/raspberrypi/rp2040/dcd_rp2040.c.obj
                0x00000000100053e0                dcd_init
 .text.dcd_edpt0_status_complete
                0x0000000010005478       0x1c CMakeFiles/weather_station.dir/home/gael/hepia/CSH/pico_sdk/pico-sdk/lib/tinyusb/src/portable/raspberrypi/rp2040/dcd_rp2040.c.obj
                0x0000000010005478                dcd_edpt0_status_complete
 .text.dcd_edpt_open
                0x0000000010005494      0x108 CMakeFiles/weather_station.dir/home/gael/hepia/CSH/pico_sdk/pico-sdk/lib/tinyusb/src/portable/raspberrypi/rp2040/dcd_rp2040.c.obj
                0x0000000010005494                dcd_edpt_open
 .text.dcd_edpt_close_all
                0x000000001000559c        0x8 CMakeFiles/weather_station.dir/home/gael/hepia/CSH/pico_sdk/pico-sdk/lib/tinyusb/src/portable/raspberrypi/rp2040/dcd_rp2040.c.obj
                0x000000001000559c                dcd_edpt_close_all
 .text.dcd_edpt_xfer
                0x00000000100055a4       0x24 CMakeFiles/weather_station.dir/home/gael/hepia/CSH/pico_sdk/pico-sdk/lib/tinyusb/src/portable/raspberrypi/rp2040/dcd_rp2040.c.obj
                0x00000000100055a4                dcd_edpt_xfer
 .text.dcd_edpt_stall
                0x00000000100055c8       0x38 CMakeFiles/weather_station.dir/home/gael/hepia/CSH/pico_sdk/pico-sdk/lib/tinyusb/src/portable/raspberrypi/rp2040/dcd_rp2040.c.obj
                0x00000000100055c8                dcd_edpt_stall
 .text.dcd_edpt_clear_stall
                0x0000000010005600       0x30 CMakeFiles/weather_station.dir/home/gael/hepia/CSH/pico_sdk/pico-sdk/lib/tinyusb/src/portable/raspberrypi/rp2040/dcd_rp2040.c.obj
                0x0000000010005600                dcd_edpt_clear_stall
 .text.rp2040_usb_init
                0x0000000010005630       0x4c CMakeFiles/weather_station.dir/home/gael/hepia/CSH/pico_sdk/pico-sdk/lib/tinyusb/src/portable/raspberrypi/rp2040/rp2040_usb.c.obj
                0x0000000010005630                rp2040_usb_init
 .text.hw_endpoint_xfer_start
                0x000000001000567c       0x50 CMakeFiles/weather_station.dir/home/gael/hepia/CSH/pico_sdk/pico-sdk/lib/tinyusb/src/portable/raspberrypi/rp2040/rp2040_usb.c.obj
                0x000000001000567c                hw_endpoint_xfer_start
 .text.tud_mounted
                0x00000000100056cc       0x10 CMakeFiles/weather_station.dir/home/gael/hepia/CSH/pico_sdk/pico-sdk/lib/tinyusb/src/device/usbd.c.obj
                0x00000000100056cc                tud_mounted
 .text.tud_suspended
                0x00000000100056dc       0x10 CMakeFiles/weather_station.dir/home/gael/hepia/CSH/pico_sdk/pico-sdk/lib/tinyusb/src/device/usbd.c.obj
                0x00000000100056dc                tud_suspended
 .text.tud_inited
                0x00000000100056ec       0x14 CMakeFiles/weather_station.dir/home/gael/hepia/CSH/pico_sdk/pico-sdk/lib/tinyusb/src/device/usbd.c.obj
                0x00000000100056ec                tud_inited
 .text.tud_init
                0x0000000010005700       0xe4 CMakeFiles/weather_station.dir/home/gael/hepia/CSH/pico_sdk/pico-sdk/lib/tinyusb/src/device/usbd.c.obj
                0x0000000010005700                tud_init
 .text.tud_task_ext
                0x00000000100057e4      0x854 CMakeFiles/weather_station.dir/home/gael/hepia/CSH/pico_sdk/pico-sdk/lib/tinyusb/src/device/usbd.c.obj
                0x00000000100057e4                tud_task_ext
 .text.usbd_open_edpt_pair
                0x0000000010006038       0x9c CMakeFiles/weather_station.dir/home/gael/hepia/CSH/pico_sdk/pico-sdk/lib/tinyusb/src/device/usbd.c.obj
                0x0000000010006038                usbd_open_edpt_pair
 .text.usbd_defer_func
                0x00000000100060d4       0x48 CMakeFiles/weather_station.dir/home/gael/hepia/CSH/pico_sdk/pico-sdk/lib/tinyusb/src/device/usbd.c.obj
                0x00000000100060d4                usbd_defer_func
 .text.usbd_edpt_open
                0x000000001000611c       0x34 CMakeFiles/weather_station.dir/home/gael/hepia/CSH/pico_sdk/pico-sdk/lib/tinyusb/src/device/usbd.c.obj
                0x000000001000611c                usbd_edpt_open
 .text.usbd_edpt_claim
                0x0000000010006150       0x28 CMakeFiles/weather_station.dir/home/gael/hepia/CSH/pico_sdk/pico-sdk/lib/tinyusb/src/device/usbd.c.obj
                0x0000000010006150                usbd_edpt_claim
 .text.usbd_edpt_release
                0x0000000010006178       0x28 CMakeFiles/weather_station.dir/home/gael/hepia/CSH/pico_sdk/pico-sdk/lib/tinyusb/src/device/usbd.c.obj
                0x0000000010006178                usbd_edpt_release
 .text.usbd_edpt_xfer
                0x00000000100061a0       0x4c CMakeFiles/weather_station.dir/home/gael/hepia/CSH/pico_sdk/pico-sdk/lib/tinyusb/src/device/usbd.c.obj
                0x00000000100061a0                usbd_edpt_xfer
 .text.tud_control_status
                0x00000000100061ec       0x30 CMakeFiles/weather_station.dir/home/gael/hepia/CSH/pico_sdk/pico-sdk/lib/tinyusb/src/device/usbd_control.c.obj
                0x00000000100061ec                tud_control_status
 .text.tud_control_xfer
                0x000000001000621c       0xbc CMakeFiles/weather_station.dir/home/gael/hepia/CSH/pico_sdk/pico-sdk/lib/tinyusb/src/device/usbd_control.c.obj
                0x000000001000621c                tud_control_xfer
 .text.usbd_control_reset
                0x00000000100062d8       0x14 CMakeFiles/weather_station.dir/home/gael/hepia/CSH/pico_sdk/pico-sdk/lib/tinyusb/src/device/usbd_control.c.obj
                0x00000000100062d8                usbd_control_reset
 .text.usbd_control_set_complete_callback
                0x00000000100062ec        0xc CMakeFiles/weather_station.dir/home/gael/hepia/CSH/pico_sdk/pico-sdk/lib/tinyusb/src/device/usbd_control.c.obj
                0x00000000100062ec                usbd_control_set_complete_callback
 .text.usbd_control_set_request
                0x00000000100062f8       0x1c CMakeFiles/weather_station.dir/home/gael/hepia/CSH/pico_sdk/pico-sdk/lib/tinyusb/src/device/usbd_control.c.obj
                0x00000000100062f8                usbd_control_set_request
 .text.usbd_control_xfer_cb
                0x0000000010006314       0xfc CMakeFiles/weather_station.dir/home/gael/hepia/CSH/pico_sdk/pico-sdk/lib/tinyusb/src/device/usbd_control.c.obj
                0x0000000010006314                usbd_control_xfer_cb
 .text.tud_cdc_n_connected
                0x0000000010006410       0x30 CMakeFiles/weather_station.dir/home/gael/hepia/CSH/pico_sdk/pico-sdk/lib/tinyusb/src/class/cdc/cdc_device.c.obj
                0x0000000010006410                tud_cdc_n_connected
 .text.tud_cdc_n_available
                0x0000000010006440       0x18 CMakeFiles/weather_station.dir/home/gael/hepia/CSH/pico_sdk/pico-sdk/lib/tinyusb/src/class/cdc/cdc_device.c.obj
                0x0000000010006440                tud_cdc_n_available
 .text.tud_cdc_n_read
                0x0000000010006458       0x70 CMakeFiles/weather_station.dir/home/gael/hepia/CSH/pico_sdk/pico-sdk/lib/tinyusb/src/class/cdc/cdc_device.c.obj
                0x0000000010006458                tud_cdc_n_read
 .text.tud_cdc_n_write_flush
                0x00000000100064c8       0x78 CMakeFiles/weather_station.dir/home/gael/hepia/CSH/pico_sdk/pico-sdk/lib/tinyusb/src/class/cdc/cdc_device.c.obj
                0x00000000100064c8                tud_cdc_n_write_flush
 .text.tud_cdc_n_write
                0x0000000010006540       0x34 CMakeFiles/weather_station.dir/home/gael/hepia/CSH/pico_sdk/pico-sdk/lib/tinyusb/src/class/cdc/cdc_device.c.obj
                0x0000000010006540                tud_cdc_n_write
 .text.tud_cdc_n_write_available
                0x0000000010006574       0x18 CMakeFiles/weather_station.dir/home/gael/hepia/CSH/pico_sdk/pico-sdk/lib/tinyusb/src/class/cdc/cdc_device.c.obj
                0x0000000010006574                tud_cdc_n_write_available
 .text.cdcd_init
                0x000000001000658c       0x7c CMakeFiles/weather_station.dir/home/gael/hepia/CSH/pico_sdk/pico-sdk/lib/tinyusb/src/class/cdc/cdc_device.c.obj
                0x000000001000658c                cdcd_init
 .text.cdcd_reset
                0x0000000010006608       0x2c CMakeFiles/weather_station.dir/home/gael/hepia/CSH/pico_sdk/pico-sdk/lib/tinyusb/src/class/cdc/cdc_device.c.obj
                0x0000000010006608                cdcd_reset
 .text.cdcd_open
                0x0000000010006634       0xe8 CMakeFiles/weather_station.dir/home/gael/hepia/CSH/pico_sdk/pico-sdk/lib/tinyusb/src/class/cdc/cdc_device.c.obj
                0x0000000010006634                cdcd_open
 .text.cdcd_control_xfer_cb
                0x000000001000671c       0xe4 CMakeFiles/weather_station.dir/home/gael/hepia/CSH/pico_sdk/pico-sdk/lib/tinyusb/src/class/cdc/cdc_device.c.obj
                0x000000001000671c                cdcd_control_xfer_cb
 .text.cdcd_xfer_cb
                0x0000000010006800      0x148 CMakeFiles/weather_station.dir/home/gael/hepia/CSH/pico_sdk/pico-sdk/lib/tinyusb/src/class/cdc/cdc_device.c.obj
                0x0000000010006800                cdcd_xfer_cb
 .text.tusb_init
                0x0000000010006948        0xc CMakeFiles/weather_station.dir/home/gael/hepia/CSH/pico_sdk/pico-sdk/lib/tinyusb/src/tusb.c.obj
                0x0000000010006948                tusb_init
 .text.tusb_inited
                0x0000000010006954        0x8 CMakeFiles/weather_station.dir/home/gael/hepia/CSH/pico_sdk/pico-sdk/lib/tinyusb/src/tusb.c.obj
                0x0000000010006954                tusb_inited
 .text.tu_edpt_claim
                0x000000001000695c       0x50 CMakeFiles/weather_station.dir/home/gael/hepia/CSH/pico_sdk/pico-sdk/lib/tinyusb/src/tusb.c.obj
                0x000000001000695c                tu_edpt_claim
 .text.tu_edpt_release
                0x00000000100069ac       0x38 CMakeFiles/weather_station.dir/home/gael/hepia/CSH/pico_sdk/pico-sdk/lib/tinyusb/src/tusb.c.obj
                0x00000000100069ac                tu_edpt_release
 .text.tu_edpt_validate
                0x00000000100069e4       0x78 CMakeFiles/weather_station.dir/home/gael/hepia/CSH/pico_sdk/pico-sdk/lib/tinyusb/src/tusb.c.obj
                0x00000000100069e4                tu_edpt_validate
 .text.tu_edpt_bind_driver
                0x0000000010006a5c       0x34 CMakeFiles/weather_station.dir/home/gael/hepia/CSH/pico_sdk/pico-sdk/lib/tinyusb/src/tusb.c.obj
                0x0000000010006a5c                tu_edpt_bind_driver
 .text.tu_fifo_config
                0x0000000010006a90       0x70 CMakeFiles/weather_station.dir/home/gael/hepia/CSH/pico_sdk/pico-sdk/lib/tinyusb/src/common/tusb_fifo.c.obj
                0x0000000010006a90                tu_fifo_config
 .text.tu_fifo_count
                0x0000000010006b00       0x2c CMakeFiles/weather_station.dir/home/gael/hepia/CSH/pico_sdk/pico-sdk/lib/tinyusb/src/common/tusb_fifo.c.obj
                0x0000000010006b00                tu_fifo_count
 .text.tu_fifo_empty
                0x0000000010006b2c       0x10 CMakeFiles/weather_station.dir/home/gael/hepia/CSH/pico_sdk/pico-sdk/lib/tinyusb/src/common/tusb_fifo.c.obj
                0x0000000010006b2c                tu_fifo_empty
 .text.tu_fifo_remaining
                0x0000000010006b3c       0x2c CMakeFiles/weather_station.dir/home/gael/hepia/CSH/pico_sdk/pico-sdk/lib/tinyusb/src/common/tusb_fifo.c.obj
                0x0000000010006b3c                tu_fifo_remaining
 .text.tu_fifo_read
                0x0000000010006b68       0xa0 CMakeFiles/weather_station.dir/home/gael/hepia/CSH/pico_sdk/pico-sdk/lib/tinyusb/src/common/tusb_fifo.c.obj
                0x0000000010006b68                tu_fifo_read
 .text.tu_fifo_read_n
                0x0000000010006c08       0xec CMakeFiles/weather_station.dir/home/gael/hepia/CSH/pico_sdk/pico-sdk/lib/tinyusb/src/common/tusb_fifo.c.obj
                0x0000000010006c08                tu_fifo_read_n
 .text.tu_fifo_write
                0x0000000010006cf4       0x88 CMakeFiles/weather_station.dir/home/gael/hepia/CSH/pico_sdk/pico-sdk/lib/tinyusb/src/common/tusb_fifo.c.obj
                0x0000000010006cf4                tu_fifo_write
 .text.tu_fifo_write_n
                0x0000000010006d7c      0x168 CMakeFiles/weather_station.dir/home/gael/hepia/CSH/pico_sdk/pico-sdk/lib/tinyusb/src/common/tusb_fifo.c.obj
                0x0000000010006d7c                tu_fifo_write_n
 .text.tu_fifo_clear
                0x0000000010006ee4       0x40 CMakeFiles/weather_station.dir/home/gael/hepia/CSH/pico_sdk/pico-sdk/lib/tinyusb/src/common/tusb_fifo.c.obj
                0x0000000010006ee4                tu_fifo_clear
 .text.tu_fifo_set_overwritable
                0x0000000010006f24       0x48 CMakeFiles/weather_station.dir/home/gael/hepia/CSH/pico_sdk/pico-sdk/lib/tinyusb/src/common/tusb_fifo.c.obj
                0x0000000010006f24                tu_fifo_set_overwritable
 .text.spi_init
                0x0000000010006f6c       0xf8 CMakeFiles/weather_station.dir/home/gael/hepia/CSH/pico_sdk/pico-sdk/src/rp2_common/hardware_spi/spi.c.obj
                0x0000000010006f6c                spi_init
 .text.systick_init
                0x0000000010007064       0x28 src/systick/libsystick.a(systick.c.obj)
                0x0000000010007064                systick_init
 .text.station_gesture_handler
                0x000000001000708c       0x10 src/station/libstation.a(station.c.obj)
                0x000000001000708c                station_gesture_handler
 .text.isr_systick
                0x000000001000709c       0x1c src/station/libstation.a(station.c.obj)
                0x000000001000709c                isr_systick
 .text.station_init
                0x00000000100070b8       0x60 src/station/libstation.a(station.c.obj)
                0x00000000100070b8                station_init
 .text.station_run
                0x0000000010007118       0xe0 src/station/libstation.a(station.c.obj)
                0x0000000010007118                station_run
 .text.weather_mode_init
                0x00000000100071f8       0xc4 src/weather_mode/libweather_mode.a(weather_mode.c.obj)
                0x00000000100071f8                weather_mode_init
 .text.weather_mode_measure_data
                0x00000000100072bc       0x4c src/weather_mode/libweather_mode.a(weather_mode.c.obj)
                0x00000000100072bc                weather_mode_measure_data
 .text.weather_mode_update_data_on_screen
                0x0000000010007308       0xb0 src/weather_mode/libweather_mode.a(weather_mode.c.obj)
                0x0000000010007308                weather_mode_update_data_on_screen
 .text.wellcome_mode_init
                0x00000000100073b8       0xc4 src/wellcome_mode/libwellcome_mode.a(wellcome_mode.c.obj)
                0x00000000100073b8                wellcome_mode_init
 .text.lcd_backlight_off
                0x000000001000747c        0xc src/lcd/liblcd.a(lcd.c.obj)
                0x000000001000747c                lcd_backlight_off
 .text.lcd_backlight_on
                0x0000000010007488        0xc src/lcd/liblcd.a(lcd.c.obj)
                0x0000000010007488                lcd_backlight_on
 .text.lcd_config
                0x0000000010007494      0x5a4 src/lcd/liblcd.a(lcd.c.obj)
                0x0000000010007494                lcd_config
 .text.lcd_init
                0x0000000010007a38      0x144 src/lcd/liblcd.a(lcd.c.obj)
                0x0000000010007a38                lcd_init
 .text.lcd_draw_char
                0x0000000010007b7c      0x43c src/lcd/liblcd.a(lcd.c.obj)
                0x0000000010007b7c                lcd_draw_char
 .text.lcd_draw_string
                0x0000000010007fb8       0x40 src/lcd/liblcd.a(lcd.c.obj)
                0x0000000010007fb8                lcd_draw_string
 .text.lcd_print_int
                0x0000000010007ff8       0x50 src/lcd/liblcd.a(lcd.c.obj)
                0x0000000010007ff8                lcd_print_int
 .text.lcd_set_zone
                0x0000000010008048       0xf0 src/lcd/liblcd.a(lcd.c.obj)
                0x0000000010008048                lcd_set_zone
 .text.lcd_set_pixel
                0x0000000010008138      0x11c src/lcd/liblcd.a(lcd.c.obj)
                0x0000000010008138                lcd_set_pixel
 .text.lcd_fill_rect
                0x0000000010008254      0x158 src/lcd/liblcd.a(lcd.c.obj)
                0x0000000010008254                lcd_fill_rect
 .text.lcd_rect
                0x00000000100083ac      0x25c src/lcd/liblcd.a(lcd.c.obj)
                0x00000000100083ac                lcd_rect
 .text.touchscreen_irq_callback
                0x0000000010008608       0x20 src/touchscreen/libtouchscreen.a(touchscreen.c.obj)
                0x0000000010008608                touchscreen_irq_callback
 .text.touchscreen_init
                0x0000000010008628       0x98 src/touchscreen/libtouchscreen.a(touchscreen.c.obj)
                0x0000000010008628                touchscreen_init
 .text.touchscreen_handler
                0x00000000100086c0      0x134 src/touchscreen/libtouchscreen.a(touchscreen.c.obj)
                0x00000000100086c0                touchscreen_handler
 .text.BME280_init_calib
                0x00000000100087f4      0x120 src/bme280/libbme280.a(bme280.c.obj)
                0x00000000100087f4                BME280_init_calib
 .text.BME280_config
                0x0000000010008914       0x5c src/bme280/libbme280.a(bme280.c.obj)
                0x0000000010008914                BME280_config
 .text.BME280_compensate_P
                0x0000000010008970      0x23c src/bme280/libbme280.a(bme280.c.obj)
                0x0000000010008970                BME280_compensate_P
 .text.BME280_compensate_H
                0x0000000010008bac      0x190 src/bme280/libbme280.a(bme280.c.obj)
                0x0000000010008bac                BME280_compensate_H
 .text.BME280_read
                0x0000000010008d3c      0x1f0 src/bme280/libbme280.a(bme280.c.obj)
                0x0000000010008d3c                BME280_read
 .text.VEML7700_config
                0x0000000010008f2c       0x28 src/veml7700/libveml7700.a(veml7700.c.obj)
                0x0000000010008f2c                VEML7700_config
 .text.VEML7700_read
                0x0000000010008f54       0x40 src/veml7700/libveml7700.a(veml7700.c.obj)
                0x0000000010008f54                VEML7700_read
 .text.display_create_zone_matrix
                0x0000000010008f94       0xc0 src/display/libdisplay.a(display.c.obj)
                0x0000000010008f94                display_create_zone_matrix
 .text.display_draw_zone
                0x0000000010009054       0x38 src/display/libdisplay.a(display.c.obj)
                0x0000000010009054                display_draw_zone
 .text          0x000000001000908c       0x5c /usr/lib/gcc/arm-none-eabi/10.3.1/../../../arm-none-eabi/lib/thumb/v6-m/nofp/libc.a(lib_a-strlen-stub.o)
                0x000000001000908c                strlen
 *(.fini)
 .fini          0x00000000100090e8        0x4 /usr/lib/gcc/arm-none-eabi/10.3.1/thumb/v6-m/nofp/crti.o
                0x00000000100090e8                _fini
 *fill*         0x00000000100090ec        0x4 
 .fini.__stub   0x00000000100090f0       0xe0 linker stubs
 *crtbegin.o(.ctors)
 *crtbegin?.o(.ctors)
 *(EXCLUDE_FILE(*crtend.o *crtend?.o) .ctors)
 *(SORT_BY_NAME(.ctors.*))
 *(.ctors)
 *crtbegin.o(.dtors)
 *crtbegin?.o(.dtors)
 *(EXCLUDE_FILE(*crtend.o *crtend?.o) .dtors)
 *(SORT_BY_NAME(.dtors.*))
 *(.dtors)
 *(.eh_frame*)
 .eh_frame      0x00000000100091d0        0x0 /usr/lib/gcc/arm-none-eabi/10.3.1/thumb/v6-m/nofp/crtbegin.o
                0x00000000100091d0                . = ALIGN (0x4)

.glue_7         0x00000000100091d0        0x0
 .glue_7        0x00000000100091d0        0x0 linker stubs

.glue_7t        0x00000000100091d0        0x0
 .glue_7t       0x00000000100091d0        0x0 linker stubs

.vfp11_veneer   0x00000000100091d0        0x0
 .vfp11_veneer  0x00000000100091d0        0x0 linker stubs

.v4_bx          0x00000000100091d0        0x0
 .v4_bx         0x00000000100091d0        0x0 linker stubs

.iplt           0x00000000100091d0        0x0
 .iplt          0x00000000100091d0        0x0 /usr/lib/gcc/arm-none-eabi/10.3.1/thumb/v6-m/nofp/crtbegin.o

.rodata         0x00000000100091d0     0x15a4
 *(EXCLUDE_FILE(*libm.a: *libc.a:*lib_a-mem*.o *libgcc.a:) .rodata*)
 .rodata.spin_lock_claim_unused.str1.4
                0x00000000100091d0       0x1b CMakeFiles/weather_station.dir/home/gael/hepia/CSH/pico_sdk/pico-sdk/src/rp2_common/hardware_sync/sync.c.obj
 *fill*         0x00000000100091eb        0x1 
 .rodata.hardware_alarm_claim.str1.4
                0x00000000100091ec       0x22 CMakeFiles/weather_station.dir/home/gael/hepia/CSH/pico_sdk/pico-sdk/src/rp2_common/hardware_timer/timer.c.obj
 *fill*         0x000000001000920e        0x2 
 .rodata.user_irq_claim_unused.str1.4
                0x0000000010009210       0x1b CMakeFiles/weather_station.dir/home/gael/hepia/CSH/pico_sdk/pico-sdk/src/rp2_common/hardware_irq/irq.c.obj
 *fill*         0x000000001000922b        0x1 
 .rodata.panic.str1.4
                0x000000001000922c       0x12 CMakeFiles/weather_station.dir/home/gael/hepia/CSH/pico_sdk/pico-sdk/src/rp2_common/pico_runtime/runtime.c.obj
 *fill*         0x000000001000923e        0x2 
 .rodata.hard_assertion_failure.str1.4
                0x0000000010009240        0xc CMakeFiles/weather_station.dir/home/gael/hepia/CSH/pico_sdk/pico-sdk/src/rp2_common/pico_runtime/runtime.c.obj
 .rodata._ftoa.str1.4
                0x000000001000924c       0x15 CMakeFiles/weather_station.dir/home/gael/hepia/CSH/pico_sdk/pico-sdk/src/rp2_common/pico_printf/printf.c.obj
 *fill*         0x0000000010009261        0x3 
 .rodata._vsnprintf
                0x0000000010009264      0x1e0 CMakeFiles/weather_station.dir/home/gael/hepia/CSH/pico_sdk/pico-sdk/src/rp2_common/pico_printf/printf.c.obj
 *fill*         0x0000000010009444        0x4 
 .rodata.pow10.0
                0x0000000010009448       0x50 CMakeFiles/weather_station.dir/home/gael/hepia/CSH/pico_sdk/pico-sdk/src/rp2_common/pico_printf/printf.c.obj
 .rodata.str1.4
                0x0000000010009498       0x44 CMakeFiles/weather_station.dir/home/gael/hepia/CSH/pico_sdk/pico-sdk/src/rp2_common/pico_standard_link/binary_info.c.obj
 .rodata.__bi_44
                0x00000000100094dc        0xc CMakeFiles/weather_station.dir/home/gael/hepia/CSH/pico_sdk/pico-sdk/src/rp2_common/pico_standard_link/binary_info.c.obj
 .rodata.__bi_75
                0x00000000100094e8        0xc CMakeFiles/weather_station.dir/home/gael/hepia/CSH/pico_sdk/pico-sdk/src/rp2_common/pico_standard_link/binary_info.c.obj
 .rodata.__bi_81
                0x00000000100094f4        0xc CMakeFiles/weather_station.dir/home/gael/hepia/CSH/pico_sdk/pico-sdk/src/rp2_common/pico_standard_link/binary_info.c.obj
 .rodata.crlf_str.0
                0x0000000010009500        0x2 CMakeFiles/weather_station.dir/home/gael/hepia/CSH/pico_sdk/pico-sdk/src/rp2_common/pico_stdio/stdio.c.obj
 *fill*         0x0000000010009502        0x2 
 .rodata._resetd_driver
                0x0000000010009504       0x18 CMakeFiles/weather_station.dir/home/gael/hepia/CSH/pico_sdk/pico-sdk/src/rp2_common/pico_stdio_usb/reset_interface.c.obj
 .rodata.str1.4
                0x000000001000951c       0x13 CMakeFiles/weather_station.dir/home/gael/hepia/CSH/pico_sdk/pico-sdk/src/rp2_common/pico_stdio_usb/stdio_usb.c.obj
 *fill*         0x000000001000952f        0x1 
 .rodata.__bi_188.0
                0x0000000010009530        0xc CMakeFiles/weather_station.dir/home/gael/hepia/CSH/pico_sdk/pico-sdk/src/rp2_common/pico_stdio_usb/stdio_usb.c.obj
 .rodata.str1.4
                0x000000001000953c       0x2a CMakeFiles/weather_station.dir/home/gael/hepia/CSH/pico_sdk/pico-sdk/src/rp2_common/pico_stdio_usb/stdio_usb_descriptors.c.obj
 *fill*         0x0000000010009566        0x2 
 .rodata.usbd_desc_cfg
                0x0000000010009568       0x54 CMakeFiles/weather_station.dir/home/gael/hepia/CSH/pico_sdk/pico-sdk/src/rp2_common/pico_stdio_usb/stdio_usb_descriptors.c.obj
 .rodata.usbd_desc_device
                0x00000000100095bc       0x12 CMakeFiles/weather_station.dir/home/gael/hepia/CSH/pico_sdk/pico-sdk/src/rp2_common/pico_stdio_usb/stdio_usb_descriptors.c.obj
 *fill*         0x00000000100095ce        0x2 
 .rodata.usbd_desc_str
                0x00000000100095d0       0x18 CMakeFiles/weather_station.dir/home/gael/hepia/CSH/pico_sdk/pico-sdk/src/rp2_common/pico_stdio_usb/stdio_usb_descriptors.c.obj
 .rodata.str1.4
                0x00000000100095e8       0x14 CMakeFiles/weather_station.dir/home/gael/hepia/CSH/pico_sdk/pico-sdk/lib/tinyusb/src/portable/raspberrypi/rp2040/dcd_rp2040.c.obj
 .rodata.str1.4
                0x00000000100095fc       0x53 CMakeFiles/weather_station.dir/home/gael/hepia/CSH/pico_sdk/pico-sdk/lib/tinyusb/src/portable/raspberrypi/rp2040/rp2040_usb.c.obj
 *fill*         0x000000001000964f        0x1 
 .rodata.tud_task_ext
                0x0000000010009650       0x8c CMakeFiles/weather_station.dir/home/gael/hepia/CSH/pico_sdk/pico-sdk/lib/tinyusb/src/device/usbd.c.obj
 .rodata._usbd_driver
                0x00000000100096dc       0x18 CMakeFiles/weather_station.dir/home/gael/hepia/CSH/pico_sdk/pico-sdk/lib/tinyusb/src/device/usbd.c.obj
 .rodata.station_run.str1.4
                0x00000000100096f4       0x14 src/station/libstation.a(station.c.obj)
 .rodata.weather_mode_update_data_on_screen.str1.4
                0x0000000010009708        0xc src/weather_mode/libweather_mode.a(weather_mode.c.obj)
 .rodata.lcd_print_int.str1.4
                0x0000000010009714        0x3 src/lcd/liblcd.a(lcd.c.obj)
 *fill*         0x0000000010009717        0x1 
 .rodata.BigFont
                0x0000000010009718      0xbe4 src/font/libfont.a(font.c.obj)
                0x0000000010009718                BigFont
 .rodata.SmallFont
                0x000000001000a2fc      0x478 src/font/libfont.a(font.c.obj)
                0x000000001000a2fc                SmallFont
                0x000000001000a774                . = ALIGN (0x4)
 *(SORT_BY_ALIGNMENT(SORT_BY_NAME(.flashdata*)))
                0x000000001000a774                . = ALIGN (0x4)

.rel.dyn        0x000000001000a774        0x0
 .rel.iplt      0x000000001000a774        0x0 /usr/lib/gcc/arm-none-eabi/10.3.1/thumb/v6-m/nofp/crtbegin.o

.ARM.extab
 *(.ARM.extab* .gnu.linkonce.armextab.*)
                0x000000001000a774                __exidx_start = .

.ARM.exidx
 *(.ARM.exidx* .gnu.linkonce.armexidx.*)
                0x000000001000a774                __exidx_end = .
                0x000000001000a774                . = ALIGN (0x4)
                0x000000001000a774                __binary_info_start = .

.binary_info    0x000000001000a774       0x20
 *(.binary_info.keep.*)
 .binary_info.keep.__bi_ptr22
                0x000000001000a774        0x4 CMakeFiles/weather_station.dir/home/gael/hepia/CSH/pico_sdk/pico-sdk/src/rp2_common/pico_standard_link/binary_info.c.obj
 .binary_info.keep.__bi_ptr30
                0x000000001000a778        0x4 CMakeFiles/weather_station.dir/home/gael/hepia/CSH/pico_sdk/pico-sdk/src/rp2_common/pico_standard_link/binary_info.c.obj
 .binary_info.keep.__bi_ptr38
                0x000000001000a77c        0x4 CMakeFiles/weather_station.dir/home/gael/hepia/CSH/pico_sdk/pico-sdk/src/rp2_common/pico_standard_link/binary_info.c.obj
 .binary_info.keep.__bi_ptr44
                0x000000001000a780        0x4 CMakeFiles/weather_station.dir/home/gael/hepia/CSH/pico_sdk/pico-sdk/src/rp2_common/pico_standard_link/binary_info.c.obj
 .binary_info.keep.__bi_ptr50
                0x000000001000a784        0x4 CMakeFiles/weather_station.dir/home/gael/hepia/CSH/pico_sdk/pico-sdk/src/rp2_common/pico_standard_link/binary_info.c.obj
 .binary_info.keep.__bi_ptr75
                0x000000001000a788        0x4 CMakeFiles/weather_station.dir/home/gael/hepia/CSH/pico_sdk/pico-sdk/src/rp2_common/pico_standard_link/binary_info.c.obj
 .binary_info.keep.__bi_ptr81
                0x000000001000a78c        0x4 CMakeFiles/weather_station.dir/home/gael/hepia/CSH/pico_sdk/pico-sdk/src/rp2_common/pico_standard_link/binary_info.c.obj
 *(.binary_info.*)
 .binary_info.__bi_ptr188
                0x000000001000a790        0x4 CMakeFiles/weather_station.dir/home/gael/hepia/CSH/pico_sdk/pico-sdk/src/rp2_common/pico_stdio_usb/stdio_usb.c.obj
                0x000000001000a794                __binary_info_end = .
                0x000000001000a794                . = ALIGN (0x4)
                0x000000001000a794                __etext = .

.ram_vector_table
                0x0000000020000000       0xc0
 *(.ram_vector_table)
 .ram_vector_table
                0x0000000020000000       0xc0 CMakeFiles/weather_station.dir/home/gael/hepia/CSH/pico_sdk/pico-sdk/src/rp2_common/pico_runtime/runtime.c.obj
                0x0000000020000000                ram_vector_table

.data           0x00000000200000c0      0xfd0 load address 0x000000001000a794
                0x00000000200000c0                __data_start__ = .
 *(vtable)
 *(.time_critical*)
 .time_critical.mutex_try_enter
                0x00000000200000c0       0x44 CMakeFiles/weather_station.dir/home/gael/hepia/CSH/pico_sdk/pico-sdk/src/common/pico_sync/mutex.c.obj
                0x00000000200000c0                mutex_try_enter
 .time_critical.mutex_try_enter_block_until
                0x0000000020000104       0x9c CMakeFiles/weather_station.dir/home/gael/hepia/CSH/pico_sdk/pico-sdk/src/common/pico_sync/mutex.c.obj
                0x0000000020000104                mutex_try_enter_block_until
 .time_critical.mutex_enter_timeout_ms
                0x00000000200001a0       0x90 CMakeFiles/weather_station.dir/home/gael/hepia/CSH/pico_sdk/pico-sdk/src/common/pico_sync/mutex.c.obj
                0x00000000200001a0                mutex_enter_timeout_ms
 .time_critical.mutex_exit
                0x0000000020000230       0x28 CMakeFiles/weather_station.dir/home/gael/hepia/CSH/pico_sdk/pico-sdk/src/common/pico_sync/mutex.c.obj
                0x0000000020000230                mutex_exit
 .time_critical.flash_init_boot2_copyout
                0x0000000020000258       0x30 CMakeFiles/weather_station.dir/home/gael/hepia/CSH/pico_sdk/pico-sdk/src/rp2_common/hardware_flash/flash.c.obj
 .time_critical.flash_enable_xip_via_boot2
                0x0000000020000288       0x10 CMakeFiles/weather_station.dir/home/gael/hepia/CSH/pico_sdk/pico-sdk/src/rp2_common/hardware_flash/flash.c.obj
 .time_critical.flash_cs_force
                0x0000000020000298       0x38 CMakeFiles/weather_station.dir/home/gael/hepia/CSH/pico_sdk/pico-sdk/src/rp2_common/hardware_flash/flash.c.obj
 .time_critical.flash_do_cmd
                0x00000000200002d0       0xc4 CMakeFiles/weather_station.dir/home/gael/hepia/CSH/pico_sdk/pico-sdk/src/rp2_common/hardware_flash/flash.c.obj
                0x00000000200002d0                flash_do_cmd
 .time_critical.reset_non_control_endpoints
                0x0000000020000394       0xbc CMakeFiles/weather_station.dir/home/gael/hepia/CSH/pico_sdk/pico-sdk/lib/tinyusb/src/portable/raspberrypi/rp2040/dcd_rp2040.c.obj
 .time_critical.hw_handle_buff_status
                0x0000000020000450       0xa8 CMakeFiles/weather_station.dir/home/gael/hepia/CSH/pico_sdk/pico-sdk/lib/tinyusb/src/portable/raspberrypi/rp2040/dcd_rp2040.c.obj
 .time_critical.dcd_rp2040_irq
                0x00000000200004f8      0x4d8 CMakeFiles/weather_station.dir/home/gael/hepia/CSH/pico_sdk/pico-sdk/lib/tinyusb/src/portable/raspberrypi/rp2040/dcd_rp2040.c.obj
 .time_critical.e15_is_bulkin_ep
                0x00000000200009d0       0x28 CMakeFiles/weather_station.dir/home/gael/hepia/CSH/pico_sdk/pico-sdk/lib/tinyusb/src/portable/raspberrypi/rp2040/rp2040_usb.c.obj
 .time_critical.e15_is_critical_frame_period
                0x00000000200009f8       0x34 CMakeFiles/weather_station.dir/home/gael/hepia/CSH/pico_sdk/pico-sdk/lib/tinyusb/src/portable/raspberrypi/rp2040/rp2040_usb.c.obj
 .time_critical.prepare_ep_buffer
                0x0000000020000a2c       0x70 CMakeFiles/weather_station.dir/home/gael/hepia/CSH/pico_sdk/pico-sdk/lib/tinyusb/src/portable/raspberrypi/rp2040/rp2040_usb.c.obj
 .time_critical.sync_ep_buffer
                0x0000000020000a9c       0x4c CMakeFiles/weather_station.dir/home/gael/hepia/CSH/pico_sdk/pico-sdk/lib/tinyusb/src/portable/raspberrypi/rp2040/rp2040_usb.c.obj
 .time_critical._hw_endpoint_xfer_sync
                0x0000000020000ae8       0x28 CMakeFiles/weather_station.dir/home/gael/hepia/CSH/pico_sdk/pico-sdk/lib/tinyusb/src/portable/raspberrypi/rp2040/rp2040_usb.c.obj
 .time_critical.hw_endpoint_reset_transfer
                0x0000000020000b10        0xc CMakeFiles/weather_station.dir/home/gael/hepia/CSH/pico_sdk/pico-sdk/lib/tinyusb/src/portable/raspberrypi/rp2040/rp2040_usb.c.obj
                0x0000000020000b10                hw_endpoint_reset_transfer
 .time_critical._hw_endpoint_buffer_control_update32
                0x0000000020000b1c       0x58 CMakeFiles/weather_station.dir/home/gael/hepia/CSH/pico_sdk/pico-sdk/lib/tinyusb/src/portable/raspberrypi/rp2040/rp2040_usb.c.obj
                0x0000000020000b1c                _hw_endpoint_buffer_control_update32
 .time_critical.hw_endpoint_start_next_buffer
                0x0000000020000b74       0x6c CMakeFiles/weather_station.dir/home/gael/hepia/CSH/pico_sdk/pico-sdk/lib/tinyusb/src/portable/raspberrypi/rp2040/rp2040_usb.c.obj
                0x0000000020000b74                hw_endpoint_start_next_buffer
 .time_critical.hw_endpoint_xfer_continue
                0x0000000020000be0       0x50 CMakeFiles/weather_station.dir/home/gael/hepia/CSH/pico_sdk/pico-sdk/lib/tinyusb/src/portable/raspberrypi/rp2040/rp2040_usb.c.obj
                0x0000000020000be0                hw_endpoint_xfer_continue
 .time_critical.tinyusb
                0x0000000020000c30      0x170 CMakeFiles/weather_station.dir/home/gael/hepia/CSH/pico_sdk/pico-sdk/lib/tinyusb/src/device/usbd.c.obj
                0x0000000020000c30                dcd_event_handler
 .time_critical.spi_write_blocking
                0x0000000020000da0       0x4c CMakeFiles/weather_station.dir/home/gael/hepia/CSH/pico_sdk/pico-sdk/src/rp2_common/hardware_spi/spi.c.obj
                0x0000000020000da0                spi_write_blocking
 *(.text*)
 .text          0x0000000020000dec        0x4 /usr/lib/gcc/arm-none-eabi/10.3.1/thumb/v6-m/nofp/libgcc.a(_dvmd_tls.o)
                0x0000000020000dec                __aeabi_ldiv0
                0x0000000020000dec                __aeabi_idiv0
 .text.__stub   0x0000000020000df0       0x70 linker stubs
                0x0000000020000e60                . = ALIGN (0x4)
 *(.rodata*)
                0x0000000020000e60                . = ALIGN (0x4)
 *(.data*)
 .data.i2c0_inst
                0x0000000020000e60        0x8 CMakeFiles/weather_station.dir/home/gael/hepia/CSH/pico_sdk/pico-sdk/src/rp2_common/hardware_i2c/i2c.c.obj
                0x0000000020000e60                i2c0_inst
 .data.i2c1_inst
                0x0000000020000e68        0x8 CMakeFiles/weather_station.dir/home/gael/hepia/CSH/pico_sdk/pico-sdk/src/rp2_common/hardware_i2c/i2c.c.obj
                0x0000000020000e68                i2c1_inst
 .data.striped_spin_lock_num
                0x0000000020000e70        0x1 CMakeFiles/weather_station.dir/home/gael/hepia/CSH/pico_sdk/pico-sdk/src/rp2_common/hardware_sync/sync.c.obj
 *fill*         0x0000000020000e71        0x3 
 .data.default_alarm_pool
                0x0000000020000e74       0x18 CMakeFiles/weather_station.dir/home/gael/hepia/CSH/pico_sdk/pico-sdk/src/common/pico_time/time.c.obj
 .data.default_alarm_pool_heap
                0x0000000020000e8c       0x10 CMakeFiles/weather_station.dir/home/gael/hepia/CSH/pico_sdk/pico-sdk/src/common/pico_time/time.c.obj
 .data          0x0000000020000e9c       0x48 CMakeFiles/weather_station.dir/home/gael/hepia/CSH/pico_sdk/pico-sdk/src/rp2_common/hardware_irq/irq_handler_chain.S.obj
                0x0000000020000e9c                irq_handler_chain_slots
                0x0000000020000ecc                irq_handler_chain_first_slot
                0x0000000020000ed6                irq_handler_chain_remove_tail
 *fill*         0x0000000020000ee4        0xc 
 .data.aeabi_bits_funcs
                0x0000000020000ef0       0x10 CMakeFiles/weather_station.dir/home/gael/hepia/CSH/pico_sdk/pico-sdk/src/rp2_common/pico_bit_ops/bit_ops_aeabi.S.obj
                0x0000000020000ef0                aeabi_bits_funcs
                0x0000000020000f00                aeabi_bits_funcs_end
 .data.aeabi_mem_funcs
                0x0000000020000f00       0x10 CMakeFiles/weather_station.dir/home/gael/hepia/CSH/pico_sdk/pico-sdk/src/rp2_common/pico_mem_ops/mem_ops_aeabi.S.obj
                0x0000000020000f00                aeabi_mem_funcs
                0x0000000020000f10                aeabi_mem_funcs_end
 .data.stdio_usb
                0x0000000020000f10       0x18 CMakeFiles/weather_station.dir/home/gael/hepia/CSH/pico_sdk/pico-sdk/src/rp2_common/pico_stdio_usb/stdio_usb.c.obj
                0x0000000020000f10                stdio_usb
 .data.ep_dir_string
                0x0000000020000f28        0x8 CMakeFiles/weather_station.dir/home/gael/hepia/CSH/pico_sdk/pico-sdk/lib/tinyusb/src/portable/raspberrypi/rp2040/rp2040_usb.c.obj
                0x0000000020000f28                ep_dir_string
 .data._usbd_qdef
                0x0000000020000f30       0x1c CMakeFiles/weather_station.dir/home/gael/hepia/CSH/pico_sdk/pico-sdk/lib/tinyusb/src/device/usbd.c.obj
                0x0000000020000f30                _usbd_qdef
 .data._usbd_rhport
                0x0000000020000f4c        0x1 CMakeFiles/weather_station.dir/home/gael/hepia/CSH/pico_sdk/pico-sdk/lib/tinyusb/src/device/usbd.c.obj
 *fill*         0x0000000020000f4d        0x3 
 .data.humidity
                0x0000000020000f50       0x24 src/weather_mode/libweather_mode.a(weather_mode.c.obj)
                0x0000000020000f50                humidity
 .data.light    0x0000000020000f74       0x24 src/weather_mode/libweather_mode.a(weather_mode.c.obj)
                0x0000000020000f74                light
 .data.pressure
                0x0000000020000f98       0x24 src/weather_mode/libweather_mode.a(weather_mode.c.obj)
                0x0000000020000f98                pressure
 .data.temperature
                0x0000000020000fbc       0x24 src/weather_mode/libweather_mode.a(weather_mode.c.obj)
                0x0000000020000fbc                temperature
 .data.drawing  0x0000000020000fe0       0x21 src/wellcome_mode/libwellcome_mode.a(wellcome_mode.c.obj)
                0x0000000020000fe0                drawing
 *fill*         0x0000000020001001        0x3 
 .data.game_of_life
                0x0000000020001004       0x21 src/wellcome_mode/libwellcome_mode.a(wellcome_mode.c.obj)
                0x0000000020001004                game_of_life
 *fill*         0x0000000020001025        0x3 
 .data.snake    0x0000000020001028       0x21 src/wellcome_mode/libwellcome_mode.a(wellcome_mode.c.obj)
                0x0000000020001028                snake
 *fill*         0x0000000020001049        0x3 
 .data.weather  0x000000002000104c       0x21 src/wellcome_mode/libwellcome_mode.a(wellcome_mode.c.obj)
                0x000000002000104c                weather
                0x0000000020001070                . = ALIGN (0x4)
 *fill*         0x000000002000106d        0x3 
 *(.after_data.*)
                0x0000000020001070                . = ALIGN (0x4)
                0x0000000020001070                PROVIDE (__mutex_array_start = .)
 *(SORT_BY_NAME(.mutex_array.*))
 *(.mutex_array)
 .mutex_array   0x0000000020001070        0x8 CMakeFiles/weather_station.dir/home/gael/hepia/CSH/pico_sdk/pico-sdk/src/rp2_common/pico_stdio/stdio.c.obj
                0x0000000020001078                PROVIDE (__mutex_array_end = .)
                0x0000000020001078                . = ALIGN (0x4)
                0x0000000020001078                PROVIDE (__preinit_array_start = .)
 *(SORT_BY_NAME(.preinit_array.*))
 .preinit_array.00001
                0x0000000020001078        0x4 CMakeFiles/weather_station.dir/home/gael/hepia/CSH/pico_sdk/pico-sdk/src/rp2_common/pico_mem_ops/mem_ops_aeabi.S.obj
 .preinit_array.00010
                0x000000002000107c        0x4 CMakeFiles/weather_station.dir/home/gael/hepia/CSH/pico_sdk/pico-sdk/src/rp2_common/pico_bit_ops/bit_ops_aeabi.S.obj
 .preinit_array.00020
                0x0000000020001080        0x4 CMakeFiles/weather_station.dir/home/gael/hepia/CSH/pico_sdk/pico-sdk/src/rp2_common/pico_double/double_aeabi.S.obj
 .preinit_array.00020
                0x0000000020001084        0x4 CMakeFiles/weather_station.dir/home/gael/hepia/CSH/pico_sdk/pico-sdk/src/rp2_common/pico_float/float_aeabi.S.obj
 *(.preinit_array)
                0x0000000020001088                PROVIDE (__preinit_array_end = .)
                0x0000000020001088                . = ALIGN (0x4)
                0x0000000020001088                PROVIDE (__init_array_start = .)
 *(SORT_BY_NAME(.init_array.*))
 *(.init_array)
 .init_array    0x0000000020001088        0x4 /usr/lib/gcc/arm-none-eabi/10.3.1/thumb/v6-m/nofp/crtbegin.o
 .init_array    0x000000002000108c        0x4 CMakeFiles/weather_station.dir/home/gael/hepia/CSH/pico_sdk/pico-sdk/src/rp2_common/pico_unique_id/unique_id.c.obj
                0x0000000020001090                PROVIDE (__init_array_end = .)
                0x0000000020001090                . = ALIGN (0x4)
                0x0000000020001090                PROVIDE (__fini_array_start = .)
 *(SORT_BY_NAME(.fini_array.*))
 *(.fini_array)
                0x0000000020001090                PROVIDE (__fini_array_end = .)
 *(.jcr)
                0x0000000020001090                . = ALIGN (0x4)
                0x0000000020001090                __data_end__ = .

.tm_clone_table
                0x0000000020001090        0x0 load address 0x000000001000b764
 .tm_clone_table
                0x0000000020001090        0x0 /usr/lib/gcc/arm-none-eabi/10.3.1/thumb/v6-m/nofp/crtbegin.o
 .tm_clone_table
                0x0000000020001090        0x0 /usr/lib/gcc/arm-none-eabi/10.3.1/thumb/v6-m/nofp/crtend.o

.igot.plt       0x0000000020001090        0x0 load address 0x000000001000b764
 .igot.plt      0x0000000020001090        0x0 /usr/lib/gcc/arm-none-eabi/10.3.1/thumb/v6-m/nofp/crtbegin.o

.uninitialized_data
                0x0000000020001090        0x0 load address 0x000000001000b764
                0x0000000020001090                . = ALIGN (0x4)
 *(.uninitialized_data*)

.scratch_x      0x0000000020040000        0x0 load address 0x000000001000b764
                0x0000000020040000                __scratch_x_start__ = .
 *(.scratch_x.*)
                0x0000000020040000                . = ALIGN (0x4)
                0x0000000020040000                __scratch_x_end__ = .
                0x000000001000b764                __scratch_x_source__ = LOADADDR (.scratch_x)

.scratch_y      0x0000000020041000        0x0 load address 0x000000001000b764
                0x0000000020041000                __scratch_y_start__ = .
 *(.scratch_y.*)
                0x0000000020041000                . = ALIGN (0x4)
                0x0000000020041000                __scratch_y_end__ = .
                0x000000001000b764                __scratch_y_source__ = LOADADDR (.scratch_y)

.bss            0x0000000020001090      0xf14
                0x0000000020001090                . = ALIGN (0x4)
                0x0000000020001090                __bss_start__ = .
 *(SORT_BY_ALIGNMENT(SORT_BY_NAME(.bss*)))
 .bss.default_alarm_pool_entries
                0x0000000020001090      0x100 CMakeFiles/weather_station.dir/home/gael/hepia/CSH/pico_sdk/pico-sdk/src/common/pico_time/time.c.obj
 .bss.last_avail_time.1
                0x0000000020001190        0x8 CMakeFiles/weather_station.dir/home/gael/hepia/CSH/pico_sdk/pico-sdk/src/rp2_common/pico_stdio_usb/stdio_usb.c.obj
 .bss.sd_table  0x0000000020001198      0x100 CMakeFiles/weather_station.dir/home/gael/hepia/CSH/pico_sdk/pico-sdk/src/rp2_common/pico_double/double_init_rom.c.obj
                0x0000000020001198                sd_table
 .bss.sf_table  0x0000000020001298      0x100 CMakeFiles/weather_station.dir/home/gael/hepia/CSH/pico_sdk/pico-sdk/src/rp2_common/pico_float/float_init_rom.c.obj
                0x0000000020001298                sf_table
 .bss           0x0000000020001398       0x1c /usr/lib/gcc/arm-none-eabi/10.3.1/thumb/v6-m/nofp/crtbegin.o
 .bss._app_driver
                0x00000000200013b4        0x4 CMakeFiles/weather_station.dir/home/gael/hepia/CSH/pico_sdk/pico-sdk/lib/tinyusb/src/device/usbd.c.obj
 .bss._cdcd_itf
                0x00000000200013b8      0x2c8 CMakeFiles/weather_station.dir/home/gael/hepia/CSH/pico_sdk/pico-sdk/lib/tinyusb/src/class/cdc/cdc_device.c.obj
 .bss._ctrl_xfer
                0x0000000020001680       0x14 CMakeFiles/weather_station.dir/home/gael/hepia/CSH/pico_sdk/pico-sdk/lib/tinyusb/src/device/usbd_control.c.obj
 .bss._ubsd_mutexdef
                0x0000000020001694        0x8 CMakeFiles/weather_station.dir/home/gael/hepia/CSH/pico_sdk/pico-sdk/lib/tinyusb/src/device/usbd.c.obj
 .bss._usbd_ctrl_buf
                0x000000002000169c       0x40 CMakeFiles/weather_station.dir/home/gael/hepia/CSH/pico_sdk/pico-sdk/lib/tinyusb/src/device/usbd_control.c.obj
 .bss._usbd_dev
                0x00000000200016dc       0x53 CMakeFiles/weather_station.dir/home/gael/hepia/CSH/pico_sdk/pico-sdk/lib/tinyusb/src/device/usbd.c.obj
 *fill*         0x000000002000172f        0x1 
 .bss._usbd_mutex
                0x0000000020001730        0x4 CMakeFiles/weather_station.dir/home/gael/hepia/CSH/pico_sdk/pico-sdk/lib/tinyusb/src/device/usbd.c.obj
 .bss._usbd_q   0x0000000020001734        0x4 CMakeFiles/weather_station.dir/home/gael/hepia/CSH/pico_sdk/pico-sdk/lib/tinyusb/src/device/usbd.c.obj
 .bss._usbd_qdef_buf
                0x0000000020001738       0xc0 CMakeFiles/weather_station.dir/home/gael/hepia/CSH/pico_sdk/pico-sdk/lib/tinyusb/src/device/usbd.c.obj
                0x0000000020001738                _usbd_qdef_buf
 .bss.alarm_callbacks
                0x00000000200017f8       0x10 CMakeFiles/weather_station.dir/home/gael/hepia/CSH/pico_sdk/pico-sdk/src/rp2_common/hardware_timer/timer.c.obj
 .bss.boot2_copyout
                0x0000000020001808      0x100 CMakeFiles/weather_station.dir/home/gael/hepia/CSH/pico_sdk/pico-sdk/src/rp2_common/hardware_flash/flash.c.obj
 .bss.callbacks
                0x0000000020001908        0x8 CMakeFiles/weather_station.dir/home/gael/hepia/CSH/pico_sdk/pico-sdk/src/rp2_common/hardware_gpio/gpio.c.obj
 .bss.chars_available_callback
                0x0000000020001910        0x4 CMakeFiles/weather_station.dir/home/gael/hepia/CSH/pico_sdk/pico-sdk/src/rp2_common/pico_stdio_usb/stdio_usb.c.obj
 .bss.chars_available_param
                0x0000000020001914        0x4 CMakeFiles/weather_station.dir/home/gael/hepia/CSH/pico_sdk/pico-sdk/src/rp2_common/pico_stdio_usb/stdio_usb.c.obj
 .bss.claimed   0x0000000020001918        0x4 CMakeFiles/weather_station.dir/home/gael/hepia/CSH/pico_sdk/pico-sdk/src/rp2_common/hardware_sync/sync.c.obj
 .bss.configured_freq
                0x000000002000191c       0x28 CMakeFiles/weather_station.dir/home/gael/hepia/CSH/pico_sdk/pico-sdk/src/rp2_common/hardware_clocks/clocks.c.obj
 .bss.default_alarm_pool_entry_ids_high
                0x0000000020001944       0x10 CMakeFiles/weather_station.dir/home/gael/hepia/CSH/pico_sdk/pico-sdk/src/common/pico_time/time.c.obj
 .bss.default_alarm_pool_heap_nodes
                0x0000000020001954       0x30 CMakeFiles/weather_station.dir/home/gael/hepia/CSH/pico_sdk/pico-sdk/src/common/pico_time/time.c.obj
 .bss.desc_str.0
                0x0000000020001984       0x28 CMakeFiles/weather_station.dir/home/gael/hepia/CSH/pico_sdk/pico-sdk/src/rp2_common/pico_stdio_usb/stdio_usb_descriptors.c.obj
 .bss.drivers   0x00000000200019ac        0x4 CMakeFiles/weather_station.dir/home/gael/hepia/CSH/pico_sdk/pico-sdk/src/rp2_common/pico_stdio/stdio.c.obj
 .bss.e15_last_sof
                0x00000000200019b0        0x4 CMakeFiles/weather_station.dir/home/gael/hepia/CSH/pico_sdk/pico-sdk/lib/tinyusb/src/portable/raspberrypi/rp2040/rp2040_usb.c.obj
                0x00000000200019b0                e15_last_sof
 .bss.filter    0x00000000200019b4        0x4 CMakeFiles/weather_station.dir/home/gael/hepia/CSH/pico_sdk/pico-sdk/src/rp2_common/pico_stdio/stdio.c.obj
 .bss.hw_endpoints
                0x00000000200019b8      0x400 CMakeFiles/weather_station.dir/home/gael/hepia/CSH/pico_sdk/pico-sdk/lib/tinyusb/src/portable/raspberrypi/rp2040/dcd_rp2040.c.obj
 .bss.lazy_vsnprintf
                0x0000000020001db8        0x4 CMakeFiles/weather_station.dir/home/gael/hepia/CSH/pico_sdk/pico-sdk/src/rp2_common/pico_printf/printf.c.obj
 .bss.load_value
                0x0000000020001dbc        0x4 CMakeFiles/weather_station.dir/home/gael/hepia/CSH/pico_sdk/pico-sdk/src/rp2_common/hardware_watchdog/watchdog.c.obj
 .bss.next_buffer_ptr
                0x0000000020001dc0        0x4 CMakeFiles/weather_station.dir/home/gael/hepia/CSH/pico_sdk/pico-sdk/lib/tinyusb/src/portable/raspberrypi/rp2040/dcd_rp2040.c.obj
 .bss.one_shot_timer_crit_sec
                0x0000000020001dc4        0x8 CMakeFiles/weather_station.dir/home/gael/hepia/CSH/pico_sdk/pico-sdk/src/rp2_common/pico_stdio_usb/stdio_usb.c.obj
 .bss.pools     0x0000000020001dcc       0x10 CMakeFiles/weather_station.dir/home/gael/hepia/CSH/pico_sdk/pico-sdk/src/common/pico_time/time.c.obj
 .bss.raw_irq_mask
                0x0000000020001ddc        0x8 CMakeFiles/weather_station.dir/home/gael/hepia/CSH/pico_sdk/pico-sdk/src/rp2_common/hardware_gpio/gpio.c.obj
 .bss.retrieved_id
                0x0000000020001de4        0x8 CMakeFiles/weather_station.dir/home/gael/hepia/CSH/pico_sdk/pico-sdk/src/rp2_common/pico_unique_id/unique_id.c.obj
 .bss.sf_clz_func
                0x0000000020001dec        0x4 CMakeFiles/weather_station.dir/home/gael/hepia/CSH/pico_sdk/pico-sdk/src/rp2_common/pico_double/double_init_rom.c.obj
                0x0000000020001dec                sf_clz_func
 .bss.sleep_notifier
                0x0000000020001df0        0x4 CMakeFiles/weather_station.dir/home/gael/hepia/CSH/pico_sdk/pico-sdk/src/common/pico_time/time.c.obj
 .bss.station_state
                0x0000000020001df4       0x10 src/station/libstation.a(station.c.obj)
                0x0000000020001df4                station_state
 .bss.stdio_usb_mutex
                0x0000000020001e04        0x8 CMakeFiles/weather_station.dir/home/gael/hepia/CSH/pico_sdk/pico-sdk/src/rp2_common/pico_stdio_usb/stdio_usb.c.obj
 .bss.t_fine    0x0000000020001e0c        0x4 src/bme280/libbme280.a(bme280.c.obj)