Archive member included to satisfy reference by file (symbol)

src/i2c_non_blocking/libi2c_non_blocking.a(i2c_non_blocking.c.obj)
                              CMakeFiles/weather_station.dir/src/main.c.obj (i2c_nb_handler)
src/systick/libsystick.a(systick.c.obj)
                              CMakeFiles/weather_station.dir/src/main.c.obj (systick_init)
src/station/libstation.a(station.c.obj)
                              CMakeFiles/weather_station.dir/src/main.c.obj (station_init)
src/weather_mode/libweather_mode.a(weather_mode.c.obj)
                              src/station/libstation.a(station.c.obj) (weather_mode_init)
src/lcd/liblcd.a(lcd.c.obj)   src/station/libstation.a(station.c.obj) (lcd_backlight_off)
src/font/libfont.a(font.c.obj)
                              src/station/libstation.a(station.c.obj) (BigFont)
src/touchscreen/libtouchscreen.a(touchscreen.c.obj)
                              CMakeFiles/weather_station.dir/src/main.c.obj (touchscreen_init)
src/bme280/libbme280.a(bme280.c.obj)
                              src/station/libstation.a(station.c.obj) (BME280_config)
src/veml7700/libveml7700.a(veml7700.c.obj)
                              src/station/libstation.a(station.c.obj) (VEML7700_config)
src/RN4870/libRN4870.a(RN4870.c.obj)
                              CMakeFiles/weather_station.dir/src/main.c.obj (RN4870_init)
src/display/libdisplay.a(display.c.obj)
                              CMakeFiles/weather_station.dir/src/main.c.obj (display_create_zone_matrix)
src/util/libutil.a(util.c.obj)
                              src/RN4870/libRN4870.a(RN4870.c.obj) (gpio_initialize_out)
src/led_rgb/libled_rgb.a(led_rgb.c.obj)
                              CMakeFiles/weather_station.dir/src/main.c.obj (led_rgb_init)
/usr/lib/gcc/arm-none-eabi/10.3.1/thumb/v6-m/nofp/libgcc.a(_dvmd_tls.o)
                              CMakeFiles/weather_station.dir/home/gael/hepia/CSH/pico_sdk/pico-sdk/src/rp2_common/pico_divider/divider.S.obj (__aeabi_idiv0)
/usr/lib/gcc/arm-none-eabi/10.3.1/../../../arm-none-eabi/lib/thumb/v6-m/nofp/libc.a(lib_a-atexit.o)
                              /usr/lib/gcc/arm-none-eabi/10.3.1/../../../arm-none-eabi/lib/thumb/v6-m/nofp/crt0.o (atexit)
/usr/lib/gcc/arm-none-eabi/10.3.1/../../../arm-none-eabi/lib/thumb/v6-m/nofp/libc.a(lib_a-calloc.o)
                              CMakeFiles/weather_station.dir/home/gael/hepia/CSH/pico_sdk/pico-sdk/src/rp2_common/pico_malloc/pico_malloc.c.obj (calloc)
/usr/lib/gcc/arm-none-eabi/10.3.1/../../../arm-none-eabi/lib/thumb/v6-m/nofp/libc.a(lib_a-callocr.o)
                              /usr/lib/gcc/arm-none-eabi/10.3.1/../../../arm-none-eabi/lib/thumb/v6-m/nofp/libc.a(lib_a-calloc.o) (_calloc_r)
/usr/lib/gcc/arm-none-eabi/10.3.1/../../../arm-none-eabi/lib/thumb/v6-m/nofp/libc.a(lib_a-fini.o)
                              /usr/lib/gcc/arm-none-eabi/10.3.1/../../../arm-none-eabi/lib/thumb/v6-m/nofp/crt0.o (__libc_fini_array)
/usr/lib/gcc/arm-none-eabi/10.3.1/../../../arm-none-eabi/lib/thumb/v6-m/nofp/libc.a(lib_a-impure.o)
                              /usr/lib/gcc/arm-none-eabi/10.3.1/../../../arm-none-eabi/lib/thumb/v6-m/nofp/libc.a(lib_a-calloc.o) (_impure_ptr)
/usr/lib/gcc/arm-none-eabi/10.3.1/../../../arm-none-eabi/lib/thumb/v6-m/nofp/libc.a(lib_a-init.o)
                              /usr/lib/gcc/arm-none-eabi/10.3.1/../../../arm-none-eabi/lib/thumb/v6-m/nofp/crt0.o (__libc_init_array)
/usr/lib/gcc/arm-none-eabi/10.3.1/../../../arm-none-eabi/lib/thumb/v6-m/nofp/libc.a(lib_a-malloc.o)
                              CMakeFiles/weather_station.dir/home/gael/hepia/CSH/pico_sdk/pico-sdk/src/rp2_common/pico_malloc/pico_malloc.c.obj (malloc)
/usr/lib/gcc/arm-none-eabi/10.3.1/../../../arm-none-eabi/lib/thumb/v6-m/nofp/libc.a(lib_a-mallocr.o)
                              /usr/lib/gcc/arm-none-eabi/10.3.1/../../../arm-none-eabi/lib/thumb/v6-m/nofp/libc.a(lib_a-callocr.o) (_malloc_r)
/usr/lib/gcc/arm-none-eabi/10.3.1/../../../arm-none-eabi/lib/thumb/v6-m/nofp/libc.a(lib_a-mlock.o)
                              /usr/lib/gcc/arm-none-eabi/10.3.1/../../../arm-none-eabi/lib/thumb/v6-m/nofp/libc.a(lib_a-mallocr.o) (__malloc_lock)
/usr/lib/gcc/arm-none-eabi/10.3.1/../../../arm-none-eabi/lib/thumb/v6-m/nofp/libc.a(lib_a-realloc.o)
                              CMakeFiles/weather_station.dir/home/gael/hepia/CSH/pico_sdk/pico-sdk/src/rp2_common/pico_malloc/pico_malloc.c.obj (realloc)
/usr/lib/gcc/arm-none-eabi/10.3.1/../../../arm-none-eabi/lib/thumb/v6-m/nofp/libc.a(lib_a-reallocr.o)
                              /usr/lib/gcc/arm-none-eabi/10.3.1/../../../arm-none-eabi/lib/thumb/v6-m/nofp/libc.a(lib_a-realloc.o) (_realloc_r)
/usr/lib/gcc/arm-none-eabi/10.3.1/../../../arm-none-eabi/lib/thumb/v6-m/nofp/libc.a(lib_a-sbrkr.o)
                              /usr/lib/gcc/arm-none-eabi/10.3.1/../../../arm-none-eabi/lib/thumb/v6-m/nofp/libc.a(lib_a-mallocr.o) (_sbrk_r)
/usr/lib/gcc/arm-none-eabi/10.3.1/../../../arm-none-eabi/lib/thumb/v6-m/nofp/libc.a(lib_a-strlen-stub.o)
[...]
Memory Configuration

Name             Origin             Length             Attributes
FLASH            0x0000000010000000 0x0000000000200000 xr
RAM              0x0000000020000000 0x0000000000040000 xrw
SCRATCH_X        0x0000000020040000 0x0000000000001000 xrw
SCRATCH_Y        0x0000000020041000 0x0000000000001000 xrw
*default*        0x0000000000000000 0xffffffffffffffff

Linker script and memory map

LOAD /usr/lib/gcc/arm-none-eabi/10.3.1/thumb/v6-m/nofp/crti.o
LOAD /usr/lib/gcc/arm-none-eabi/10.3.1/thumb/v6-m/nofp/crtbegin.o
LOAD /usr/lib/gcc/arm-none-eabi/10.3.1/../../../arm-none-eabi/lib/thumb/v6-m/nofp/crt0.o

.flash_begin    0x0000000010000000        0x0
                0x0000000010000000                __flash_binary_start = .

.boot2          0x0000000010000000      0x100
                0x0000000010000000                __boot2_start__ = .
 *(.boot2)
 .boot2         0x0000000010000000      0x100 /tmp/ccT7r41L.o
                0x0000000010000100                __boot2_end__ = .
                0x0000000000000001                ASSERT (((__boot2_end__ - __boot2_start__) == 0x100), ERROR: Pico second stage bootloader must be 256 bytes in size)

.text           0x0000000010000100     0x8ad0
                0x0000000010000100                __logical_binary_start = .
 *(.vectors)
 .vectors       0x0000000010000100       0xd4 CMakeFiles/weather_station.dir/home/gael/hepia/CSH/pico_sdk/pico-sdk/src/rp2_common/pico_standard_link/crt0.S.obj
                0x0000000010000100                __vectors
                0x0000000010000100                __VECTOR_TABLE
                0x00000000100001c0                isr_invalid
                0x00000000100001c0                __default_isrs_start
                0x00000000100001c2                isr_nmi
                0x00000000100001c4                isr_hardfault
                0x00000000100001c6                isr_svcall
                0x00000000100001c8                isr_pendsv
                0x00000000100001cc                isr_irq30
                0x00000000100001cc                __unhandled_user_irq
                0x00000000100001cc                isr_irq13
                0x00000000100001cc                isr_irq27
                0x00000000100001cc                isr_irq31
                0x00000000100001cc                isr_irq5
                0x00000000100001cc                isr_irq11
                0x00000000100001cc                isr_irq23
                0x00000000100001cc                isr_irq18
                0x00000000100001cc                isr_irq28
                0x00000000100001cc                isr_irq19
                0x00000000100001cc                isr_irq0
                0x00000000100001cc                isr_irq6
                0x00000000100001cc                isr_irq22
                0x00000000100001cc                isr_irq17
                0x00000000100001cc                isr_irq14
                0x00000000100001cc                isr_irq2
                0x00000000100001cc                isr_irq10
                0x00000000100001cc                isr_irq8
                0x00000000100001cc                isr_irq24
                0x00000000100001cc                isr_irq1
                0x00000000100001cc                isr_irq7
                0x00000000100001cc                isr_irq21
                0x00000000100001cc                isr_irq20
                0x00000000100001cc                isr_irq15
                0x00000000100001cc                isr_irq25
                0x00000000100001cc                isr_irq4
                0x00000000100001cc                isr_irq16
                0x00000000100001cc                isr_irq29
                0x00000000100001cc                isr_irq26
                0x00000000100001cc                __default_isrs_end
                0x00000000100001cc                isr_irq3
                0x00000000100001cc                isr_irq12
                0x00000000100001cc                isr_irq9
                0x00000000100001d2                unhandled_user_irq_num_in_r0
 *(.binary_info_header)
 .binary_info_header
                0x00000000100001d4       0x14 CMakeFiles/weather_station.dir/home/gael/hepia/CSH/pico_sdk/pico-sdk/src/rp2_common/pico_standard_link/crt0.S.obj
                0x00000000100001e8                __binary_info_header_end = .
 *(.reset)
 .reset         0x00000000100001e8       0xa0 CMakeFiles/weather_station.dir/home/gael/hepia/CSH/pico_sdk/pico-sdk/src/rp2_common/pico_standard_link/crt0.S.obj
                0x00000000100001e8                _entry_point
 .reset         0x0000000010000288       0x30 CMakeFiles/weather_station.dir/home/gael/hepia/CSH/pico_sdk/pico-sdk/src/rp2_common/pico_standard_link/binary_info.c.obj
 *(.init)
 .init          0x00000000100002b8        0x4 /usr/lib/gcc/arm-none-eabi/10.3.1/thumb/v6-m/nofp/crti.o
                0x00000000100002b8                _init
 *(EXCLUDE_FILE(*libm.a: *libc.a:*lib_a-mem*.o *libgcc.a:) .text*)
 .text          0x00000000100002bc       0x98 /usr/lib/gcc/arm-none-eabi/10.3.1/thumb/v6-m/nofp/crtbegin.o
 .text.isr_systick
                0x0000000010000354       0x1c CMakeFiles/weather_station.dir/src/main.c.obj
                0x0000000010000354                isr_systick
 .text.startup.main
                0x0000000010000370       0x14 CMakeFiles/weather_station.dir/src/main.c.obj
                0x0000000010000370                main
 .text.i2c_set_baudrate
                0x0000000010000384       0xc4 CMakeFiles/weather_station.dir/home/gael/hepia/CSH/pico_sdk/pico-sdk/src/rp2_common/hardware_i2c/i2c.c.obj
                0x0000000010000384                i2c_set_baudrate
 .text.i2c_init
                0x0000000010000448       0x54 CMakeFiles/weather_station.dir/home/gael/hepia/CSH/pico_sdk/pico-sdk/src/rp2_common/hardware_i2c/i2c.c.obj
                0x0000000010000448                i2c_init
 .text.i2c_write_blocking
                0x000000001000049c       0xd0 CMakeFiles/weather_station.dir/home/gael/hepia/CSH/pico_sdk/pico-sdk/src/rp2_common/hardware_i2c/i2c.c.obj
                0x000000001000049c                i2c_write_blocking
 .text.i2c_read_blocking
                0x000000001000056c       0xac CMakeFiles/weather_station.dir/home/gael/hepia/CSH/pico_sdk/pico-sdk/src/rp2_common/hardware_i2c/i2c.c.obj
                0x000000001000056c                i2c_read_blocking
 .text.running_on_fpga
                0x0000000010000618       0x10 CMakeFiles/weather_station.dir/home/gael/hepia/CSH/pico_sdk/pico-sdk/src/rp2_common/pico_platform/platform.c.obj
                0x0000000010000618                running_on_fpga
 .text.hw_claim_or_assert
                0x0000000010000628       0x44 CMakeFiles/weather_station.dir/home/gael/hepia/CSH/pico_sdk/pico-sdk/src/rp2_common/hardware_claim/claim.c.obj
                0x0000000010000628                hw_claim_or_assert
 .text.hw_claim_unused_from_range
                0x000000001000066c       0x9c CMakeFiles/weather_station.dir/home/gael/hepia/CSH/pico_sdk/pico-sdk/src/rp2_common/hardware_claim/claim.c.obj
                0x000000001000066c                hw_claim_unused_from_range
 .text.spin_locks_reset
                0x0000000010000708       0x1c CMakeFiles/weather_station.dir/home/gael/hepia/CSH/pico_sdk/pico-sdk/src/rp2_common/hardware_sync/sync.c.obj
                0x0000000010000708                spin_locks_reset
 .text.next_striped_spin_lock_num
                0x0000000010000724       0x18 CMakeFiles/weather_station.dir/home/gael/hepia/CSH/pico_sdk/pico-sdk/src/rp2_common/hardware_sync/sync.c.obj
                0x0000000010000724                next_striped_spin_lock_num
 .text.spin_lock_claim_unused
                0x000000001000073c       0x20 CMakeFiles/weather_station.dir/home/gael/hepia/CSH/pico_sdk/pico-sdk/src/rp2_common/hardware_sync/sync.c.obj
                0x000000001000073c                spin_lock_claim_unused
 .text.timer_pool_entry_comparator
                0x000000001000075c       0x34 CMakeFiles/weather_station.dir/home/gael/hepia/CSH/pico_sdk/pico-sdk/src/common/pico_time/time.c.obj
                0x000000001000075c                timer_pool_entry_comparator
 .text.sleep_until_callback
                0x0000000010000790       0x30 CMakeFiles/weather_station.dir/home/gael/hepia/CSH/pico_sdk/pico-sdk/src/common/pico_time/time.c.obj
 .text.add_alarm_under_lock.isra.0
                0x00000000100007c0      0x100 CMakeFiles/weather_station.dir/home/gael/hepia/CSH/pico_sdk/pico-sdk/src/common/pico_time/time.c.obj
 .text.alarm_pool_alarm_callback
                0x00000000100008c0      0x1b8 CMakeFiles/weather_station.dir/home/gael/hepia/CSH/pico_sdk/pico-sdk/src/common/pico_time/time.c.obj
 .text.alarm_pool_init_default
                0x0000000010000a78       0x6c CMakeFiles/weather_station.dir/home/gael/hepia/CSH/pico_sdk/pico-sdk/src/common/pico_time/time.c.obj
                0x0000000010000a78                alarm_pool_init_default
 .text.alarm_pool_get_default
                0x0000000010000ae4        0x8 CMakeFiles/weather_station.dir/home/gael/hepia/CSH/pico_sdk/pico-sdk/src/common/pico_time/time.c.obj
                0x0000000010000ae4                alarm_pool_get_default
 .text.alarm_pool_add_alarm_at
                0x0000000010000aec      0x17c CMakeFiles/weather_station.dir/home/gael/hepia/CSH/pico_sdk/pico-sdk/src/common/pico_time/time.c.obj
                0x0000000010000aec                alarm_pool_add_alarm_at
 .text.alarm_pool_cancel_alarm
                0x0000000010000c68       0x74 CMakeFiles/weather_station.dir/home/gael/hepia/CSH/pico_sdk/pico-sdk/src/common/pico_time/time.c.obj
                0x0000000010000c68                alarm_pool_cancel_alarm
 .text.alarm_pool_core_num
                0x0000000010000cdc        0x4 CMakeFiles/weather_station.dir/home/gael/hepia/CSH/pico_sdk/pico-sdk/src/common/pico_time/time.c.obj
                0x0000000010000cdc                alarm_pool_core_num
 .text.sleep_until
                0x0000000010000ce0       0xc4 CMakeFiles/weather_station.dir/home/gael/hepia/CSH/pico_sdk/pico-sdk/src/common/pico_time/time.c.obj
                0x0000000010000ce0                sleep_until
 .text.sleep_ms
                0x0000000010000da4       0x34 CMakeFiles/weather_station.dir/home/gael/hepia/CSH/pico_sdk/pico-sdk/src/common/pico_time/time.c.obj
                0x0000000010000da4                sleep_ms
 .text.best_effort_wfe_or_timeout
                0x0000000010000dd8       0x78 CMakeFiles/weather_station.dir/home/gael/hepia/CSH/pico_sdk/pico-sdk/src/common/pico_time/time.c.obj
                0x0000000010000dd8                best_effort_wfe_or_timeout
 .text.hardware_alarm_irq_handler
                0x0000000010000e50       0xbc CMakeFiles/weather_station.dir/home/gael/hepia/CSH/pico_sdk/pico-sdk/src/rp2_common/hardware_timer/timer.c.obj
 .text.hardware_alarm_claim
                0x0000000010000f0c       0x18 CMakeFiles/weather_station.dir/home/gael/hepia/CSH/pico_sdk/pico-sdk/src/rp2_common/hardware_timer/timer.c.obj
                0x0000000010000f0c                hardware_alarm_claim
 .text.time_us_64
                0x0000000010000f24       0x14 CMakeFiles/weather_station.dir/home/gael/hepia/CSH/pico_sdk/pico-sdk/src/rp2_common/hardware_timer/timer.c.obj
                0x0000000010000f24                time_us_64
 .text.busy_wait_until
                0x0000000010000f38       0x20 CMakeFiles/weather_station.dir/home/gael/hepia/CSH/pico_sdk/pico-sdk/src/rp2_common/hardware_timer/timer.c.obj
                0x0000000010000f38                busy_wait_until
 .text.hardware_alarm_set_callback
                0x0000000010000f58       0x8c CMakeFiles/weather_station.dir/home/gael/hepia/CSH/pico_sdk/pico-sdk/src/rp2_common/hardware_timer/timer.c.obj
                0x0000000010000f58                hardware_alarm_set_callback
 .text.hardware_alarm_set_target
                0x0000000010000fe4       0xe0 CMakeFiles/weather_station.dir/home/gael/hepia/CSH/pico_sdk/pico-sdk/src/rp2_common/hardware_timer/timer.c.obj
                0x0000000010000fe4                hardware_alarm_set_target
 .text.hardware_alarm_cancel
                0x00000000100010c4       0x3c CMakeFiles/weather_station.dir/home/gael/hepia/CSH/pico_sdk/pico-sdk/src/rp2_common/hardware_timer/timer.c.obj
                0x00000000100010c4                hardware_alarm_cancel
 .text.irq_set_enabled
                0x0000000010001100       0x24 CMakeFiles/weather_station.dir/home/gael/hepia/CSH/pico_sdk/pico-sdk/src/rp2_common/hardware_irq/irq.c.obj
                0x0000000010001100                irq_set_enabled
 .text.irq_set_pending
                0x0000000010001124       0x10 CMakeFiles/weather_station.dir/home/gael/hepia/CSH/pico_sdk/pico-sdk/src/rp2_common/hardware_irq/irq.c.obj
                0x0000000010001124                irq_set_pending
 .text.irq_has_shared_handler
                0x0000000010001134       0x2c CMakeFiles/weather_station.dir/home/gael/hepia/CSH/pico_sdk/pico-sdk/src/rp2_common/hardware_irq/irq.c.obj
                0x0000000010001134                irq_has_shared_handler
 .text.irq_get_vtable_handler
                0x0000000010001160       0x10 CMakeFiles/weather_station.dir/home/gael/hepia/CSH/pico_sdk/pico-sdk/src/rp2_common/hardware_irq/irq.c.obj
                0x0000000010001160                irq_get_vtable_handler
 .text.irq_set_exclusive_handler
                0x0000000010001170       0x54 CMakeFiles/weather_station.dir/home/gael/hepia/CSH/pico_sdk/pico-sdk/src/rp2_common/hardware_irq/irq.c.obj
                0x0000000010001170                irq_set_exclusive_handler
 .text.irq_add_shared_handler
                0x00000000100011c4      0x1e8 CMakeFiles/weather_station.dir/home/gael/hepia/CSH/pico_sdk/pico-sdk/src/rp2_common/hardware_irq/irq.c.obj
                0x00000000100011c4                irq_add_shared_handler
 .text.irq_remove_handler
                0x00000000100013ac      0x1b0 CMakeFiles/weather_station.dir/home/gael/hepia/CSH/pico_sdk/pico-sdk/src/rp2_common/hardware_irq/irq.c.obj
                0x00000000100013ac                irq_remove_handler
 .text.irq_add_tail_to_free_list
                0x000000001000155c       0xb4 CMakeFiles/weather_station.dir/home/gael/hepia/CSH/pico_sdk/pico-sdk/src/rp2_common/hardware_irq/irq.c.obj
                0x000000001000155c                irq_add_tail_to_free_list
 .text.irq_init_priorities
                0x0000000010001610       0x24 CMakeFiles/weather_station.dir/home/gael/hepia/CSH/pico_sdk/pico-sdk/src/rp2_common/hardware_irq/irq.c.obj
                0x0000000010001610                irq_init_priorities
 .text.user_irq_claim_unused
                0x0000000010001634       0x28 CMakeFiles/weather_station.dir/home/gael/hepia/CSH/pico_sdk/pico-sdk/src/rp2_common/hardware_irq/irq.c.obj
                0x0000000010001634                user_irq_claim_unused
 .text.lock_init
                0x000000001000165c       0x10 CMakeFiles/weather_station.dir/home/gael/hepia/CSH/pico_sdk/pico-sdk/src/common/pico_sync/lock_core.c.obj
                0x000000001000165c                lock_init
 .text.mutex_init
                0x000000001000166c       0x1c CMakeFiles/weather_station.dir/home/gael/hepia/CSH/pico_sdk/pico-sdk/src/common/pico_sync/mutex.c.obj
                0x000000001000166c                mutex_init
 .text.recursive_mutex_init
                0x0000000010001688       0x1c CMakeFiles/weather_station.dir/home/gael/hepia/CSH/pico_sdk/pico-sdk/src/common/pico_sync/mutex.c.obj
                0x0000000010001688                recursive_mutex_init
 .text.critical_section_init
                0x00000000100016a4       0x20 CMakeFiles/weather_station.dir/home/gael/hepia/CSH/pico_sdk/pico-sdk/src/common/pico_sync/critical_section.c.obj
                0x00000000100016a4                critical_section_init
 .text.critical_section_init_with_lock_num
                0x00000000100016c4       0x14 CMakeFiles/weather_station.dir/home/gael/hepia/CSH/pico_sdk/pico-sdk/src/common/pico_sync/critical_section.c.obj
                0x00000000100016c4                critical_section_init_with_lock_num
 .text.ph_merge_nodes
                0x00000000100016d8       0x68 CMakeFiles/weather_station.dir/home/gael/hepia/CSH/pico_sdk/pico-sdk/src/common/pico_util/pheap.c.obj
 .text.ph_post_alloc_init
                0x0000000010001740       0x3c CMakeFiles/weather_station.dir/home/gael/hepia/CSH/pico_sdk/pico-sdk/src/common/pico_util/pheap.c.obj
                0x0000000010001740                ph_post_alloc_init
 .text.ph_merge_two_pass
                0x000000001000177c       0x90 CMakeFiles/weather_station.dir/home/gael/hepia/CSH/pico_sdk/pico-sdk/src/common/pico_util/pheap.c.obj
                0x000000001000177c                ph_merge_two_pass
 .text.ph_remove_any_head
                0x000000001000180c      0x100 CMakeFiles/weather_station.dir/home/gael/hepia/CSH/pico_sdk/pico-sdk/src/common/pico_util/pheap.c.obj
 .text.ph_remove_head
                0x000000001000190c      0x104 CMakeFiles/weather_station.dir/home/gael/hepia/CSH/pico_sdk/pico-sdk/src/common/pico_util/pheap.c.obj
                0x000000001000190c                ph_remove_head
 .text.ph_remove_and_free_node
                0x0000000010001a10       0x7c CMakeFiles/weather_station.dir/home/gael/hepia/CSH/pico_sdk/pico-sdk/src/common/pico_util/pheap.c.obj
                0x0000000010001a10                ph_remove_and_free_node
 .text.clocks_init
                0x0000000010001a8c      0x2bc CMakeFiles/weather_station.dir/home/gael/hepia/CSH/pico_sdk/pico-sdk/src/rp2_common/hardware_clocks/clocks.c.obj
                0x0000000010001a8c                clocks_init
 .text.clock_get_hz
                0x0000000010001d48        0xc CMakeFiles/weather_station.dir/home/gael/hepia/CSH/pico_sdk/pico-sdk/src/rp2_common/hardware_clocks/clocks.c.obj
                0x0000000010001d48                clock_get_hz
 .text.gpio_set_function
                0x0000000010001d54       0x30 CMakeFiles/weather_station.dir/home/gael/hepia/CSH/pico_sdk/pico-sdk/src/rp2_common/hardware_gpio/gpio.c.obj
                0x0000000010001d54                gpio_set_function
 .text.gpio_init
                0x0000000010001d84       0x3c CMakeFiles/weather_station.dir/home/gael/hepia/CSH/pico_sdk/pico-sdk/src/rp2_common/hardware_gpio/gpio.c.obj
                0x0000000010001d84                gpio_init
 .text.pll_init
                0x0000000010001dc0       0xb0 CMakeFiles/weather_station.dir/home/gael/hepia/CSH/pico_sdk/pico-sdk/src/rp2_common/hardware_pll/pll.c.obj
                0x0000000010001dc0                pll_init
 .text.watchdog_start_tick
                0x0000000010001e70       0x10 CMakeFiles/weather_station.dir/home/gael/hepia/CSH/pico_sdk/pico-sdk/src/rp2_common/hardware_watchdog/watchdog.c.obj
                0x0000000010001e70                watchdog_start_tick
 .text.watchdog_reboot
                0x0000000010001e80       0x98 CMakeFiles/weather_station.dir/home/gael/hepia/CSH/pico_sdk/pico-sdk/src/rp2_common/hardware_watchdog/watchdog.c.obj
                0x0000000010001e80                watchdog_reboot
 .text.xosc_init
                0x0000000010001f18       0x28 CMakeFiles/weather_station.dir/home/gael/hepia/CSH/pico_sdk/pico-sdk/src/rp2_common/hardware_xosc/xosc.c.obj
                0x0000000010001f18                xosc_init
 .text.runtime_init
                0x0000000010001f40       0xf0 CMakeFiles/weather_station.dir/home/gael/hepia/CSH/pico_sdk/pico-sdk/src/rp2_common/pico_runtime/runtime.c.obj
                0x0000000010001f40                runtime_init
 .text._exit    0x0000000010002030        0x4 CMakeFiles/weather_station.dir/home/gael/hepia/CSH/pico_sdk/pico-sdk/src/rp2_common/pico_runtime/runtime.c.obj
                0x0000000010002030                _exit
 .text.exit     0x0000000010002034        0x8 CMakeFiles/weather_station.dir/home/gael/hepia/CSH/pico_sdk/pico-sdk/src/rp2_common/pico_runtime/runtime.c.obj
                0x0000000010002034                exit
 .text.panic    0x000000001000203c       0x30 CMakeFiles/weather_station.dir/home/gael/hepia/CSH/pico_sdk/pico-sdk/src/rp2_common/pico_runtime/runtime.c.obj
                0x000000001000203c                panic
 .text.hard_assertion_failure
                0x000000001000206c        0xc CMakeFiles/weather_station.dir/home/gael/hepia/CSH/pico_sdk/pico-sdk/src/rp2_common/pico_runtime/runtime.c.obj
                0x000000001000206c                hard_assertion_failure
 .text._out_buffer
                0x0000000010002078        0x8 CMakeFiles/weather_station.dir/home/gael/hepia/CSH/pico_sdk/pico-sdk/src/rp2_common/pico_printf/printf.c.obj
 .text._out_null
                0x0000000010002080        0x4 CMakeFiles/weather_station.dir/home/gael/hepia/CSH/pico_sdk/pico-sdk/src/rp2_common/pico_printf/printf.c.obj
 .text._out_rev
                0x0000000010002084       0x9c CMakeFiles/weather_station.dir/home/gael/hepia/CSH/pico_sdk/pico-sdk/src/rp2_common/pico_printf/printf.c.obj
 .text._ntoa_format
                0x0000000010002120      0x1cc CMakeFiles/weather_station.dir/home/gael/hepia/CSH/pico_sdk/pico-sdk/src/rp2_common/pico_printf/printf.c.obj
 .text._out_char
                0x00000000100022ec       0x10 CMakeFiles/weather_station.dir/home/gael/hepia/CSH/pico_sdk/pico-sdk/src/rp2_common/pico_printf/printf.c.obj
 .text._out_fct
                0x00000000100022fc       0x10 CMakeFiles/weather_station.dir/home/gael/hepia/CSH/pico_sdk/pico-sdk/src/rp2_common/pico_printf/printf.c.obj
 .text._etoa    0x000000001000230c      0x44c CMakeFiles/weather_station.dir/home/gael/hepia/CSH/pico_sdk/pico-sdk/src/rp2_common/pico_printf/printf.c.obj
 .text._ftoa    0x0000000010002758      0x398 CMakeFiles/weather_station.dir/home/gael/hepia/CSH/pico_sdk/pico-sdk/src/rp2_common/pico_printf/printf.c.obj
 .text._vsnprintf
                0x0000000010002af0      0xb04 CMakeFiles/weather_station.dir/home/gael/hepia/CSH/pico_sdk/pico-sdk/src/rp2_common/pico_printf/printf.c.obj
 .text.__wrap_sprintf
                0x00000000100035f4       0x28 CMakeFiles/weather_station.dir/home/gael/hepia/CSH/pico_sdk/pico-sdk/src/rp2_common/pico_printf/printf.c.obj
                0x00000000100035f4                __wrap_sprintf
 .text.vfctprintf
                0x000000001000361c       0x20 CMakeFiles/weather_station.dir/home/gael/hepia/CSH/pico_sdk/pico-sdk/src/rp2_common/pico_printf/printf.c.obj
                0x000000001000361c                vfctprintf
 .text.weak_raw_vprintf
                0x000000001000363c       0x30 CMakeFiles/weather_station.dir/home/gael/hepia/CSH/pico_sdk/pico-sdk/src/rp2_common/pico_printf/printf.c.obj
                0x000000001000363c                weak_raw_vprintf
 .text          0x000000001000366c       0x10 CMakeFiles/weather_station.dir/home/gael/hepia/CSH/pico_sdk/pico-sdk/src/rp2_common/pico_bit_ops/bit_ops_aeabi.S.obj
 .text.rom_func_lookup
                0x000000001000367c       0x10 CMakeFiles/weather_station.dir/home/gael/hepia/CSH/pico_sdk/pico-sdk/src/rp2_common/pico_bootrom/bootrom.c.obj
                0x000000001000367c                rom_func_lookup
 .text.rom_data_lookup
                0x000000001000368c       0x10 CMakeFiles/weather_station.dir/home/gael/hepia/CSH/pico_sdk/pico-sdk/src/rp2_common/pico_bootrom/bootrom.c.obj
                0x000000001000368c                rom_data_lookup
 .text.rom_funcs_lookup
                0x000000001000369c       0x44 CMakeFiles/weather_station.dir/home/gael/hepia/CSH/pico_sdk/pico-sdk/src/rp2_common/pico_bootrom/bootrom.c.obj
                0x000000001000369c                rom_funcs_lookup
 .text.__wrap___aeabi_idiv
                0x00000000100036e0       0x50 CMakeFiles/weather_station.dir/home/gael/hepia/CSH/pico_sdk/pico-sdk/src/rp2_common/pico_divider/divider.S.obj
                0x00000000100036e0                __wrap___aeabi_idivmod
                0x00000000100036e0                divmod_s32s32
                0x00000000100036e0                div_s32s32
                0x00000000100036e0                __wrap___aeabi_idiv
                0x00000000100036e8                divmod_s32s32_unsafe
                0x0000000010003714                divmod_s32s32_savestate
 .text.__wrap___aeabi_uidiv
                0x0000000010003730       0x4c CMakeFiles/weather_station.dir/home/gael/hepia/CSH/pico_sdk/pico-sdk/src/rp2_common/pico_divider/divider.S.obj
                0x0000000010003730                __wrap___aeabi_uidiv
                0x0000000010003730                __wrap___aeabi_uidivmod
                0x0000000010003730                div_u32u32
                0x0000000010003730                divmod_u32u32
                0x0000000010003738                divmod_u32u32_unsafe
                0x0000000010003760                divmod_u32u32_savestate
 .text.__wrap___aeabi_ldiv
                0x000000001000377c      0x424 CMakeFiles/weather_station.dir/home/gael/hepia/CSH/pico_sdk/pico-sdk/src/rp2_common/pico_divider/divider.S.obj
                0x000000001000377c                div_s64s64
                0x000000001000377c                divmod_s64s64
                0x000000001000377c                __wrap___aeabi_ldivmod
                0x00000000100037ac                div_u64u64
                0x00000000100037ac                divmod_u64u64
                0x00000000100037ac                __wrap___aeabi_uldivmod
                0x00000000100037bc                divmod_u64u64_savestate
                0x00000000100037dc                divmod_s64s64_unsafe
                0x0000000010003864                divmod_u64u64_unsafe
 .text.__wrap___aeabi_darithmetic
                0x0000000010003ba0       0x80 CMakeFiles/weather_station.dir/home/gael/hepia/CSH/pico_sdk/pico-sdk/src/rp2_common/pico_double/double_aeabi.S.obj
                0x0000000010003ba0                __wrap___aeabi_drsub
                0x0000000010003ba6                __wrap___aeabi_dsub
                0x0000000010003bb8                __wrap___aeabi_dadd
                0x0000000010003bca                __wrap___aeabi_ddiv
                0x0000000010003c06                __wrap___aeabi_dmul
 .text.__wrap___aeabi_cdcmple
                0x0000000010003c20       0x6c CMakeFiles/weather_station.dir/home/gael/hepia/CSH/pico_sdk/pico-sdk/src/rp2_common/pico_double/double_aeabi.S.obj
                0x0000000010003c20                __wrap___aeabi_cdrcmple
                0x0000000010003c30                __wrap___aeabi_cdcmple
                0x0000000010003c30                __wrap___aeabi_cdcmpeq
 .text.__wrap___aeabi_dcmpeq
                0x0000000010003c8c       0x10 CMakeFiles/weather_station.dir/home/gael/hepia/CSH/pico_sdk/pico-sdk/src/rp2_common/pico_double/double_aeabi.S.obj
                0x0000000010003c8c                __wrap___aeabi_dcmpeq
 .text.__wrap___aeabi_dcmplt
                0x0000000010003c9c        0xc CMakeFiles/weather_station.dir/home/gael/hepia/CSH/pico_sdk/pico-sdk/src/rp2_common/pico_double/double_aeabi.S.obj
                0x0000000010003c9c                __wrap___aeabi_dcmplt
 .text.__wrap___aeabi_dcmple
                0x0000000010003ca8       0x10 CMakeFiles/weather_station.dir/home/gael/hepia/CSH/pico_sdk/pico-sdk/src/rp2_common/pico_double/double_aeabi.S.obj
                0x0000000010003ca8                __wrap___aeabi_dcmple
 .text.__wrap___aeabi_dcmpge
                0x0000000010003cb8       0x10 CMakeFiles/weather_station.dir/home/gael/hepia/CSH/pico_sdk/pico-sdk/src/rp2_common/pico_double/double_aeabi.S.obj
                0x0000000010003cb8                __wrap___aeabi_dcmpge
 .text.__wrap___aeabi_dcmpgt
                0x0000000010003cc8        0xa CMakeFiles/weather_station.dir/home/gael/hepia/CSH/pico_sdk/pico-sdk/src/rp2_common/pico_double/double_aeabi.S.obj
                0x0000000010003cc8                __wrap___aeabi_dcmpgt
 .text.__wrap___aeabi_dcmpun
                0x0000000010003cd2       0x1c CMakeFiles/weather_station.dir/home/gael/hepia/CSH/pico_sdk/pico-sdk/src/rp2_common/pico_double/double_aeabi.S.obj
                0x0000000010003cd2                __wrap___aeabi_dcmpun
 *fill*         0x0000000010003cee        0x2 
 .text.__wrap___aeabi_i2d
                0x0000000010003cf0       0x38 CMakeFiles/weather_station.dir/home/gael/hepia/CSH/pico_sdk/pico-sdk/src/rp2_common/pico_double/double_aeabi.S.obj
                0x0000000010003cf0                __wrap___aeabi_ui2d
                0x0000000010003cf8                __wrap___aeabi_i2d
 .text.__wrap___aeabi_d2iz
                0x0000000010003d28       0x48 CMakeFiles/weather_station.dir/home/gael/hepia/CSH/pico_sdk/pico-sdk/src/rp2_common/pico_double/double_aeabi.S.obj
                0x0000000010003d28                __wrap___aeabi_d2iz
                0x0000000010003d28                double2int_z
 .text.__wrap___aeabi_d2uiz
                0x0000000010003d70       0x18 CMakeFiles/weather_station.dir/home/gael/hepia/CSH/pico_sdk/pico-sdk/src/rp2_common/pico_double/double_aeabi.S.obj
                0x0000000010003d70                double2uint
                0x0000000010003d70                __wrap___aeabi_d2uiz
 .text.__wrap___aeabi_d2f
                0x0000000010003d88       0x18 CMakeFiles/weather_station.dir/home/gael/hepia/CSH/pico_sdk/pico-sdk/src/rp2_common/pico_double/double_aeabi.S.obj
                0x0000000010003d88                __wrap___aeabi_d2f
 .text.__aeabi_double_init
                0x0000000010003da0       0x94 CMakeFiles/weather_station.dir/home/gael/hepia/CSH/pico_sdk/pico-sdk/src/rp2_common/pico_double/double_init_rom.c.obj
                0x0000000010003da0                __aeabi_double_init
 .text.double_table_shim_on_use_helper
                0x0000000010003e34       0x2c CMakeFiles/weather_station.dir/home/gael/hepia/CSH/pico_sdk/pico-sdk/src/rp2_common/pico_double/double_v1_rom_shim.S.obj
                0x0000000010003e34                double_table_shim_on_use_helper
 .text.__wrap___aeabi_dsub
                0x0000000010003e60       0x10 CMakeFiles/weather_station.dir/home/gael/hepia/CSH/pico_sdk/pico-sdk/src/rp2_common/pico_double/double_v1_rom_shim.S.obj
                0x0000000010003e60                drsub_shim
                0x0000000010003e66                dsub_shim
 .text.dadd_shim
                0x0000000010003e70      0x15c CMakeFiles/weather_station.dir/home/gael/hepia/CSH/pico_sdk/pico-sdk/src/rp2_common/pico_double/double_v1_rom_shim.S.obj
                0x0000000010003e70                dadd_shim
 .text.dmul_shim
                0x0000000010003fcc      0x15c CMakeFiles/weather_station.dir/home/gael/hepia/CSH/pico_sdk/pico-sdk/src/rp2_common/pico_double/double_v1_rom_shim.S.obj
                0x0000000010003fcc                dmul_shim
 .text.ddiv_shim
                0x0000000010004128      0x1b0 CMakeFiles/weather_station.dir/home/gael/hepia/CSH/pico_sdk/pico-sdk/src/rp2_common/pico_double/double_v1_rom_shim.S.obj
                0x0000000010004128                ddiv_shim
 .text.double2uint_shim
                0x00000000100042d8        0xe CMakeFiles/weather_station.dir/home/gael/hepia/CSH/pico_sdk/pico-sdk/src/rp2_common/pico_double/double_v1_rom_shim.S.obj
                0x00000000100042d8                double2uint_shim
                0x00000000100042da                double2ufix_shim
 *fill*         0x00000000100042e6        0x2 
 .text.double2uint64_shim
                0x00000000100042e8       0x70 CMakeFiles/weather_station.dir/home/gael/hepia/CSH/pico_sdk/pico-sdk/src/rp2_common/pico_double/double_v1_rom_shim.S.obj
                0x00000000100042e8                double2uint64_shim
                0x00000000100042ea                double2ufix64_shim
                0x000000001000430a                d2fix_a
 .text.double2float_shim
                0x0000000010004358       0x5c CMakeFiles/weather_station.dir/home/gael/hepia/CSH/pico_sdk/pico-sdk/src/rp2_common/pico_double/double_v1_rom_shim.S.obj
                0x0000000010004358                double2float_shim
 .text.dunpacks
                0x00000000100043b4       0x3c CMakeFiles/weather_station.dir/home/gael/hepia/CSH/pico_sdk/pico-sdk/src/rp2_common/pico_double/double_v1_rom_shim.S.obj
                0x00000000100043b4                dunpacks
 .text.__aeabi_lmul
                0x00000000100043f0       0x32 CMakeFiles/weather_station.dir/home/gael/hepia/CSH/pico_sdk/pico-sdk/src/rp2_common/pico_int64_ops/pico_int64_ops_aeabi.S.obj
                0x00000000100043f0                __wrap___aeabi_lmul
 *fill*         0x0000000010004422        0x2 
 .text.__wrap___aeabi_farithmetic
                0x0000000010004424       0x48 CMakeFiles/weather_station.dir/home/gael/hepia/CSH/pico_sdk/pico-sdk/src/rp2_common/pico_float/float_aeabi.S.obj
                0x0000000010004424                __wrap___aeabi_frsub
                0x000000001000442a                __wrap___aeabi_fsub
                0x0000000010004430                __wrap___aeabi_fadd
                0x0000000010004436                __wrap___aeabi_fdiv
                0x000000001000445e                __wrap___aeabi_fmul
 .text.__wrap___aeabi_f2iz
                0x000000001000446c       0x4e CMakeFiles/weather_station.dir/home/gael/hepia/CSH/pico_sdk/pico-sdk/src/rp2_common/pico_float/float_aeabi.S.obj
                0x000000001000446c                __wrap___aeabi_f2iz
                0x000000001000446c                float2int_z
 *fill*         0x00000000100044ba        0x2 
 .text.float2int
                0x00000000100044bc       0x14 CMakeFiles/weather_station.dir/home/gael/hepia/CSH/pico_sdk/pico-sdk/src/rp2_common/pico_float/float_aeabi.S.obj
                0x00000000100044bc                float2int
 .text.__wrap___aeabi_f2uiz
                0x00000000100044d0        0xc CMakeFiles/weather_station.dir/home/gael/hepia/CSH/pico_sdk/pico-sdk/src/rp2_common/pico_float/float_aeabi.S.obj
                0x00000000100044d0                __wrap___aeabi_f2uiz
 .text.__aeabi_float_init
                0x00000000100044dc       0x64 CMakeFiles/weather_station.dir/home/gael/hepia/CSH/pico_sdk/pico-sdk/src/rp2_common/pico_float/float_init_rom.c.obj
                0x00000000100044dc                __aeabi_float_init
 .text.float_table_shim_on_use_helper
                0x0000000010004540       0x2c CMakeFiles/weather_station.dir/home/gael/hepia/CSH/pico_sdk/pico-sdk/src/rp2_common/pico_float/float_v1_rom_shim.S.obj
                0x0000000010004540                float_table_shim_on_use_helper
 .text.float232_shims
                0x000000001000456c       0x18 CMakeFiles/weather_station.dir/home/gael/hepia/CSH/pico_sdk/pico-sdk/src/rp2_common/pico_float/float_v1_rom_shim.S.obj
                0x000000001000456c                float2int_shim
                0x000000001000456e                float2fix_shim
 .text          0x0000000010004584       0x10 CMakeFiles/weather_station.dir/home/gael/hepia/CSH/pico_sdk/pico-sdk/src/rp2_common/pico_mem_ops/mem_ops_aeabi.S.obj
                0x0000000010004584                __aeabi_mem_init
 .text.memset   0x0000000010004594        0xc CMakeFiles/weather_station.dir/home/gael/hepia/CSH/pico_sdk/pico-sdk/src/rp2_common/pico_mem_ops/mem_ops_aeabi.S.obj
                0x0000000010004594                __wrap_memset
 .text.memcpy   0x00000000100045a0        0xc CMakeFiles/weather_station.dir/home/gael/hepia/CSH/pico_sdk/pico-sdk/src/rp2_common/pico_mem_ops/mem_ops_aeabi.S.obj
                0x00000000100045a0                __wrap___aeabi_memcpy
                0x00000000100045a0                __wrap_memcpy
 .text.stdio_out_chars_no_crlf
                0x00000000100045ac       0x10 CMakeFiles/weather_station.dir/home/gael/hepia/CSH/pico_sdk/pico-sdk/src/rp2_common/pico_stdio/stdio.c.obj
 .text.stdio_out_chars_crlf
                0x00000000100045bc       0xb4 CMakeFiles/weather_station.dir/home/gael/hepia/CSH/pico_sdk/pico-sdk/src/rp2_common/pico_stdio/stdio.c.obj
 .text.stdio_buffered_printer
                0x0000000010004670       0x64 CMakeFiles/weather_station.dir/home/gael/hepia/CSH/pico_sdk/pico-sdk/src/rp2_common/pico_stdio/stdio.c.obj
 .text.stdio_put_string.isra.0
                0x00000000100046d4       0xfc CMakeFiles/weather_station.dir/home/gael/hepia/CSH/pico_sdk/pico-sdk/src/rp2_common/pico_stdio/stdio.c.obj
 .text.__wrap_putchar
                0x00000000100047d0       0x98 CMakeFiles/weather_station.dir/home/gael/hepia/CSH/pico_sdk/pico-sdk/src/rp2_common/pico_stdio/stdio.c.obj
                0x00000000100047d0                __wrap_putchar
 .text.__wrap_puts
                0x0000000010004868       0x3c CMakeFiles/weather_station.dir/home/gael/hepia/CSH/pico_sdk/pico-sdk/src/rp2_common/pico_stdio/stdio.c.obj
                0x0000000010004868                __wrap_puts
 .text.stdio_set_driver_enabled
                0x00000000100048a4       0x30 CMakeFiles/weather_station.dir/home/gael/hepia/CSH/pico_sdk/pico-sdk/src/rp2_common/pico_stdio/stdio.c.obj
                0x00000000100048a4                stdio_set_driver_enabled
 .text.__wrap_vprintf
                0x00000000100048d4       0xd8 CMakeFiles/weather_station.dir/home/gael/hepia/CSH/pico_sdk/pico-sdk/src/rp2_common/pico_stdio/stdio.c.obj
                0x00000000100048d4                __wrap_vprintf
 .text.__wrap_printf
                0x00000000100049ac       0x18 CMakeFiles/weather_station.dir/home/gael/hepia/CSH/pico_sdk/pico-sdk/src/rp2_common/pico_stdio/stdio.c.obj
                0x00000000100049ac                __wrap_printf
 .text.stdio_init_all
                0x00000000100049c4        0x8 CMakeFiles/weather_station.dir/home/gael/hepia/CSH/pico_sdk/pico-sdk/src/rp2_common/pico_stdio/stdio.c.obj
                0x00000000100049c4                stdio_init_all
 .text.resetd_init
                0x00000000100049cc        0x4 CMakeFiles/weather_station.dir/home/gael/hepia/CSH/pico_sdk/pico-sdk/src/rp2_common/pico_stdio_usb/reset_interface.c.obj
 .text.resetd_reset
                0x00000000100049d0        0xc CMakeFiles/weather_station.dir/home/gael/hepia/CSH/pico_sdk/pico-sdk/src/rp2_common/pico_stdio_usb/reset_interface.c.obj
 .text.resetd_open
                0x00000000100049dc       0x28 CMakeFiles/weather_station.dir/home/gael/hepia/CSH/pico_sdk/pico-sdk/src/rp2_common/pico_stdio_usb/reset_interface.c.obj
 .text.resetd_xfer_cb
                0x0000000010004a04        0x4 CMakeFiles/weather_station.dir/home/gael/hepia/CSH/pico_sdk/pico-sdk/src/rp2_common/pico_stdio_usb/reset_interface.c.obj
 .text.resetd_control_xfer_cb
                0x0000000010004a08       0x64 CMakeFiles/weather_station.dir/home/gael/hepia/CSH/pico_sdk/pico-sdk/src/rp2_common/pico_stdio_usb/reset_interface.c.obj
 .text.usbd_app_driver_get_cb
                0x0000000010004a6c        0xc CMakeFiles/weather_station.dir/home/gael/hepia/CSH/pico_sdk/pico-sdk/src/rp2_common/pico_stdio_usb/reset_interface.c.obj
                0x0000000010004a6c                usbd_app_driver_get_cb
 .text.tud_cdc_line_coding_cb
                0x0000000010004a78       0x34 CMakeFiles/weather_station.dir/home/gael/hepia/CSH/pico_sdk/pico-sdk/src/rp2_common/pico_stdio_usb/reset_interface.c.obj
                0x0000000010004a78                tud_cdc_line_coding_cb
 .text.stdio_usb_set_chars_available_callback
                0x0000000010004aac       0x14 CMakeFiles/weather_station.dir/home/gael/hepia/CSH/pico_sdk/pico-sdk/src/rp2_common/pico_stdio_usb/stdio_usb.c.obj
                0x0000000010004aac                stdio_usb_set_chars_available_callback
 .text.usb_irq  0x0000000010004ac0       0x10 CMakeFiles/weather_station.dir/home/gael/hepia/CSH/pico_sdk/pico-sdk/src/rp2_common/pico_stdio_usb/stdio_usb.c.obj
 .text.timer_task
                0x0000000010004ad0       0x54 CMakeFiles/weather_station.dir/home/gael/hepia/CSH/pico_sdk/pico-sdk/src/rp2_common/pico_stdio_usb/stdio_usb.c.obj
 .text.stdio_usb_in_chars
                0x0000000010004b24       0x90 CMakeFiles/weather_station.dir/home/gael/hepia/CSH/pico_sdk/pico-sdk/src/rp2_common/pico_stdio_usb/stdio_usb.c.obj
                0x0000000010004b24                stdio_usb_in_chars
 .text.stdio_usb_out_chars
                0x0000000010004bb4      0x100 CMakeFiles/weather_station.dir/home/gael/hepia/CSH/pico_sdk/pico-sdk/src/rp2_common/pico_stdio_usb/stdio_usb.c.obj
 .text.low_priority_worker_irq
                0x0000000010004cb4       0xa8 CMakeFiles/weather_station.dir/home/gael/hepia/CSH/pico_sdk/pico-sdk/src/rp2_common/pico_stdio_usb/stdio_usb.c.obj
 .text.tud_cdc_rx_cb
                0x0000000010004d5c       0x20 CMakeFiles/weather_station.dir/home/gael/hepia/CSH/pico_sdk/pico-sdk/src/rp2_common/pico_stdio_usb/stdio_usb.c.obj
                0x0000000010004d5c                tud_cdc_rx_cb
 .text.stdio_usb_init
                0x0000000010004d7c       0xdc CMakeFiles/weather_station.dir/home/gael/hepia/CSH/pico_sdk/pico-sdk/src/rp2_common/pico_stdio_usb/stdio_usb.c.obj
                0x0000000010004d7c                stdio_usb_init
 .text.tud_descriptor_device_cb
                0x0000000010004e58        0x8 CMakeFiles/weather_station.dir/home/gael/hepia/CSH/pico_sdk/pico-sdk/src/rp2_common/pico_stdio_usb/stdio_usb_descriptors.c.obj
                0x0000000010004e58                tud_descriptor_device_cb
 .text.tud_descriptor_configuration_cb
                0x0000000010004e60        0x8 CMakeFiles/weather_station.dir/home/gael/hepia/CSH/pico_sdk/pico-sdk/src/rp2_common/pico_stdio_usb/stdio_usb_descriptors.c.obj
                0x0000000010004e60                tud_descriptor_configuration_cb
 .text.tud_descriptor_string_cb
                0x0000000010004e68       0x74 CMakeFiles/weather_station.dir/home/gael/hepia/CSH/pico_sdk/pico-sdk/src/rp2_common/pico_stdio_usb/stdio_usb_descriptors.c.obj
                0x0000000010004e68                tud_descriptor_string_cb
 .text.startup._retrieve_unique_id_on_boot
                0x0000000010004edc       0x10 CMakeFiles/weather_station.dir/home/gael/hepia/CSH/pico_sdk/pico-sdk/src/rp2_common/pico_unique_id/unique_id.c.obj
 .text.pico_get_unique_board_id_string
                0x0000000010004eec      0x1a8 CMakeFiles/weather_station.dir/home/gael/hepia/CSH/pico_sdk/pico-sdk/src/rp2_common/pico_unique_id/unique_id.c.obj
                0x0000000010004eec                pico_get_unique_board_id_string
 .text.flash_get_unique_id
                0x0000000010005094       0x40 CMakeFiles/weather_station.dir/home/gael/hepia/CSH/pico_sdk/pico-sdk/src/rp2_common/hardware_flash/flash.c.obj
                0x0000000010005094                flash_get_unique_id
 .text.dcd_int_enable
                0x00000000100050d4        0xc CMakeFiles/weather_station.dir/home/gael/hepia/CSH/pico_sdk/pico-sdk/lib/tinyusb/src/portable/raspberrypi/rp2040/dcd_rp2040.c.obj
                0x00000000100050d4                dcd_int_enable
 .text.dcd_set_address
                0x00000000100050e0       0x14 CMakeFiles/weather_station.dir/home/gael/hepia/CSH/pico_sdk/pico-sdk/lib/tinyusb/src/portable/raspberrypi/rp2040/dcd_rp2040.c.obj
                0x00000000100050e0                dcd_set_address
 .text.dcd_connect
                0x00000000100050f4       0x10 CMakeFiles/weather_station.dir/home/gael/hepia/CSH/pico_sdk/pico-sdk/lib/tinyusb/src/portable/raspberrypi/rp2040/dcd_rp2040.c.obj
                0x00000000100050f4                dcd_connect
 .text.dcd_init
                0x0000000010005104       0x98 CMakeFiles/weather_station.dir/home/gael/hepia/CSH/pico_sdk/pico-sdk/lib/tinyusb/src/portable/raspberrypi/rp2040/dcd_rp2040.c.obj
                0x0000000010005104                dcd_init
 .text.dcd_edpt0_status_complete
                0x000000001000519c       0x1c CMakeFiles/weather_station.dir/home/gael/hepia/CSH/pico_sdk/pico-sdk/lib/tinyusb/src/portable/raspberrypi/rp2040/dcd_rp2040.c.obj
                0x000000001000519c                dcd_edpt0_status_complete
 .text.dcd_edpt_open
                0x00000000100051b8      0x108 CMakeFiles/weather_station.dir/home/gael/hepia/CSH/pico_sdk/pico-sdk/lib/tinyusb/src/portable/raspberrypi/rp2040/dcd_rp2040.c.obj
                0x00000000100051b8                dcd_edpt_open
 .text.dcd_edpt_close_all
                0x00000000100052c0        0x8 CMakeFiles/weather_station.dir/home/gael/hepia/CSH/pico_sdk/pico-sdk/lib/tinyusb/src/portable/raspberrypi/rp2040/dcd_rp2040.c.obj
                0x00000000100052c0                dcd_edpt_close_all
 .text.dcd_edpt_xfer
                0x00000000100052c8       0x24 CMakeFiles/weather_station.dir/home/gael/hepia/CSH/pico_sdk/pico-sdk/lib/tinyusb/src/portable/raspberrypi/rp2040/dcd_rp2040.c.obj
                0x00000000100052c8                dcd_edpt_xfer
 .text.dcd_edpt_stall
                0x00000000100052ec       0x38 CMakeFiles/weather_station.dir/home/gael/hepia/CSH/pico_sdk/pico-sdk/lib/tinyusb/src/portable/raspberrypi/rp2040/dcd_rp2040.c.obj
                0x00000000100052ec                dcd_edpt_stall
 .text.dcd_edpt_clear_stall
                0x0000000010005324       0x30 CMakeFiles/weather_station.dir/home/gael/hepia/CSH/pico_sdk/pico-sdk/lib/tinyusb/src/portable/raspberrypi/rp2040/dcd_rp2040.c.obj
                0x0000000010005324                dcd_edpt_clear_stall
 .text.rp2040_usb_init
                0x0000000010005354       0x4c CMakeFiles/weather_station.dir/home/gael/hepia/CSH/pico_sdk/pico-sdk/lib/tinyusb/src/portable/raspberrypi/rp2040/rp2040_usb.c.obj
                0x0000000010005354                rp2040_usb_init
 .text.hw_endpoint_xfer_start
                0x00000000100053a0       0x50 CMakeFiles/weather_station.dir/home/gael/hepia/CSH/pico_sdk/pico-sdk/lib/tinyusb/src/portable/raspberrypi/rp2040/rp2040_usb.c.obj
                0x00000000100053a0                hw_endpoint_xfer_start
 .text.tud_mounted
                0x00000000100053f0       0x10 CMakeFiles/weather_station.dir/home/gael/hepia/CSH/pico_sdk/pico-sdk/lib/tinyusb/src/device/usbd.c.obj
                0x00000000100053f0                tud_mounted
 .text.tud_suspended
                0x0000000010005400       0x10 CMakeFiles/weather_station.dir/home/gael/hepia/CSH/pico_sdk/pico-sdk/lib/tinyusb/src/device/usbd.c.obj
                0x0000000010005400                tud_suspended
 .text.tud_inited
                0x0000000010005410       0x14 CMakeFiles/weather_station.dir/home/gael/hepia/CSH/pico_sdk/pico-sdk/lib/tinyusb/src/device/usbd.c.obj
                0x0000000010005410                tud_inited
 .text.tud_init
                0x0000000010005424       0xe4 CMakeFiles/weather_station.dir/home/gael/hepia/CSH/pico_sdk/pico-sdk/lib/tinyusb/src/device/usbd.c.obj
                0x0000000010005424                tud_init
 .text.tud_task_ext
                0x0000000010005508      0x854 CMakeFiles/weather_station.dir/home/gael/hepia/CSH/pico_sdk/pico-sdk/lib/tinyusb/src/device/usbd.c.obj
                0x0000000010005508                tud_task_ext
 .text.usbd_open_edpt_pair
                0x0000000010005d5c       0x9c CMakeFiles/weather_station.dir/home/gael/hepia/CSH/pico_sdk/pico-sdk/lib/tinyusb/src/device/usbd.c.obj
                0x0000000010005d5c                usbd_open_edpt_pair
 .text.usbd_defer_func
                0x0000000010005df8       0x48 CMakeFiles/weather_station.dir/home/gael/hepia/CSH/pico_sdk/pico-sdk/lib/tinyusb/src/device/usbd.c.obj
                0x0000000010005df8                usbd_defer_func
 .text.usbd_edpt_open
                0x0000000010005e40       0x34 CMakeFiles/weather_station.dir/home/gael/hepia/CSH/pico_sdk/pico-sdk/lib/tinyusb/src/device/usbd.c.obj
                0x0000000010005e40                usbd_edpt_open
 .text.usbd_edpt_claim
                0x0000000010005e74       0x28 CMakeFiles/weather_station.dir/home/gael/hepia/CSH/pico_sdk/pico-sdk/lib/tinyusb/src/device/usbd.c.obj
                0x0000000010005e74                usbd_edpt_claim
 .text.usbd_edpt_release
                0x0000000010005e9c       0x28 CMakeFiles/weather_station.dir/home/gael/hepia/CSH/pico_sdk/pico-sdk/lib/tinyusb/src/device/usbd.c.obj
                0x0000000010005e9c                usbd_edpt_release
 .text.usbd_edpt_xfer
                0x0000000010005ec4       0x4c CMakeFiles/weather_station.dir/home/gael/hepia/CSH/pico_sdk/pico-sdk/lib/tinyusb/src/device/usbd.c.obj
                0x0000000010005ec4                usbd_edpt_xfer
 .text.tud_control_status
                0x0000000010005f10       0x30 CMakeFiles/weather_station.dir/home/gael/hepia/CSH/pico_sdk/pico-sdk/lib/tinyusb/src/device/usbd_control.c.obj
                0x0000000010005f10                tud_control_status
 .text.tud_control_xfer
                0x0000000010005f40       0xbc CMakeFiles/weather_station.dir/home/gael/hepia/CSH/pico_sdk/pico-sdk/lib/tinyusb/src/device/usbd_control.c.obj
                0x0000000010005f40                tud_control_xfer
 .text.usbd_control_reset
                0x0000000010005ffc       0x14 CMakeFiles/weather_station.dir/home/gael/hepia/CSH/pico_sdk/pico-sdk/lib/tinyusb/src/device/usbd_control.c.obj
                0x0000000010005ffc                usbd_control_reset
 .text.usbd_control_set_complete_callback
                0x0000000010006010        0xc CMakeFiles/weather_station.dir/home/gael/hepia/CSH/pico_sdk/pico-sdk/lib/tinyusb/src/device/usbd_control.c.obj
                0x0000000010006010                usbd_control_set_complete_callback
 .text.usbd_control_set_request
                0x000000001000601c       0x1c CMakeFiles/weather_station.dir/home/gael/hepia/CSH/pico_sdk/pico-sdk/lib/tinyusb/src/device/usbd_control.c.obj
                0x000000001000601c                usbd_control_set_request
 .text.usbd_control_xfer_cb
                0x0000000010006038       0xfc CMakeFiles/weather_station.dir/home/gael/hepia/CSH/pico_sdk/pico-sdk/lib/tinyusb/src/device/usbd_control.c.obj
                0x0000000010006038                usbd_control_xfer_cb
 .text.tud_cdc_n_connected
                0x0000000010006134       0x30 CMakeFiles/weather_station.dir/home/gael/hepia/CSH/pico_sdk/pico-sdk/lib/tinyusb/src/class/cdc/cdc_device.c.obj
                0x0000000010006134                tud_cdc_n_connected
 .text.tud_cdc_n_available
                0x0000000010006164       0x18 CMakeFiles/weather_station.dir/home/gael/hepia/CSH/pico_sdk/pico-sdk/lib/tinyusb/src/class/cdc/cdc_device.c.obj
                0x0000000010006164                tud_cdc_n_available
 .text.tud_cdc_n_read
                0x000000001000617c       0x70 CMakeFiles/weather_station.dir/home/gael/hepia/CSH/pico_sdk/pico-sdk/lib/tinyusb/src/class/cdc/cdc_device.c.obj
                0x000000001000617c                tud_cdc_n_read
 .text.tud_cdc_n_write_flush
                0x00000000100061ec       0x78 CMakeFiles/weather_station.dir/home/gael/hepia/CSH/pico_sdk/pico-sdk/lib/tinyusb/src/class/cdc/cdc_device.c.obj
                0x00000000100061ec                tud_cdc_n_write_flush
 .text.tud_cdc_n_write
                0x0000000010006264       0x34 CMakeFiles/weather_station.dir/home/gael/hepia/CSH/pico_sdk/pico-sdk/lib/tinyusb/src/class/cdc/cdc_device.c.obj
                0x0000000010006264                tud_cdc_n_write
 .text.tud_cdc_n_write_available
                0x0000000010006298       0x18 CMakeFiles/weather_station.dir/home/gael/hepia/CSH/pico_sdk/pico-sdk/lib/tinyusb/src/class/cdc/cdc_device.c.obj
                0x0000000010006298                tud_cdc_n_write_available
 .text.cdcd_init
                0x00000000100062b0       0x7c CMakeFiles/weather_station.dir/home/gael/hepia/CSH/pico_sdk/pico-sdk/lib/tinyusb/src/class/cdc/cdc_device.c.obj
                0x00000000100062b0                cdcd_init
 .text.cdcd_reset
                0x000000001000632c       0x2c CMakeFiles/weather_station.dir/home/gael/hepia/CSH/pico_sdk/pico-sdk/lib/tinyusb/src/class/cdc/cdc_device.c.obj
                0x000000001000632c                cdcd_reset
 .text.cdcd_open
                0x0000000010006358       0xe8 CMakeFiles/weather_station.dir/home/gael/hepia/CSH/pico_sdk/pico-sdk/lib/tinyusb/src/class/cdc/cdc_device.c.obj
                0x0000000010006358                cdcd_open
 .text.cdcd_control_xfer_cb
                0x0000000010006440       0xe4 CMakeFiles/weather_station.dir/home/gael/hepia/CSH/pico_sdk/pico-sdk/lib/tinyusb/src/class/cdc/cdc_device.c.obj
                0x0000000010006440                cdcd_control_xfer_cb
 .text.cdcd_xfer_cb
                0x0000000010006524      0x148 CMakeFiles/weather_station.dir/home/gael/hepia/CSH/pico_sdk/pico-sdk/lib/tinyusb/src/class/cdc/cdc_device.c.obj
                0x0000000010006524                cdcd_xfer_cb
 .text.tusb_init
                0x000000001000666c        0xc CMakeFiles/weather_station.dir/home/gael/hepia/CSH/pico_sdk/pico-sdk/lib/tinyusb/src/tusb.c.obj
                0x000000001000666c                tusb_init
 .text.tusb_inited
                0x0000000010006678        0x8 CMakeFiles/weather_station.dir/home/gael/hepia/CSH/pico_sdk/pico-sdk/lib/tinyusb/src/tusb.c.obj
                0x0000000010006678                tusb_inited
 .text.tu_edpt_claim
                0x0000000010006680       0x50 CMakeFiles/weather_station.dir/home/gael/hepia/CSH/pico_sdk/pico-sdk/lib/tinyusb/src/tusb.c.obj
                0x0000000010006680                tu_edpt_claim
 .text.tu_edpt_release
                0x00000000100066d0       0x38 CMakeFiles/weather_station.dir/home/gael/hepia/CSH/pico_sdk/pico-sdk/lib/tinyusb/src/tusb.c.obj
                0x00000000100066d0                tu_edpt_release
 .text.tu_edpt_validate
                0x0000000010006708       0x78 CMakeFiles/weather_station.dir/home/gael/hepia/CSH/pico_sdk/pico-sdk/lib/tinyusb/src/tusb.c.obj
                0x0000000010006708                tu_edpt_validate
 .text.tu_edpt_bind_driver
                0x0000000010006780       0x34 CMakeFiles/weather_station.dir/home/gael/hepia/CSH/pico_sdk/pico-sdk/lib/tinyusb/src/tusb.c.obj
                0x0000000010006780                tu_edpt_bind_driver
 .text.tu_fifo_config
                0x00000000100067b4       0x70 CMakeFiles/weather_station.dir/home/gael/hepia/CSH/pico_sdk/pico-sdk/lib/tinyusb/src/common/tusb_fifo.c.obj
                0x00000000100067b4                tu_fifo_config
 .text.tu_fifo_count
                0x0000000010006824       0x2c CMakeFiles/weather_station.dir/home/gael/hepia/CSH/pico_sdk/pico-sdk/lib/tinyusb/src/common/tusb_fifo.c.obj
                0x0000000010006824                tu_fifo_count
 .text.tu_fifo_empty
                0x0000000010006850       0x10 CMakeFiles/weather_station.dir/home/gael/hepia/CSH/pico_sdk/pico-sdk/lib/tinyusb/src/common/tusb_fifo.c.obj
                0x0000000010006850                tu_fifo_empty
 .text.tu_fifo_remaining
                0x0000000010006860       0x2c CMakeFiles/weather_station.dir/home/gael/hepia/CSH/pico_sdk/pico-sdk/lib/tinyusb/src/common/tusb_fifo.c.obj
                0x0000000010006860                tu_fifo_remaining
 .text.tu_fifo_read
                0x000000001000688c       0xa0 CMakeFiles/weather_station.dir/home/gael/hepia/CSH/pico_sdk/pico-sdk/lib/tinyusb/src/common/tusb_fifo.c.obj
                0x000000001000688c                tu_fifo_read
 .text.tu_fifo_read_n
                0x000000001000692c       0xec CMakeFiles/weather_station.dir/home/gael/hepia/CSH/pico_sdk/pico-sdk/lib/tinyusb/src/common/tusb_fifo.c.obj
                0x000000001000692c                tu_fifo_read_n
 .text.tu_fifo_write
                0x0000000010006a18       0x88 CMakeFiles/weather_station.dir/home/gael/hepia/CSH/pico_sdk/pico-sdk/lib/tinyusb/src/common/tusb_fifo.c.obj
                0x0000000010006a18                tu_fifo_write
 .text.tu_fifo_write_n
                0x0000000010006aa0      0x168 CMakeFiles/weather_station.dir/home/gael/hepia/CSH/pico_sdk/pico-sdk/lib/tinyusb/src/common/tusb_fifo.c.obj
                0x0000000010006aa0                tu_fifo_write_n
 .text.tu_fifo_clear
                0x0000000010006c08       0x40 CMakeFiles/weather_station.dir/home/gael/hepia/CSH/pico_sdk/pico-sdk/lib/tinyusb/src/common/tusb_fifo.c.obj
                0x0000000010006c08                tu_fifo_clear
 .text.tu_fifo_set_overwritable
                0x0000000010006c48       0x48 CMakeFiles/weather_station.dir/home/gael/hepia/CSH/pico_sdk/pico-sdk/lib/tinyusb/src/common/tusb_fifo.c.obj
                0x0000000010006c48                tu_fifo_set_overwritable
 .text.spi_init
                0x0000000010006c90       0xf8 CMakeFiles/weather_station.dir/home/gael/hepia/CSH/pico_sdk/pico-sdk/src/rp2_common/hardware_spi/spi.c.obj
                0x0000000010006c90                spi_init
 .text.station_init
                0x0000000010006d88       0x4c src/station/libstation.a(station.c.obj)
                0x0000000010006d88                station_init
 .text.station_run
                0x0000000010006dd4       0xa4 src/station/libstation.a(station.c.obj)
                0x0000000010006dd4                station_run
 .text.weather_mode_init
                0x0000000010006e78       0xc4 src/weather_mode/libweather_mode.a(weather_mode.c.obj)
                0x0000000010006e78                weather_mode_init
 .text.weather_mode_measure_data
                0x0000000010006f3c       0x4c src/weather_mode/libweather_mode.a(weather_mode.c.obj)
                0x0000000010006f3c                weather_mode_measure_data
 .text.weather_mode_update_data_on_screen
                0x0000000010006f88       0xe0 src/weather_mode/libweather_mode.a(weather_mode.c.obj)
                0x0000000010006f88                weather_mode_update_data_on_screen
 .text.lcd_backlight_off
                0x0000000010007068        0xc src/lcd/liblcd.a(lcd.c.obj)
                0x0000000010007068                lcd_backlight_off
 .text.lcd_backlight_on
                0x0000000010007074        0xc src/lcd/liblcd.a(lcd.c.obj)
                0x0000000010007074                lcd_backlight_on
 .text.lcd_config
                0x0000000010007080      0x5a4 src/lcd/liblcd.a(lcd.c.obj)
                0x0000000010007080                lcd_config
 .text.lcd_init
                0x0000000010007624      0x144 src/lcd/liblcd.a(lcd.c.obj)
                0x0000000010007624                lcd_init
 .text.lcd_draw_char
                0x0000000010007768      0x43c src/lcd/liblcd.a(lcd.c.obj)
                0x0000000010007768                lcd_draw_char
 .text.lcd_draw_string
                0x0000000010007ba4       0x40 src/lcd/liblcd.a(lcd.c.obj)
                0x0000000010007ba4                lcd_draw_string
 .text.lcd_print_int
                0x0000000010007be4       0x50 src/lcd/liblcd.a(lcd.c.obj)
                0x0000000010007be4                lcd_print_int
 .text.lcd_set_zone
                0x0000000010007c34       0xf0 src/lcd/liblcd.a(lcd.c.obj)
                0x0000000010007c34                lcd_set_zone
 .text.lcd_set_pixel
                0x0000000010007d24      0x11c src/lcd/liblcd.a(lcd.c.obj)
                0x0000000010007d24                lcd_set_pixel
 .text.lcd_fill_rect
                0x0000000010007e40      0x158 src/lcd/liblcd.a(lcd.c.obj)
                0x0000000010007e40                lcd_fill_rect
 .text.lcd_rect
                0x0000000010007f98      0x25c src/lcd/liblcd.a(lcd.c.obj)
                0x0000000010007f98                lcd_rect
 .text.BME280_init_calib
                0x00000000100081f4      0x120 src/bme280/libbme280.a(bme280.c.obj)
                0x00000000100081f4                BME280_init_calib
 .text.BME280_config
                0x0000000010008314       0x5c src/bme280/libbme280.a(bme280.c.obj)
                0x0000000010008314                BME280_config
 .text.BME280_compensate_P
                0x0000000010008370      0x23c src/bme280/libbme280.a(bme280.c.obj)
                0x0000000010008370                BME280_compensate_P
 .text.BME280_compensate_H
                0x00000000100085ac      0x190 src/bme280/libbme280.a(bme280.c.obj)
                0x00000000100085ac                BME280_compensate_H
 .text.BME280_read
                0x000000001000873c      0x1f0 src/bme280/libbme280.a(bme280.c.obj)
                0x000000001000873c                BME280_read
 .text.VEML7700_config
                0x000000001000892c       0x28 src/veml7700/libveml7700.a(veml7700.c.obj)
                0x000000001000892c                VEML7700_config
 .text.VEML7700_read
                0x0000000010008954       0x40 src/veml7700/libveml7700.a(veml7700.c.obj)
                0x0000000010008954                VEML7700_read
 .text.display_create_zone_matrix
                0x0000000010008994       0xc0 src/display/libdisplay.a(display.c.obj)
                0x0000000010008994                display_create_zone_matrix
 .text.display_draw_zone
                0x0000000010008a54       0x38 src/display/libdisplay.a(display.c.obj)
                0x0000000010008a54                display_draw_zone
 .text          0x0000000010008a8c       0x5c /usr/lib/gcc/arm-none-eabi/10.3.1/../../../arm-none-eabi/lib/thumb/v6-m/nofp/libc.a(lib_a-strlen-stub.o)
                0x0000000010008a8c                strlen
 *(.fini)
 .fini          0x0000000010008ae8        0x4 /usr/lib/gcc/arm-none-eabi/10.3.1/thumb/v6-m/nofp/crti.o
                0x0000000010008ae8                _fini
 *fill*         0x0000000010008aec        0x4 
 .fini.__stub   0x0000000010008af0       0xe0 linker stubs
 *crtbegin.o(.ctors)
 *crtbegin?.o(.ctors)
 *(EXCLUDE_FILE(*crtend.o *crtend?.o) .ctors)
 *(SORT_BY_NAME(.ctors.*))
 *(.ctors)
 *crtbegin.o(.dtors)
 *crtbegin?.o(.dtors)
 *(EXCLUDE_FILE(*crtend.o *crtend?.o) .dtors)
 *(SORT_BY_NAME(.dtors.*))
 *(.dtors)
 *(.eh_frame*)
 .eh_frame      0x0000000010008bd0        0x0 /usr/lib/gcc/arm-none-eabi/10.3.1/thumb/v6-m/nofp/crtbegin.o
                0x0000000010008bd0                . = ALIGN (0x4)

.glue_7         0x0000000010008bd0        0x0
 .glue_7        0x0000000010008bd0        0x0 linker stubs

.glue_7t        0x0000000010008bd0        0x0
 .glue_7t       0x0000000010008bd0        0x0 linker stubs

.vfp11_veneer   0x0000000010008bd0        0x0
 .vfp11_veneer  0x0000000010008bd0        0x0 linker stubs

.v4_bx          0x0000000010008bd0        0x0
 .v4_bx         0x0000000010008bd0        0x0 linker stubs

.iplt           0x0000000010008bd0        0x0
 .iplt          0x0000000010008bd0        0x0 /usr/lib/gcc/arm-none-eabi/10.3.1/thumb/v6-m/nofp/crtbegin.o

.rodata         0x0000000010008bd0     0x15c4
 *(EXCLUDE_FILE(*libm.a: *libc.a:*lib_a-mem*.o *libgcc.a:) .rodata*)
 .rodata.spin_lock_claim_unused.str1.4
                0x0000000010008bd0       0x1b CMakeFiles/weather_station.dir/home/gael/hepia/CSH/pico_sdk/pico-sdk/src/rp2_common/hardware_sync/sync.c.obj
 *fill*         0x0000000010008beb        0x1 
 .rodata.hardware_alarm_claim.str1.4
                0x0000000010008bec       0x22 CMakeFiles/weather_station.dir/home/gael/hepia/CSH/pico_sdk/pico-sdk/src/rp2_common/hardware_timer/timer.c.obj
 *fill*         0x0000000010008c0e        0x2 
 .rodata.user_irq_claim_unused.str1.4
                0x0000000010008c10       0x1b CMakeFiles/weather_station.dir/home/gael/hepia/CSH/pico_sdk/pico-sdk/src/rp2_common/hardware_irq/irq.c.obj
 *fill*         0x0000000010008c2b        0x1 
 .rodata.panic.str1.4
                0x0000000010008c2c       0x10 CMakeFiles/weather_station.dir/home/gael/hepia/CSH/pico_sdk/pico-sdk/src/rp2_common/pico_runtime/runtime.c.obj
                                         0x12 (size before relaxing)
 .rodata.hard_assertion_failure.str1.4
                0x0000000010008c3c        0xc CMakeFiles/weather_station.dir/home/gael/hepia/CSH/pico_sdk/pico-sdk/src/rp2_common/pico_runtime/runtime.c.obj
 .rodata._ftoa.str1.4
                0x0000000010008c48       0x15 CMakeFiles/weather_station.dir/home/gael/hepia/CSH/pico_sdk/pico-sdk/src/rp2_common/pico_printf/printf.c.obj
 *fill*         0x0000000010008c5d        0x3 
 .rodata._vsnprintf
                0x0000000010008c60      0x1e0 CMakeFiles/weather_station.dir/home/gael/hepia/CSH/pico_sdk/pico-sdk/src/rp2_common/pico_printf/printf.c.obj
 .rodata.pow10.0
                0x0000000010008e40       0x50 CMakeFiles/weather_station.dir/home/gael/hepia/CSH/pico_sdk/pico-sdk/src/rp2_common/pico_printf/printf.c.obj
 .rodata.str1.4
                0x0000000010008e90       0x44 CMakeFiles/weather_station.dir/home/gael/hepia/CSH/pico_sdk/pico-sdk/src/rp2_common/pico_standard_link/binary_info.c.obj
 .rodata.__bi_44
                0x0000000010008ed4        0xc CMakeFiles/weather_station.dir/home/gael/hepia/CSH/pico_sdk/pico-sdk/src/rp2_common/pico_standard_link/binary_info.c.obj
 .rodata.__bi_75
                0x0000000010008ee0        0xc CMakeFiles/weather_station.dir/home/gael/hepia/CSH/pico_sdk/pico-sdk/src/rp2_common/pico_standard_link/binary_info.c.obj
 .rodata.__bi_81
                0x0000000010008eec        0xc CMakeFiles/weather_station.dir/home/gael/hepia/CSH/pico_sdk/pico-sdk/src/rp2_common/pico_standard_link/binary_info.c.obj
 .rodata.crlf_str.0
                0x0000000010008ef8        0x2 CMakeFiles/weather_station.dir/home/gael/hepia/CSH/pico_sdk/pico-sdk/src/rp2_common/pico_stdio/stdio.c.obj
 *fill*         0x0000000010008efa        0x2 
 .rodata._resetd_driver
                0x0000000010008efc       0x18 CMakeFiles/weather_station.dir/home/gael/hepia/CSH/pico_sdk/pico-sdk/src/rp2_common/pico_stdio_usb/reset_interface.c.obj
 .rodata.str1.4
                0x0000000010008f14       0x13 CMakeFiles/weather_station.dir/home/gael/hepia/CSH/pico_sdk/pico-sdk/src/rp2_common/pico_stdio_usb/stdio_usb.c.obj
 *fill*         0x0000000010008f27        0x1 
 .rodata.__bi_188.0
                0x0000000010008f28        0xc CMakeFiles/weather_station.dir/home/gael/hepia/CSH/pico_sdk/pico-sdk/src/rp2_common/pico_stdio_usb/stdio_usb.c.obj
 .rodata.str1.4
                0x0000000010008f34       0x2a CMakeFiles/weather_station.dir/home/gael/hepia/CSH/pico_sdk/pico-sdk/src/rp2_common/pico_stdio_usb/stdio_usb_descriptors.c.obj
 *fill*         0x0000000010008f5e        0x2 
 .rodata.usbd_desc_cfg
                0x0000000010008f60       0x54 CMakeFiles/weather_station.dir/home/gael/hepia/CSH/pico_sdk/pico-sdk/src/rp2_common/pico_stdio_usb/stdio_usb_descriptors.c.obj
 .rodata.usbd_desc_device
                0x0000000010008fb4       0x12 CMakeFiles/weather_station.dir/home/gael/hepia/CSH/pico_sdk/pico-sdk/src/rp2_common/pico_stdio_usb/stdio_usb_descriptors.c.obj
 *fill*         0x0000000010008fc6        0x2 
 .rodata.usbd_desc_str
                0x0000000010008fc8       0x18 CMakeFiles/weather_station.dir/home/gael/hepia/CSH/pico_sdk/pico-sdk/src/rp2_common/pico_stdio_usb/stdio_usb_descriptors.c.obj
 .rodata.str1.4
                0x0000000010008fe0       0x14 CMakeFiles/weather_station.dir/home/gael/hepia/CSH/pico_sdk/pico-sdk/lib/tinyusb/src/portable/raspberrypi/rp2040/dcd_rp2040.c.obj
 .rodata.str1.4
                0x0000000010008ff4       0x53 CMakeFiles/weather_station.dir/home/gael/hepia/CSH/pico_sdk/pico-sdk/lib/tinyusb/src/portable/raspberrypi/rp2040/rp2040_usb.c.obj
 *fill*         0x0000000010009047        0x1 
 .rodata.tud_task_ext
                0x0000000010009048       0x8c CMakeFiles/weather_station.dir/home/gael/hepia/CSH/pico_sdk/pico-sdk/lib/tinyusb/src/device/usbd.c.obj
 .rodata._usbd_driver
                0x00000000100090d4       0x18 CMakeFiles/weather_station.dir/home/gael/hepia/CSH/pico_sdk/pico-sdk/lib/tinyusb/src/device/usbd.c.obj
 .rodata.station_run.str1.4
                0x00000000100090ec       0x15 src/station/libstation.a(station.c.obj)
 *fill*         0x0000000010009101        0x3 
 .rodata.weather_mode_update_data_on_screen.str1.4
                0x0000000010009104       0x30 src/weather_mode/libweather_mode.a(weather_mode.c.obj)
 .rodata.lcd_print_int.str1.4
                0x0000000010009134        0x3 src/lcd/liblcd.a(lcd.c.obj)
 *fill*         0x0000000010009137        0x1 
 .rodata.BigFont
                0x0000000010009138      0xbe4 src/font/libfont.a(font.c.obj)
                0x0000000010009138                BigFont
 .rodata.SmallFont
                0x0000000010009d1c      0x478 src/font/libfont.a(font.c.obj)
                0x0000000010009d1c                SmallFont
                0x000000001000a194                . = ALIGN (0x4)
 *(SORT_BY_ALIGNMENT(SORT_BY_NAME(.flashdata*)))
                0x000000001000a194                . = ALIGN (0x4)

.rel.dyn        0x000000001000a194        0x0
 .rel.iplt      0x000000001000a194        0x0 /usr/lib/gcc/arm-none-eabi/10.3.1/thumb/v6-m/nofp/crtbegin.o

.ARM.extab
 *(.ARM.extab* .gnu.linkonce.armextab.*)
                0x000000001000a194                __exidx_start = .

.ARM.exidx
 *(.ARM.exidx* .gnu.linkonce.armexidx.*)
                0x000000001000a194                __exidx_end = .
                0x000000001000a194                . = ALIGN (0x4)
                0x000000001000a194                __binary_info_start = .

.binary_info    0x000000001000a194       0x20
 *(.binary_info.keep.*)
 .binary_info.keep.__bi_ptr22
                0x000000001000a194        0x4 CMakeFiles/weather_station.dir/home/gael/hepia/CSH/pico_sdk/pico-sdk/src/rp2_common/pico_standard_link/binary_info.c.obj
 .binary_info.keep.__bi_ptr30
                0x000000001000a198        0x4 CMakeFiles/weather_station.dir/home/gael/hepia/CSH/pico_sdk/pico-sdk/src/rp2_common/pico_standard_link/binary_info.c.obj
 .binary_info.keep.__bi_ptr38
                0x000000001000a19c        0x4 CMakeFiles/weather_station.dir/home/gael/hepia/CSH/pico_sdk/pico-sdk/src/rp2_common/pico_standard_link/binary_info.c.obj
 .binary_info.keep.__bi_ptr44
                0x000000001000a1a0        0x4 CMakeFiles/weather_station.dir/home/gael/hepia/CSH/pico_sdk/pico-sdk/src/rp2_common/pico_standard_link/binary_info.c.obj
 .binary_info.keep.__bi_ptr50
                0x000000001000a1a4        0x4 CMakeFiles/weather_station.dir/home/gael/hepia/CSH/pico_sdk/pico-sdk/src/rp2_common/pico_standard_link/binary_info.c.obj
 .binary_info.keep.__bi_ptr75
                0x000000001000a1a8        0x4 CMakeFiles/weather_station.dir/home/gael/hepia/CSH/pico_sdk/pico-sdk/src/rp2_common/pico_standard_link/binary_info.c.obj
 .binary_info.keep.__bi_ptr81
                0x000000001000a1ac        0x4 CMakeFiles/weather_station.dir/home/gael/hepia/CSH/pico_sdk/pico-sdk/src/rp2_common/pico_standard_link/binary_info.c.obj
 *(.binary_info.*)
 .binary_info.__bi_ptr188
                0x000000001000a1b0        0x4 CMakeFiles/weather_station.dir/home/gael/hepia/CSH/pico_sdk/pico-sdk/src/rp2_common/pico_stdio_usb/stdio_usb.c.obj
                0x000000001000a1b4                __binary_info_end = .
                0x000000001000a1b4                . = ALIGN (0x4)
                0x000000001000a1b4                __etext = .

.ram_vector_table
                0x0000000020000000       0xc0
 *(.ram_vector_table)
 .ram_vector_table
                0x0000000020000000       0xc0 CMakeFiles/weather_station.dir/home/gael/hepia/CSH/pico_sdk/pico-sdk/src/rp2_common/pico_runtime/runtime.c.obj
                0x0000000020000000                ram_vector_table

.data           0x00000000200000c0      0xf40 load address 0x000000001000a1b4
                0x00000000200000c0                __data_start__ = .
 *(vtable)
 *(.time_critical*)
 .time_critical.mutex_try_enter
                0x00000000200000c0       0x44 CMakeFiles/weather_station.dir/home/gael/hepia/CSH/pico_sdk/pico-sdk/src/common/pico_sync/mutex.c.obj
                0x00000000200000c0                mutex_try_enter
 .time_critical.mutex_try_enter_block_until
                0x0000000020000104       0x9c CMakeFiles/weather_station.dir/home/gael/hepia/CSH/pico_sdk/pico-sdk/src/common/pico_sync/mutex.c.obj
                0x0000000020000104                mutex_try_enter_block_until
 .time_critical.mutex_enter_timeout_ms
                0x00000000200001a0       0x90 CMakeFiles/weather_station.dir/home/gael/hepia/CSH/pico_sdk/pico-sdk/src/common/pico_sync/mutex.c.obj
                0x00000000200001a0                mutex_enter_timeout_ms
 .time_critical.mutex_exit
                0x0000000020000230       0x28 CMakeFiles/weather_station.dir/home/gael/hepia/CSH/pico_sdk/pico-sdk/src/common/pico_sync/mutex.c.obj
                0x0000000020000230                mutex_exit
 .time_critical.flash_init_boot2_copyout
                0x0000000020000258       0x30 CMakeFiles/weather_station.dir/home/gael/hepia/CSH/pico_sdk/pico-sdk/src/rp2_common/hardware_flash/flash.c.obj
 .time_critical.flash_enable_xip_via_boot2
                0x0000000020000288       0x10 CMakeFiles/weather_station.dir/home/gael/hepia/CSH/pico_sdk/pico-sdk/src/rp2_common/hardware_flash/flash.c.obj
 .time_critical.flash_cs_force
                0x0000000020000298       0x38 CMakeFiles/weather_station.dir/home/gael/hepia/CSH/pico_sdk/pico-sdk/src/rp2_common/hardware_flash/flash.c.obj
 .time_critical.flash_do_cmd
                0x00000000200002d0       0xc4 CMakeFiles/weather_station.dir/home/gael/hepia/CSH/pico_sdk/pico-sdk/src/rp2_common/hardware_flash/flash.c.obj
                0x00000000200002d0                flash_do_cmd
 .time_critical.reset_non_control_endpoints
                0x0000000020000394       0xbc CMakeFiles/weather_station.dir/home/gael/hepia/CSH/pico_sdk/pico-sdk/lib/tinyusb/src/portable/raspberrypi/rp2040/dcd_rp2040.c.obj
 .time_critical.hw_handle_buff_status
                0x0000000020000450       0xa8 CMakeFiles/weather_station.dir/home/gael/hepia/CSH/pico_sdk/pico-sdk/lib/tinyusb/src/portable/raspberrypi/rp2040/dcd_rp2040.c.obj
 .time_critical.dcd_rp2040_irq
                0x00000000200004f8      0x4d8 CMakeFiles/weather_station.dir/home/gael/hepia/CSH/pico_sdk/pico-sdk/lib/tinyusb/src/portable/raspberrypi/rp2040/dcd_rp2040.c.obj
 .time_critical.e15_is_bulkin_ep
                0x00000000200009d0       0x28 CMakeFiles/weather_station.dir/home/gael/hepia/CSH/pico_sdk/pico-sdk/lib/tinyusb/src/portable/raspberrypi/rp2040/rp2040_usb.c.obj
 .time_critical.e15_is_critical_frame_period
                0x00000000200009f8       0x34 CMakeFiles/weather_station.dir/home/gael/hepia/CSH/pico_sdk/pico-sdk/lib/tinyusb/src/portable/raspberrypi/rp2040/rp2040_usb.c.obj
 .time_critical.prepare_ep_buffer
                0x0000000020000a2c       0x70 CMakeFiles/weather_station.dir/home/gael/hepia/CSH/pico_sdk/pico-sdk/lib/tinyusb/src/portable/raspberrypi/rp2040/rp2040_usb.c.obj
 .time_critical.sync_ep_buffer
                0x0000000020000a9c       0x4c CMakeFiles/weather_station.dir/home/gael/hepia/CSH/pico_sdk/pico-sdk/lib/tinyusb/src/portable/raspberrypi/rp2040/rp2040_usb.c.obj
 .time_critical._hw_endpoint_xfer_sync
                0x0000000020000ae8       0x28 CMakeFiles/weather_station.dir/home/gael/hepia/CSH/pico_sdk/pico-sdk/lib/tinyusb/src/portable/raspberrypi/rp2040/rp2040_usb.c.obj
 .time_critical.hw_endpoint_reset_transfer
                0x0000000020000b10        0xc CMakeFiles/weather_station.dir/home/gael/hepia/CSH/pico_sdk/pico-sdk/lib/tinyusb/src/portable/raspberrypi/rp2040/rp2040_usb.c.obj
                0x0000000020000b10                hw_endpoint_reset_transfer
 .time_critical._hw_endpoint_buffer_control_update32
                0x0000000020000b1c       0x58 CMakeFiles/weather_station.dir/home/gael/hepia/CSH/pico_sdk/pico-sdk/lib/tinyusb/src/portable/raspberrypi/rp2040/rp2040_usb.c.obj
                0x0000000020000b1c                _hw_endpoint_buffer_control_update32
 .time_critical.hw_endpoint_start_next_buffer
                0x0000000020000b74       0x6c CMakeFiles/weather_station.dir/home/gael/hepia/CSH/pico_sdk/pico-sdk/lib/tinyusb/src/portable/raspberrypi/rp2040/rp2040_usb.c.obj
                0x0000000020000b74                hw_endpoint_start_next_buffer
 .time_critical.hw_endpoint_xfer_continue
                0x0000000020000be0       0x50 CMakeFiles/weather_station.dir/home/gael/hepia/CSH/pico_sdk/pico-sdk/lib/tinyusb/src/portable/raspberrypi/rp2040/rp2040_usb.c.obj
                0x0000000020000be0                hw_endpoint_xfer_continue
 .time_critical.tinyusb
                0x0000000020000c30      0x170 CMakeFiles/weather_station.dir/home/gael/hepia/CSH/pico_sdk/pico-sdk/lib/tinyusb/src/device/usbd.c.obj
                0x0000000020000c30                dcd_event_handler
 .time_critical.spi_write_blocking
                0x0000000020000da0       0x4c CMakeFiles/weather_station.dir/home/gael/hepia/CSH/pico_sdk/pico-sdk/src/rp2_common/hardware_spi/spi.c.obj
                0x0000000020000da0                spi_write_blocking
 *(.text*)
 .text          0x0000000020000dec        0x4 /usr/lib/gcc/arm-none-eabi/10.3.1/thumb/v6-m/nofp/libgcc.a(_dvmd_tls.o)
                0x0000000020000dec                __aeabi_ldiv0
                0x0000000020000dec                __aeabi_idiv0
 .text.__stub   0x0000000020000df0       0x70 linker stubs
                0x0000000020000e60                . = ALIGN (0x4)
 *(.rodata*)
                0x0000000020000e60                . = ALIGN (0x4)
 *(.data*)
 .data.i2c0_inst
                0x0000000020000e60        0x8 CMakeFiles/weather_station.dir/home/gael/hepia/CSH/pico_sdk/pico-sdk/src/rp2_common/hardware_i2c/i2c.c.obj
                0x0000000020000e60                i2c0_inst
 .data.i2c1_inst
                0x0000000020000e68        0x8 CMakeFiles/weather_station.dir/home/gael/hepia/CSH/pico_sdk/pico-sdk/src/rp2_common/hardware_i2c/i2c.c.obj
                0x0000000020000e68                i2c1_inst
 .data.striped_spin_lock_num
                0x0000000020000e70        0x1 CMakeFiles/weather_station.dir/home/gael/hepia/CSH/pico_sdk/pico-sdk/src/rp2_common/hardware_sync/sync.c.obj
 *fill*         0x0000000020000e71        0x3 
 .data.default_alarm_pool
                0x0000000020000e74       0x18 CMakeFiles/weather_station.dir/home/gael/hepia/CSH/pico_sdk/pico-sdk/src/common/pico_time/time.c.obj
 .data.default_alarm_pool_heap
                0x0000000020000e8c       0x10 CMakeFiles/weather_station.dir/home/gael/hepia/CSH/pico_sdk/pico-sdk/src/common/pico_time/time.c.obj
 .data          0x0000000020000e9c       0x48 CMakeFiles/weather_station.dir/home/gael/hepia/CSH/pico_sdk/pico-sdk/src/rp2_common/hardware_irq/irq_handler_chain.S.obj
                0x0000000020000e9c                irq_handler_chain_slots
                0x0000000020000ecc                irq_handler_chain_first_slot
                0x0000000020000ed6                irq_handler_chain_remove_tail
 *fill*         0x0000000020000ee4        0xc 
 .data.aeabi_bits_funcs
                0x0000000020000ef0       0x10 CMakeFiles/weather_station.dir/home/gael/hepia/CSH/pico_sdk/pico-sdk/src/rp2_common/pico_bit_ops/bit_ops_aeabi.S.obj
                0x0000000020000ef0                aeabi_bits_funcs
                0x0000000020000f00                aeabi_bits_funcs_end
 .data.aeabi_mem_funcs
                0x0000000020000f00       0x10 CMakeFiles/weather_station.dir/home/gael/hepia/CSH/pico_sdk/pico-sdk/src/rp2_common/pico_mem_ops/mem_ops_aeabi.S.obj
                0x0000000020000f00                aeabi_mem_funcs
                0x0000000020000f10                aeabi_mem_funcs_end
 .data.stdio_usb
                0x0000000020000f10       0x18 CMakeFiles/weather_station.dir/home/gael/hepia/CSH/pico_sdk/pico-sdk/src/rp2_common/pico_stdio_usb/stdio_usb.c.obj
                0x0000000020000f10                stdio_usb
 .data.ep_dir_string
                0x0000000020000f28        0x8 CMakeFiles/weather_station.dir/home/gael/hepia/CSH/pico_sdk/pico-sdk/lib/tinyusb/src/portable/raspberrypi/rp2040/rp2040_usb.c.obj
                0x0000000020000f28                ep_dir_string
 .data._usbd_qdef
                0x0000000020000f30       0x1c CMakeFiles/weather_station.dir/home/gael/hepia/CSH/pico_sdk/pico-sdk/lib/tinyusb/src/device/usbd.c.obj
                0x0000000020000f30                _usbd_qdef
 .data._usbd_rhport
                0x0000000020000f4c        0x1 CMakeFiles/weather_station.dir/home/gael/hepia/CSH/pico_sdk/pico-sdk/lib/tinyusb/src/device/usbd.c.obj
 *fill*         0x0000000020000f4d        0x3 
 .data.humidity
                0x0000000020000f50       0x24 src/weather_mode/libweather_mode.a(weather_mode.c.obj)
                0x0000000020000f50                humidity
 .data.light    0x0000000020000f74       0x24 src/weather_mode/libweather_mode.a(weather_mode.c.obj)
                0x0000000020000f74                light
 .data.pressure
                0x0000000020000f98       0x24 src/weather_mode/libweather_mode.a(weather_mode.c.obj)
                0x0000000020000f98                pressure
 .data.temperature
                0x0000000020000fbc       0x24 src/weather_mode/libweather_mode.a(weather_mode.c.obj)
                0x0000000020000fbc                temperature
                0x0000000020000fe0                . = ALIGN (0x4)
 *(.after_data.*)
                0x0000000020000fe0                . = ALIGN (0x4)
                0x0000000020000fe0                PROVIDE (__mutex_array_start = .)
 *(SORT_BY_NAME(.mutex_array.*))
 *(.mutex_array)
 .mutex_array   0x0000000020000fe0        0x8 CMakeFiles/weather_station.dir/home/gael/hepia/CSH/pico_sdk/pico-sdk/src/rp2_common/pico_stdio/stdio.c.obj
                0x0000000020000fe8                PROVIDE (__mutex_array_end = .)
                0x0000000020000fe8                . = ALIGN (0x4)
                0x0000000020000fe8                PROVIDE (__preinit_array_start = .)
 *(SORT_BY_NAME(.preinit_array.*))
 .preinit_array.00001
                0x0000000020000fe8        0x4 CMakeFiles/weather_station.dir/home/gael/hepia/CSH/pico_sdk/pico-sdk/src/rp2_common/pico_mem_ops/mem_ops_aeabi.S.obj
 .preinit_array.00010
                0x0000000020000fec        0x4 CMakeFiles/weather_station.dir/home/gael/hepia/CSH/pico_sdk/pico-sdk/src/rp2_common/pico_bit_ops/bit_ops_aeabi.S.obj
 .preinit_array.00020
                0x0000000020000ff0        0x4 CMakeFiles/weather_station.dir/home/gael/hepia/CSH/pico_sdk/pico-sdk/src/rp2_common/pico_double/double_aeabi.S.obj
 .preinit_array.00020
                0x0000000020000ff4        0x4 CMakeFiles/weather_station.dir/home/gael/hepia/CSH/pico_sdk/pico-sdk/src/rp2_common/pico_float/float_aeabi.S.obj
 *(.preinit_array)
                0x0000000020000ff8                PROVIDE (__preinit_array_end = .)
                0x0000000020000ff8                . = ALIGN (0x4)
                0x0000000020000ff8                PROVIDE (__init_array_start = .)
 *(SORT_BY_NAME(.init_array.*))
 *(.init_array)
 .init_array    0x0000000020000ff8        0x4 /usr/lib/gcc/arm-none-eabi/10.3.1/thumb/v6-m/nofp/crtbegin.o
 .init_array    0x0000000020000ffc        0x4 CMakeFiles/weather_station.dir/home/gael/hepia/CSH/pico_sdk/pico-sdk/src/rp2_common/pico_unique_id/unique_id.c.obj
                0x0000000020001000                PROVIDE (__init_array_end = .)
                0x0000000020001000                . = ALIGN (0x4)
                0x0000000020001000                PROVIDE (__fini_array_start = .)
 *(SORT_BY_NAME(.fini_array.*))
 *(.fini_array)
                0x0000000020001000                PROVIDE (__fini_array_end = .)
 *(.jcr)
                0x0000000020001000                . = ALIGN (0x4)
                0x0000000020001000                __data_end__ = .

.tm_clone_table
                0x0000000020001000        0x0 load address 0x000000001000b0f4
 .tm_clone_table
                0x0000000020001000        0x0 /usr/lib/gcc/arm-none-eabi/10.3.1/thumb/v6-m/nofp/crtbegin.o
 .tm_clone_table
                0x0000000020001000        0x0 /usr/lib/gcc/arm-none-eabi/10.3.1/thumb/v6-m/nofp/crtend.o

.igot.plt       0x0000000020001000        0x0 load address 0x000000001000b0f4
 .igot.plt      0x0000000020001000        0x0 /usr/lib/gcc/arm-none-eabi/10.3.1/thumb/v6-m/nofp/crtbegin.o

.uninitialized_data
                0x0000000020001000        0x0 load address 0x000000001000b0f4
                0x0000000020001000                . = ALIGN (0x4)
 *(.uninitialized_data*)

.scratch_x      0x0000000020040000        0x0 load address 0x000000001000b0f4
                0x0000000020040000                __scratch_x_start__ = .
 *(.scratch_x.*)
                0x0000000020040000                . = ALIGN (0x4)
                0x0000000020040000                __scratch_x_end__ = .
                0x000000001000b0f4                __scratch_x_source__ = LOADADDR (.scratch_x)

.scratch_y      0x0000000020041000        0x0 load address 0x000000001000b0f4
                0x0000000020041000                __scratch_y_start__ = .
 *(.scratch_y.*)
                0x0000000020041000                . = ALIGN (0x4)
                0x0000000020041000                __scratch_y_end__ = .
                0x000000001000b0f4                __scratch_y_source__ = LOADADDR (.scratch_y)

.bss            0x0000000020001000      0xe58
                0x0000000020001000                . = ALIGN (0x4)
                0x0000000020001000                __bss_start__ = .
 *(SORT_BY_ALIGNMENT(SORT_BY_NAME(.bss*)))
 .bss.default_alarm_pool_entries
                0x0000000020001000      0x100 CMakeFiles/weather_station.dir/home/gael/hepia/CSH/pico_sdk/pico-sdk/src/common/pico_time/time.c.obj
 .bss.last_avail_time.1
                0x0000000020001100        0x8 CMakeFiles/weather_station.dir/home/gael/hepia/CSH/pico_sdk/pico-sdk/src/rp2_common/pico_stdio_usb/stdio_usb.c.obj
 .bss.sd_table  0x0000000020001108      0x100 CMakeFiles/weather_station.dir/home/gael/hepia/CSH/pico_sdk/pico-sdk/src/rp2_common/pico_double/double_init_rom.c.obj
                0x0000000020001108                sd_table
 .bss.sf_table  0x0000000020001208      0x100 CMakeFiles/weather_station.dir/home/gael/hepia/CSH/pico_sdk/pico-sdk/src/rp2_common/pico_float/float_init_rom.c.obj
                0x0000000020001208                sf_table
 .bss           0x0000000020001308       0x1c /usr/lib/gcc/arm-none-eabi/10.3.1/thumb/v6-m/nofp/crtbegin.o
 .bss._app_driver
                0x0000000020001324        0x4 CMakeFiles/weather_station.dir/home/gael/hepia/CSH/pico_sdk/pico-sdk/lib/tinyusb/src/device/usbd.c.obj
 .bss._cdcd_itf
                0x0000000020001328      0x2c8 CMakeFiles/weather_station.dir/home/gael/hepia/CSH/pico_sdk/pico-sdk/lib/tinyusb/src/class/cdc/cdc_device.c.obj
 .bss._ctrl_xfer
                0x00000000200015f0       0x14 CMakeFiles/weather_station.dir/home/gael/hepia/CSH/pico_sdk/pico-sdk/lib/tinyusb/src/device/usbd_control.c.obj
 .bss._ubsd_mutexdef
                0x0000000020001604        0x8 CMakeFiles/weather_station.dir/home/gael/hepia/CSH/pico_sdk/pico-sdk/lib/tinyusb/src/device/usbd.c.obj
 .bss._usbd_ctrl_buf
                0x000000002000160c       0x40 CMakeFiles/weather_station.dir/home/gael/hepia/CSH/pico_sdk/pico-sdk/lib/tinyusb/src/device/usbd_control.c.obj
 .bss._usbd_dev
                0x000000002000164c       0x53 CMakeFiles/weather_station.dir/home/gael/hepia/CSH/pico_sdk/pico-sdk/lib/tinyusb/src/device/usbd.c.obj
 *fill*         0x000000002000169f        0x1 
 .bss._usbd_mutex
                0x00000000200016a0        0x4 CMakeFiles/weather_station.dir/home/gael/hepia/CSH/pico_sdk/pico-sdk/lib/tinyusb/src/device/usbd.c.obj
 .bss._usbd_q   0x00000000200016a4        0x4 CMakeFiles/weather_station.dir/home/gael/hepia/CSH/pico_sdk/pico-sdk/lib/tinyusb/src/device/usbd.c.obj
 .bss._usbd_qdef_buf
                0x00000000200016a8       0xc0 CMakeFiles/weather_station.dir/home/gael/hepia/CSH/pico_sdk/pico-sdk/lib/tinyusb/src/device/usbd.c.obj
                0x00000000200016a8                _usbd_qdef_buf
 .bss.alarm_callbacks
                0x0000000020001768       0x10 CMakeFiles/weather_station.dir/home/gael/hepia/CSH/pico_sdk/pico-sdk/src/rp2_common/hardware_timer/timer.c.obj
 .bss.boot2_copyout
                0x0000000020001778      0x100 CMakeFiles/weather_station.dir/home/gael/hepia/CSH/pico_sdk/pico-sdk/src/rp2_common/hardware_flash/flash.c.obj
 .bss.chars_available_callback
                0x0000000020001878        0x4 CMakeFiles/weather_station.dir/home/gael/hepia/CSH/pico_sdk/pico-sdk/src/rp2_common/pico_stdio_usb/stdio_usb.c.obj
 .bss.chars_available_param
                0x000000002000187c        0x4 CMakeFiles/weather_station.dir/home/gael/hepia/CSH/pico_sdk/pico-sdk/src/rp2_common/pico_stdio_usb/stdio_usb.c.obj
 .bss.claimed   0x0000000020001880        0x4 CMakeFiles/weather_station.dir/home/gael/hepia/CSH/pico_sdk/pico-sdk/src/rp2_common/hardware_sync/sync.c.obj
 .bss.configured_freq
                0x0000000020001884       0x28 CMakeFiles/weather_station.dir/home/gael/hepia/CSH/pico_sdk/pico-sdk/src/rp2_common/hardware_clocks/clocks.c.obj
 .bss.default_alarm_pool_entry_ids_high
                0x00000000200018ac       0x10 CMakeFiles/weather_station.dir/home/gael/hepia/CSH/pico_sdk/pico-sdk/src/common/pico_time/time.c.obj
 .bss.default_alarm_pool_heap_nodes
                0x00000000200018bc       0x30 CMakeFiles/weather_station.dir/home/gael/hepia/CSH/pico_sdk/pico-sdk/src/common/pico_time/time.c.obj
 .bss.desc_str.0
                0x00000000200018ec       0x28 CMakeFiles/weather_station.dir/home/gael/hepia/CSH/pico_sdk/pico-sdk/src/rp2_common/pico_stdio_usb/stdio_usb_descriptors.c.obj
 .bss.drivers   0x0000000020001914        0x4 CMakeFiles/weather_station.dir/home/gael/hepia/CSH/pico_sdk/pico-sdk/src/rp2_common/pico_stdio/stdio.c.obj
 .bss.e15_last_sof
                0x0000000020001918        0x4 CMakeFiles/weather_station.dir/home/gael/hepia/CSH/pico_sdk/pico-sdk/lib/tinyusb/src/portable/raspberrypi/rp2040/rp2040_usb.c.obj
                0x0000000020001918                e15_last_sof
 .bss.filter    0x000000002000191c        0x4 CMakeFiles/weather_station.dir/home/gael/hepia/CSH/pico_sdk/pico-sdk/src/rp2_common/pico_stdio/stdio.c.obj
 .bss.grid      0x0000000020001920       0x60 src/weather_mode/libweather_mode.a(weather_mode.c.obj)
                0x0000000020001920                grid
 .bss.hw_endpoints
                0x0000000020001980      0x400 CMakeFiles/weather_station.dir/home/gael/hepia/CSH/pico_sdk/pico-sdk/lib/tinyusb/src/portable/raspberrypi/rp2040/dcd_rp2040.c.obj
 .bss.lazy_vsnprintf
                0x0000000020001d80        0x4 CMakeFiles/weather_station.dir/home/gael/hepia/CSH/pico_sdk/pico-sdk/src/rp2_common/pico_printf/printf.c.obj
 .bss.load_value
                0x0000000020001d84        0x4 CMakeFiles/weather_station.dir/home/gael/hepia/CSH/pico_sdk/pico-sdk/src/rp2_common/hardware_watchdog/watchdog.c.obj
 .bss.next_buffer_ptr
                0x0000000020001d88        0x4 CMakeFiles/weather_station.dir/home/gael/hepia/CSH/pico_sdk/pico-sdk/lib/tinyusb/src/portable/raspberrypi/rp2040/dcd_rp2040.c.obj
 .bss.one_shot_timer_crit_sec
                0x0000000020001d8c        0x8 CMakeFiles/weather_station.dir/home/gael/hepia/CSH/pico_sdk/pico-sdk/src/rp2_common/pico_stdio_usb/stdio_usb.c.obj
 .bss.pools     0x0000000020001d94       0x10 CMakeFiles/weather_station.dir/home/gael/hepia/CSH/pico_sdk/pico-sdk/src/common/pico_time/time.c.obj
 .bss.retrieved_id
                0x0000000020001da4        0x8 CMakeFiles/weather_station.dir/home/gael/hepia/CSH/pico_sdk/pico-sdk/src/rp2_common/pico_unique_id/unique_id.c.obj
 .bss.sf_clz_func
                0x0000000020001dac        0x4 CMakeFiles/weather_station.dir/home/gael/hepia/CSH/pico_sdk/pico-sdk/src/rp2_common/pico_double/double_init_rom.c.obj
                0x0000000020001dac                sf_clz_func
 .bss.sleep_notifier
                0x0000000020001db0        0x4 CMakeFiles/weather_station.dir/home/gael/hepia/CSH/pico_sdk/pico-sdk/src/common/pico_time/time.c.obj
 .bss.station_state
                0x0000000020001db4        0x2 src/station/libstation.a(station.c.obj)
                0x0000000020001db4                station_state
 *fill*         0x0000000020001db6        0x2 
 .bss.stdio_usb_mutex
                0x0000000020001db8        0x8 CMakeFiles/weather_station.dir/home/gael/hepia/CSH/pico_sdk/pico-sdk/src/rp2_common/pico_stdio_usb/stdio_usb.c.obj
 .bss.systick_counter
                0x0000000020001dc0        0x4 CMakeFiles/weather_station.dir/src/main.c.obj
                0x0000000020001dc0                systick_counter
 .bss.t_fine    0x0000000020001dc4        0x4 src/bme280/libbme280.a(bme280.c.obj)
                0x0000000020001dc4                t_fine
 .bss.target_hi
                0x0000000020001dc8       0x10 CMakeFiles/weather_station.dir/home/gael/hepia/CSH/pico_sdk/pico-sdk/src/rp2_common/hardware_timer/timer.c.obj
 .bss.touchscreen_status
                0x0000000020001dd8       0x1c src/touchscreen/libtouchscreen.a(touchscreen.c.obj)
                0x0000000020001dd8                touchscreen_status
 .bss.usbd_serial_str
                0x0000000020001df4       0x11 CMakeFiles/weather_station.dir/home/gael/hepia/CSH/pico_sdk/pico-sdk/src/rp2_common/pico_stdio_usb/stdio_usb_descriptors.c.obj
 *fill*         0x0000000020001e05        0x3 
 .bss.weather_grid
                0x0000000020001e08       0x24 src/weather_mode/libweather_mode.a(weather_mode.c.obj)
                0x0000000020001e08                weather_grid
 .bss.dig_H2    0x0000000020001e2c        0x2 src/bme280/libbme280.a(bme280.c.obj)
                0x0000000020001e2c                dig_H2
 .bss.dig_H4    0x0000000020001e2e        0x2 src/bme280/libbme280.a(bme280.c.obj)
                0x0000000020001e2e                dig_H4
 .bss.dig_H5    0x0000000020001e30        0x2 src/bme280/libbme280.a(bme280.c.obj)
                0x0000000020001e30                dig_H5
 .bss.dig_P1    0x0000000020001e32        0x2 src/bme280/libbme280.a(bme280.c.obj)
                0x0000000020001e32                dig_P1
 .bss.dig_P2    0x0000000020001e34        0x2 src/bme280/libbme280.a(bme280.c.obj)
                0x0000000020001e34                dig_P2
 .bss.dig_P3    0x0000000020001e36        0x2 src/bme280/libbme280.a(bme280.c.obj)
                0x0000000020001e36                dig_P3
 .bss.dig_P4    0x0000000020001e38        0x2 src/bme280/libbme280.a(bme280.c.obj)
                0x0000000020001e38                dig_P4
 .bss.dig_P5    0x0000000020001e3a        0x2 src/bme280/libbme280.a(bme280.c.obj)
                0x0000000020001e3a                dig_P5
 .bss.dig_P6    0x0000000020001e3c        0x2 src/bme280/libbme280.a(bme280.c.obj)
                0x0000000020001e3c                dig_P6
 .bss.dig_P7    0x0000000020001e3e        0x2 src/bme280/libbme280.a(bme280.c.obj)
                0x0000000020001e3e                dig_P7
 .bss.dig_P8    0x0000000020001e40        0x2 src/bme280/libbme280.a(bme280.c.obj)
                0x0000000020001e40                dig_P8