Archive member included to satisfy reference by file (symbol)

src/station/libstation.a(station.c.obj)
                              CMakeFiles/weather_station.dir/src/main.c.obj (station_init)
src/lcd/liblcd.a(lcd.c.obj)   src/station/libstation.a(station.c.obj) (lcd_backlight_off)
src/font/libfont.a(font.c.obj)
                              src/station/libstation.a(station.c.obj) (BigFont)
src/touchscreen/libtouchscreen.a(touchscreen.c.obj)
                              CMakeFiles/weather_station.dir/src/main.c.obj (touchscreen_init)
src/bme280/libbme280.a(bme280.c.obj)
                              src/station/libstation.a(station.c.obj) (BME280_config)
src/veml7700/libveml7700.a(veml7700.c.obj)
                              src/station/libstation.a(station.c.obj) (VEML7700_config)
src/RN4870/libRN4870.a(RN4870.c.obj)
                              CMakeFiles/weather_station.dir/src/main.c.obj (RN4870_init)
src/display/libdisplay.a(display.c.obj)
                              CMakeFiles/weather_station.dir/src/main.c.obj (display_create_zone_matrix)
src/systick/libsystick.a(systick.c.obj)
                              CMakeFiles/weather_station.dir/src/main.c.obj (systick_init)
src/util/libutil.a(util.c.obj)
                              src/RN4870/libRN4870.a(RN4870.c.obj) (gpio_initialize_out)
src/led_rgb/libled_rgb.a(led_rgb.c.obj)
                              CMakeFiles/weather_station.dir/src/main.c.obj (led_rgb_init)
/usr/lib/gcc/arm-none-eabi/10.3.1/thumb/v6-m/nofp/libgcc.a(_dvmd_tls.o)
                              CMakeFiles/weather_station.dir/home/gael/hepia/CSH/pico_sdk/pico-sdk/src/rp2_common/pico_divider/divider.S.obj (__aeabi_idiv0)
/usr/lib/gcc/arm-none-eabi/10.3.1/../../../arm-none-eabi/lib/thumb/v6-m/nofp/libc.a(lib_a-atexit.o)
                              /usr/lib/gcc/arm-none-eabi/10.3.1/../../../arm-none-eabi/lib/thumb/v6-m/nofp/crt0.o (atexit)
/usr/lib/gcc/arm-none-eabi/10.3.1/../../../arm-none-eabi/lib/thumb/v6-m/nofp/libc.a(lib_a-calloc.o)
                              CMakeFiles/weather_station.dir/home/gael/hepia/CSH/pico_sdk/pico-sdk/src/rp2_common/pico_malloc/pico_malloc.c.obj (calloc)
/usr/lib/gcc/arm-none-eabi/10.3.1/../../../arm-none-eabi/lib/thumb/v6-m/nofp/libc.a(lib_a-callocr.o)
                              /usr/lib/gcc/arm-none-eabi/10.3.1/../../../arm-none-eabi/lib/thumb/v6-m/nofp/libc.a(lib_a-calloc.o) (_calloc_r)
/usr/lib/gcc/arm-none-eabi/10.3.1/../../../arm-none-eabi/lib/thumb/v6-m/nofp/libc.a(lib_a-fini.o)
                              /usr/lib/gcc/arm-none-eabi/10.3.1/../../../arm-none-eabi/lib/thumb/v6-m/nofp/crt0.o (__libc_fini_array)
/usr/lib/gcc/arm-none-eabi/10.3.1/../../../arm-none-eabi/lib/thumb/v6-m/nofp/libc.a(lib_a-impure.o)
                              /usr/lib/gcc/arm-none-eabi/10.3.1/../../../arm-none-eabi/lib/thumb/v6-m/nofp/libc.a(lib_a-calloc.o) (_impure_ptr)
/usr/lib/gcc/arm-none-eabi/10.3.1/../../../arm-none-eabi/lib/thumb/v6-m/nofp/libc.a(lib_a-init.o)
                              /usr/lib/gcc/arm-none-eabi/10.3.1/../../../arm-none-eabi/lib/thumb/v6-m/nofp/crt0.o (__libc_init_array)
/usr/lib/gcc/arm-none-eabi/10.3.1/../../../arm-none-eabi/lib/thumb/v6-m/nofp/libc.a(lib_a-malloc.o)
                              CMakeFiles/weather_station.dir/home/gael/hepia/CSH/pico_sdk/pico-sdk/src/rp2_common/pico_malloc/pico_malloc.c.obj (malloc)
/usr/lib/gcc/arm-none-eabi/10.3.1/../../../arm-none-eabi/lib/thumb/v6-m/nofp/libc.a(lib_a-mallocr.o)
                              /usr/lib/gcc/arm-none-eabi/10.3.1/../../../arm-none-eabi/lib/thumb/v6-m/nofp/libc.a(lib_a-callocr.o) (_malloc_r)
/usr/lib/gcc/arm-none-eabi/10.3.1/../../../arm-none-eabi/lib/thumb/v6-m/nofp/libc.a(lib_a-mlock.o)
                              /usr/lib/gcc/arm-none-eabi/10.3.1/../../../arm-none-eabi/lib/thumb/v6-m/nofp/libc.a(lib_a-mallocr.o) (__malloc_lock)
/usr/lib/gcc/arm-none-eabi/10.3.1/../../../arm-none-eabi/lib/thumb/v6-m/nofp/libc.a(lib_a-realloc.o)
                              CMakeFiles/weather_station.dir/home/gael/hepia/CSH/pico_sdk/pico-sdk/src/rp2_common/pico_malloc/pico_malloc.c.obj (realloc)
/usr/lib/gcc/arm-none-eabi/10.3.1/../../../arm-none-eabi/lib/thumb/v6-m/nofp/libc.a(lib_a-reallocr.o)
                              /usr/lib/gcc/arm-none-eabi/10.3.1/../../../arm-none-eabi/lib/thumb/v6-m/nofp/libc.a(lib_a-realloc.o) (_realloc_r)
/usr/lib/gcc/arm-none-eabi/10.3.1/../../../arm-none-eabi/lib/thumb/v6-m/nofp/libc.a(lib_a-sbrkr.o)
                              /usr/lib/gcc/arm-none-eabi/10.3.1/../../../arm-none-eabi/lib/thumb/v6-m/nofp/libc.a(lib_a-mallocr.o) (_sbrk_r)
/usr/lib/gcc/arm-none-eabi/10.3.1/../../../arm-none-eabi/lib/thumb/v6-m/nofp/libc.a(lib_a-strlen-stub.o)
                              CMakeFiles/weather_station.dir/home/gael/hepia/CSH/pico_sdk/pico-sdk/src/rp2_common/pico_stdio/stdio.c.obj (strlen)
/usr/lib/gcc/arm-none-eabi/10.3.1/../../../arm-none-eabi/lib/thumb/v6-m/nofp/libc.a(lib_a-__atexit.o)
[...]
Memory Configuration

Name             Origin             Length             Attributes
FLASH            0x0000000010000000 0x0000000000200000 xr
RAM              0x0000000020000000 0x0000000000040000 xrw
SCRATCH_X        0x0000000020040000 0x0000000000001000 xrw
SCRATCH_Y        0x0000000020041000 0x0000000000001000 xrw
*default*        0x0000000000000000 0xffffffffffffffff

Linker script and memory map

LOAD /usr/lib/gcc/arm-none-eabi/10.3.1/thumb/v6-m/nofp/crti.o
LOAD /usr/lib/gcc/arm-none-eabi/10.3.1/thumb/v6-m/nofp/crtbegin.o
LOAD /usr/lib/gcc/arm-none-eabi/10.3.1/../../../arm-none-eabi/lib/thumb/v6-m/nofp/crt0.o

.flash_begin    0x0000000010000000        0x0
                0x0000000010000000                __flash_binary_start = .

.boot2          0x0000000010000000      0x100
                0x0000000010000000                __boot2_start__ = .
 *(.boot2)
 .boot2         0x0000000010000000      0x100 /tmp/ccwRoc4v.o
                0x0000000010000100                __boot2_end__ = .
                0x0000000000000001                ASSERT (((__boot2_end__ - __boot2_start__) == 0x100), ERROR: Pico second stage bootloader must be 256 bytes in size)

.text           0x0000000010000100     0x7130
                0x0000000010000100                __logical_binary_start = .
 *(.vectors)
 .vectors       0x0000000010000100       0xd4 CMakeFiles/weather_station.dir/home/gael/hepia/CSH/pico_sdk/pico-sdk/src/rp2_common/pico_standard_link/crt0.S.obj
                0x0000000010000100                __vectors
                0x0000000010000100                __VECTOR_TABLE
                0x00000000100001c0                isr_invalid
                0x00000000100001c0                __default_isrs_start
                0x00000000100001c2                isr_nmi
                0x00000000100001c4                isr_hardfault
                0x00000000100001c6                isr_svcall
                0x00000000100001c8                isr_pendsv
                0x00000000100001cc                isr_irq30
                0x00000000100001cc                __unhandled_user_irq
                0x00000000100001cc                isr_irq13
                0x00000000100001cc                isr_irq27
                0x00000000100001cc                isr_irq31
                0x00000000100001cc                isr_irq5
                0x00000000100001cc                isr_irq11
                0x00000000100001cc                isr_irq23
                0x00000000100001cc                isr_irq18
                0x00000000100001cc                isr_irq28
                0x00000000100001cc                isr_irq19
                0x00000000100001cc                isr_irq0
                0x00000000100001cc                isr_irq6
                0x00000000100001cc                isr_irq22
                0x00000000100001cc                isr_irq17
                0x00000000100001cc                isr_irq14
                0x00000000100001cc                isr_irq2
                0x00000000100001cc                isr_irq10
                0x00000000100001cc                isr_irq8
                0x00000000100001cc                isr_irq24
                0x00000000100001cc                isr_irq1
                0x00000000100001cc                isr_irq7
                0x00000000100001cc                isr_irq21
                0x00000000100001cc                isr_irq20
                0x00000000100001cc                isr_irq15
                0x00000000100001cc                isr_irq25
                0x00000000100001cc                isr_irq4
                0x00000000100001cc                isr_irq16
                0x00000000100001cc                isr_irq29
                0x00000000100001cc                isr_irq26
                0x00000000100001cc                __default_isrs_end
                0x00000000100001cc                isr_irq3
                0x00000000100001cc                isr_irq12
                0x00000000100001cc                isr_irq9
                0x00000000100001d2                unhandled_user_irq_num_in_r0
 *(.binary_info_header)
 .binary_info_header
                0x00000000100001d4       0x14 CMakeFiles/weather_station.dir/home/gael/hepia/CSH/pico_sdk/pico-sdk/src/rp2_common/pico_standard_link/crt0.S.obj
                0x00000000100001e8                __binary_info_header_end = .
 *(.reset)
 .reset         0x00000000100001e8       0xa0 CMakeFiles/weather_station.dir/home/gael/hepia/CSH/pico_sdk/pico-sdk/src/rp2_common/pico_standard_link/crt0.S.obj
                0x00000000100001e8                _entry_point
 .reset         0x0000000010000288       0x30 CMakeFiles/weather_station.dir/home/gael/hepia/CSH/pico_sdk/pico-sdk/src/rp2_common/pico_standard_link/binary_info.c.obj
 *(.init)
 .init          0x00000000100002b8        0x4 /usr/lib/gcc/arm-none-eabi/10.3.1/thumb/v6-m/nofp/crti.o
                0x00000000100002b8                _init
 *(EXCLUDE_FILE(*libm.a: *libc.a:*lib_a-mem*.o *libgcc.a:) .text*)
 .text          0x00000000100002bc       0x98 /usr/lib/gcc/arm-none-eabi/10.3.1/thumb/v6-m/nofp/crtbegin.o
 .text.isr_systick
                0x0000000010000354       0x10 CMakeFiles/weather_station.dir/src/main.c.obj
                0x0000000010000354                isr_systick
 .text.test_systick
                0x0000000010000364       0x30 CMakeFiles/weather_station.dir/src/main.c.obj
                0x0000000010000364                test_systick
 .text.startup.main
                0x0000000010000394       0x10 CMakeFiles/weather_station.dir/src/main.c.obj
                0x0000000010000394                main
 .text.hardware_alarm_irq_handler
                0x00000000100003a4       0xbc CMakeFiles/weather_station.dir/home/gael/hepia/CSH/pico_sdk/pico-sdk/src/rp2_common/hardware_timer/timer.c.obj
 .text.hardware_alarm_claim
                0x0000000010000460       0x18 CMakeFiles/weather_station.dir/home/gael/hepia/CSH/pico_sdk/pico-sdk/src/rp2_common/hardware_timer/timer.c.obj
                0x0000000010000460                hardware_alarm_claim
 .text.time_us_64
                0x0000000010000478       0x14 CMakeFiles/weather_station.dir/home/gael/hepia/CSH/pico_sdk/pico-sdk/src/rp2_common/hardware_timer/timer.c.obj
                0x0000000010000478                time_us_64
 .text.busy_wait_until
                0x000000001000048c       0x20 CMakeFiles/weather_station.dir/home/gael/hepia/CSH/pico_sdk/pico-sdk/src/rp2_common/hardware_timer/timer.c.obj
                0x000000001000048c                busy_wait_until
 .text.hardware_alarm_set_callback
                0x00000000100004ac       0x8c CMakeFiles/weather_station.dir/home/gael/hepia/CSH/pico_sdk/pico-sdk/src/rp2_common/hardware_timer/timer.c.obj
                0x00000000100004ac                hardware_alarm_set_callback
 .text.hardware_alarm_set_target
                0x0000000010000538       0xe0 CMakeFiles/weather_station.dir/home/gael/hepia/CSH/pico_sdk/pico-sdk/src/rp2_common/hardware_timer/timer.c.obj
                0x0000000010000538                hardware_alarm_set_target
 .text.hardware_alarm_cancel
                0x0000000010000618       0x3c CMakeFiles/weather_station.dir/home/gael/hepia/CSH/pico_sdk/pico-sdk/src/rp2_common/hardware_timer/timer.c.obj
                0x0000000010000618                hardware_alarm_cancel
 .text.running_on_fpga
                0x0000000010000654       0x10 CMakeFiles/weather_station.dir/home/gael/hepia/CSH/pico_sdk/pico-sdk/src/rp2_common/pico_platform/platform.c.obj
                0x0000000010000654                running_on_fpga
 .text.hw_claim_or_assert
                0x0000000010000664       0x44 CMakeFiles/weather_station.dir/home/gael/hepia/CSH/pico_sdk/pico-sdk/src/rp2_common/hardware_claim/claim.c.obj
                0x0000000010000664                hw_claim_or_assert
 .text.hw_claim_unused_from_range
                0x00000000100006a8       0x9c CMakeFiles/weather_station.dir/home/gael/hepia/CSH/pico_sdk/pico-sdk/src/rp2_common/hardware_claim/claim.c.obj
                0x00000000100006a8                hw_claim_unused_from_range
 .text.spin_locks_reset
                0x0000000010000744       0x1c CMakeFiles/weather_station.dir/home/gael/hepia/CSH/pico_sdk/pico-sdk/src/rp2_common/hardware_sync/sync.c.obj
                0x0000000010000744                spin_locks_reset
 .text.next_striped_spin_lock_num
                0x0000000010000760       0x18 CMakeFiles/weather_station.dir/home/gael/hepia/CSH/pico_sdk/pico-sdk/src/rp2_common/hardware_sync/sync.c.obj
                0x0000000010000760                next_striped_spin_lock_num
 .text.spin_lock_claim_unused
                0x0000000010000778       0x20 CMakeFiles/weather_station.dir/home/gael/hepia/CSH/pico_sdk/pico-sdk/src/rp2_common/hardware_sync/sync.c.obj
                0x0000000010000778                spin_lock_claim_unused
 .text.irq_set_enabled
                0x0000000010000798       0x24 CMakeFiles/weather_station.dir/home/gael/hepia/CSH/pico_sdk/pico-sdk/src/rp2_common/hardware_irq/irq.c.obj
                0x0000000010000798                irq_set_enabled
 .text.irq_set_pending
                0x00000000100007bc       0x10 CMakeFiles/weather_station.dir/home/gael/hepia/CSH/pico_sdk/pico-sdk/src/rp2_common/hardware_irq/irq.c.obj
                0x00000000100007bc                irq_set_pending
 .text.irq_has_shared_handler
                0x00000000100007cc       0x2c CMakeFiles/weather_station.dir/home/gael/hepia/CSH/pico_sdk/pico-sdk/src/rp2_common/hardware_irq/irq.c.obj
                0x00000000100007cc                irq_has_shared_handler
 .text.irq_get_vtable_handler
                0x00000000100007f8       0x10 CMakeFiles/weather_station.dir/home/gael/hepia/CSH/pico_sdk/pico-sdk/src/rp2_common/hardware_irq/irq.c.obj
                0x00000000100007f8                irq_get_vtable_handler
 .text.irq_set_exclusive_handler
                0x0000000010000808       0x54 CMakeFiles/weather_station.dir/home/gael/hepia/CSH/pico_sdk/pico-sdk/src/rp2_common/hardware_irq/irq.c.obj
                0x0000000010000808                irq_set_exclusive_handler
 .text.irq_add_shared_handler
                0x000000001000085c      0x1e8 CMakeFiles/weather_station.dir/home/gael/hepia/CSH/pico_sdk/pico-sdk/src/rp2_common/hardware_irq/irq.c.obj
                0x000000001000085c                irq_add_shared_handler
 .text.irq_remove_handler
                0x0000000010000a44      0x1b0 CMakeFiles/weather_station.dir/home/gael/hepia/CSH/pico_sdk/pico-sdk/src/rp2_common/hardware_irq/irq.c.obj
                0x0000000010000a44                irq_remove_handler
 .text.irq_add_tail_to_free_list
                0x0000000010000bf4       0xb4 CMakeFiles/weather_station.dir/home/gael/hepia/CSH/pico_sdk/pico-sdk/src/rp2_common/hardware_irq/irq.c.obj
                0x0000000010000bf4                irq_add_tail_to_free_list
 .text.irq_init_priorities
                0x0000000010000ca8       0x24 CMakeFiles/weather_station.dir/home/gael/hepia/CSH/pico_sdk/pico-sdk/src/rp2_common/hardware_irq/irq.c.obj
                0x0000000010000ca8                irq_init_priorities
 .text.user_irq_claim_unused
                0x0000000010000ccc       0x28 CMakeFiles/weather_station.dir/home/gael/hepia/CSH/pico_sdk/pico-sdk/src/rp2_common/hardware_irq/irq.c.obj
                0x0000000010000ccc                user_irq_claim_unused
 .text.lock_init
                0x0000000010000cf4       0x10 CMakeFiles/weather_station.dir/home/gael/hepia/CSH/pico_sdk/pico-sdk/src/common/pico_sync/lock_core.c.obj
                0x0000000010000cf4                lock_init
 .text.mutex_init
                0x0000000010000d04       0x1c CMakeFiles/weather_station.dir/home/gael/hepia/CSH/pico_sdk/pico-sdk/src/common/pico_sync/mutex.c.obj
                0x0000000010000d04                mutex_init
 .text.recursive_mutex_init
                0x0000000010000d20       0x1c CMakeFiles/weather_station.dir/home/gael/hepia/CSH/pico_sdk/pico-sdk/src/common/pico_sync/mutex.c.obj
                0x0000000010000d20                recursive_mutex_init
 .text.critical_section_init
                0x0000000010000d3c       0x20 CMakeFiles/weather_station.dir/home/gael/hepia/CSH/pico_sdk/pico-sdk/src/common/pico_sync/critical_section.c.obj
                0x0000000010000d3c                critical_section_init
 .text.critical_section_init_with_lock_num
                0x0000000010000d5c       0x14 CMakeFiles/weather_station.dir/home/gael/hepia/CSH/pico_sdk/pico-sdk/src/common/pico_sync/critical_section.c.obj
                0x0000000010000d5c                critical_section_init_with_lock_num
 .text.timer_pool_entry_comparator
                0x0000000010000d70       0x34 CMakeFiles/weather_station.dir/home/gael/hepia/CSH/pico_sdk/pico-sdk/src/common/pico_time/time.c.obj
                0x0000000010000d70                timer_pool_entry_comparator
 .text.sleep_until_callback
                0x0000000010000da4       0x30 CMakeFiles/weather_station.dir/home/gael/hepia/CSH/pico_sdk/pico-sdk/src/common/pico_time/time.c.obj
 .text.add_alarm_under_lock.isra.0
                0x0000000010000dd4      0x100 CMakeFiles/weather_station.dir/home/gael/hepia/CSH/pico_sdk/pico-sdk/src/common/pico_time/time.c.obj
 .text.alarm_pool_alarm_callback
                0x0000000010000ed4      0x1b8 CMakeFiles/weather_station.dir/home/gael/hepia/CSH/pico_sdk/pico-sdk/src/common/pico_time/time.c.obj
 .text.alarm_pool_init_default
                0x000000001000108c       0x6c CMakeFiles/weather_station.dir/home/gael/hepia/CSH/pico_sdk/pico-sdk/src/common/pico_time/time.c.obj
                0x000000001000108c                alarm_pool_init_default
 .text.alarm_pool_get_default
                0x00000000100010f8        0x8 CMakeFiles/weather_station.dir/home/gael/hepia/CSH/pico_sdk/pico-sdk/src/common/pico_time/time.c.obj
                0x00000000100010f8                alarm_pool_get_default
 .text.alarm_pool_add_alarm_at
                0x0000000010001100      0x17c CMakeFiles/weather_station.dir/home/gael/hepia/CSH/pico_sdk/pico-sdk/src/common/pico_time/time.c.obj
                0x0000000010001100                alarm_pool_add_alarm_at
 .text.alarm_pool_cancel_alarm
                0x000000001000127c       0x74 CMakeFiles/weather_station.dir/home/gael/hepia/CSH/pico_sdk/pico-sdk/src/common/pico_time/time.c.obj
                0x000000001000127c                alarm_pool_cancel_alarm
 .text.alarm_pool_core_num
                0x00000000100012f0        0x4 CMakeFiles/weather_station.dir/home/gael/hepia/CSH/pico_sdk/pico-sdk/src/common/pico_time/time.c.obj
                0x00000000100012f0                alarm_pool_core_num
 .text.sleep_until
                0x00000000100012f4       0xc4 CMakeFiles/weather_station.dir/home/gael/hepia/CSH/pico_sdk/pico-sdk/src/common/pico_time/time.c.obj
                0x00000000100012f4                sleep_until
 .text.sleep_ms
                0x00000000100013b8       0x34 CMakeFiles/weather_station.dir/home/gael/hepia/CSH/pico_sdk/pico-sdk/src/common/pico_time/time.c.obj
                0x00000000100013b8                sleep_ms
 .text.best_effort_wfe_or_timeout
                0x00000000100013ec       0x78 CMakeFiles/weather_station.dir/home/gael/hepia/CSH/pico_sdk/pico-sdk/src/common/pico_time/time.c.obj
                0x00000000100013ec                best_effort_wfe_or_timeout
 .text.ph_merge_nodes
                0x0000000010001464       0x68 CMakeFiles/weather_station.dir/home/gael/hepia/CSH/pico_sdk/pico-sdk/src/common/pico_util/pheap.c.obj
 .text.ph_post_alloc_init
                0x00000000100014cc       0x3c CMakeFiles/weather_station.dir/home/gael/hepia/CSH/pico_sdk/pico-sdk/src/common/pico_util/pheap.c.obj
                0x00000000100014cc                ph_post_alloc_init
 .text.ph_merge_two_pass
                0x0000000010001508       0x90 CMakeFiles/weather_station.dir/home/gael/hepia/CSH/pico_sdk/pico-sdk/src/common/pico_util/pheap.c.obj
                0x0000000010001508                ph_merge_two_pass
 .text.ph_remove_any_head
                0x0000000010001598      0x100 CMakeFiles/weather_station.dir/home/gael/hepia/CSH/pico_sdk/pico-sdk/src/common/pico_util/pheap.c.obj
 .text.ph_remove_head
                0x0000000010001698      0x104 CMakeFiles/weather_station.dir/home/gael/hepia/CSH/pico_sdk/pico-sdk/src/common/pico_util/pheap.c.obj
                0x0000000010001698                ph_remove_head
 .text.ph_remove_and_free_node
                0x000000001000179c       0x7c CMakeFiles/weather_station.dir/home/gael/hepia/CSH/pico_sdk/pico-sdk/src/common/pico_util/pheap.c.obj
                0x000000001000179c                ph_remove_and_free_node
 .text.gpio_set_function
                0x0000000010001818       0x30 CMakeFiles/weather_station.dir/home/gael/hepia/CSH/pico_sdk/pico-sdk/src/rp2_common/hardware_gpio/gpio.c.obj
                0x0000000010001818                gpio_set_function
 .text.gpio_init
                0x0000000010001848       0x3c CMakeFiles/weather_station.dir/home/gael/hepia/CSH/pico_sdk/pico-sdk/src/rp2_common/hardware_gpio/gpio.c.obj
                0x0000000010001848                gpio_init
 .text.clocks_init
                0x0000000010001884      0x2bc CMakeFiles/weather_station.dir/home/gael/hepia/CSH/pico_sdk/pico-sdk/src/rp2_common/hardware_clocks/clocks.c.obj
                0x0000000010001884                clocks_init
 .text.clock_get_hz
                0x0000000010001b40        0xc CMakeFiles/weather_station.dir/home/gael/hepia/CSH/pico_sdk/pico-sdk/src/rp2_common/hardware_clocks/clocks.c.obj
                0x0000000010001b40                clock_get_hz
 .text.pll_init
                0x0000000010001b4c       0xb0 CMakeFiles/weather_station.dir/home/gael/hepia/CSH/pico_sdk/pico-sdk/src/rp2_common/hardware_pll/pll.c.obj
                0x0000000010001b4c                pll_init
 .text.watchdog_start_tick
                0x0000000010001bfc       0x10 CMakeFiles/weather_station.dir/home/gael/hepia/CSH/pico_sdk/pico-sdk/src/rp2_common/hardware_watchdog/watchdog.c.obj
                0x0000000010001bfc                watchdog_start_tick
 .text.watchdog_reboot
                0x0000000010001c0c       0x98 CMakeFiles/weather_station.dir/home/gael/hepia/CSH/pico_sdk/pico-sdk/src/rp2_common/hardware_watchdog/watchdog.c.obj
                0x0000000010001c0c                watchdog_reboot
 .text.xosc_init
                0x0000000010001ca4       0x28 CMakeFiles/weather_station.dir/home/gael/hepia/CSH/pico_sdk/pico-sdk/src/rp2_common/hardware_xosc/xosc.c.obj
                0x0000000010001ca4                xosc_init
 .text.runtime_init
                0x0000000010001ccc       0xf0 CMakeFiles/weather_station.dir/home/gael/hepia/CSH/pico_sdk/pico-sdk/src/rp2_common/pico_runtime/runtime.c.obj
                0x0000000010001ccc                runtime_init
 .text._exit    0x0000000010001dbc        0x4 CMakeFiles/weather_station.dir/home/gael/hepia/CSH/pico_sdk/pico-sdk/src/rp2_common/pico_runtime/runtime.c.obj
                0x0000000010001dbc                _exit
 .text.exit     0x0000000010001dc0        0x8 CMakeFiles/weather_station.dir/home/gael/hepia/CSH/pico_sdk/pico-sdk/src/rp2_common/pico_runtime/runtime.c.obj
                0x0000000010001dc0                exit
 .text.panic    0x0000000010001dc8       0x30 CMakeFiles/weather_station.dir/home/gael/hepia/CSH/pico_sdk/pico-sdk/src/rp2_common/pico_runtime/runtime.c.obj
                0x0000000010001dc8                panic
 .text.hard_assertion_failure
                0x0000000010001df8        0xc CMakeFiles/weather_station.dir/home/gael/hepia/CSH/pico_sdk/pico-sdk/src/rp2_common/pico_runtime/runtime.c.obj
                0x0000000010001df8                hard_assertion_failure
 .text._out_null
                0x0000000010001e04        0x4 CMakeFiles/weather_station.dir/home/gael/hepia/CSH/pico_sdk/pico-sdk/src/rp2_common/pico_printf/printf.c.obj
 .text._out_rev
                0x0000000010001e08       0x9c CMakeFiles/weather_station.dir/home/gael/hepia/CSH/pico_sdk/pico-sdk/src/rp2_common/pico_printf/printf.c.obj
 .text._ntoa_format
                0x0000000010001ea4      0x1cc CMakeFiles/weather_station.dir/home/gael/hepia/CSH/pico_sdk/pico-sdk/src/rp2_common/pico_printf/printf.c.obj
 .text._out_char
                0x0000000010002070       0x10 CMakeFiles/weather_station.dir/home/gael/hepia/CSH/pico_sdk/pico-sdk/src/rp2_common/pico_printf/printf.c.obj
 .text._out_fct
                0x0000000010002080       0x10 CMakeFiles/weather_station.dir/home/gael/hepia/CSH/pico_sdk/pico-sdk/src/rp2_common/pico_printf/printf.c.obj
 .text._etoa    0x0000000010002090      0x44c CMakeFiles/weather_station.dir/home/gael/hepia/CSH/pico_sdk/pico-sdk/src/rp2_common/pico_printf/printf.c.obj
 .text._ftoa    0x00000000100024dc      0x398 CMakeFiles/weather_station.dir/home/gael/hepia/CSH/pico_sdk/pico-sdk/src/rp2_common/pico_printf/printf.c.obj
 .text._vsnprintf
                0x0000000010002874      0xb04 CMakeFiles/weather_station.dir/home/gael/hepia/CSH/pico_sdk/pico-sdk/src/rp2_common/pico_printf/printf.c.obj
 .text.vfctprintf
                0x0000000010003378       0x20 CMakeFiles/weather_station.dir/home/gael/hepia/CSH/pico_sdk/pico-sdk/src/rp2_common/pico_printf/printf.c.obj
                0x0000000010003378                vfctprintf
 .text.weak_raw_vprintf
                0x0000000010003398       0x30 CMakeFiles/weather_station.dir/home/gael/hepia/CSH/pico_sdk/pico-sdk/src/rp2_common/pico_printf/printf.c.obj
                0x0000000010003398                weak_raw_vprintf
 .text          0x00000000100033c8       0x10 CMakeFiles/weather_station.dir/home/gael/hepia/CSH/pico_sdk/pico-sdk/src/rp2_common/pico_bit_ops/bit_ops_aeabi.S.obj
 .text.rom_func_lookup
                0x00000000100033d8       0x10 CMakeFiles/weather_station.dir/home/gael/hepia/CSH/pico_sdk/pico-sdk/src/rp2_common/pico_bootrom/bootrom.c.obj
                0x00000000100033d8                rom_func_lookup
 .text.rom_data_lookup
                0x00000000100033e8       0x10 CMakeFiles/weather_station.dir/home/gael/hepia/CSH/pico_sdk/pico-sdk/src/rp2_common/pico_bootrom/bootrom.c.obj
                0x00000000100033e8                rom_data_lookup
 .text.rom_funcs_lookup
                0x00000000100033f8       0x44 CMakeFiles/weather_station.dir/home/gael/hepia/CSH/pico_sdk/pico-sdk/src/rp2_common/pico_bootrom/bootrom.c.obj
                0x00000000100033f8                rom_funcs_lookup
 .text.__wrap___aeabi_idiv
                0x000000001000343c       0x50 CMakeFiles/weather_station.dir/home/gael/hepia/CSH/pico_sdk/pico-sdk/src/rp2_common/pico_divider/divider.S.obj
                0x000000001000343c                __wrap___aeabi_idivmod
                0x000000001000343c                divmod_s32s32
                0x000000001000343c                div_s32s32
                0x000000001000343c                __wrap___aeabi_idiv
                0x0000000010003444                divmod_s32s32_unsafe
                0x0000000010003470                divmod_s32s32_savestate
 .text.__wrap___aeabi_uidiv
                0x000000001000348c       0x4c CMakeFiles/weather_station.dir/home/gael/hepia/CSH/pico_sdk/pico-sdk/src/rp2_common/pico_divider/divider.S.obj
                0x000000001000348c                __wrap___aeabi_uidiv
                0x000000001000348c                __wrap___aeabi_uidivmod
                0x000000001000348c                div_u32u32
                0x000000001000348c                divmod_u32u32
                0x0000000010003494                divmod_u32u32_unsafe
                0x00000000100034bc                divmod_u32u32_savestate
 .text.__wrap___aeabi_ldiv
                0x00000000100034d8      0x424 CMakeFiles/weather_station.dir/home/gael/hepia/CSH/pico_sdk/pico-sdk/src/rp2_common/pico_divider/divider.S.obj
                0x00000000100034d8                div_s64s64
                0x00000000100034d8                divmod_s64s64
                0x00000000100034d8                __wrap___aeabi_ldivmod
                0x0000000010003508                div_u64u64
                0x0000000010003508                divmod_u64u64
                0x0000000010003508                __wrap___aeabi_uldivmod
                0x0000000010003518                divmod_u64u64_savestate
                0x0000000010003538                divmod_s64s64_unsafe
                0x00000000100035c0                divmod_u64u64_unsafe
 .text.__wrap___aeabi_darithmetic
                0x00000000100038fc       0x80 CMakeFiles/weather_station.dir/home/gael/hepia/CSH/pico_sdk/pico-sdk/src/rp2_common/pico_double/double_aeabi.S.obj
                0x00000000100038fc                __wrap___aeabi_drsub
                0x0000000010003902                __wrap___aeabi_dsub
                0x0000000010003914                __wrap___aeabi_dadd
                0x0000000010003926                __wrap___aeabi_ddiv
                0x0000000010003962                __wrap___aeabi_dmul
 .text.__wrap___aeabi_cdcmple
                0x000000001000397c       0x6c CMakeFiles/weather_station.dir/home/gael/hepia/CSH/pico_sdk/pico-sdk/src/rp2_common/pico_double/double_aeabi.S.obj
                0x000000001000397c                __wrap___aeabi_cdrcmple
                0x000000001000398c                __wrap___aeabi_cdcmple
                0x000000001000398c                __wrap___aeabi_cdcmpeq
 .text.__wrap___aeabi_dcmplt
                0x00000000100039e8        0xc CMakeFiles/weather_station.dir/home/gael/hepia/CSH/pico_sdk/pico-sdk/src/rp2_common/pico_double/double_aeabi.S.obj
                0x00000000100039e8                __wrap___aeabi_dcmplt
 .text.__wrap___aeabi_dcmple
                0x00000000100039f4       0x10 CMakeFiles/weather_station.dir/home/gael/hepia/CSH/pico_sdk/pico-sdk/src/rp2_common/pico_double/double_aeabi.S.obj
                0x00000000100039f4                __wrap___aeabi_dcmple
 .text.__wrap___aeabi_dcmpge
                0x0000000010003a04       0x10 CMakeFiles/weather_station.dir/home/gael/hepia/CSH/pico_sdk/pico-sdk/src/rp2_common/pico_double/double_aeabi.S.obj
                0x0000000010003a04                __wrap___aeabi_dcmpge
 .text.__wrap___aeabi_dcmpgt
                0x0000000010003a14        0xa CMakeFiles/weather_station.dir/home/gael/hepia/CSH/pico_sdk/pico-sdk/src/rp2_common/pico_double/double_aeabi.S.obj
                0x0000000010003a14                __wrap___aeabi_dcmpgt
 .text.__wrap___aeabi_dcmpun
                0x0000000010003a1e       0x1c CMakeFiles/weather_station.dir/home/gael/hepia/CSH/pico_sdk/pico-sdk/src/rp2_common/pico_double/double_aeabi.S.obj
                0x0000000010003a1e                __wrap___aeabi_dcmpun
 *fill*         0x0000000010003a3a        0x2 
 .text.__wrap___aeabi_i2d
                0x0000000010003a3c       0x38 CMakeFiles/weather_station.dir/home/gael/hepia/CSH/pico_sdk/pico-sdk/src/rp2_common/pico_double/double_aeabi.S.obj
                0x0000000010003a3c                __wrap___aeabi_ui2d
                0x0000000010003a44                __wrap___aeabi_i2d
 .text.__wrap___aeabi_d2iz
                0x0000000010003a74       0x48 CMakeFiles/weather_station.dir/home/gael/hepia/CSH/pico_sdk/pico-sdk/src/rp2_common/pico_double/double_aeabi.S.obj
                0x0000000010003a74                __wrap___aeabi_d2iz
                0x0000000010003a74                double2int_z
 .text.__wrap___aeabi_d2uiz
                0x0000000010003abc       0x18 CMakeFiles/weather_station.dir/home/gael/hepia/CSH/pico_sdk/pico-sdk/src/rp2_common/pico_double/double_aeabi.S.obj
                0x0000000010003abc                double2uint
                0x0000000010003abc                __wrap___aeabi_d2uiz
 .text.__aeabi_double_init
                0x0000000010003ad4       0x94 CMakeFiles/weather_station.dir/home/gael/hepia/CSH/pico_sdk/pico-sdk/src/rp2_common/pico_double/double_init_rom.c.obj
                0x0000000010003ad4                __aeabi_double_init
 .text.double_table_shim_on_use_helper
                0x0000000010003b68       0x2c CMakeFiles/weather_station.dir/home/gael/hepia/CSH/pico_sdk/pico-sdk/src/rp2_common/pico_double/double_v1_rom_shim.S.obj
                0x0000000010003b68                double_table_shim_on_use_helper
 .text.__wrap___aeabi_dsub
                0x0000000010003b94       0x10 CMakeFiles/weather_station.dir/home/gael/hepia/CSH/pico_sdk/pico-sdk/src/rp2_common/pico_double/double_v1_rom_shim.S.obj
                0x0000000010003b94                drsub_shim
                0x0000000010003b9a                dsub_shim
 .text.dadd_shim
                0x0000000010003ba4      0x15c CMakeFiles/weather_station.dir/home/gael/hepia/CSH/pico_sdk/pico-sdk/src/rp2_common/pico_double/double_v1_rom_shim.S.obj
                0x0000000010003ba4                dadd_shim
 .text.dmul_shim
                0x0000000010003d00      0x15c CMakeFiles/weather_station.dir/home/gael/hepia/CSH/pico_sdk/pico-sdk/src/rp2_common/pico_double/double_v1_rom_shim.S.obj
                0x0000000010003d00                dmul_shim
 .text.ddiv_shim
                0x0000000010003e5c      0x1b0 CMakeFiles/weather_station.dir/home/gael/hepia/CSH/pico_sdk/pico-sdk/src/rp2_common/pico_double/double_v1_rom_shim.S.obj
                0x0000000010003e5c                ddiv_shim
 .text.double2uint_shim
                0x000000001000400c        0xe CMakeFiles/weather_station.dir/home/gael/hepia/CSH/pico_sdk/pico-sdk/src/rp2_common/pico_double/double_v1_rom_shim.S.obj
                0x000000001000400c                double2uint_shim
                0x000000001000400e                double2ufix_shim
 *fill*         0x000000001000401a        0x2 
 .text.double2uint64_shim
                0x000000001000401c       0x70 CMakeFiles/weather_station.dir/home/gael/hepia/CSH/pico_sdk/pico-sdk/src/rp2_common/pico_double/double_v1_rom_shim.S.obj
                0x000000001000401c                double2uint64_shim
                0x000000001000401e                double2ufix64_shim
                0x000000001000403e                d2fix_a
 .text.dunpacks
                0x000000001000408c       0x3c CMakeFiles/weather_station.dir/home/gael/hepia/CSH/pico_sdk/pico-sdk/src/rp2_common/pico_double/double_v1_rom_shim.S.obj
                0x000000001000408c                dunpacks
 .text.__aeabi_lmul
                0x00000000100040c8       0x32 CMakeFiles/weather_station.dir/home/gael/hepia/CSH/pico_sdk/pico-sdk/src/rp2_common/pico_int64_ops/pico_int64_ops_aeabi.S.obj
                0x00000000100040c8                __wrap___aeabi_lmul
 *fill*         0x00000000100040fa        0x2 
 .text.__aeabi_float_init
                0x00000000100040fc       0x64 CMakeFiles/weather_station.dir/home/gael/hepia/CSH/pico_sdk/pico-sdk/src/rp2_common/pico_float/float_init_rom.c.obj
                0x00000000100040fc                __aeabi_float_init
 .text.float_table_shim_on_use_helper
                0x0000000010004160       0x2c CMakeFiles/weather_station.dir/home/gael/hepia/CSH/pico_sdk/pico-sdk/src/rp2_common/pico_float/float_v1_rom_shim.S.obj
                0x0000000010004160                float_table_shim_on_use_helper
 .text          0x000000001000418c       0x10 CMakeFiles/weather_station.dir/home/gael/hepia/CSH/pico_sdk/pico-sdk/src/rp2_common/pico_mem_ops/mem_ops_aeabi.S.obj
                0x000000001000418c                __aeabi_mem_init
 .text.memset   0x000000001000419c        0xc CMakeFiles/weather_station.dir/home/gael/hepia/CSH/pico_sdk/pico-sdk/src/rp2_common/pico_mem_ops/mem_ops_aeabi.S.obj
                0x000000001000419c                __wrap_memset
 .text.memcpy   0x00000000100041a8        0xc CMakeFiles/weather_station.dir/home/gael/hepia/CSH/pico_sdk/pico-sdk/src/rp2_common/pico_mem_ops/mem_ops_aeabi.S.obj
                0x00000000100041a8                __wrap___aeabi_memcpy
                0x00000000100041a8                __wrap_memcpy
 .text.stdio_out_chars_no_crlf
                0x00000000100041b4       0x10 CMakeFiles/weather_station.dir/home/gael/hepia/CSH/pico_sdk/pico-sdk/src/rp2_common/pico_stdio/stdio.c.obj
 .text.stdio_out_chars_crlf
                0x00000000100041c4       0xb4 CMakeFiles/weather_station.dir/home/gael/hepia/CSH/pico_sdk/pico-sdk/src/rp2_common/pico_stdio/stdio.c.obj
 .text.stdio_buffered_printer
                0x0000000010004278       0x64 CMakeFiles/weather_station.dir/home/gael/hepia/CSH/pico_sdk/pico-sdk/src/rp2_common/pico_stdio/stdio.c.obj
 .text.stdio_put_string.isra.0
                0x00000000100042dc       0xfc CMakeFiles/weather_station.dir/home/gael/hepia/CSH/pico_sdk/pico-sdk/src/rp2_common/pico_stdio/stdio.c.obj
 .text.__wrap_putchar
                0x00000000100043d8       0x98 CMakeFiles/weather_station.dir/home/gael/hepia/CSH/pico_sdk/pico-sdk/src/rp2_common/pico_stdio/stdio.c.obj
                0x00000000100043d8                __wrap_putchar
 .text.__wrap_puts
                0x0000000010004470       0x3c CMakeFiles/weather_station.dir/home/gael/hepia/CSH/pico_sdk/pico-sdk/src/rp2_common/pico_stdio/stdio.c.obj
                0x0000000010004470                __wrap_puts
 .text.stdio_set_driver_enabled
                0x00000000100044ac       0x30 CMakeFiles/weather_station.dir/home/gael/hepia/CSH/pico_sdk/pico-sdk/src/rp2_common/pico_stdio/stdio.c.obj
                0x00000000100044ac                stdio_set_driver_enabled
 .text.__wrap_vprintf
                0x00000000100044dc       0xd8 CMakeFiles/weather_station.dir/home/gael/hepia/CSH/pico_sdk/pico-sdk/src/rp2_common/pico_stdio/stdio.c.obj
                0x00000000100044dc                __wrap_vprintf
 .text.__wrap_printf
                0x00000000100045b4       0x18 CMakeFiles/weather_station.dir/home/gael/hepia/CSH/pico_sdk/pico-sdk/src/rp2_common/pico_stdio/stdio.c.obj
                0x00000000100045b4                __wrap_printf
 .text.stdio_init_all
                0x00000000100045cc        0x8 CMakeFiles/weather_station.dir/home/gael/hepia/CSH/pico_sdk/pico-sdk/src/rp2_common/pico_stdio/stdio.c.obj
                0x00000000100045cc                stdio_init_all
 .text.resetd_init
                0x00000000100045d4        0x4 CMakeFiles/weather_station.dir/home/gael/hepia/CSH/pico_sdk/pico-sdk/src/rp2_common/pico_stdio_usb/reset_interface.c.obj
 .text.resetd_reset
                0x00000000100045d8        0xc CMakeFiles/weather_station.dir/home/gael/hepia/CSH/pico_sdk/pico-sdk/src/rp2_common/pico_stdio_usb/reset_interface.c.obj
 .text.resetd_open
                0x00000000100045e4       0x28 CMakeFiles/weather_station.dir/home/gael/hepia/CSH/pico_sdk/pico-sdk/src/rp2_common/pico_stdio_usb/reset_interface.c.obj
 .text.resetd_xfer_cb
                0x000000001000460c        0x4 CMakeFiles/weather_station.dir/home/gael/hepia/CSH/pico_sdk/pico-sdk/src/rp2_common/pico_stdio_usb/reset_interface.c.obj
 .text.resetd_control_xfer_cb
                0x0000000010004610       0x64 CMakeFiles/weather_station.dir/home/gael/hepia/CSH/pico_sdk/pico-sdk/src/rp2_common/pico_stdio_usb/reset_interface.c.obj
 .text.usbd_app_driver_get_cb
                0x0000000010004674        0xc CMakeFiles/weather_station.dir/home/gael/hepia/CSH/pico_sdk/pico-sdk/src/rp2_common/pico_stdio_usb/reset_interface.c.obj
                0x0000000010004674                usbd_app_driver_get_cb
 .text.tud_cdc_line_coding_cb
                0x0000000010004680       0x34 CMakeFiles/weather_station.dir/home/gael/hepia/CSH/pico_sdk/pico-sdk/src/rp2_common/pico_stdio_usb/reset_interface.c.obj
                0x0000000010004680                tud_cdc_line_coding_cb
 .text.stdio_usb_set_chars_available_callback
                0x00000000100046b4       0x14 CMakeFiles/weather_station.dir/home/gael/hepia/CSH/pico_sdk/pico-sdk/src/rp2_common/pico_stdio_usb/stdio_usb.c.obj
                0x00000000100046b4                stdio_usb_set_chars_available_callback
 .text.usb_irq  0x00000000100046c8       0x10 CMakeFiles/weather_station.dir/home/gael/hepia/CSH/pico_sdk/pico-sdk/src/rp2_common/pico_stdio_usb/stdio_usb.c.obj
 .text.timer_task
                0x00000000100046d8       0x54 CMakeFiles/weather_station.dir/home/gael/hepia/CSH/pico_sdk/pico-sdk/src/rp2_common/pico_stdio_usb/stdio_usb.c.obj
 .text.stdio_usb_in_chars
                0x000000001000472c       0x90 CMakeFiles/weather_station.dir/home/gael/hepia/CSH/pico_sdk/pico-sdk/src/rp2_common/pico_stdio_usb/stdio_usb.c.obj
                0x000000001000472c                stdio_usb_in_chars
 .text.stdio_usb_out_chars
                0x00000000100047bc      0x100 CMakeFiles/weather_station.dir/home/gael/hepia/CSH/pico_sdk/pico-sdk/src/rp2_common/pico_stdio_usb/stdio_usb.c.obj
 .text.low_priority_worker_irq
                0x00000000100048bc       0xa8 CMakeFiles/weather_station.dir/home/gael/hepia/CSH/pico_sdk/pico-sdk/src/rp2_common/pico_stdio_usb/stdio_usb.c.obj
 .text.tud_cdc_rx_cb
                0x0000000010004964       0x20 CMakeFiles/weather_station.dir/home/gael/hepia/CSH/pico_sdk/pico-sdk/src/rp2_common/pico_stdio_usb/stdio_usb.c.obj
                0x0000000010004964                tud_cdc_rx_cb
 .text.stdio_usb_init
                0x0000000010004984       0xdc CMakeFiles/weather_station.dir/home/gael/hepia/CSH/pico_sdk/pico-sdk/src/rp2_common/pico_stdio_usb/stdio_usb.c.obj
                0x0000000010004984                stdio_usb_init
 .text.tud_descriptor_device_cb
                0x0000000010004a60        0x8 CMakeFiles/weather_station.dir/home/gael/hepia/CSH/pico_sdk/pico-sdk/src/rp2_common/pico_stdio_usb/stdio_usb_descriptors.c.obj
                0x0000000010004a60                tud_descriptor_device_cb
 .text.tud_descriptor_configuration_cb
                0x0000000010004a68        0x8 CMakeFiles/weather_station.dir/home/gael/hepia/CSH/pico_sdk/pico-sdk/src/rp2_common/pico_stdio_usb/stdio_usb_descriptors.c.obj
                0x0000000010004a68                tud_descriptor_configuration_cb
 .text.tud_descriptor_string_cb
                0x0000000010004a70       0x74 CMakeFiles/weather_station.dir/home/gael/hepia/CSH/pico_sdk/pico-sdk/src/rp2_common/pico_stdio_usb/stdio_usb_descriptors.c.obj
                0x0000000010004a70                tud_descriptor_string_cb
 .text.startup._retrieve_unique_id_on_boot
                0x0000000010004ae4       0x10 CMakeFiles/weather_station.dir/home/gael/hepia/CSH/pico_sdk/pico-sdk/src/rp2_common/pico_unique_id/unique_id.c.obj
 .text.pico_get_unique_board_id_string
                0x0000000010004af4      0x1a8 CMakeFiles/weather_station.dir/home/gael/hepia/CSH/pico_sdk/pico-sdk/src/rp2_common/pico_unique_id/unique_id.c.obj
                0x0000000010004af4                pico_get_unique_board_id_string
 .text.flash_get_unique_id
                0x0000000010004c9c       0x40 CMakeFiles/weather_station.dir/home/gael/hepia/CSH/pico_sdk/pico-sdk/src/rp2_common/hardware_flash/flash.c.obj
                0x0000000010004c9c                flash_get_unique_id
 .text.dcd_int_enable
                0x0000000010004cdc        0xc CMakeFiles/weather_station.dir/home/gael/hepia/CSH/pico_sdk/pico-sdk/lib/tinyusb/src/portable/raspberrypi/rp2040/dcd_rp2040.c.obj
                0x0000000010004cdc                dcd_int_enable
 .text.dcd_set_address
                0x0000000010004ce8       0x14 CMakeFiles/weather_station.dir/home/gael/hepia/CSH/pico_sdk/pico-sdk/lib/tinyusb/src/portable/raspberrypi/rp2040/dcd_rp2040.c.obj
                0x0000000010004ce8                dcd_set_address
 .text.dcd_connect
                0x0000000010004cfc       0x10 CMakeFiles/weather_station.dir/home/gael/hepia/CSH/pico_sdk/pico-sdk/lib/tinyusb/src/portable/raspberrypi/rp2040/dcd_rp2040.c.obj
                0x0000000010004cfc                dcd_connect
 .text.dcd_init
                0x0000000010004d0c       0x98 CMakeFiles/weather_station.dir/home/gael/hepia/CSH/pico_sdk/pico-sdk/lib/tinyusb/src/portable/raspberrypi/rp2040/dcd_rp2040.c.obj
                0x0000000010004d0c                dcd_init
 .text.dcd_edpt0_status_complete
                0x0000000010004da4       0x1c CMakeFiles/weather_station.dir/home/gael/hepia/CSH/pico_sdk/pico-sdk/lib/tinyusb/src/portable/raspberrypi/rp2040/dcd_rp2040.c.obj
                0x0000000010004da4                dcd_edpt0_status_complete
 .text.dcd_edpt_open
                0x0000000010004dc0      0x108 CMakeFiles/weather_station.dir/home/gael/hepia/CSH/pico_sdk/pico-sdk/lib/tinyusb/src/portable/raspberrypi/rp2040/dcd_rp2040.c.obj
                0x0000000010004dc0                dcd_edpt_open
 .text.dcd_edpt_close_all
                0x0000000010004ec8        0x8 CMakeFiles/weather_station.dir/home/gael/hepia/CSH/pico_sdk/pico-sdk/lib/tinyusb/src/portable/raspberrypi/rp2040/dcd_rp2040.c.obj
                0x0000000010004ec8                dcd_edpt_close_all
 .text.dcd_edpt_xfer
                0x0000000010004ed0       0x24 CMakeFiles/weather_station.dir/home/gael/hepia/CSH/pico_sdk/pico-sdk/lib/tinyusb/src/portable/raspberrypi/rp2040/dcd_rp2040.c.obj
                0x0000000010004ed0                dcd_edpt_xfer
 .text.dcd_edpt_stall
                0x0000000010004ef4       0x38 CMakeFiles/weather_station.dir/home/gael/hepia/CSH/pico_sdk/pico-sdk/lib/tinyusb/src/portable/raspberrypi/rp2040/dcd_rp2040.c.obj
                0x0000000010004ef4                dcd_edpt_stall
 .text.dcd_edpt_clear_stall
                0x0000000010004f2c       0x30 CMakeFiles/weather_station.dir/home/gael/hepia/CSH/pico_sdk/pico-sdk/lib/tinyusb/src/portable/raspberrypi/rp2040/dcd_rp2040.c.obj
                0x0000000010004f2c                dcd_edpt_clear_stall
 .text.rp2040_usb_init
                0x0000000010004f5c       0x4c CMakeFiles/weather_station.dir/home/gael/hepia/CSH/pico_sdk/pico-sdk/lib/tinyusb/src/portable/raspberrypi/rp2040/rp2040_usb.c.obj
                0x0000000010004f5c                rp2040_usb_init
 .text.hw_endpoint_xfer_start
                0x0000000010004fa8       0x50 CMakeFiles/weather_station.dir/home/gael/hepia/CSH/pico_sdk/pico-sdk/lib/tinyusb/src/portable/raspberrypi/rp2040/rp2040_usb.c.obj
                0x0000000010004fa8                hw_endpoint_xfer_start
 .text.tud_mounted
                0x0000000010004ff8       0x10 CMakeFiles/weather_station.dir/home/gael/hepia/CSH/pico_sdk/pico-sdk/lib/tinyusb/src/device/usbd.c.obj
                0x0000000010004ff8                tud_mounted
 .text.tud_suspended
                0x0000000010005008       0x10 CMakeFiles/weather_station.dir/home/gael/hepia/CSH/pico_sdk/pico-sdk/lib/tinyusb/src/device/usbd.c.obj
                0x0000000010005008                tud_suspended
 .text.tud_inited
                0x0000000010005018       0x14 CMakeFiles/weather_station.dir/home/gael/hepia/CSH/pico_sdk/pico-sdk/lib/tinyusb/src/device/usbd.c.obj
                0x0000000010005018                tud_inited
 .text.tud_init
                0x000000001000502c       0xe4 CMakeFiles/weather_station.dir/home/gael/hepia/CSH/pico_sdk/pico-sdk/lib/tinyusb/src/device/usbd.c.obj
                0x000000001000502c                tud_init
 .text.tud_task_ext
                0x0000000010005110      0x854 CMakeFiles/weather_station.dir/home/gael/hepia/CSH/pico_sdk/pico-sdk/lib/tinyusb/src/device/usbd.c.obj
                0x0000000010005110                tud_task_ext
 .text.usbd_open_edpt_pair
                0x0000000010005964       0x9c CMakeFiles/weather_station.dir/home/gael/hepia/CSH/pico_sdk/pico-sdk/lib/tinyusb/src/device/usbd.c.obj
                0x0000000010005964                usbd_open_edpt_pair
 .text.usbd_defer_func
                0x0000000010005a00       0x48 CMakeFiles/weather_station.dir/home/gael/hepia/CSH/pico_sdk/pico-sdk/lib/tinyusb/src/device/usbd.c.obj
                0x0000000010005a00                usbd_defer_func
 .text.usbd_edpt_open
                0x0000000010005a48       0x34 CMakeFiles/weather_station.dir/home/gael/hepia/CSH/pico_sdk/pico-sdk/lib/tinyusb/src/device/usbd.c.obj
                0x0000000010005a48                usbd_edpt_open
 .text.usbd_edpt_claim
                0x0000000010005a7c       0x28 CMakeFiles/weather_station.dir/home/gael/hepia/CSH/pico_sdk/pico-sdk/lib/tinyusb/src/device/usbd.c.obj
                0x0000000010005a7c                usbd_edpt_claim
 .text.usbd_edpt_release
                0x0000000010005aa4       0x28 CMakeFiles/weather_station.dir/home/gael/hepia/CSH/pico_sdk/pico-sdk/lib/tinyusb/src/device/usbd.c.obj
                0x0000000010005aa4                usbd_edpt_release
 .text.usbd_edpt_xfer
                0x0000000010005acc       0x4c CMakeFiles/weather_station.dir/home/gael/hepia/CSH/pico_sdk/pico-sdk/lib/tinyusb/src/device/usbd.c.obj
                0x0000000010005acc                usbd_edpt_xfer
 .text.tud_control_status
                0x0000000010005b18       0x30 CMakeFiles/weather_station.dir/home/gael/hepia/CSH/pico_sdk/pico-sdk/lib/tinyusb/src/device/usbd_control.c.obj
                0x0000000010005b18                tud_control_status
 .text.tud_control_xfer
                0x0000000010005b48       0xbc CMakeFiles/weather_station.dir/home/gael/hepia/CSH/pico_sdk/pico-sdk/lib/tinyusb/src/device/usbd_control.c.obj
                0x0000000010005b48                tud_control_xfer
 .text.usbd_control_reset
                0x0000000010005c04       0x14 CMakeFiles/weather_station.dir/home/gael/hepia/CSH/pico_sdk/pico-sdk/lib/tinyusb/src/device/usbd_control.c.obj
                0x0000000010005c04                usbd_control_reset
 .text.usbd_control_set_complete_callback
                0x0000000010005c18        0xc CMakeFiles/weather_station.dir/home/gael/hepia/CSH/pico_sdk/pico-sdk/lib/tinyusb/src/device/usbd_control.c.obj
                0x0000000010005c18                usbd_control_set_complete_callback
 .text.usbd_control_set_request
                0x0000000010005c24       0x1c CMakeFiles/weather_station.dir/home/gael/hepia/CSH/pico_sdk/pico-sdk/lib/tinyusb/src/device/usbd_control.c.obj
                0x0000000010005c24                usbd_control_set_request
 .text.usbd_control_xfer_cb
                0x0000000010005c40       0xfc CMakeFiles/weather_station.dir/home/gael/hepia/CSH/pico_sdk/pico-sdk/lib/tinyusb/src/device/usbd_control.c.obj
                0x0000000010005c40                usbd_control_xfer_cb
 .text.tud_cdc_n_connected
                0x0000000010005d3c       0x30 CMakeFiles/weather_station.dir/home/gael/hepia/CSH/pico_sdk/pico-sdk/lib/tinyusb/src/class/cdc/cdc_device.c.obj
                0x0000000010005d3c                tud_cdc_n_connected
 .text.tud_cdc_n_available
                0x0000000010005d6c       0x18 CMakeFiles/weather_station.dir/home/gael/hepia/CSH/pico_sdk/pico-sdk/lib/tinyusb/src/class/cdc/cdc_device.c.obj
                0x0000000010005d6c                tud_cdc_n_available
 .text.tud_cdc_n_read
                0x0000000010005d84       0x70 CMakeFiles/weather_station.dir/home/gael/hepia/CSH/pico_sdk/pico-sdk/lib/tinyusb/src/class/cdc/cdc_device.c.obj
                0x0000000010005d84                tud_cdc_n_read
 .text.tud_cdc_n_write_flush
                0x0000000010005df4       0x78 CMakeFiles/weather_station.dir/home/gael/hepia/CSH/pico_sdk/pico-sdk/lib/tinyusb/src/class/cdc/cdc_device.c.obj
                0x0000000010005df4                tud_cdc_n_write_flush
 .text.tud_cdc_n_write
                0x0000000010005e6c       0x34 CMakeFiles/weather_station.dir/home/gael/hepia/CSH/pico_sdk/pico-sdk/lib/tinyusb/src/class/cdc/cdc_device.c.obj
                0x0000000010005e6c                tud_cdc_n_write
 .text.tud_cdc_n_write_available
                0x0000000010005ea0       0x18 CMakeFiles/weather_station.dir/home/gael/hepia/CSH/pico_sdk/pico-sdk/lib/tinyusb/src/class/cdc/cdc_device.c.obj
                0x0000000010005ea0                tud_cdc_n_write_available
 .text.cdcd_init
                0x0000000010005eb8       0x7c CMakeFiles/weather_station.dir/home/gael/hepia/CSH/pico_sdk/pico-sdk/lib/tinyusb/src/class/cdc/cdc_device.c.obj
                0x0000000010005eb8                cdcd_init
 .text.cdcd_reset
                0x0000000010005f34       0x2c CMakeFiles/weather_station.dir/home/gael/hepia/CSH/pico_sdk/pico-sdk/lib/tinyusb/src/class/cdc/cdc_device.c.obj
                0x0000000010005f34                cdcd_reset
 .text.cdcd_open
                0x0000000010005f60       0xe8 CMakeFiles/weather_station.dir/home/gael/hepia/CSH/pico_sdk/pico-sdk/lib/tinyusb/src/class/cdc/cdc_device.c.obj
                0x0000000010005f60                cdcd_open
 .text.cdcd_control_xfer_cb
                0x0000000010006048       0xe4 CMakeFiles/weather_station.dir/home/gael/hepia/CSH/pico_sdk/pico-sdk/lib/tinyusb/src/class/cdc/cdc_device.c.obj
                0x0000000010006048                cdcd_control_xfer_cb
 .text.cdcd_xfer_cb
                0x000000001000612c      0x148 CMakeFiles/weather_station.dir/home/gael/hepia/CSH/pico_sdk/pico-sdk/lib/tinyusb/src/class/cdc/cdc_device.c.obj
                0x000000001000612c                cdcd_xfer_cb
 .text.tusb_init
                0x0000000010006274        0xc CMakeFiles/weather_station.dir/home/gael/hepia/CSH/pico_sdk/pico-sdk/lib/tinyusb/src/tusb.c.obj
                0x0000000010006274                tusb_init
 .text.tusb_inited
                0x0000000010006280        0x8 CMakeFiles/weather_station.dir/home/gael/hepia/CSH/pico_sdk/pico-sdk/lib/tinyusb/src/tusb.c.obj
                0x0000000010006280                tusb_inited
 .text.tu_edpt_claim
                0x0000000010006288       0x50 CMakeFiles/weather_station.dir/home/gael/hepia/CSH/pico_sdk/pico-sdk/lib/tinyusb/src/tusb.c.obj
                0x0000000010006288                tu_edpt_claim
 .text.tu_edpt_release
                0x00000000100062d8       0x38 CMakeFiles/weather_station.dir/home/gael/hepia/CSH/pico_sdk/pico-sdk/lib/tinyusb/src/tusb.c.obj
                0x00000000100062d8                tu_edpt_release
 .text.tu_edpt_validate
                0x0000000010006310       0x78 CMakeFiles/weather_station.dir/home/gael/hepia/CSH/pico_sdk/pico-sdk/lib/tinyusb/src/tusb.c.obj
                0x0000000010006310                tu_edpt_validate
 .text.tu_edpt_bind_driver
                0x0000000010006388       0x34 CMakeFiles/weather_station.dir/home/gael/hepia/CSH/pico_sdk/pico-sdk/lib/tinyusb/src/tusb.c.obj
                0x0000000010006388                tu_edpt_bind_driver
 .text.tu_fifo_config
                0x00000000100063bc       0x70 CMakeFiles/weather_station.dir/home/gael/hepia/CSH/pico_sdk/pico-sdk/lib/tinyusb/src/common/tusb_fifo.c.obj
                0x00000000100063bc                tu_fifo_config
 .text.tu_fifo_count
                0x000000001000642c       0x2c CMakeFiles/weather_station.dir/home/gael/hepia/CSH/pico_sdk/pico-sdk/lib/tinyusb/src/common/tusb_fifo.c.obj
                0x000000001000642c                tu_fifo_count
 .text.tu_fifo_empty
                0x0000000010006458       0x10 CMakeFiles/weather_station.dir/home/gael/hepia/CSH/pico_sdk/pico-sdk/lib/tinyusb/src/common/tusb_fifo.c.obj
                0x0000000010006458                tu_fifo_empty
 .text.tu_fifo_remaining
                0x0000000010006468       0x2c CMakeFiles/weather_station.dir/home/gael/hepia/CSH/pico_sdk/pico-sdk/lib/tinyusb/src/common/tusb_fifo.c.obj
                0x0000000010006468                tu_fifo_remaining
 .text.tu_fifo_read
                0x0000000010006494       0xa0 CMakeFiles/weather_station.dir/home/gael/hepia/CSH/pico_sdk/pico-sdk/lib/tinyusb/src/common/tusb_fifo.c.obj
                0x0000000010006494                tu_fifo_read
 .text.tu_fifo_read_n
                0x0000000010006534       0xec CMakeFiles/weather_station.dir/home/gael/hepia/CSH/pico_sdk/pico-sdk/lib/tinyusb/src/common/tusb_fifo.c.obj
                0x0000000010006534                tu_fifo_read_n
 .text.tu_fifo_write
                0x0000000010006620       0x88 CMakeFiles/weather_station.dir/home/gael/hepia/CSH/pico_sdk/pico-sdk/lib/tinyusb/src/common/tusb_fifo.c.obj
                0x0000000010006620                tu_fifo_write
 .text.tu_fifo_write_n
                0x00000000100066a8      0x168 CMakeFiles/weather_station.dir/home/gael/hepia/CSH/pico_sdk/pico-sdk/lib/tinyusb/src/common/tusb_fifo.c.obj
                0x00000000100066a8                tu_fifo_write_n
 .text.tu_fifo_clear
                0x0000000010006810       0x40 CMakeFiles/weather_station.dir/home/gael/hepia/CSH/pico_sdk/pico-sdk/lib/tinyusb/src/common/tusb_fifo.c.obj
                0x0000000010006810                tu_fifo_clear
 .text.tu_fifo_set_overwritable
                0x0000000010006850       0x48 CMakeFiles/weather_station.dir/home/gael/hepia/CSH/pico_sdk/pico-sdk/lib/tinyusb/src/common/tusb_fifo.c.obj
                0x0000000010006850                tu_fifo_set_overwritable
 .text.spi_init
                0x0000000010006898       0xf8 CMakeFiles/weather_station.dir/home/gael/hepia/CSH/pico_sdk/pico-sdk/src/rp2_common/hardware_spi/spi.c.obj
                0x0000000010006898                spi_init
 .text.station_init
                0x0000000010006990       0x44 src/station/libstation.a(station.c.obj)
                0x0000000010006990                station_init
 .text.lcd_backlight_off
                0x00000000100069d4        0xc src/lcd/liblcd.a(lcd.c.obj)
                0x00000000100069d4                lcd_backlight_off
 .text.lcd_config
                0x00000000100069e0      0x5a4 src/lcd/liblcd.a(lcd.c.obj)
                0x00000000100069e0                lcd_config
 .text.lcd_init
                0x0000000010006f84      0x144 src/lcd/liblcd.a(lcd.c.obj)
                0x0000000010006f84                lcd_init
 .text.systick_init
                0x00000000100070c8       0x28 src/systick/libsystick.a(systick.c.obj)
                0x00000000100070c8                systick_init
 .text          0x00000000100070f0       0x5c /usr/lib/gcc/arm-none-eabi/10.3.1/../../../arm-none-eabi/lib/thumb/v6-m/nofp/libc.a(lib_a-strlen-stub.o)
                0x00000000100070f0                strlen
 *(.fini)
 .fini          0x000000001000714c        0x4 /usr/lib/gcc/arm-none-eabi/10.3.1/thumb/v6-m/nofp/crti.o
                0x000000001000714c                _fini
 .fini.__stub   0x0000000010007150       0xe0 linker stubs
 *crtbegin.o(.ctors)
 *crtbegin?.o(.ctors)
 *(EXCLUDE_FILE(*crtend.o *crtend?.o) .ctors)
 *(SORT_BY_NAME(.ctors.*))
 *(.ctors)
 *crtbegin.o(.dtors)
 *crtbegin?.o(.dtors)
 *(EXCLUDE_FILE(*crtend.o *crtend?.o) .dtors)
 *(SORT_BY_NAME(.dtors.*))
 *(.dtors)
 *(.eh_frame*)
 .eh_frame      0x0000000010007230        0x0 /usr/lib/gcc/arm-none-eabi/10.3.1/thumb/v6-m/nofp/crtbegin.o
                0x0000000010007230                . = ALIGN (0x4)

.glue_7         0x0000000010007230        0x0
 .glue_7        0x0000000010007230        0x0 linker stubs

.glue_7t        0x0000000010007230        0x0
 .glue_7t       0x0000000010007230        0x0 linker stubs

.vfp11_veneer   0x0000000010007230        0x0
 .vfp11_veneer  0x0000000010007230        0x0 linker stubs

.v4_bx          0x0000000010007230        0x0
 .v4_bx         0x0000000010007230        0x0 linker stubs

.iplt           0x0000000010007230        0x0
 .iplt          0x0000000010007230        0x0 /usr/lib/gcc/arm-none-eabi/10.3.1/thumb/v6-m/nofp/crtbegin.o

.rodata         0x0000000010007230      0x534
 *(EXCLUDE_FILE(*libm.a: *libc.a:*lib_a-mem*.o *libgcc.a:) .rodata*)
 .rodata.test_systick.str1.4
                0x0000000010007230       0x12 CMakeFiles/weather_station.dir/src/main.c.obj
 *fill*         0x0000000010007242        0x2 
 .rodata.hardware_alarm_claim.str1.4
                0x0000000010007244       0x22 CMakeFiles/weather_station.dir/home/gael/hepia/CSH/pico_sdk/pico-sdk/src/rp2_common/hardware_timer/timer.c.obj
 *fill*         0x0000000010007266        0x2 
 .rodata.spin_lock_claim_unused.str1.4
                0x0000000010007268       0x1b CMakeFiles/weather_station.dir/home/gael/hepia/CSH/pico_sdk/pico-sdk/src/rp2_common/hardware_sync/sync.c.obj
 *fill*         0x0000000010007283        0x1 
 .rodata.user_irq_claim_unused.str1.4
                0x0000000010007284       0x1b CMakeFiles/weather_station.dir/home/gael/hepia/CSH/pico_sdk/pico-sdk/src/rp2_common/hardware_irq/irq.c.obj
 *fill*         0x000000001000729f        0x1 
 .rodata.panic.str1.4
                0x00000000100072a0       0x10 CMakeFiles/weather_station.dir/home/gael/hepia/CSH/pico_sdk/pico-sdk/src/rp2_common/pico_runtime/runtime.c.obj
                                         0x12 (size before relaxing)
 .rodata.hard_assertion_failure.str1.4
                0x00000000100072b0        0xc CMakeFiles/weather_station.dir/home/gael/hepia/CSH/pico_sdk/pico-sdk/src/rp2_common/pico_runtime/runtime.c.obj
 .rodata._ftoa.str1.4
                0x00000000100072bc       0x15 CMakeFiles/weather_station.dir/home/gael/hepia/CSH/pico_sdk/pico-sdk/src/rp2_common/pico_printf/printf.c.obj
 *fill*         0x00000000100072d1        0x3 
 .rodata._vsnprintf
                0x00000000100072d4      0x1e0 CMakeFiles/weather_station.dir/home/gael/hepia/CSH/pico_sdk/pico-sdk/src/rp2_common/pico_printf/printf.c.obj
 *fill*         0x00000000100074b4        0x4 
 .rodata.pow10.0
                0x00000000100074b8       0x50 CMakeFiles/weather_station.dir/home/gael/hepia/CSH/pico_sdk/pico-sdk/src/rp2_common/pico_printf/printf.c.obj
 .rodata.str1.4
                0x0000000010007508       0x44 CMakeFiles/weather_station.dir/home/gael/hepia/CSH/pico_sdk/pico-sdk/src/rp2_common/pico_standard_link/binary_info.c.obj
 .rodata.__bi_44
                0x000000001000754c        0xc CMakeFiles/weather_station.dir/home/gael/hepia/CSH/pico_sdk/pico-sdk/src/rp2_common/pico_standard_link/binary_info.c.obj
 .rodata.__bi_75
                0x0000000010007558        0xc CMakeFiles/weather_station.dir/home/gael/hepia/CSH/pico_sdk/pico-sdk/src/rp2_common/pico_standard_link/binary_info.c.obj
 .rodata.__bi_81
                0x0000000010007564        0xc CMakeFiles/weather_station.dir/home/gael/hepia/CSH/pico_sdk/pico-sdk/src/rp2_common/pico_standard_link/binary_info.c.obj
 .rodata.crlf_str.0
                0x0000000010007570        0x2 CMakeFiles/weather_station.dir/home/gael/hepia/CSH/pico_sdk/pico-sdk/src/rp2_common/pico_stdio/stdio.c.obj
 *fill*         0x0000000010007572        0x2 
 .rodata._resetd_driver
                0x0000000010007574       0x18 CMakeFiles/weather_station.dir/home/gael/hepia/CSH/pico_sdk/pico-sdk/src/rp2_common/pico_stdio_usb/reset_interface.c.obj
 .rodata.str1.4
                0x000000001000758c       0x13 CMakeFiles/weather_station.dir/home/gael/hepia/CSH/pico_sdk/pico-sdk/src/rp2_common/pico_stdio_usb/stdio_usb.c.obj
 *fill*         0x000000001000759f        0x1 
 .rodata.__bi_188.0
                0x00000000100075a0        0xc CMakeFiles/weather_station.dir/home/gael/hepia/CSH/pico_sdk/pico-sdk/src/rp2_common/pico_stdio_usb/stdio_usb.c.obj
 .rodata.str1.4
                0x00000000100075ac       0x2a CMakeFiles/weather_station.dir/home/gael/hepia/CSH/pico_sdk/pico-sdk/src/rp2_common/pico_stdio_usb/stdio_usb_descriptors.c.obj
 *fill*         0x00000000100075d6        0x2 
 .rodata.usbd_desc_cfg
                0x00000000100075d8       0x54 CMakeFiles/weather_station.dir/home/gael/hepia/CSH/pico_sdk/pico-sdk/src/rp2_common/pico_stdio_usb/stdio_usb_descriptors.c.obj
 .rodata.usbd_desc_device
                0x000000001000762c       0x12 CMakeFiles/weather_station.dir/home/gael/hepia/CSH/pico_sdk/pico-sdk/src/rp2_common/pico_stdio_usb/stdio_usb_descriptors.c.obj
 *fill*         0x000000001000763e        0x2 
 .rodata.usbd_desc_str
                0x0000000010007640       0x18 CMakeFiles/weather_station.dir/home/gael/hepia/CSH/pico_sdk/pico-sdk/src/rp2_common/pico_stdio_usb/stdio_usb_descriptors.c.obj
 .rodata.str1.4
                0x0000000010007658       0x14 CMakeFiles/weather_station.dir/home/gael/hepia/CSH/pico_sdk/pico-sdk/lib/tinyusb/src/portable/raspberrypi/rp2040/dcd_rp2040.c.obj
 .rodata.str1.4
                0x000000001000766c       0x53 CMakeFiles/weather_station.dir/home/gael/hepia/CSH/pico_sdk/pico-sdk/lib/tinyusb/src/portable/raspberrypi/rp2040/rp2040_usb.c.obj
 *fill*         0x00000000100076bf        0x1 
 .rodata.tud_task_ext
                0x00000000100076c0       0x8c CMakeFiles/weather_station.dir/home/gael/hepia/CSH/pico_sdk/pico-sdk/lib/tinyusb/src/device/usbd.c.obj
 .rodata._usbd_driver
                0x000000001000774c       0x18 CMakeFiles/weather_station.dir/home/gael/hepia/CSH/pico_sdk/pico-sdk/lib/tinyusb/src/device/usbd.c.obj
                0x0000000010007764                . = ALIGN (0x4)
 *(SORT_BY_ALIGNMENT(SORT_BY_NAME(.flashdata*)))
                0x0000000010007764                . = ALIGN (0x4)

.rel.dyn        0x0000000010007764        0x0
 .rel.iplt      0x0000000010007764        0x0 /usr/lib/gcc/arm-none-eabi/10.3.1/thumb/v6-m/nofp/crtbegin.o

.ARM.extab
 *(.ARM.extab* .gnu.linkonce.armextab.*)
                0x0000000010007764                __exidx_start = .

.ARM.exidx
 *(.ARM.exidx* .gnu.linkonce.armexidx.*)
                0x0000000010007764                __exidx_end = .
                0x0000000010007764                . = ALIGN (0x4)
                0x0000000010007764                __binary_info_start = .

.binary_info    0x0000000010007764       0x20
 *(.binary_info.keep.*)
 .binary_info.keep.__bi_ptr22
                0x0000000010007764        0x4 CMakeFiles/weather_station.dir/home/gael/hepia/CSH/pico_sdk/pico-sdk/src/rp2_common/pico_standard_link/binary_info.c.obj
 .binary_info.keep.__bi_ptr30
                0x0000000010007768        0x4 CMakeFiles/weather_station.dir/home/gael/hepia/CSH/pico_sdk/pico-sdk/src/rp2_common/pico_standard_link/binary_info.c.obj
 .binary_info.keep.__bi_ptr38
                0x000000001000776c        0x4 CMakeFiles/weather_station.dir/home/gael/hepia/CSH/pico_sdk/pico-sdk/src/rp2_common/pico_standard_link/binary_info.c.obj
 .binary_info.keep.__bi_ptr44
                0x0000000010007770        0x4 CMakeFiles/weather_station.dir/home/gael/hepia/CSH/pico_sdk/pico-sdk/src/rp2_common/pico_standard_link/binary_info.c.obj
 .binary_info.keep.__bi_ptr50
                0x0000000010007774        0x4 CMakeFiles/weather_station.dir/home/gael/hepia/CSH/pico_sdk/pico-sdk/src/rp2_common/pico_standard_link/binary_info.c.obj
 .binary_info.keep.__bi_ptr75
                0x0000000010007778        0x4 CMakeFiles/weather_station.dir/home/gael/hepia/CSH/pico_sdk/pico-sdk/src/rp2_common/pico_standard_link/binary_info.c.obj
 .binary_info.keep.__bi_ptr81
                0x000000001000777c        0x4 CMakeFiles/weather_station.dir/home/gael/hepia/CSH/pico_sdk/pico-sdk/src/rp2_common/pico_standard_link/binary_info.c.obj
 *(.binary_info.*)
 .binary_info.__bi_ptr188
                0x0000000010007780        0x4 CMakeFiles/weather_station.dir/home/gael/hepia/CSH/pico_sdk/pico-sdk/src/rp2_common/pico_stdio_usb/stdio_usb.c.obj
                0x0000000010007784                __binary_info_end = .
                0x0000000010007784                . = ALIGN (0x4)
                0x0000000010007784                __etext = .

.ram_vector_table
                0x0000000020000000       0xc0
 *(.ram_vector_table)
 .ram_vector_table
                0x0000000020000000       0xc0 CMakeFiles/weather_station.dir/home/gael/hepia/CSH/pico_sdk/pico-sdk/src/rp2_common/pico_runtime/runtime.c.obj
                0x0000000020000000                ram_vector_table

.data           0x00000000200000c0      0xea0 load address 0x0000000010007784
                0x00000000200000c0                __data_start__ = .
 *(vtable)
 *(.time_critical*)
 .time_critical.mutex_try_enter
                0x00000000200000c0       0x44 CMakeFiles/weather_station.dir/home/gael/hepia/CSH/pico_sdk/pico-sdk/src/common/pico_sync/mutex.c.obj
                0x00000000200000c0                mutex_try_enter
 .time_critical.mutex_try_enter_block_until
                0x0000000020000104       0x9c CMakeFiles/weather_station.dir/home/gael/hepia/CSH/pico_sdk/pico-sdk/src/common/pico_sync/mutex.c.obj
                0x0000000020000104                mutex_try_enter_block_until
 .time_critical.mutex_enter_timeout_ms
                0x00000000200001a0       0x90 CMakeFiles/weather_station.dir/home/gael/hepia/CSH/pico_sdk/pico-sdk/src/common/pico_sync/mutex.c.obj
                0x00000000200001a0                mutex_enter_timeout_ms
 .time_critical.mutex_exit
                0x0000000020000230       0x28 CMakeFiles/weather_station.dir/home/gael/hepia/CSH/pico_sdk/pico-sdk/src/common/pico_sync/mutex.c.obj
                0x0000000020000230                mutex_exit
 .time_critical.flash_init_boot2_copyout
                0x0000000020000258       0x30 CMakeFiles/weather_station.dir/home/gael/hepia/CSH/pico_sdk/pico-sdk/src/rp2_common/hardware_flash/flash.c.obj
 .time_critical.flash_enable_xip_via_boot2
                0x0000000020000288       0x10 CMakeFiles/weather_station.dir/home/gael/hepia/CSH/pico_sdk/pico-sdk/src/rp2_common/hardware_flash/flash.c.obj
 .time_critical.flash_cs_force
                0x0000000020000298       0x38 CMakeFiles/weather_station.dir/home/gael/hepia/CSH/pico_sdk/pico-sdk/src/rp2_common/hardware_flash/flash.c.obj
 .time_critical.flash_do_cmd
                0x00000000200002d0       0xc4 CMakeFiles/weather_station.dir/home/gael/hepia/CSH/pico_sdk/pico-sdk/src/rp2_common/hardware_flash/flash.c.obj
                0x00000000200002d0                flash_do_cmd
 .time_critical.reset_non_control_endpoints
                0x0000000020000394       0xbc CMakeFiles/weather_station.dir/home/gael/hepia/CSH/pico_sdk/pico-sdk/lib/tinyusb/src/portable/raspberrypi/rp2040/dcd_rp2040.c.obj
 .time_critical.hw_handle_buff_status
                0x0000000020000450       0xa8 CMakeFiles/weather_station.dir/home/gael/hepia/CSH/pico_sdk/pico-sdk/lib/tinyusb/src/portable/raspberrypi/rp2040/dcd_rp2040.c.obj
 .time_critical.dcd_rp2040_irq
                0x00000000200004f8      0x4d8 CMakeFiles/weather_station.dir/home/gael/hepia/CSH/pico_sdk/pico-sdk/lib/tinyusb/src/portable/raspberrypi/rp2040/dcd_rp2040.c.obj
 .time_critical.e15_is_bulkin_ep
                0x00000000200009d0       0x28 CMakeFiles/weather_station.dir/home/gael/hepia/CSH/pico_sdk/pico-sdk/lib/tinyusb/src/portable/raspberrypi/rp2040/rp2040_usb.c.obj
 .time_critical.e15_is_critical_frame_period
                0x00000000200009f8       0x34 CMakeFiles/weather_station.dir/home/gael/hepia/CSH/pico_sdk/pico-sdk/lib/tinyusb/src/portable/raspberrypi/rp2040/rp2040_usb.c.obj
 .time_critical.prepare_ep_buffer
                0x0000000020000a2c       0x70 CMakeFiles/weather_station.dir/home/gael/hepia/CSH/pico_sdk/pico-sdk/lib/tinyusb/src/portable/raspberrypi/rp2040/rp2040_usb.c.obj
 .time_critical.sync_ep_buffer
                0x0000000020000a9c       0x4c CMakeFiles/weather_station.dir/home/gael/hepia/CSH/pico_sdk/pico-sdk/lib/tinyusb/src/portable/raspberrypi/rp2040/rp2040_usb.c.obj
 .time_critical._hw_endpoint_xfer_sync
                0x0000000020000ae8       0x28 CMakeFiles/weather_station.dir/home/gael/hepia/CSH/pico_sdk/pico-sdk/lib/tinyusb/src/portable/raspberrypi/rp2040/rp2040_usb.c.obj
 .time_critical.hw_endpoint_reset_transfer
                0x0000000020000b10        0xc CMakeFiles/weather_station.dir/home/gael/hepia/CSH/pico_sdk/pico-sdk/lib/tinyusb/src/portable/raspberrypi/rp2040/rp2040_usb.c.obj
                0x0000000020000b10                hw_endpoint_reset_transfer
 .time_critical._hw_endpoint_buffer_control_update32
                0x0000000020000b1c       0x58 CMakeFiles/weather_station.dir/home/gael/hepia/CSH/pico_sdk/pico-sdk/lib/tinyusb/src/portable/raspberrypi/rp2040/rp2040_usb.c.obj
                0x0000000020000b1c                _hw_endpoint_buffer_control_update32
 .time_critical.hw_endpoint_start_next_buffer
                0x0000000020000b74       0x6c CMakeFiles/weather_station.dir/home/gael/hepia/CSH/pico_sdk/pico-sdk/lib/tinyusb/src/portable/raspberrypi/rp2040/rp2040_usb.c.obj
                0x0000000020000b74                hw_endpoint_start_next_buffer
 .time_critical.hw_endpoint_xfer_continue
                0x0000000020000be0       0x50 CMakeFiles/weather_station.dir/home/gael/hepia/CSH/pico_sdk/pico-sdk/lib/tinyusb/src/portable/raspberrypi/rp2040/rp2040_usb.c.obj
                0x0000000020000be0                hw_endpoint_xfer_continue
 .time_critical.tinyusb
                0x0000000020000c30      0x170 CMakeFiles/weather_station.dir/home/gael/hepia/CSH/pico_sdk/pico-sdk/lib/tinyusb/src/device/usbd.c.obj
                0x0000000020000c30                dcd_event_handler
 .time_critical.spi_write_blocking
                0x0000000020000da0       0x4c CMakeFiles/weather_station.dir/home/gael/hepia/CSH/pico_sdk/pico-sdk/src/rp2_common/hardware_spi/spi.c.obj
                0x0000000020000da0                spi_write_blocking
 *(.text*)
 .text          0x0000000020000dec        0x4 /usr/lib/gcc/arm-none-eabi/10.3.1/thumb/v6-m/nofp/libgcc.a(_dvmd_tls.o)
                0x0000000020000dec                __aeabi_ldiv0
                0x0000000020000dec                __aeabi_idiv0
 .text.__stub   0x0000000020000df0       0x70 linker stubs
                0x0000000020000e60                . = ALIGN (0x4)
 *(.rodata*)
                0x0000000020000e60                . = ALIGN (0x4)
 *(.data*)
 .data.striped_spin_lock_num
                0x0000000020000e60        0x1 CMakeFiles/weather_station.dir/home/gael/hepia/CSH/pico_sdk/pico-sdk/src/rp2_common/hardware_sync/sync.c.obj
 *fill*         0x0000000020000e61        0x3 
 .data          0x0000000020000e64       0x48 CMakeFiles/weather_station.dir/home/gael/hepia/CSH/pico_sdk/pico-sdk/src/rp2_common/hardware_irq/irq_handler_chain.S.obj
                0x0000000020000e64                irq_handler_chain_slots
                0x0000000020000e94                irq_handler_chain_first_slot
                0x0000000020000e9e                irq_handler_chain_remove_tail
 .data.default_alarm_pool
                0x0000000020000eac       0x18 CMakeFiles/weather_station.dir/home/gael/hepia/CSH/pico_sdk/pico-sdk/src/common/pico_time/time.c.obj
 .data.default_alarm_pool_heap
                0x0000000020000ec4       0x10 CMakeFiles/weather_station.dir/home/gael/hepia/CSH/pico_sdk/pico-sdk/src/common/pico_time/time.c.obj
 *fill*         0x0000000020000ed4        0xc 
 .data.aeabi_bits_funcs
                0x0000000020000ee0       0x10 CMakeFiles/weather_station.dir/home/gael/hepia/CSH/pico_sdk/pico-sdk/src/rp2_common/pico_bit_ops/bit_ops_aeabi.S.obj
                0x0000000020000ee0                aeabi_bits_funcs
                0x0000000020000ef0                aeabi_bits_funcs_end
 .data.aeabi_mem_funcs
                0x0000000020000ef0       0x10 CMakeFiles/weather_station.dir/home/gael/hepia/CSH/pico_sdk/pico-sdk/src/rp2_common/pico_mem_ops/mem_ops_aeabi.S.obj
                0x0000000020000ef0                aeabi_mem_funcs
                0x0000000020000f00                aeabi_mem_funcs_end
 .data.stdio_usb
                0x0000000020000f00       0x18 CMakeFiles/weather_station.dir/home/gael/hepia/CSH/pico_sdk/pico-sdk/src/rp2_common/pico_stdio_usb/stdio_usb.c.obj
                0x0000000020000f00                stdio_usb
 .data.ep_dir_string
                0x0000000020000f18        0x8 CMakeFiles/weather_station.dir/home/gael/hepia/CSH/pico_sdk/pico-sdk/lib/tinyusb/src/portable/raspberrypi/rp2040/rp2040_usb.c.obj
                0x0000000020000f18                ep_dir_string
 .data._usbd_qdef
                0x0000000020000f20       0x1c CMakeFiles/weather_station.dir/home/gael/hepia/CSH/pico_sdk/pico-sdk/lib/tinyusb/src/device/usbd.c.obj
                0x0000000020000f20                _usbd_qdef
 .data._usbd_rhport
                0x0000000020000f3c        0x1 CMakeFiles/weather_station.dir/home/gael/hepia/CSH/pico_sdk/pico-sdk/lib/tinyusb/src/device/usbd.c.obj
                0x0000000020000f40                . = ALIGN (0x4)
 *fill*         0x0000000020000f3d        0x3 
 *(.after_data.*)
                0x0000000020000f40                . = ALIGN (0x4)
                0x0000000020000f40                PROVIDE (__mutex_array_start = .)
 *(SORT_BY_NAME(.mutex_array.*))
 *(.mutex_array)
 .mutex_array   0x0000000020000f40        0x8 CMakeFiles/weather_station.dir/home/gael/hepia/CSH/pico_sdk/pico-sdk/src/rp2_common/pico_stdio/stdio.c.obj
                0x0000000020000f48                PROVIDE (__mutex_array_end = .)
                0x0000000020000f48                . = ALIGN (0x4)
                0x0000000020000f48                PROVIDE (__preinit_array_start = .)
 *(SORT_BY_NAME(.preinit_array.*))
 .preinit_array.00001
                0x0000000020000f48        0x4 CMakeFiles/weather_station.dir/home/gael/hepia/CSH/pico_sdk/pico-sdk/src/rp2_common/pico_mem_ops/mem_ops_aeabi.S.obj
 .preinit_array.00010
                0x0000000020000f4c        0x4 CMakeFiles/weather_station.dir/home/gael/hepia/CSH/pico_sdk/pico-sdk/src/rp2_common/pico_bit_ops/bit_ops_aeabi.S.obj
 .preinit_array.00020
                0x0000000020000f50        0x4 CMakeFiles/weather_station.dir/home/gael/hepia/CSH/pico_sdk/pico-sdk/src/rp2_common/pico_double/double_aeabi.S.obj
 .preinit_array.00020
                0x0000000020000f54        0x4 CMakeFiles/weather_station.dir/home/gael/hepia/CSH/pico_sdk/pico-sdk/src/rp2_common/pico_float/float_aeabi.S.obj
 *(.preinit_array)
                0x0000000020000f58                PROVIDE (__preinit_array_end = .)
                0x0000000020000f58                . = ALIGN (0x4)
                0x0000000020000f58                PROVIDE (__init_array_start = .)
 *(SORT_BY_NAME(.init_array.*))
 *(.init_array)
 .init_array    0x0000000020000f58        0x4 /usr/lib/gcc/arm-none-eabi/10.3.1/thumb/v6-m/nofp/crtbegin.o
 .init_array    0x0000000020000f5c        0x4 CMakeFiles/weather_station.dir/home/gael/hepia/CSH/pico_sdk/pico-sdk/src/rp2_common/pico_unique_id/unique_id.c.obj
                0x0000000020000f60                PROVIDE (__init_array_end = .)
                0x0000000020000f60                . = ALIGN (0x4)
                0x0000000020000f60                PROVIDE (__fini_array_start = .)
 *(SORT_BY_NAME(.fini_array.*))
 *(.fini_array)
                0x0000000020000f60                PROVIDE (__fini_array_end = .)
 *(.jcr)
                0x0000000020000f60                . = ALIGN (0x4)
                0x0000000020000f60                __data_end__ = .

.tm_clone_table
                0x0000000020000f60        0x0 load address 0x0000000010008624
 .tm_clone_table
                0x0000000020000f60        0x0 /usr/lib/gcc/arm-none-eabi/10.3.1/thumb/v6-m/nofp/crtbegin.o
 .tm_clone_table
                0x0000000020000f60        0x0 /usr/lib/gcc/arm-none-eabi/10.3.1/thumb/v6-m/nofp/crtend.o

.igot.plt       0x0000000020000f60        0x0 load address 0x0000000010008624
 .igot.plt      0x0000000020000f60        0x0 /usr/lib/gcc/arm-none-eabi/10.3.1/thumb/v6-m/nofp/crtbegin.o

.uninitialized_data
                0x0000000020000f60        0x0 load address 0x0000000010008624
                0x0000000020000f60                . = ALIGN (0x4)
 *(.uninitialized_data*)

.scratch_x      0x0000000020040000        0x0 load address 0x0000000010008624
                0x0000000020040000                __scratch_x_start__ = .
 *(.scratch_x.*)
                0x0000000020040000                . = ALIGN (0x4)
                0x0000000020040000                __scratch_x_end__ = .
                0x0000000010008624                __scratch_x_source__ = LOADADDR (.scratch_x)

.scratch_y      0x0000000020041000        0x0 load address 0x0000000010008624
                0x0000000020041000                __scratch_y_start__ = .
 *(.scratch_y.*)
                0x0000000020041000                . = ALIGN (0x4)
                0x0000000020041000                __scratch_y_end__ = .
                0x0000000010008624                __scratch_y_source__ = LOADADDR (.scratch_y)

.bss            0x0000000020000f60      0xd8c
                0x0000000020000f60                . = ALIGN (0x4)
                0x0000000020000f60                __bss_start__ = .
 *(SORT_BY_ALIGNMENT(SORT_BY_NAME(.bss*)))
 .bss.default_alarm_pool_entries
                0x0000000020000f60      0x100 CMakeFiles/weather_station.dir/home/gael/hepia/CSH/pico_sdk/pico-sdk/src/common/pico_time/time.c.obj
 .bss.last_avail_time.1
                0x0000000020001060        0x8 CMakeFiles/weather_station.dir/home/gael/hepia/CSH/pico_sdk/pico-sdk/src/rp2_common/pico_stdio_usb/stdio_usb.c.obj
 .bss.sd_table  0x0000000020001068      0x100 CMakeFiles/weather_station.dir/home/gael/hepia/CSH/pico_sdk/pico-sdk/src/rp2_common/pico_double/double_init_rom.c.obj
                0x0000000020001068                sd_table
 .bss.sf_table  0x0000000020001168      0x100 CMakeFiles/weather_station.dir/home/gael/hepia/CSH/pico_sdk/pico-sdk/src/rp2_common/pico_float/float_init_rom.c.obj
                0x0000000020001168                sf_table
 .bss           0x0000000020001268       0x1c /usr/lib/gcc/arm-none-eabi/10.3.1/thumb/v6-m/nofp/crtbegin.o
 .bss._app_driver
                0x0000000020001284        0x4 CMakeFiles/weather_station.dir/home/gael/hepia/CSH/pico_sdk/pico-sdk/lib/tinyusb/src/device/usbd.c.obj
 .bss._cdcd_itf
                0x0000000020001288      0x2c8 CMakeFiles/weather_station.dir/home/gael/hepia/CSH/pico_sdk/pico-sdk/lib/tinyusb/src/class/cdc/cdc_device.c.obj
 .bss._ctrl_xfer
                0x0000000020001550       0x14 CMakeFiles/weather_station.dir/home/gael/hepia/CSH/pico_sdk/pico-sdk/lib/tinyusb/src/device/usbd_control.c.obj
 .bss._ubsd_mutexdef
                0x0000000020001564        0x8 CMakeFiles/weather_station.dir/home/gael/hepia/CSH/pico_sdk/pico-sdk/lib/tinyusb/src/device/usbd.c.obj
 .bss._usbd_ctrl_buf
                0x000000002000156c       0x40 CMakeFiles/weather_station.dir/home/gael/hepia/CSH/pico_sdk/pico-sdk/lib/tinyusb/src/device/usbd_control.c.obj
 .bss._usbd_dev
                0x00000000200015ac       0x53 CMakeFiles/weather_station.dir/home/gael/hepia/CSH/pico_sdk/pico-sdk/lib/tinyusb/src/device/usbd.c.obj
 *fill*         0x00000000200015ff        0x1 
 .bss._usbd_mutex
                0x0000000020001600        0x4 CMakeFiles/weather_station.dir/home/gael/hepia/CSH/pico_sdk/pico-sdk/lib/tinyusb/src/device/usbd.c.obj
 .bss._usbd_q   0x0000000020001604        0x4 CMakeFiles/weather_station.dir/home/gael/hepia/CSH/pico_sdk/pico-sdk/lib/tinyusb/src/device/usbd.c.obj
 .bss._usbd_qdef_buf
                0x0000000020001608       0xc0 CMakeFiles/weather_station.dir/home/gael/hepia/CSH/pico_sdk/pico-sdk/lib/tinyusb/src/device/usbd.c.obj
                0x0000000020001608                _usbd_qdef_buf
 .bss.alarm_callbacks
                0x00000000200016c8       0x10 CMakeFiles/weather_station.dir/home/gael/hepia/CSH/pico_sdk/pico-sdk/src/rp2_common/hardware_timer/timer.c.obj
 .bss.boot2_copyout
                0x00000000200016d8      0x100 CMakeFiles/weather_station.dir/home/gael/hepia/CSH/pico_sdk/pico-sdk/src/rp2_common/hardware_flash/flash.c.obj
 .bss.chars_available_callback
                0x00000000200017d8        0x4 CMakeFiles/weather_station.dir/home/gael/hepia/CSH/pico_sdk/pico-sdk/src/rp2_common/pico_stdio_usb/stdio_usb.c.obj
 .bss.chars_available_param
                0x00000000200017dc        0x4 CMakeFiles/weather_station.dir/home/gael/hepia/CSH/pico_sdk/pico-sdk/src/rp2_common/pico_stdio_usb/stdio_usb.c.obj
 .bss.claimed   0x00000000200017e0        0x4 CMakeFiles/weather_station.dir/home/gael/hepia/CSH/pico_sdk/pico-sdk/src/rp2_common/hardware_sync/sync.c.obj
 .bss.configured_freq
                0x00000000200017e4       0x28 CMakeFiles/weather_station.dir/home/gael/hepia/CSH/pico_sdk/pico-sdk/src/rp2_common/hardware_clocks/clocks.c.obj
 .bss.default_alarm_pool_entry_ids_high
                0x000000002000180c       0x10 CMakeFiles/weather_station.dir/home/gael/hepia/CSH/pico_sdk/pico-sdk/src/common/pico_time/time.c.obj
 .bss.default_alarm_pool_heap_nodes
                0x000000002000181c       0x30 CMakeFiles/weather_station.dir/home/gael/hepia/CSH/pico_sdk/pico-sdk/src/common/pico_time/time.c.obj
 .bss.desc_str.0
                0x000000002000184c       0x28 CMakeFiles/weather_station.dir/home/gael/hepia/CSH/pico_sdk/pico-sdk/src/rp2_common/pico_stdio_usb/stdio_usb_descriptors.c.obj
 .bss.drivers   0x0000000020001874        0x4 CMakeFiles/weather_station.dir/home/gael/hepia/CSH/pico_sdk/pico-sdk/src/rp2_common/pico_stdio/stdio.c.obj
 .bss.e15_last_sof
                0x0000000020001878        0x4 CMakeFiles/weather_station.dir/home/gael/hepia/CSH/pico_sdk/pico-sdk/lib/tinyusb/src/portable/raspberrypi/rp2040/rp2040_usb.c.obj
                0x0000000020001878                e15_last_sof
 .bss.filter    0x000000002000187c        0x4 CMakeFiles/weather_station.dir/home/gael/hepia/CSH/pico_sdk/pico-sdk/src/rp2_common/pico_stdio/stdio.c.obj
 .bss.hw_endpoints
                0x0000000020001880      0x400 CMakeFiles/weather_station.dir/home/gael/hepia/CSH/pico_sdk/pico-sdk/lib/tinyusb/src/portable/raspberrypi/rp2040/dcd_rp2040.c.obj
 .bss.lazy_vsnprintf
                0x0000000020001c80        0x4 CMakeFiles/weather_station.dir/home/gael/hepia/CSH/pico_sdk/pico-sdk/src/rp2_common/pico_printf/printf.c.obj
 .bss.load_value
                0x0000000020001c84        0x4 CMakeFiles/weather_station.dir/home/gael/hepia/CSH/pico_sdk/pico-sdk/src/rp2_common/hardware_watchdog/watchdog.c.obj
 .bss.next_buffer_ptr
                0x0000000020001c88        0x4 CMakeFiles/weather_station.dir/home/gael/hepia/CSH/pico_sdk/pico-sdk/lib/tinyusb/src/portable/raspberrypi/rp2040/dcd_rp2040.c.obj
 .bss.one_shot_timer_crit_sec
                0x0000000020001c8c        0x8 CMakeFiles/weather_station.dir/home/gael/hepia/CSH/pico_sdk/pico-sdk/src/rp2_common/pico_stdio_usb/stdio_usb.c.obj
 .bss.pools     0x0000000020001c94       0x10 CMakeFiles/weather_station.dir/home/gael/hepia/CSH/pico_sdk/pico-sdk/src/common/pico_time/time.c.obj
 .bss.retrieved_id
                0x0000000020001ca4        0x8 CMakeFiles/weather_station.dir/home/gael/hepia/CSH/pico_sdk/pico-sdk/src/rp2_common/pico_unique_id/unique_id.c.obj
 .bss.sf_clz_func
                0x0000000020001cac        0x4 CMakeFiles/weather_station.dir/home/gael/hepia/CSH/pico_sdk/pico-sdk/src/rp2_common/pico_double/double_init_rom.c.obj
                0x0000000020001cac                sf_clz_func
 .bss.sleep_notifier
                0x0000000020001cb0        0x4 CMakeFiles/weather_station.dir/home/gael/hepia/CSH/pico_sdk/pico-sdk/src/common/pico_time/time.c.obj
 .bss.stdio_usb_mutex
                0x0000000020001cb4        0x8 CMakeFiles/weather_station.dir/home/gael/hepia/CSH/pico_sdk/pico-sdk/src/rp2_common/pico_stdio_usb/stdio_usb.c.obj
 .bss.systick_counter
                0x0000000020001cbc        0x4 CMakeFiles/weather_station.dir/src/main.c.obj
                0x0000000020001cbc                systick_counter
 .bss.target_hi
                0x0000000020001cc0       0x10 CMakeFiles/weather_station.dir/home/gael/hepia/CSH/pico_sdk/pico-sdk/src/rp2_common/hardware_timer/timer.c.obj
 .bss.usbd_serial_str
                0x0000000020001cd0       0x11 CMakeFiles/weather_station.dir/home/gael/hepia/CSH/pico_sdk/pico-sdk/src/rp2_common/pico_stdio_usb/stdio_usb_descriptors.c.obj
 .bss._app_driver_count
                0x0000000020001ce1        0x1 CMakeFiles/weather_station.dir/home/gael/hepia/CSH/pico_sdk/pico-sdk/lib/tinyusb/src/device/usbd.c.obj
 .bss._sof_enable
                0x0000000020001ce2        0x1 CMakeFiles/weather_station.dir/home/gael/hepia/CSH/pico_sdk/pico-sdk/lib/tinyusb/src/portable/raspberrypi/rp2040/dcd_rp2040.c.obj
 .bss.boot2_copyout_valid
                0x0000000020001ce3        0x1 CMakeFiles/weather_station.dir/home/gael/hepia/CSH/pico_sdk/pico-sdk/src/rp2_common/hardware_flash/flash.c.obj
 .bss.claimed   0x0000000020001ce4        0x1 CMakeFiles/weather_station.dir/home/gael/hepia/CSH/pico_sdk/pico-sdk/src/rp2_common/hardware_timer/timer.c.obj
 .bss.irq_hander_chain_free_slot_head
                0x0000000020001ce5        0x1 CMakeFiles/weather_station.dir/home/gael/hepia/CSH/pico_sdk/pico-sdk/src/rp2_common/hardware_irq/irq.c.obj
 .bss.itf_num   0x0000000020001ce6        0x1 CMakeFiles/weather_station.dir/home/gael/hepia/CSH/pico_sdk/pico-sdk/src/rp2_common/pico_stdio_usb/reset_interface.c.obj
 .bss.low_priority_irq_num
                0x0000000020001ce7        0x1 CMakeFiles/weather_station.dir/home/gael/hepia/CSH/pico_sdk/pico-sdk/src/rp2_common/pico_stdio_usb/stdio_usb.c.obj
 .bss.one_shot_timer_pending
                0x0000000020001ce8        0x1 CMakeFiles/weather_station.dir/home/gael/hepia/CSH/pico_sdk/pico-sdk/src/rp2_common/pico_stdio_usb/stdio_usb.c.obj
 .bss.timer_callbacks_pending
                0x0000000020001ce9        0x1 CMakeFiles/weather_station.dir/home/gael/hepia/CSH/pico_sdk/pico-sdk/src/rp2_common/hardware_timer/timer.c.obj
 .bss.user_irq_claimed
                0x0000000020001cea        0x1 CMakeFiles/weather_station.dir/home/gael/hepia/CSH/pico_sdk/pico-sdk/src/rp2_common/hardware_irq/irq.c.obj
 *(COMMON)
                0x0000000020001cec                . = ALIGN (0x4)
 *fill*         0x0000000020001ceb        0x1 
                0x0000000020001cec                __bss_end__ = .

.heap           0x0000000020001cec      0x800
                0x0000000020001cec                __end__ = .
                0x0000000020001cec                end = __end__
 *(.heap*)
 .heap          0x0000000020001cec      0x800 CMakeFiles/weather_station.dir/home/gael/hepia/CSH/pico_sdk/pico-sdk/src/rp2_common/pico_standard_link/crt0.S.obj
                0x00000000200024ec                __HeapLimit = .

.stack1_dummy   0x0000000020040000        0x0
 *(.stack1*)

.stack_dummy    0x0000000020041000      0x800
 *(.stack*)
 .stack         0x0000000020041000      0x800 CMakeFiles/weather_station.dir/home/gael/hepia/CSH/pico_sdk/pico-sdk/src/rp2_common/pico_standard_link/crt0.S.obj

.flash_end      0x0000000010008624        0x0
                0x0000000010008624                __flash_binary_end = .
                0x0000000020040000                __StackLimit = (ORIGIN (RAM) + LENGTH (RAM))
                0x0000000020041000                __StackOneTop = (ORIGIN (SCRATCH_X) + LENGTH (SCRATCH_X))
                0x0000000020042000                __StackTop = (ORIGIN (SCRATCH_Y) + LENGTH (SCRATCH_Y))
                0x0000000020041000                __StackOneBottom = (__StackOneTop - SIZEOF (.stack1_dummy))
                0x0000000020041800                __StackBottom = (__StackTop - SIZEOF (.stack_dummy))
                0x0000000020042000                PROVIDE (__stack = __StackTop)
                0x0000000000000001                ASSERT ((__StackLimit >= __HeapLimit), region RAM overflowed)
                0x0000000000000001                ASSERT (((__binary_info_header_end - __logical_binary_start) <= 0x100), Binary info must be in first 256 bytes of the binary)
LOAD CMakeFiles/weather_station.dir/src/main.c.obj
LOAD CMakeFiles/weather_station.dir/home/gael/hepia/CSH/pico_sdk/pico-sdk/src/rp2_common/hardware_timer/timer.c.obj
LOAD CMakeFiles/weather_station.dir/home/gael/hepia/CSH/pico_sdk/pico-sdk/src/rp2_common/pico_platform/platform.c.obj
LOAD CMakeFiles/weather_station.dir/home/gael/hepia/CSH/pico_sdk/pico-sdk/src/rp2_common/hardware_claim/claim.c.obj
LOAD CMakeFiles/weather_station.dir/home/gael/hepia/CSH/pico_sdk/pico-sdk/src/rp2_common/hardware_sync/sync.c.obj
LOAD CMakeFiles/weather_station.dir/home/gael/hepia/CSH/pico_sdk/pico-sdk/src/rp2_common/hardware_irq/irq.c.obj
LOAD CMakeFiles/weather_station.dir/home/gael/hepia/CSH/pico_sdk/pico-sdk/src/rp2_common/hardware_irq/irq_handler_chain.S.obj
LOAD CMakeFiles/weather_station.dir/home/gael/hepia/CSH/pico_sdk/pico-sdk/src/common/pico_sync/sem.c.obj
LOAD CMakeFiles/weather_station.dir/home/gael/hepia/CSH/pico_sdk/pico-sdk/src/common/pico_sync/lock_core.c.obj
LOAD CMakeFiles/weather_station.dir/home/gael/hepia/CSH/pico_sdk/pico-sdk/src/common/pico_sync/mutex.c.obj
LOAD CMakeFiles/weather_station.dir/home/gael/hepia/CSH/pico_sdk/pico-sdk/src/common/pico_sync/critical_section.c.obj
LOAD CMakeFiles/weather_station.dir/home/gael/hepia/CSH/pico_sdk/pico-sdk/src/common/pico_time/time.c.obj
LOAD CMakeFiles/weather_station.dir/home/gael/hepia/CSH/pico_sdk/pico-sdk/src/common/pico_time/timeout_helper.c.obj
LOAD CMakeFiles/weather_station.dir/home/gael/hepia/CSH/pico_sdk/pico-sdk/src/common/pico_util/datetime.c.obj
LOAD CMakeFiles/weather_station.dir/home/gael/hepia/CSH/pico_sdk/pico-sdk/src/common/pico_util/pheap.c.obj
LOAD CMakeFiles/weather_station.dir/home/gael/hepia/CSH/pico_sdk/pico-sdk/src/common/pico_util/queue.c.obj
LOAD CMakeFiles/weather_station.dir/home/gael/hepia/CSH/pico_sdk/pico-sdk/src/rp2_common/pico_stdlib/stdlib.c.obj
LOAD CMakeFiles/weather_station.dir/home/gael/hepia/CSH/pico_sdk/pico-sdk/src/rp2_common/hardware_gpio/gpio.c.obj
LOAD CMakeFiles/weather_station.dir/home/gael/hepia/CSH/pico_sdk/pico-sdk/src/rp2_common/hardware_uart/uart.c.obj
LOAD CMakeFiles/weather_station.dir/home/gael/hepia/CSH/pico_sdk/pico-sdk/src/rp2_common/hardware_clocks/clocks.c.obj
LOAD CMakeFiles/weather_station.dir/home/gael/hepia/CSH/pico_sdk/pico-sdk/src/rp2_common/hardware_pll/pll.c.obj
LOAD CMakeFiles/weather_station.dir/home/gael/hepia/CSH/pico_sdk/pico-sdk/src/rp2_common/hardware_vreg/vreg.c.obj
LOAD CMakeFiles/weather_station.dir/home/gael/hepia/CSH/pico_sdk/pico-sdk/src/rp2_common/hardware_watchdog/watchdog.c.obj
LOAD CMakeFiles/weather_station.dir/home/gael/hepia/CSH/pico_sdk/pico-sdk/src/rp2_common/hardware_xosc/xosc.c.obj
LOAD CMakeFiles/weather_station.dir/home/gael/hepia/CSH/pico_sdk/pico-sdk/src/rp2_common/hardware_divider/divider.S.obj
LOAD CMakeFiles/weather_station.dir/home/gael/hepia/CSH/pico_sdk/pico-sdk/src/rp2_common/pico_runtime/runtime.c.obj
LOAD CMakeFiles/weather_station.dir/home/gael/hepia/CSH/pico_sdk/pico-sdk/src/rp2_common/pico_printf/printf.c.obj
LOAD CMakeFiles/weather_station.dir/home/gael/hepia/CSH/pico_sdk/pico-sdk/src/rp2_common/pico_bit_ops/bit_ops_aeabi.S.obj
LOAD CMakeFiles/weather_station.dir/home/gael/hepia/CSH/pico_sdk/pico-sdk/src/rp2_common/pico_bootrom/bootrom.c.obj
LOAD CMakeFiles/weather_station.dir/home/gael/hepia/CSH/pico_sdk/pico-sdk/src/rp2_common/pico_divider/divider.S.obj
LOAD CMakeFiles/weather_station.dir/home/gael/hepia/CSH/pico_sdk/pico-sdk/src/rp2_common/pico_double/double_aeabi.S.obj
LOAD CMakeFiles/weather_station.dir/home/gael/hepia/CSH/pico_sdk/pico-sdk/src/rp2_common/pico_double/double_init_rom.c.obj
LOAD CMakeFiles/weather_station.dir/home/gael/hepia/CSH/pico_sdk/pico-sdk/src/rp2_common/pico_double/double_math.c.obj
LOAD CMakeFiles/weather_station.dir/home/gael/hepia/CSH/pico_sdk/pico-sdk/src/rp2_common/pico_double/double_v1_rom_shim.S.obj
LOAD CMakeFiles/weather_station.dir/home/gael/hepia/CSH/pico_sdk/pico-sdk/src/rp2_common/pico_int64_ops/pico_int64_ops_aeabi.S.obj
LOAD CMakeFiles/weather_station.dir/home/gael/hepia/CSH/pico_sdk/pico-sdk/src/rp2_common/pico_float/float_aeabi.S.obj
LOAD CMakeFiles/weather_station.dir/home/gael/hepia/CSH/pico_sdk/pico-sdk/src/rp2_common/pico_float/float_init_rom.c.obj
LOAD CMakeFiles/weather_station.dir/home/gael/hepia/CSH/pico_sdk/pico-sdk/src/rp2_common/pico_float/float_math.c.obj
LOAD CMakeFiles/weather_station.dir/home/gael/hepia/CSH/pico_sdk/pico-sdk/src/rp2_common/pico_float/float_v1_rom_shim.S.obj
LOAD CMakeFiles/weather_station.dir/home/gael/hepia/CSH/pico_sdk/pico-sdk/src/rp2_common/pico_malloc/pico_malloc.c.obj
LOAD CMakeFiles/weather_station.dir/home/gael/hepia/CSH/pico_sdk/pico-sdk/src/rp2_common/pico_mem_ops/mem_ops_aeabi.S.obj
LOAD CMakeFiles/weather_station.dir/home/gael/hepia/CSH/pico_sdk/pico-sdk/src/rp2_common/pico_standard_link/crt0.S.obj
LOAD CMakeFiles/weather_station.dir/home/gael/hepia/CSH/pico_sdk/pico-sdk/src/rp2_common/pico_standard_link/new_delete.cpp.obj
LOAD CMakeFiles/weather_station.dir/home/gael/hepia/CSH/pico_sdk/pico-sdk/src/rp2_common/pico_standard_link/binary_info.c.obj
LOAD CMakeFiles/weather_station.dir/home/gael/hepia/CSH/pico_sdk/pico-sdk/src/rp2_common/pico_stdio/stdio.c.obj
LOAD CMakeFiles/weather_station.dir/home/gael/hepia/CSH/pico_sdk/pico-sdk/src/rp2_common/pico_stdio_usb/reset_interface.c.obj
LOAD CMakeFiles/weather_station.dir/home/gael/hepia/CSH/pico_sdk/pico-sdk/src/rp2_common/pico_stdio_usb/stdio_usb.c.obj
LOAD CMakeFiles/weather_station.dir/home/gael/hepia/CSH/pico_sdk/pico-sdk/src/rp2_common/pico_stdio_usb/stdio_usb_descriptors.c.obj
LOAD CMakeFiles/weather_station.dir/home/gael/hepia/CSH/pico_sdk/pico-sdk/src/rp2_common/pico_unique_id/unique_id.c.obj
LOAD CMakeFiles/weather_station.dir/home/gael/hepia/CSH/pico_sdk/pico-sdk/src/rp2_common/hardware_flash/flash.c.obj
LOAD CMakeFiles/weather_station.dir/home/gael/hepia/CSH/pico_sdk/pico-sdk/lib/tinyusb/src/portable/raspberrypi/rp2040/dcd_rp2040.c.obj
LOAD CMakeFiles/weather_station.dir/home/gael/hepia/CSH/pico_sdk/pico-sdk/lib/tinyusb/src/portable/raspberrypi/rp2040/rp2040_usb.c.obj
LOAD CMakeFiles/weather_station.dir/home/gael/hepia/CSH/pico_sdk/pico-sdk/lib/tinyusb/src/device/usbd.c.obj
LOAD CMakeFiles/weather_station.dir/home/gael/hepia/CSH/pico_sdk/pico-sdk/lib/tinyusb/src/device/usbd_control.c.obj
LOAD CMakeFiles/weather_station.dir/home/gael/hepia/CSH/pico_sdk/pico-sdk/lib/tinyusb/src/class/audio/audio_device.c.obj
LOAD CMakeFiles/weather_station.dir/home/gael/hepia/CSH/pico_sdk/pico-sdk/lib/tinyusb/src/class/cdc/cdc_device.c.obj
LOAD CMakeFiles/weather_station.dir/home/gael/hepia/CSH/pico_sdk/pico-sdk/lib/tinyusb/src/class/dfu/dfu_device.c.obj
LOAD CMakeFiles/weather_station.dir/home/gael/hepia/CSH/pico_sdk/pico-sdk/lib/tinyusb/src/class/dfu/dfu_rt_device.c.obj
LOAD CMakeFiles/weather_station.dir/home/gael/hepia/CSH/pico_sdk/pico-sdk/lib/tinyusb/src/class/hid/hid_device.c.obj
LOAD CMakeFiles/weather_station.dir/home/gael/hepia/CSH/pico_sdk/pico-sdk/lib/tinyusb/src/class/midi/midi_device.c.obj
LOAD CMakeFiles/weather_station.dir/home/gael/hepia/CSH/pico_sdk/pico-sdk/lib/tinyusb/src/class/msc/msc_device.c.obj
LOAD CMakeFiles/weather_station.dir/home/gael/hepia/CSH/pico_sdk/pico-sdk/lib/tinyusb/src/class/net/ecm_rndis_device.c.obj
LOAD CMakeFiles/weather_station.dir/home/gael/hepia/CSH/pico_sdk/pico-sdk/lib/tinyusb/src/class/net/ncm_device.c.obj
LOAD CMakeFiles/weather_station.dir/home/gael/hepia/CSH/pico_sdk/pico-sdk/lib/tinyusb/src/class/usbtmc/usbtmc_device.c.obj
LOAD CMakeFiles/weather_station.dir/home/gael/hepia/CSH/pico_sdk/pico-sdk/lib/tinyusb/src/class/vendor/vendor_device.c.obj
LOAD CMakeFiles/weather_station.dir/home/gael/hepia/CSH/pico_sdk/pico-sdk/lib/tinyusb/src/class/video/video_device.c.obj