Archive member included to satisfy reference by file (symbol)

src/i2c_non_blocking/libi2c_non_blocking.a(i2c_non_blocking.c.obj)
                              CMakeFiles/weather_station.dir/src/main.c.obj (i2c_nb_handler)
src/systick/libsystick.a(systick.c.obj)
                              CMakeFiles/weather_station.dir/src/main.c.obj (systick_init)
src/station/libstation.a(station.c.obj)
                              CMakeFiles/weather_station.dir/src/main.c.obj (station_init)
src/weather_mode/libweather_mode.a(weather_mode.c.obj)
                              src/station/libstation.a(station.c.obj) (weather_mode_measure_data)
src/wellcome_mode/libwellcome_mode.a(wellcome_mode.c.obj)
                              src/station/libstation.a(station.c.obj) (wellcome_mode_init)
src/lcd/liblcd.a(lcd.c.obj)   src/station/libstation.a(station.c.obj) (lcd_backlight_off)
src/font/libfont.a(font.c.obj)
                              src/station/libstation.a(station.c.obj) (BigFont)
src/touchscreen/libtouchscreen.a(touchscreen.c.obj)
                              src/station/libstation.a(station.c.obj) (touchscreen_status)
src/bme280/libbme280.a(bme280.c.obj)
                              src/station/libstation.a(station.c.obj) (BME280_config)
src/veml7700/libveml7700.a(veml7700.c.obj)
                              src/station/libstation.a(station.c.obj) (VEML7700_config)
src/RN4870/libRN4870.a(RN4870.c.obj)
                              CMakeFiles/weather_station.dir/src/main.c.obj (BLE_DATA_RECEIVED)
src/display/libdisplay.a(display.c.obj)
                              CMakeFiles/weather_station.dir/src/main.c.obj (display_create_zone_matrix)
src/util/libutil.a(util.c.obj)
                              src/RN4870/libRN4870.a(RN4870.c.obj) (gpio_initialize_out)
src/led_rgb/libled_rgb.a(led_rgb.c.obj)
                              CMakeFiles/weather_station.dir/src/main.c.obj (led_rgb_init)
src/drawing_mode/libdrawing_mode.a(drawing_mode.c.obj)
                              src/wellcome_mode/libwellcome_mode.a(wellcome_mode.c.obj) (drawing_mode_init)
/usr/lib/gcc/arm-none-eabi/13.2.1/thumb/v6-m/nofp/libgcc.a(_dvmd_tls.o)
                              CMakeFiles/weather_station.dir/home/gael/git/pico-sdk/src/rp2_common/pico_divider/divider_hardware.S.obj (__aeabi_idiv0)
/usr/lib/gcc/arm-none-eabi/13.2.1/../../../arm-none-eabi/lib/thumb/v6-m/nofp/libg.a(libc_a-calloc.o)
                              CMakeFiles/weather_station.dir/home/gael/git/pico-sdk/src/rp2_common/pico_malloc/malloc.c.obj (calloc)
/usr/lib/gcc/arm-none-eabi/13.2.1/../../../arm-none-eabi/lib/thumb/v6-m/nofp/libg.a(libc_a-impure.o)
                              /usr/lib/gcc/arm-none-eabi/13.2.1/../../../arm-none-eabi/lib/thumb/v6-m/nofp/libg.a(libc_a-calloc.o) (_impure_ptr)
/usr/lib/gcc/arm-none-eabi/13.2.1/../../../arm-none-eabi/lib/thumb/v6-m/nofp/libg.a(libc_a-callocr.o)
                              /usr/lib/gcc/arm-none-eabi/13.2.1/../../../arm-none-eabi/lib/thumb/v6-m/nofp/libg.a(libc_a-calloc.o) (_calloc_r)
/usr/lib/gcc/arm-none-eabi/13.2.1/../../../arm-none-eabi/lib/thumb/v6-m/nofp/libg.a(libc_a-realloc.o)
                              CMakeFiles/weather_station.dir/home/gael/git/pico-sdk/src/rp2_common/pico_malloc/malloc.c.obj (realloc)
/usr/lib/gcc/arm-none-eabi/13.2.1/../../../arm-none-eabi/lib/thumb/v6-m/nofp/libg.a(libc_a-mallocr.o)
                              /usr/lib/gcc/arm-none-eabi/13.2.1/../../../arm-none-eabi/lib/thumb/v6-m/nofp/libg.a(libc_a-callocr.o) (_malloc_r)
/usr/lib/gcc/arm-none-eabi/13.2.1/../../../arm-none-eabi/lib/thumb/v6-m/nofp/libg.a(libc_a-freer.o)
                              /usr/lib/gcc/arm-none-eabi/13.2.1/../../../arm-none-eabi/lib/thumb/v6-m/nofp/libg.a(libc_a-mallocr.o) (_free_r)
/usr/lib/gcc/arm-none-eabi/13.2.1/../../../arm-none-eabi/lib/thumb/v6-m/nofp/libg.a(libc_a-memcmp.o)
                              CMakeFiles/weather_station.dir/home/gael/git/pico-sdk/src/rp2_common/pico_atomic/atomic.c.obj (memcmp)
/usr/lib/gcc/arm-none-eabi/13.2.1/../../../arm-none-eabi/lib/thumb/v6-m/nofp/libg.a(libc_a-malloc.o)
                              CMakeFiles/weather_station.dir/home/gael/git/pico-sdk/src/rp2_common/pico_malloc/malloc.c.obj (malloc)
/usr/lib/gcc/arm-none-eabi/13.2.1/../../../arm-none-eabi/lib/thumb/v6-m/nofp/libg.a(libc_a-sysconf.o)
                              /usr/lib/gcc/arm-none-eabi/13.2.1/../../../arm-none-eabi/lib/thumb/v6-m/nofp/libg.a(libc_a-mallocr.o) (sysconf)
/usr/lib/gcc/arm-none-eabi/13.2.1/../../../arm-none-eabi/lib/thumb/v6-m/nofp/libg.a(libc_a-init.o)
                              /usr/lib/gcc/arm-none-eabi/13.2.1/../../../arm-none-eabi/lib/thumb/v6-m/nofp/crt0.o (__libc_init_array)
/usr/lib/gcc/arm-none-eabi/13.2.1/../../../arm-none-eabi/lib/thumb/v6-m/nofp/libg.a(libc_a-reallocr.o)
                              /usr/lib/gcc/arm-none-eabi/13.2.1/../../../arm-none-eabi/lib/thumb/v6-m/nofp/libg.a(libc_a-realloc.o) (_realloc_r)
[...]
Memory Configuration

Name             Origin             Length             Attributes
FLASH            0x10000000         0x00200000         xr
RAM              0x20000000         0x00040000         xrw
SCRATCH_X        0x20040000         0x00001000         xrw
SCRATCH_Y        0x20041000         0x00001000         xrw
*default*        0x00000000         0xffffffff

Linker script and memory map

LOAD /usr/lib/gcc/arm-none-eabi/13.2.1/thumb/v6-m/nofp/crti.o
LOAD /usr/lib/gcc/arm-none-eabi/13.2.1/thumb/v6-m/nofp/crtbegin.o
LOAD /usr/lib/gcc/arm-none-eabi/13.2.1/../../../arm-none-eabi/lib/thumb/v6-m/nofp/crt0.o

.flash_begin    0x10000000        0x0
                0x10000000                        __flash_binary_start = .

.boot2          0x10000000      0x100
                0x10000000                        __boot2_start__ = .
 *(.boot2)
 .boot2         0x10000000      0x100 /tmp/ccsJ0bBV.o
                0x10000100                        __boot2_end__ = .
                0x00000001                        ASSERT (((__boot2_end__ - __boot2_start__) == 0x100), ERROR: Pico second stage bootloader must be 256 bytes in size)

.text           0x10000100     0x95c8
                0x10000100                        __logical_binary_start = .
 *(.vectors)
 .vectors       0x10000100       0xd4 CMakeFiles/weather_station.dir/home/gael/git/pico-sdk/src/rp2_common/pico_crt0/crt0.S.obj
                0x10000100                __vectors
                0x10000100                __VECTOR_TABLE
                0x100001c0                isr_invalid
                0x100001c0                __default_isrs_start
                0x100001c2                isr_nmi
                0x100001c4                isr_hardfault
                0x100001c6                isr_svcall
                0x100001c8                isr_pendsv
                0x100001cc                isr_irq30
                0x100001cc                __unhandled_user_irq
                0x100001cc                isr_irq13
                0x100001cc                isr_irq27
                0x100001cc                isr_irq31
                0x100001cc                isr_irq5
                0x100001cc                isr_irq11
                0x100001cc                isr_irq23
                0x100001cc                isr_irq18
                0x100001cc                isr_irq28
                0x100001cc                isr_irq19
                0x100001cc                isr_irq0
                0x100001cc                isr_irq6
                0x100001cc                isr_irq22
                0x100001cc                isr_irq17
                0x100001cc                isr_irq14
                0x100001cc                isr_irq2
                0x100001cc                isr_irq10
                0x100001cc                isr_irq8
                0x100001cc                isr_irq24
                0x100001cc                isr_irq1
                0x100001cc                isr_irq7
                0x100001cc                isr_irq21
                0x100001cc                isr_irq20
                0x100001cc                isr_irq15
                0x100001cc                isr_irq25
                0x100001cc                isr_irq4
                0x100001cc                isr_irq16
                0x100001cc                isr_irq29
                0x100001cc                isr_irq26
                0x100001cc                __default_isrs_end
                0x100001cc                isr_irq3
                0x100001cc                isr_irq12
                0x100001cc                isr_irq9
                0x100001d2                unhandled_user_irq_num_in_r0
 *(.binary_info_header)
 .binary_info_header
                0x100001d4       0x14 CMakeFiles/weather_station.dir/home/gael/git/pico-sdk/src/rp2_common/pico_crt0/crt0.S.obj
                0x100001e8                        __binary_info_header_end = .
 *(.embedded_block)
                0x100001e8                        __embedded_block_end = .
 *(.reset)
 .reset         0x100001e8       0x9c CMakeFiles/weather_station.dir/home/gael/git/pico-sdk/src/rp2_common/pico_crt0/crt0.S.obj
                0x100001e8                _entry_point
 *(.init)
 .init          0x10000284        0x4 /usr/lib/gcc/arm-none-eabi/13.2.1/thumb/v6-m/nofp/crti.o
                0x10000284                _init
 *(EXCLUDE_FILE(*libm.a: *libc.a:*lib_a-mem*.o *libgcc.a:) .text*)
 .text          0x10000288       0x98 /usr/lib/gcc/arm-none-eabi/13.2.1/thumb/v6-m/nofp/crtbegin.o
 .text.startup.main
                0x10000320       0x14 CMakeFiles/weather_station.dir/src/main.c.obj
                0x10000320                main
 .text.i2c_set_baudrate
                0x10000334       0xc0 CMakeFiles/weather_station.dir/home/gael/git/pico-sdk/src/rp2_common/hardware_i2c/i2c.c.obj
                0x10000334                i2c_set_baudrate
 .text.i2c_init
                0x100003f4       0x50 CMakeFiles/weather_station.dir/home/gael/git/pico-sdk/src/rp2_common/hardware_i2c/i2c.c.obj
                0x100003f4                i2c_init
 .text.i2c_write_blocking
                0x10000444       0xd0 CMakeFiles/weather_station.dir/home/gael/git/pico-sdk/src/rp2_common/hardware_i2c/i2c.c.obj
                0x10000444                i2c_write_blocking
 .text.i2c_read_blocking
                0x10000514       0x90 CMakeFiles/weather_station.dir/home/gael/git/pico-sdk/src/rp2_common/hardware_i2c/i2c.c.obj
                0x10000514                i2c_read_blocking
 .text.rp2040_chip_version
                0x100005a4        0xc CMakeFiles/weather_station.dir/home/gael/git/pico-sdk/src/rp2040/pico_platform/platform.c.obj
                0x100005a4                rp2040_chip_version
 .text.panic    0x100005b0       0x30 CMakeFiles/weather_station.dir/home/gael/git/pico-sdk/src/rp2_common/pico_platform_panic/panic.c.obj
                0x100005b0                panic
 .text.hw_claim_or_assert
                0x100005e0       0x44 CMakeFiles/weather_station.dir/home/gael/git/pico-sdk/src/common/hardware_claim/claim.c.obj
                0x100005e0                hw_claim_or_assert
 .text.hw_claim_unused_from_range
                0x10000624       0x9c CMakeFiles/weather_station.dir/home/gael/git/pico-sdk/src/common/hardware_claim/claim.c.obj
                0x10000624                hw_claim_unused_from_range
 .text.next_striped_spin_lock_num
                0x100006c0       0x18 CMakeFiles/weather_station.dir/home/gael/git/pico-sdk/src/rp2_common/hardware_sync/sync.c.obj
                0x100006c0                next_striped_spin_lock_num
 .text.spin_lock_claim_unused
                0x100006d8       0x24 CMakeFiles/weather_station.dir/home/gael/git/pico-sdk/src/rp2_common/hardware_sync/sync.c.obj
                0x100006d8                spin_lock_claim_unused
 .text.spin_locks_reset
                0x100006fc       0x1c CMakeFiles/weather_station.dir/home/gael/git/pico-sdk/src/rp2_common/hardware_sync_spin_lock/sync_spin_lock.c.obj
                0x100006fc                spin_locks_reset
 .text.sleep_until_callback
                0x10000718       0x30 CMakeFiles/weather_station.dir/home/gael/git/pico-sdk/src/common/pico_time/time.c.obj
 .text.alarm_pool_irq_handler
                0x10000748      0x2e4 CMakeFiles/weather_station.dir/home/gael/git/pico-sdk/src/common/pico_time/time.c.obj
 .text.runtime_init_default_alarm_pool
                0x10000a2c       0xdc CMakeFiles/weather_station.dir/home/gael/git/pico-sdk/src/common/pico_time/time.c.obj
                0x10000a2c                runtime_init_default_alarm_pool
 .text.alarm_pool_get_default
                0x10000b08        0x8 CMakeFiles/weather_station.dir/home/gael/git/pico-sdk/src/common/pico_time/time.c.obj
                0x10000b08                alarm_pool_get_default
 .text.alarm_pool_add_alarm_at
                0x10000b10       0xd4 CMakeFiles/weather_station.dir/home/gael/git/pico-sdk/src/common/pico_time/time.c.obj
                0x10000b10                alarm_pool_add_alarm_at
 .text.alarm_pool_add_alarm_at_force_in_context
                0x10000be4       0xb0 CMakeFiles/weather_station.dir/home/gael/git/pico-sdk/src/common/pico_time/time.c.obj
                0x10000be4                alarm_pool_add_alarm_at_force_in_context
 .text.alarm_pool_cancel_alarm
                0x10000c94       0x74 CMakeFiles/weather_station.dir/home/gael/git/pico-sdk/src/common/pico_time/time.c.obj
                0x10000c94                alarm_pool_cancel_alarm
 .text.alarm_pool_core_num
                0x10000d08        0x4 CMakeFiles/weather_station.dir/home/gael/git/pico-sdk/src/common/pico_time/time.c.obj
                0x10000d08                alarm_pool_core_num
 .text.sleep_until
                0x10000d0c       0xd8 CMakeFiles/weather_station.dir/home/gael/git/pico-sdk/src/common/pico_time/time.c.obj
                0x10000d0c                sleep_until
 .text.sleep_ms
                0x10000de4       0x38 CMakeFiles/weather_station.dir/home/gael/git/pico-sdk/src/common/pico_time/time.c.obj
                0x10000de4                sleep_ms
 .text.best_effort_wfe_or_timeout
                0x10000e1c      0x134 CMakeFiles/weather_station.dir/home/gael/git/pico-sdk/src/common/pico_time/time.c.obj
                0x10000e1c                best_effort_wfe_or_timeout
 .text.timer_hardware_alarm_claim
                0x10000f50       0x14 CMakeFiles/weather_station.dir/home/gael/git/pico-sdk/src/rp2_common/hardware_timer/timer.c.obj
                0x10000f50                timer_hardware_alarm_claim
 .text.timer_time_us_64
                0x10000f64       0x10 CMakeFiles/weather_station.dir/home/gael/git/pico-sdk/src/rp2_common/hardware_timer/timer.c.obj
                0x10000f64                timer_time_us_64
 .text.time_us_64
                0x10000f74       0x14 CMakeFiles/weather_station.dir/home/gael/git/pico-sdk/src/rp2_common/hardware_timer/timer.c.obj
                0x10000f74                time_us_64
 .text.busy_wait_until
                0x10000f88       0x20 CMakeFiles/weather_station.dir/home/gael/git/pico-sdk/src/rp2_common/hardware_timer/timer.c.obj
                0x10000f88                busy_wait_until
 .text.runtime_init_per_core_irq_priorities
                0x10000fa8       0x24 CMakeFiles/weather_station.dir/home/gael/git/pico-sdk/src/rp2_common/hardware_irq/irq.c.obj
                0x10000fa8                runtime_init_per_core_irq_priorities
 .text.irq_set_enabled
                0x10000fcc       0x24 CMakeFiles/weather_station.dir/home/gael/git/pico-sdk/src/rp2_common/hardware_irq/irq.c.obj
                0x10000fcc                irq_set_enabled
 .text.irq_is_enabled
                0x10000ff0       0x18 CMakeFiles/weather_station.dir/home/gael/git/pico-sdk/src/rp2_common/hardware_irq/irq.c.obj
                0x10000ff0                irq_is_enabled
 .text.irq_set_pending
                0x10001008       0x10 CMakeFiles/weather_station.dir/home/gael/git/pico-sdk/src/rp2_common/hardware_irq/irq.c.obj
                0x10001008                irq_set_pending
 .text.irq_has_shared_handler
                0x10001018       0x2c CMakeFiles/weather_station.dir/home/gael/git/pico-sdk/src/rp2_common/hardware_irq/irq.c.obj
                0x10001018                irq_has_shared_handler
 .text.irq_set_exclusive_handler
                0x10001044       0x54 CMakeFiles/weather_station.dir/home/gael/git/pico-sdk/src/rp2_common/hardware_irq/irq.c.obj
                0x10001044                irq_set_exclusive_handler
 .text.irq_add_shared_handler
                0x10001098      0x1f4 CMakeFiles/weather_station.dir/home/gael/git/pico-sdk/src/rp2_common/hardware_irq/irq.c.obj
                0x10001098                irq_add_shared_handler
 .text.irq_remove_handler
                0x1000128c      0x1d4 CMakeFiles/weather_station.dir/home/gael/git/pico-sdk/src/rp2_common/hardware_irq/irq.c.obj
                0x1000128c                irq_remove_handler
 .text.irq_add_tail_to_free_list
                0x10001460       0xb4 CMakeFiles/weather_station.dir/home/gael/git/pico-sdk/src/rp2_common/hardware_irq/irq.c.obj
                0x10001460                irq_add_tail_to_free_list
 .text.user_irq_claim_unused
                0x10001514       0x2c CMakeFiles/weather_station.dir/home/gael/git/pico-sdk/src/rp2_common/hardware_irq/irq.c.obj
                0x10001514                user_irq_claim_unused
 .text.lock_init
                0x10001540       0x10 CMakeFiles/weather_station.dir/home/gael/git/pico-sdk/src/common/pico_sync/lock_core.c.obj
                0x10001540                lock_init
 .text.runtime_init_mutex
                0x10001550       0x50 CMakeFiles/weather_station.dir/home/gael/git/pico-sdk/src/common/pico_sync/mutex.c.obj
                0x10001550                runtime_init_mutex
 .text.mutex_init
                0x100015a0       0x1c CMakeFiles/weather_station.dir/home/gael/git/pico-sdk/src/common/pico_sync/mutex.c.obj
                0x100015a0                mutex_init
 .text.critical_section_init
                0x100015bc       0x1c CMakeFiles/weather_station.dir/home/gael/git/pico-sdk/src/common/pico_sync/critical_section.c.obj
                0x100015bc                critical_section_init
 .text.critical_section_init_with_lock_num
                0x100015d8       0x14 CMakeFiles/weather_station.dir/home/gael/git/pico-sdk/src/common/pico_sync/critical_section.c.obj
                0x100015d8                critical_section_init_with_lock_num
 .text.clock_configure_int_divider
                0x100015ec       0xf4 CMakeFiles/weather_station.dir/home/gael/git/pico-sdk/src/rp2_common/hardware_clocks/clocks.c.obj
                0x100015ec                clock_configure_int_divider
 .text.clock_configure_undivided
                0x100016e0       0xe8 CMakeFiles/weather_station.dir/home/gael/git/pico-sdk/src/rp2_common/hardware_clocks/clocks.c.obj
                0x100016e0                clock_configure_undivided
 .text.clock_get_hz
                0x100017c8        0xc CMakeFiles/weather_station.dir/home/gael/git/pico-sdk/src/rp2_common/hardware_clocks/clocks.c.obj
                0x100017c8                clock_get_hz
 .text.gpio_default_irq_handler
                0x100017d4      0x274 CMakeFiles/weather_station.dir/home/gael/git/pico-sdk/src/rp2_common/hardware_gpio/gpio.c.obj
 .text.gpio_set_function
                0x10001a48       0x34 CMakeFiles/weather_station.dir/home/gael/git/pico-sdk/src/rp2_common/hardware_gpio/gpio.c.obj
                0x10001a48                gpio_set_function
 .text.gpio_set_irq_enabled_with_callback
                0x10001a7c       0xd0 CMakeFiles/weather_station.dir/home/gael/git/pico-sdk/src/rp2_common/hardware_gpio/gpio.c.obj
                0x10001a7c                gpio_set_irq_enabled_with_callback
 .text.gpio_init
                0x10001b4c       0x40 CMakeFiles/weather_station.dir/home/gael/git/pico-sdk/src/rp2_common/hardware_gpio/gpio.c.obj
                0x10001b4c                gpio_init
 .text.pll_init
                0x10001b8c       0xa4 CMakeFiles/weather_station.dir/home/gael/git/pico-sdk/src/rp2_common/hardware_pll/pll.c.obj
                0x10001b8c                pll_init
 .text.watchdog_reboot
                0x10001c30       0x9c CMakeFiles/weather_station.dir/home/gael/git/pico-sdk/src/rp2_common/hardware_watchdog/watchdog.c.obj
                0x10001c30                watchdog_reboot
 .text.tick_start
                0x10001ccc       0x10 CMakeFiles/weather_station.dir/home/gael/git/pico-sdk/src/rp2_common/hardware_ticks/ticks.c.obj
                0x10001ccc                tick_start
 .text.xosc_init
                0x10001cdc       0x28 CMakeFiles/weather_station.dir/home/gael/git/pico-sdk/src/rp2_common/hardware_xosc/xosc.c.obj
                0x10001cdc                xosc_init
 .text.first_per_core_initializer
                0x10001d04        0x4 CMakeFiles/weather_station.dir/home/gael/git/pico-sdk/src/rp2_common/pico_runtime/runtime.c.obj
 .text.hard_assertion_failure
                0x10001d08        0xc CMakeFiles/weather_station.dir/home/gael/git/pico-sdk/src/rp2_common/pico_runtime/runtime.c.obj
                0x10001d08                hard_assertion_failure
 .text.runtime_run_initializers
                0x10001d14       0x28 CMakeFiles/weather_station.dir/home/gael/git/pico-sdk/src/rp2_common/pico_runtime/runtime.c.obj
                0x10001d14                runtime_run_initializers
 .text.runtime_init_early_resets
                0x10001d3c       0x2c CMakeFiles/weather_station.dir/home/gael/git/pico-sdk/src/rp2_common/pico_runtime_init/runtime_init.c.obj
                0x10001d3c                runtime_init_early_resets
 .text.runtime_init_usb_power_down
                0x10001d68       0x1c CMakeFiles/weather_station.dir/home/gael/git/pico-sdk/src/rp2_common/pico_runtime_init/runtime_init.c.obj
                0x10001d68                runtime_init_usb_power_down
 .text.runtime_init_post_clock_resets
                0x10001d84       0x20 CMakeFiles/weather_station.dir/home/gael/git/pico-sdk/src/rp2_common/pico_runtime_init/runtime_init.c.obj
                0x10001d84                runtime_init_post_clock_resets
 .text.runtime_init_rp2040_gpio_ie_disable
                0x10001da4       0x14 CMakeFiles/weather_station.dir/home/gael/git/pico-sdk/src/rp2_common/pico_runtime_init/runtime_init.c.obj
                0x10001da4                runtime_init_rp2040_gpio_ie_disable
 .text.runtime_init_spin_locks_reset
                0x10001db8        0x8 CMakeFiles/weather_station.dir/home/gael/git/pico-sdk/src/rp2_common/pico_runtime_init/runtime_init.c.obj
                0x10001db8                runtime_init_spin_locks_reset
 .text.runtime_init_install_ram_vector_table
                0x10001dc0       0x1c CMakeFiles/weather_station.dir/home/gael/git/pico-sdk/src/rp2_common/pico_runtime_init/runtime_init.c.obj
                0x10001dc0                runtime_init_install_ram_vector_table
 .text.runtime_init_clocks
                0x10001ddc       0xd8 CMakeFiles/weather_station.dir/home/gael/git/pico-sdk/src/rp2_common/pico_runtime_init/runtime_init_clocks.c.obj
                0x10001ddc                runtime_init_clocks
 .text          0x10001eb4       0x10 CMakeFiles/weather_station.dir/home/gael/git/pico-sdk/src/rp2_common/pico_bit_ops/bit_ops_aeabi.S.obj
 .text.rom_func_lookup
                0x10001ec4       0x10 CMakeFiles/weather_station.dir/home/gael/git/pico-sdk/src/rp2_common/pico_bootrom/bootrom.c.obj
                0x10001ec4                rom_func_lookup
 .text.rom_data_lookup
                0x10001ed4       0x10 CMakeFiles/weather_station.dir/home/gael/git/pico-sdk/src/rp2_common/pico_bootrom/bootrom.c.obj
                0x10001ed4                rom_data_lookup
 .text.rom_funcs_lookup
                0x10001ee4       0x44 CMakeFiles/weather_station.dir/home/gael/git/pico-sdk/src/rp2_common/pico_bootrom/bootrom.c.obj
                0x10001ee4                rom_funcs_lookup
 .text.rom_reset_usb_boot
                0x10001f28       0x20 CMakeFiles/weather_station.dir/home/gael/git/pico-sdk/src/rp2_common/pico_bootrom/bootrom.c.obj
                0x10001f28                rom_reset_usb_boot
 .text.__wrap___aeabi_idiv
                0x10001f48       0x50 CMakeFiles/weather_station.dir/home/gael/git/pico-sdk/src/rp2_common/pico_divider/divider_hardware.S.obj
                0x10001f48                __wrap___aeabi_idivmod
                0x10001f48                divmod_s32s32
                0x10001f48                div_s32s32
                0x10001f48                __wrap___aeabi_idiv
                0x10001f50                divmod_s32s32_unsafe
                0x10001f7c                divmod_s32s32_savestate
 .text.__wrap___aeabi_uidiv
                0x10001f98       0x4c CMakeFiles/weather_station.dir/home/gael/git/pico-sdk/src/rp2_common/pico_divider/divider_hardware.S.obj
                0x10001f98                __wrap___aeabi_uidiv
                0x10001f98                __wrap___aeabi_uidivmod
                0x10001f98                div_u32u32
                0x10001f98                divmod_u32u32
                0x10001fa0                divmod_u32u32_unsafe
                0x10001fc8                divmod_u32u32_savestate
 .text.__wrap___aeabi_ldiv
                0x10001fe4      0x424 CMakeFiles/weather_station.dir/home/gael/git/pico-sdk/src/rp2_common/pico_divider/divider_hardware.S.obj
                0x10001fe4                div_s64s64
                0x10001fe4                divmod_s64s64
                0x10001fe4                __wrap___aeabi_ldivmod
                0x10002014                div_u64u64
                0x10002014                divmod_u64u64
                0x10002014                __wrap___aeabi_uldivmod
                0x10002024                divmod_u64u64_savestate
                0x10002044                divmod_s64s64_unsafe
                0x100020cc                divmod_u64u64_unsafe
 .text.__wrap___aeabi_darithmetic
                0x10002408       0x80 CMakeFiles/weather_station.dir/home/gael/git/pico-sdk/src/rp2_common/pico_double/double_aeabi_rp2040.S.obj
                0x10002408                __wrap___aeabi_drsub
                0x1000240e                __wrap___aeabi_dsub
                0x10002420                __wrap___aeabi_dadd
                0x10002432                __wrap___aeabi_ddiv
                0x1000246e                __wrap___aeabi_dmul
 .text.__wrap___aeabi_cdcmple
                0x10002488       0x6c CMakeFiles/weather_station.dir/home/gael/git/pico-sdk/src/rp2_common/pico_double/double_aeabi_rp2040.S.obj
                0x10002488                __wrap___aeabi_cdrcmple
                0x10002498                __wrap___aeabi_cdcmple
                0x10002498                __wrap___aeabi_cdcmpeq
 .text.__wrap___aeabi_dcmpeq
                0x100024f4       0x10 CMakeFiles/weather_station.dir/home/gael/git/pico-sdk/src/rp2_common/pico_double/double_aeabi_rp2040.S.obj
                0x100024f4                __wrap___aeabi_dcmpeq
 .text.__wrap___aeabi_dcmplt
                0x10002504        0xc CMakeFiles/weather_station.dir/home/gael/git/pico-sdk/src/rp2_common/pico_double/double_aeabi_rp2040.S.obj
                0x10002504                __wrap___aeabi_dcmplt
 .text.__wrap___aeabi_dcmpge
                0x10002510       0x10 CMakeFiles/weather_station.dir/home/gael/git/pico-sdk/src/rp2_common/pico_double/double_aeabi_rp2040.S.obj
                0x10002510                __wrap___aeabi_dcmpge
 .text.__wrap___aeabi_dcmpgt
                0x10002520        0xa CMakeFiles/weather_station.dir/home/gael/git/pico-sdk/src/rp2_common/pico_double/double_aeabi_rp2040.S.obj
                0x10002520                __wrap___aeabi_dcmpgt
 .text.__wrap___aeabi_dcmpun
                0x1000252a       0x18 CMakeFiles/weather_station.dir/home/gael/git/pico-sdk/src/rp2_common/pico_double/double_aeabi_rp2040.S.obj
                0x1000252a                __wrap___aeabi_dcmpun
 *fill*         0x10002542        0x2 
 .text.__wrap___aeabi_i2d
                0x10002544       0x38 CMakeFiles/weather_station.dir/home/gael/git/pico-sdk/src/rp2_common/pico_double/double_aeabi_rp2040.S.obj
                0x10002544                __wrap___aeabi_ui2d
                0x1000254c                __wrap___aeabi_i2d
 .text.__wrap___aeabi_d2iz
                0x1000257c       0x48 CMakeFiles/weather_station.dir/home/gael/git/pico-sdk/src/rp2_common/pico_double/double_aeabi_rp2040.S.obj
                0x1000257c                __wrap___aeabi_d2iz
                0x1000257c                double2int_z
 .text.__wrap___aeabi_d2uiz
                0x100025c4       0x18 CMakeFiles/weather_station.dir/home/gael/git/pico-sdk/src/rp2_common/pico_double/double_aeabi_rp2040.S.obj
                0x100025c4                double2uint
                0x100025c4                __wrap___aeabi_d2uiz
 .text.__wrap___aeabi_d2f
                0x100025dc       0x18 CMakeFiles/weather_station.dir/home/gael/git/pico-sdk/src/rp2_common/pico_double/double_aeabi_rp2040.S.obj
                0x100025dc                __wrap___aeabi_d2f
 .text.__aeabi_double_init
                0x100025f4       0xa4 CMakeFiles/weather_station.dir/home/gael/git/pico-sdk/src/rp2_common/pico_double/double_init_rom_rp2040.c.obj
                0x100025f4                __aeabi_double_init
 .text.double_table_shim_on_use_helper
                0x10002698       0x2c CMakeFiles/weather_station.dir/home/gael/git/pico-sdk/src/rp2_common/pico_double/double_v1_rom_shim_rp2040.S.obj
                0x10002698                double_table_shim_on_use_helper
 .text.__wrap___aeabi_dsub
                0x100026c4       0x10 CMakeFiles/weather_station.dir/home/gael/git/pico-sdk/src/rp2_common/pico_double/double_v1_rom_shim_rp2040.S.obj
                0x100026c4                drsub_shim
                0x100026ca                dsub_shim
 .text.dadd_shim
                0x100026d4      0x15c CMakeFiles/weather_station.dir/home/gael/git/pico-sdk/src/rp2_common/pico_double/double_v1_rom_shim_rp2040.S.obj
                0x100026d4                dadd_shim
 .text.dmul_shim
                0x10002830      0x15c CMakeFiles/weather_station.dir/home/gael/git/pico-sdk/src/rp2_common/pico_double/double_v1_rom_shim_rp2040.S.obj
                0x10002830                dmul_shim
 .text.ddiv_shim
                0x1000298c      0x1b0 CMakeFiles/weather_station.dir/home/gael/git/pico-sdk/src/rp2_common/pico_double/double_v1_rom_shim_rp2040.S.obj
                0x1000298c                ddiv_shim
 .text.double2uint_shim
                0x10002b3c        0xe CMakeFiles/weather_station.dir/home/gael/git/pico-sdk/src/rp2_common/pico_double/double_v1_rom_shim_rp2040.S.obj
                0x10002b3c                double2uint_shim
                0x10002b3e                double2ufix_shim
 *fill*         0x10002b4a        0x2 
 .text.double2uint64_shim
                0x10002b4c       0x70 CMakeFiles/weather_station.dir/home/gael/git/pico-sdk/src/rp2_common/pico_double/double_v1_rom_shim_rp2040.S.obj
                0x10002b4c                double2uint64_shim
                0x10002b4e                double2ufix64_shim
                0x10002b6e                d2fix_a
 .text.double2float_shim
                0x10002bbc       0x5c CMakeFiles/weather_station.dir/home/gael/git/pico-sdk/src/rp2_common/pico_double/double_v1_rom_shim_rp2040.S.obj
                0x10002bbc                double2float_shim
 .text.dunpacks
                0x10002c18       0x3c CMakeFiles/weather_station.dir/home/gael/git/pico-sdk/src/rp2_common/pico_double/double_v1_rom_shim_rp2040.S.obj
                0x10002c18                dunpacks
 .text.__aeabi_lmul
                0x10002c54       0x32 CMakeFiles/weather_station.dir/home/gael/git/pico-sdk/src/rp2_common/pico_int64_ops/pico_int64_ops_aeabi.S.obj
                0x10002c54                __wrap___aeabi_lmul
 *fill*         0x10002c86        0x2 
 .text.__wrap___aeabi_farithmetic
                0x10002c88       0x48 CMakeFiles/weather_station.dir/home/gael/git/pico-sdk/src/rp2_common/pico_float/float_aeabi_rp2040.S.obj
                0x10002c88                __wrap___aeabi_frsub
                0x10002c8e                __wrap___aeabi_fsub
                0x10002c94                __wrap___aeabi_fadd
                0x10002c9a                __wrap___aeabi_fdiv
                0x10002cc2                __wrap___aeabi_fmul
 .text.__wrap___aeabi_f2iz
                0x10002cd0       0x4e CMakeFiles/weather_station.dir/home/gael/git/pico-sdk/src/rp2_common/pico_float/float_aeabi_rp2040.S.obj
                0x10002cd0                __wrap___aeabi_f2iz
                0x10002cd0                float2int_z
 *fill*         0x10002d1e        0x2 
 .text.float2int
                0x10002d20       0x14 CMakeFiles/weather_station.dir/home/gael/git/pico-sdk/src/rp2_common/pico_float/float_aeabi_rp2040.S.obj
                0x10002d20                float2int
 .text.__wrap___aeabi_f2uiz
                0x10002d34        0xc CMakeFiles/weather_station.dir/home/gael/git/pico-sdk/src/rp2_common/pico_float/float_aeabi_rp2040.S.obj
                0x10002d34                float2uint_z
                0x10002d34                __wrap___aeabi_f2uiz
 .text.__aeabi_float_init
                0x10002d40       0x64 CMakeFiles/weather_station.dir/home/gael/git/pico-sdk/src/rp2_common/pico_float/float_init_rom_rp2040.c.obj
                0x10002d40                __aeabi_float_init
 .text.float_table_shim_on_use_helper
                0x10002da4       0x2c CMakeFiles/weather_station.dir/home/gael/git/pico-sdk/src/rp2_common/pico_float/float_v1_rom_shim_rp2040.S.obj
                0x10002da4                float_table_shim_on_use_helper
 .text.float232_shims
                0x10002dd0       0x18 CMakeFiles/weather_station.dir/home/gael/git/pico-sdk/src/rp2_common/pico_float/float_v1_rom_shim_rp2040.S.obj
                0x10002dd0                float2int_shim
                0x10002dd2                float2fix_shim
 .text          0x10002de8       0x10 CMakeFiles/weather_station.dir/home/gael/git/pico-sdk/src/rp2_common/pico_mem_ops/mem_ops_aeabi.S.obj
                0x10002de8                __aeabi_mem_init
 .text.memset   0x10002df8        0xc CMakeFiles/weather_station.dir/home/gael/git/pico-sdk/src/rp2_common/pico_mem_ops/mem_ops_aeabi.S.obj
                0x10002df8                __wrap_memset
 .text.memcpy   0x10002e04        0xc CMakeFiles/weather_station.dir/home/gael/git/pico-sdk/src/rp2_common/pico_mem_ops/mem_ops_aeabi.S.obj
                0x10002e04                __wrap___aeabi_memcpy
                0x10002e04                __wrap_memcpy
 .text._out_buffer
                0x10002e10        0x8 CMakeFiles/weather_station.dir/home/gael/git/pico-sdk/src/rp2_common/pico_printf/printf.c.obj
 .text._out_null
                0x10002e18        0x4 CMakeFiles/weather_station.dir/home/gael/git/pico-sdk/src/rp2_common/pico_printf/printf.c.obj
 .text._out_rev
                0x10002e1c       0xac CMakeFiles/weather_station.dir/home/gael/git/pico-sdk/src/rp2_common/pico_printf/printf.c.obj
 .text._ntoa_format
                0x10002ec8      0x250 CMakeFiles/weather_station.dir/home/gael/git/pico-sdk/src/rp2_common/pico_printf/printf.c.obj
 .text._out_char
                0x10003118       0x10 CMakeFiles/weather_station.dir/home/gael/git/pico-sdk/src/rp2_common/pico_printf/printf.c.obj
 .text._out_fct
                0x10003128       0x10 CMakeFiles/weather_station.dir/home/gael/git/pico-sdk/src/rp2_common/pico_printf/printf.c.obj
 .text._etoa    0x10003138      0x464 CMakeFiles/weather_station.dir/home/gael/git/pico-sdk/src/rp2_common/pico_printf/printf.c.obj
 .text._ftoa    0x1000359c      0x3c0 CMakeFiles/weather_station.dir/home/gael/git/pico-sdk/src/rp2_common/pico_printf/printf.c.obj
 .text._vsnprintf
                0x1000395c      0xbc8 CMakeFiles/weather_station.dir/home/gael/git/pico-sdk/src/rp2_common/pico_printf/printf.c.obj
 .text.__wrap_sprintf
                0x10004524       0x2c CMakeFiles/weather_station.dir/home/gael/git/pico-sdk/src/rp2_common/pico_printf/printf.c.obj
                0x10004524                __wrap_sprintf
 .text.vfctprintf
                0x10004550       0x20 CMakeFiles/weather_station.dir/home/gael/git/pico-sdk/src/rp2_common/pico_printf/printf.c.obj
                0x10004550                vfctprintf
 .text.weak_raw_vprintf
                0x10004570       0x30 CMakeFiles/weather_station.dir/home/gael/git/pico-sdk/src/rp2_common/pico_printf/printf.c.obj
                0x10004570                weak_raw_vprintf
 .text._exit    0x100045a0        0x4 CMakeFiles/weather_station.dir/home/gael/git/pico-sdk/src/rp2_common/pico_clib_interface/newlib_interface.c.obj
                0x100045a0                _exit
 .text.exit     0x100045a4        0x8 CMakeFiles/weather_station.dir/home/gael/git/pico-sdk/src/rp2_common/pico_clib_interface/newlib_interface.c.obj
                0x100045a4                exit
 .text.runtime_init
                0x100045ac       0x2c CMakeFiles/weather_station.dir/home/gael/git/pico-sdk/src/rp2_common/pico_clib_interface/newlib_interface.c.obj
                0x100045ac                runtime_init
 .text.stdio_out_chars_no_crlf
                0x100045d8       0x10 CMakeFiles/weather_station.dir/home/gael/git/pico-sdk/src/rp2_common/pico_stdio/stdio.c.obj
 .text.stdio_out_chars_crlf
                0x100045e8       0x94 CMakeFiles/weather_station.dir/home/gael/git/pico-sdk/src/rp2_common/pico_stdio/stdio.c.obj
 .text.stdio_buffered_printer
                0x1000467c       0x64 CMakeFiles/weather_station.dir/home/gael/git/pico-sdk/src/rp2_common/pico_stdio/stdio.c.obj
 .text.stdio_put_string
                0x100046e0      0x100 CMakeFiles/weather_station.dir/home/gael/git/pico-sdk/src/rp2_common/pico_stdio/stdio.c.obj
                0x100046e0                stdio_put_string
 .text.stdio_set_driver_enabled
                0x100047e0       0x30 CMakeFiles/weather_station.dir/home/gael/git/pico-sdk/src/rp2_common/pico_stdio/stdio.c.obj
                0x100047e0                stdio_set_driver_enabled
 .text.stdio_init_all
                0x10004810        0x8 CMakeFiles/weather_station.dir/home/gael/git/pico-sdk/src/rp2_common/pico_stdio/stdio.c.obj
                0x10004810                stdio_init_all
 .text.__wrap_putchar
                0x10004818       0x98 CMakeFiles/weather_station.dir/home/gael/git/pico-sdk/src/rp2_common/pico_stdio/stdio.c.obj
                0x10004818                stdio_putchar
                0x10004818                __wrap_putchar
 .text.__wrap_puts
                0x100048b0       0x3c CMakeFiles/weather_station.dir/home/gael/git/pico-sdk/src/rp2_common/pico_stdio/stdio.c.obj
                0x100048b0                __wrap_puts
                0x100048b0                stdio_puts
 .text.__wrap_vprintf
                0x100048ec       0xd4 CMakeFiles/weather_station.dir/home/gael/git/pico-sdk/src/rp2_common/pico_stdio/stdio.c.obj
                0x100048ec                __wrap_vprintf
                0x100048ec                stdio_vprintf
 .text.__wrap_printf
                0x100049c0       0x18 CMakeFiles/weather_station.dir/home/gael/git/pico-sdk/src/rp2_common/pico_stdio/stdio.c.obj
                0x100049c0                stdio_printf
                0x100049c0                __wrap_printf
 .text.resetd_init
                0x100049d8        0x4 CMakeFiles/weather_station.dir/home/gael/git/pico-sdk/src/rp2_common/pico_stdio_usb/reset_interface.c.obj
 .text.resetd_reset
                0x100049dc        0xc CMakeFiles/weather_station.dir/home/gael/git/pico-sdk/src/rp2_common/pico_stdio_usb/reset_interface.c.obj
 .text.resetd_open
                0x100049e8       0x28 CMakeFiles/weather_station.dir/home/gael/git/pico-sdk/src/rp2_common/pico_stdio_usb/reset_interface.c.obj
 .text.resetd_xfer_cb
                0x10004a10        0x4 CMakeFiles/weather_station.dir/home/gael/git/pico-sdk/src/rp2_common/pico_stdio_usb/reset_interface.c.obj
 .text.resetd_control_xfer_cb
                0x10004a14       0x54 CMakeFiles/weather_station.dir/home/gael/git/pico-sdk/src/rp2_common/pico_stdio_usb/reset_interface.c.obj
 .text.tud_descriptor_bos_cb
                0x10004a68        0x8 CMakeFiles/weather_station.dir/home/gael/git/pico-sdk/src/rp2_common/pico_stdio_usb/reset_interface.c.obj
                0x10004a68                tud_descriptor_bos_cb
 .text.tud_vendor_control_xfer_cb
                0x10004a70       0x34 CMakeFiles/weather_station.dir/home/gael/git/pico-sdk/src/rp2_common/pico_stdio_usb/reset_interface.c.obj
                0x10004a70                tud_vendor_control_xfer_cb
 .text.usbd_app_driver_get_cb
                0x10004aa4        0xc CMakeFiles/weather_station.dir/home/gael/git/pico-sdk/src/rp2_common/pico_stdio_usb/reset_interface.c.obj
                0x10004aa4                usbd_app_driver_get_cb
 .text.tud_cdc_line_coding_cb
                0x10004ab0       0x28 CMakeFiles/weather_station.dir/home/gael/git/pico-sdk/src/rp2_common/pico_stdio_usb/reset_interface.c.obj
                0x10004ab0                tud_cdc_line_coding_cb
 .text.stdio_usb_set_chars_available_callback
                0x10004ad8       0x14 CMakeFiles/weather_station.dir/home/gael/git/pico-sdk/src/rp2_common/pico_stdio_usb/stdio_usb.c.obj
                0x10004ad8                stdio_usb_set_chars_available_callback
 .text.usb_irq  0x10004aec       0x10 CMakeFiles/weather_station.dir/home/gael/git/pico-sdk/src/rp2_common/pico_stdio_usb/stdio_usb.c.obj
 .text.timer_task
                0x10004afc       0x64 CMakeFiles/weather_station.dir/home/gael/git/pico-sdk/src/rp2_common/pico_stdio_usb/stdio_usb.c.obj
 .text.stdio_usb_in_chars
                0x10004b60       0x90 CMakeFiles/weather_station.dir/home/gael/git/pico-sdk/src/rp2_common/pico_stdio_usb/stdio_usb.c.obj
                0x10004b60                stdio_usb_in_chars
 .text.stdio_usb_out_flush
                0x10004bf0       0x50 CMakeFiles/weather_station.dir/home/gael/git/pico-sdk/src/rp2_common/pico_stdio_usb/stdio_usb.c.obj
 .text.stdio_usb_out_chars
                0x10004c40      0x104 CMakeFiles/weather_station.dir/home/gael/git/pico-sdk/src/rp2_common/pico_stdio_usb/stdio_usb.c.obj
 .text.low_priority_worker_irq
                0x10004d44       0xcc CMakeFiles/weather_station.dir/home/gael/git/pico-sdk/src/rp2_common/pico_stdio_usb/stdio_usb.c.obj
 .text.stdio_usb_init
                0x10004e10       0xe8 CMakeFiles/weather_station.dir/home/gael/git/pico-sdk/src/rp2_common/pico_stdio_usb/stdio_usb.c.obj
                0x10004e10                stdio_usb_init
 .text.tud_descriptor_device_cb
                0x10004ef8        0x8 CMakeFiles/weather_station.dir/home/gael/git/pico-sdk/src/rp2_common/pico_stdio_usb/stdio_usb_descriptors.c.obj
                0x10004ef8                tud_descriptor_device_cb
 .text.tud_descriptor_configuration_cb
                0x10004f00        0x8 CMakeFiles/weather_station.dir/home/gael/git/pico-sdk/src/rp2_common/pico_stdio_usb/stdio_usb_descriptors.c.obj
                0x10004f00                tud_descriptor_configuration_cb
 .text.tud_descriptor_string_cb
                0x10004f08       0x78 CMakeFiles/weather_station.dir/home/gael/git/pico-sdk/src/rp2_common/pico_stdio_usb/stdio_usb_descriptors.c.obj
                0x10004f08                tud_descriptor_string_cb
 .text.startup._retrieve_unique_id_on_boot
                0x10004f80       0x10 CMakeFiles/weather_station.dir/home/gael/git/pico-sdk/src/rp2_common/pico_unique_id/unique_id.c.obj
 .text.pico_get_unique_board_id_string
                0x10004f90      0x1a8 CMakeFiles/weather_station.dir/home/gael/git/pico-sdk/src/rp2_common/pico_unique_id/unique_id.c.obj
                0x10004f90                pico_get_unique_board_id_string
 .text.flash_get_unique_id
                0x10005138       0x3c CMakeFiles/weather_station.dir/home/gael/git/pico-sdk/src/rp2_common/hardware_flash/flash.c.obj
                0x10005138                flash_get_unique_id
 .text.dcd_init
                0x10005174       0x8c CMakeFiles/weather_station.dir/home/gael/git/pico-sdk/lib/tinyusb/src/portable/raspberrypi/rp2040/dcd_rp2040.c.obj
                0x10005174                dcd_init
 .text.dcd_int_enable
                0x10005200        0xc CMakeFiles/weather_station.dir/home/gael/git/pico-sdk/lib/tinyusb/src/portable/raspberrypi/rp2040/dcd_rp2040.c.obj
                0x10005200                dcd_int_enable
 .text.dcd_set_address
                0x1000520c       0x14 CMakeFiles/weather_station.dir/home/gael/git/pico-sdk/lib/tinyusb/src/portable/raspberrypi/rp2040/dcd_rp2040.c.obj
                0x1000520c                dcd_set_address
 .text.dcd_sof_enable
                0x10005220       0x1c CMakeFiles/weather_station.dir/home/gael/git/pico-sdk/lib/tinyusb/src/portable/raspberrypi/rp2040/dcd_rp2040.c.obj
                0x10005220                dcd_sof_enable
 .text.dcd_edpt0_status_complete
                0x1000523c       0x1c CMakeFiles/weather_station.dir/home/gael/git/pico-sdk/lib/tinyusb/src/portable/raspberrypi/rp2040/dcd_rp2040.c.obj
                0x1000523c                dcd_edpt0_status_complete
 .text.dcd_edpt_open
                0x10005258      0x108 CMakeFiles/weather_station.dir/home/gael/git/pico-sdk/lib/tinyusb/src/portable/raspberrypi/rp2040/dcd_rp2040.c.obj
                0x10005258                dcd_edpt_open
 .text.dcd_edpt_close_all
                0x10005360        0x8 CMakeFiles/weather_station.dir/home/gael/git/pico-sdk/lib/tinyusb/src/portable/raspberrypi/rp2040/dcd_rp2040.c.obj
                0x10005360                dcd_edpt_close_all
 .text.dcd_edpt_xfer
                0x10005368       0x24 CMakeFiles/weather_station.dir/home/gael/git/pico-sdk/lib/tinyusb/src/portable/raspberrypi/rp2040/dcd_rp2040.c.obj
                0x10005368                dcd_edpt_xfer
 .text.dcd_edpt_stall
                0x1000538c       0x34 CMakeFiles/weather_station.dir/home/gael/git/pico-sdk/lib/tinyusb/src/portable/raspberrypi/rp2040/dcd_rp2040.c.obj
                0x1000538c                dcd_edpt_stall
 .text.dcd_edpt_clear_stall
                0x100053c0       0x30 CMakeFiles/weather_station.dir/home/gael/git/pico-sdk/lib/tinyusb/src/portable/raspberrypi/rp2040/dcd_rp2040.c.obj
                0x100053c0                dcd_edpt_clear_stall
 .text.rp2040_usb_init
                0x100053f0       0x40 CMakeFiles/weather_station.dir/home/gael/git/pico-sdk/lib/tinyusb/src/portable/raspberrypi/rp2040/rp2040_usb.c.obj
                0x100053f0                rp2040_usb_init
 .text.hw_endpoint_xfer_start
                0x10005430       0x40 CMakeFiles/weather_station.dir/home/gael/git/pico-sdk/lib/tinyusb/src/portable/raspberrypi/rp2040/rp2040_usb.c.obj
                0x10005430                hw_endpoint_xfer_start
 .text.tud_event_hook_cb
                0x10005470        0x4 CMakeFiles/weather_station.dir/home/gael/git/pico-sdk/lib/tinyusb/src/device/usbd.c.obj
                0x10005470                tud_event_hook_cb
 .text.tud_sof_cb
                0x10005474        0x4 CMakeFiles/weather_station.dir/home/gael/git/pico-sdk/lib/tinyusb/src/device/usbd.c.obj
                0x10005474                tud_sof_cb
 .text.tud_descriptor_device_qualifier_cb
                0x10005478        0x4 CMakeFiles/weather_station.dir/home/gael/git/pico-sdk/lib/tinyusb/src/device/usbd.c.obj
                0x10005478                tud_descriptor_device_qualifier_cb
 .text.tud_descriptor_other_speed_configuration_cb
                0x1000547c        0x4 CMakeFiles/weather_station.dir/home/gael/git/pico-sdk/lib/tinyusb/src/device/usbd.c.obj
                0x1000547c                tud_descriptor_other_speed_configuration_cb
 .text.tud_mount_cb
                0x10005480        0x4 CMakeFiles/weather_station.dir/home/gael/git/pico-sdk/lib/tinyusb/src/device/usbd.c.obj
                0x10005480                tud_mount_cb
 .text.tud_umount_cb
                0x10005484        0x4 CMakeFiles/weather_station.dir/home/gael/git/pico-sdk/lib/tinyusb/src/device/usbd.c.obj
                0x10005484                tud_umount_cb
 .text.tud_suspend_cb
                0x10005488        0x4 CMakeFiles/weather_station.dir/home/gael/git/pico-sdk/lib/tinyusb/src/device/usbd.c.obj
                0x10005488                tud_suspend_cb
 .text.tud_resume_cb
                0x1000548c        0x4 CMakeFiles/weather_station.dir/home/gael/git/pico-sdk/lib/tinyusb/src/device/usbd.c.obj
                0x1000548c                tud_resume_cb
 .text.tud_mounted
                0x10005490       0x10 CMakeFiles/weather_station.dir/home/gael/git/pico-sdk/lib/tinyusb/src/device/usbd.c.obj
                0x10005490                tud_mounted
 .text.tud_suspended
                0x100054a0       0x10 CMakeFiles/weather_station.dir/home/gael/git/pico-sdk/lib/tinyusb/src/device/usbd.c.obj
                0x100054a0                tud_suspended
 .text.tud_init
                0x100054b0       0xe4 CMakeFiles/weather_station.dir/home/gael/git/pico-sdk/lib/tinyusb/src/device/usbd.c.obj
                0x100054b0                tud_init
 .text.tud_task_ext
                0x10005594      0x800 CMakeFiles/weather_station.dir/home/gael/git/pico-sdk/lib/tinyusb/src/device/usbd.c.obj
                0x10005594                tud_task_ext
 .text.usbd_open_edpt_pair
                0x10005d94       0x9c CMakeFiles/weather_station.dir/home/gael/git/pico-sdk/lib/tinyusb/src/device/usbd.c.obj
                0x10005d94                usbd_open_edpt_pair
 .text.usbd_edpt_open
                0x10005e30       0x34 CMakeFiles/weather_station.dir/home/gael/git/pico-sdk/lib/tinyusb/src/device/usbd.c.obj
                0x10005e30                usbd_edpt_open
 .text.usbd_edpt_claim
                0x10005e64       0x28 CMakeFiles/weather_station.dir/home/gael/git/pico-sdk/lib/tinyusb/src/device/usbd.c.obj
                0x10005e64                usbd_edpt_claim
 .text.usbd_edpt_release
                0x10005e8c       0x28 CMakeFiles/weather_station.dir/home/gael/git/pico-sdk/lib/tinyusb/src/device/usbd.c.obj
                0x10005e8c                usbd_edpt_release
 .text.usbd_edpt_xfer
                0x10005eb4       0x4c CMakeFiles/weather_station.dir/home/gael/git/pico-sdk/lib/tinyusb/src/device/usbd.c.obj
                0x10005eb4                usbd_edpt_xfer
 .text.tud_control_status
                0x10005f00       0x2c CMakeFiles/weather_station.dir/home/gael/git/pico-sdk/lib/tinyusb/src/device/usbd_control.c.obj
                0x10005f00                tud_control_status
 .text.tud_control_xfer
                0x10005f2c       0xac CMakeFiles/weather_station.dir/home/gael/git/pico-sdk/lib/tinyusb/src/device/usbd_control.c.obj
                0x10005f2c                tud_control_xfer
 .text.usbd_control_reset
                0x10005fd8       0x14 CMakeFiles/weather_station.dir/home/gael/git/pico-sdk/lib/tinyusb/src/device/usbd_control.c.obj
                0x10005fd8                usbd_control_reset
 .text.usbd_control_set_complete_callback
                0x10005fec        0xc CMakeFiles/weather_station.dir/home/gael/git/pico-sdk/lib/tinyusb/src/device/usbd_control.c.obj
                0x10005fec                usbd_control_set_complete_callback
 .text.usbd_control_set_request
                0x10005ff8       0x1c CMakeFiles/weather_station.dir/home/gael/git/pico-sdk/lib/tinyusb/src/device/usbd_control.c.obj
                0x10005ff8                usbd_control_set_request
 .text.usbd_control_xfer_cb
                0x10006014       0xec CMakeFiles/weather_station.dir/home/gael/git/pico-sdk/lib/tinyusb/src/device/usbd_control.c.obj
                0x10006014                usbd_control_xfer_cb
 .text._prep_out_transaction.isra.0
                0x10006100       0x5c CMakeFiles/weather_station.dir/home/gael/git/pico-sdk/lib/tinyusb/src/class/cdc/cdc_device.c.obj
 .text.tud_cdc_n_connected
                0x1000615c       0x30 CMakeFiles/weather_station.dir/home/gael/git/pico-sdk/lib/tinyusb/src/class/cdc/cdc_device.c.obj
                0x1000615c                tud_cdc_n_connected
 .text.tud_cdc_n_available
                0x1000618c       0x18 CMakeFiles/weather_station.dir/home/gael/git/pico-sdk/lib/tinyusb/src/class/cdc/cdc_device.c.obj
                0x1000618c                tud_cdc_n_available
 .text.tud_cdc_n_read
                0x100061a4       0x98 CMakeFiles/weather_station.dir/home/gael/git/pico-sdk/lib/tinyusb/src/class/cdc/cdc_device.c.obj
                0x100061a4                tud_cdc_n_read
 .text.tud_cdc_n_write_flush
                0x1000623c       0x78 CMakeFiles/weather_station.dir/home/gael/git/pico-sdk/lib/tinyusb/src/class/cdc/cdc_device.c.obj
                0x1000623c                tud_cdc_n_write_flush
 .text.tud_cdc_n_write
                0x100062b4       0x40 CMakeFiles/weather_station.dir/home/gael/git/pico-sdk/lib/tinyusb/src/class/cdc/cdc_device.c.obj
                0x100062b4                tud_cdc_n_write
 .text.tud_cdc_n_write_available
                0x100062f4       0x18 CMakeFiles/weather_station.dir/home/gael/git/pico-sdk/lib/tinyusb/src/class/cdc/cdc_device.c.obj
                0x100062f4                tud_cdc_n_write_available
 .text.cdcd_init
                0x1000630c       0x7c CMakeFiles/weather_station.dir/home/gael/git/pico-sdk/lib/tinyusb/src/class/cdc/cdc_device.c.obj
                0x1000630c                cdcd_init
 .text.cdcd_deinit
                0x10006388       0x34 CMakeFiles/weather_station.dir/home/gael/git/pico-sdk/lib/tinyusb/src/class/cdc/cdc_device.c.obj
                0x10006388                cdcd_deinit
 .text.cdcd_reset
                0x100063bc       0x4c CMakeFiles/weather_station.dir/home/gael/git/pico-sdk/lib/tinyusb/src/class/cdc/cdc_device.c.obj
                0x100063bc                cdcd_reset
 .text.cdcd_open
                0x10006408       0xb0 CMakeFiles/weather_station.dir/home/gael/git/pico-sdk/lib/tinyusb/src/class/cdc/cdc_device.c.obj
                0x10006408                cdcd_open
 .text.cdcd_control_xfer_cb
                0x100064b8       0xe4 CMakeFiles/weather_station.dir/home/gael/git/pico-sdk/lib/tinyusb/src/class/cdc/cdc_device.c.obj
                0x100064b8                cdcd_control_xfer_cb
 .text.cdcd_xfer_cb
                0x1000659c      0x100 CMakeFiles/weather_station.dir/home/gael/git/pico-sdk/lib/tinyusb/src/class/cdc/cdc_device.c.obj
                0x1000659c                cdcd_xfer_cb
 .text.tud_vendor_n_write_flush
                0x1000669c       0x78 CMakeFiles/weather_station.dir/home/gael/git/pico-sdk/lib/tinyusb/src/class/vendor/vendor_device.c.obj
                0x1000669c                tud_vendor_n_write_flush
 .text.vendord_init
                0x10006714       0x64 CMakeFiles/weather_station.dir/home/gael/git/pico-sdk/lib/tinyusb/src/class/vendor/vendor_device.c.obj
                0x10006714                vendord_init
 .text.vendord_deinit
                0x10006778       0x34 CMakeFiles/weather_station.dir/home/gael/git/pico-sdk/lib/tinyusb/src/class/vendor/vendor_device.c.obj
                0x10006778                vendord_deinit
 .text.vendord_reset
                0x100067ac       0x1c CMakeFiles/weather_station.dir/home/gael/git/pico-sdk/lib/tinyusb/src/class/vendor/vendor_device.c.obj
                0x100067ac                vendord_reset
 .text.vendord_open
                0x100067c8       0xd8 CMakeFiles/weather_station.dir/home/gael/git/pico-sdk/lib/tinyusb/src/class/vendor/vendor_device.c.obj
                0x100067c8                vendord_open
 .text.vendord_xfer_cb
                0x100068a0       0xc8 CMakeFiles/weather_station.dir/home/gael/git/pico-sdk/lib/tinyusb/src/class/vendor/vendor_device.c.obj
                0x100068a0                vendord_xfer_cb
 .text.tusb_init
                0x10006968        0xc CMakeFiles/weather_station.dir/home/gael/git/pico-sdk/lib/tinyusb/src/tusb.c.obj
                0x10006968                tusb_init
 .text.tu_edpt_claim
                0x10006974       0x50 CMakeFiles/weather_station.dir/home/gael/git/pico-sdk/lib/tinyusb/src/tusb.c.obj
                0x10006974                tu_edpt_claim
 .text.tu_edpt_release
                0x100069c4       0x38 CMakeFiles/weather_station.dir/home/gael/git/pico-sdk/lib/tinyusb/src/tusb.c.obj
                0x100069c4                tu_edpt_release
 .text.tu_edpt_validate
                0x100069fc       0x7c CMakeFiles/weather_station.dir/home/gael/git/pico-sdk/lib/tinyusb/src/tusb.c.obj
                0x100069fc                tu_edpt_validate
 .text.tu_edpt_bind_driver
                0x10006a78       0x34 CMakeFiles/weather_station.dir/home/gael/git/pico-sdk/lib/tinyusb/src/tusb.c.obj
                0x10006a78                tu_edpt_bind_driver
 .text.tu_fifo_config
                0x10006aac       0x6c CMakeFiles/weather_station.dir/home/gael/git/pico-sdk/lib/tinyusb/src/common/tusb_fifo.c.obj
                0x10006aac                tu_fifo_config
 .text.tu_fifo_count
                0x10006b18       0x2c CMakeFiles/weather_station.dir/home/gael/git/pico-sdk/lib/tinyusb/src/common/tusb_fifo.c.obj
                0x10006b18                tu_fifo_count
 .text.tu_fifo_empty
                0x10006b44       0x10 CMakeFiles/weather_station.dir/home/gael/git/pico-sdk/lib/tinyusb/src/common/tusb_fifo.c.obj
                0x10006b44                tu_fifo_empty
 .text.tu_fifo_remaining
                0x10006b54       0x2c CMakeFiles/weather_station.dir/home/gael/git/pico-sdk/lib/tinyusb/src/common/tusb_fifo.c.obj
                0x10006b54                tu_fifo_remaining
 .text.tu_fifo_read
                0x10006b80       0x9c CMakeFiles/weather_station.dir/home/gael/git/pico-sdk/lib/tinyusb/src/common/tusb_fifo.c.obj
                0x10006b80                tu_fifo_read
 .text.tu_fifo_read_n
                0x10006c1c       0xe8 CMakeFiles/weather_station.dir/home/gael/git/pico-sdk/lib/tinyusb/src/common/tusb_fifo.c.obj
                0x10006c1c                tu_fifo_read_n
 .text.tu_fifo_write
                0x10006d04       0xa8 CMakeFiles/weather_station.dir/home/gael/git/pico-sdk/lib/tinyusb/src/common/tusb_fifo.c.obj
                0x10006d04                tu_fifo_write
 .text.tu_fifo_write_n
                0x10006dac      0x178 CMakeFiles/weather_station.dir/home/gael/git/pico-sdk/lib/tinyusb/src/common/tusb_fifo.c.obj
                0x10006dac                tu_fifo_write_n
 .text.tu_fifo_clear
                0x10006f24       0x40 CMakeFiles/weather_station.dir/home/gael/git/pico-sdk/lib/tinyusb/src/common/tusb_fifo.c.obj
                0x10006f24                tu_fifo_clear
 .text.tu_fifo_set_overwritable
                0x10006f64       0x48 CMakeFiles/weather_station.dir/home/gael/git/pico-sdk/lib/tinyusb/src/common/tusb_fifo.c.obj
                0x10006f64                tu_fifo_set_overwritable
 .text.spi_init
                0x10006fac      0x13c CMakeFiles/weather_station.dir/home/gael/git/pico-sdk/src/rp2_common/hardware_spi/spi.c.obj
                0x10006fac                spi_init
 .text.systick_init
                0x100070e8       0x28 src/systick/libsystick.a(systick.c.obj)
                0x100070e8                systick_init
 .text.station_gesture_handler
                0x10007110       0x9c src/station/libstation.a(station.c.obj)
                0x10007110                station_gesture_handler
 .text.isr_systick
                0x100071ac       0x1c src/station/libstation.a(station.c.obj)
                0x100071ac                isr_systick
 .text.station_init
                0x100071c8       0x64 src/station/libstation.a(station.c.obj)
                0x100071c8                station_init
 .text.station_init_i2c_sensor
                0x1000722c       0x24 src/station/libstation.a(station.c.obj)
                0x1000722c                station_init_i2c_sensor
 .text.station_run
                0x10007250       0x68 src/station/libstation.a(station.c.obj)
                0x10007250                station_run
 .text.station_draw_title
                0x100072b8       0x20 src/station/libstation.a(station.c.obj)
                0x100072b8                station_draw_title
 .text.station_change_mode
                0x100072d8       0x10 src/station/libstation.a(station.c.obj)
                0x100072d8                station_change_mode
 .text.station_update_state_after_mode_switch
                0x100072e8       0x10 src/station/libstation.a(station.c.obj)
                0x100072e8                station_update_state_after_mode_switch
 .text.weather_mode_switch_to_wellcome_mode
                0x100072f8       0x18 src/weather_mode/libweather_mode.a(weather_mode.c.obj)
                0x100072f8                weather_mode_switch_to_wellcome_mode
 .text.weather_mode_init
                0x10007310       0xfc src/weather_mode/libweather_mode.a(weather_mode.c.obj)
                0x10007310                weather_mode_init
 .text.weather_mode_measure_data
                0x1000740c       0x4c src/weather_mode/libweather_mode.a(weather_mode.c.obj)
                0x1000740c                weather_mode_measure_data
 .text.weather_mode_update_data_on_screen
                0x10007458       0xb8 src/weather_mode/libweather_mode.a(weather_mode.c.obj)
                0x10007458                weather_mode_update_data_on_screen
 .text.wellcome_mode_switch_to_weather_mode
                0x10007510       0x18 src/wellcome_mode/libwellcome_mode.a(wellcome_mode.c.obj)
                0x10007510                wellcome_mode_switch_to_weather_mode
 .text.wellcome_mode_switch_to_drawing_mode
                0x10007528       0x18 src/wellcome_mode/libwellcome_mode.a(wellcome_mode.c.obj)
                0x10007528                wellcome_mode_switch_to_drawing_mode
 .text.wellcome_mode_init
                0x10007540       0xf8 src/wellcome_mode/libwellcome_mode.a(wellcome_mode.c.obj)
                0x10007540                wellcome_mode_init
 .text.lcd_backlight_off
                0x10007638        0xc src/lcd/liblcd.a(lcd.c.obj)
                0x10007638                lcd_backlight_off
 .text.lcd_backlight_on
                0x10007644        0xc src/lcd/liblcd.a(lcd.c.obj)
                0x10007644                lcd_backlight_on
 .text.lcd_config
                0x10007650      0x5a4 src/lcd/liblcd.a(lcd.c.obj)
                0x10007650                lcd_config
 .text.lcd_init
                0x10007bf4      0x144 src/lcd/liblcd.a(lcd.c.obj)
                0x10007bf4                lcd_init
 .text.lcd_draw_char
                0x10007d38      0x438 src/lcd/liblcd.a(lcd.c.obj)
                0x10007d38                lcd_draw_char
 .text.lcd_draw_string
                0x10008170       0x40 src/lcd/liblcd.a(lcd.c.obj)
                0x10008170                lcd_draw_string
 .text.lcd_print_int
                0x100081b0       0x50 src/lcd/liblcd.a(lcd.c.obj)
                0x100081b0                lcd_print_int
 .text.lcd_set_zone
                0x10008200       0xf0 src/lcd/liblcd.a(lcd.c.obj)
                0x10008200                lcd_set_zone
 .text.lcd_clear
                0x100082f0      0x11c src/lcd/liblcd.a(lcd.c.obj)
                0x100082f0                lcd_clear
 .text.lcd_set_pixel
                0x1000840c      0x11c src/lcd/liblcd.a(lcd.c.obj)
                0x1000840c                lcd_set_pixel
 .text.lcd_fill_rect
                0x10008528      0x15c src/lcd/liblcd.a(lcd.c.obj)
                0x10008528                lcd_fill_rect
 .text.lcd_rect
                0x10008684      0x250 src/lcd/liblcd.a(lcd.c.obj)
                0x10008684                lcd_rect
 .text.touchscreen_irq_callback
                0x100088d4       0x20 src/touchscreen/libtouchscreen.a(touchscreen.c.obj)
                0x100088d4                touchscreen_irq_callback
 .text.touchscreen_init
                0x100088f4       0x9c src/touchscreen/libtouchscreen.a(touchscreen.c.obj)
                0x100088f4                touchscreen_init
 .text.touchscreen_switch_to_simple_touch_mode
                0x10008990        0xc src/touchscreen/libtouchscreen.a(touchscreen.c.obj)
                0x10008990                touchscreen_switch_to_simple_touch_mode
 .text.touchscreen_handler
                0x1000899c      0x170 src/touchscreen/libtouchscreen.a(touchscreen.c.obj)
                0x1000899c                touchscreen_handler
 .text.BME280_init_calib
                0x10008b0c      0x120 src/bme280/libbme280.a(bme280.c.obj)
                0x10008b0c                BME280_init_calib
 .text.BME280_config
                0x10008c2c       0x5c src/bme280/libbme280.a(bme280.c.obj)
                0x10008c2c                BME280_config
 .text.BME280_compensate_P
                0x10008c88      0x23c src/bme280/libbme280.a(bme280.c.obj)
                0x10008c88                BME280_compensate_P
 .text.BME280_compensate_H
                0x10008ec4      0x190 src/bme280/libbme280.a(bme280.c.obj)
                0x10008ec4                BME280_compensate_H
 .text.BME280_read
                0x10009054      0x1d8 src/bme280/libbme280.a(bme280.c.obj)
                0x10009054                BME280_read
 .text.VEML7700_config
                0x1000922c       0x28 src/veml7700/libveml7700.a(veml7700.c.obj)
                0x1000922c                VEML7700_config
 .text.VEML7700_read
                0x10009254       0x40 src/veml7700/libveml7700.a(veml7700.c.obj)
                0x10009254                VEML7700_read
 .text.display_create_zone_matrix
                0x10009294       0xd8 src/display/libdisplay.a(display.c.obj)
                0x10009294                display_create_zone_matrix
 .text.display_draw_zone
                0x1000936c       0x38 src/display/libdisplay.a(display.c.obj)
                0x1000936c                display_draw_zone
 .text.display_find_zone_from_coordinates
                0x100093a4       0x34 src/display/libdisplay.a(display.c.obj)
                0x100093a4                display_find_zone_from_coordinates
 .text.drawing_mode_draw
                0x100093d8       0x30 src/drawing_mode/libdrawing_mode.a(drawing_mode.c.obj)
                0x100093d8                drawing_mode_draw
 .text.drawing_mode_init
                0x10009408       0x7c src/drawing_mode/libdrawing_mode.a(drawing_mode.c.obj)
                0x10009408                drawing_mode_init
 .text          0x10009484       0x10 /usr/lib/gcc/arm-none-eabi/13.2.1/../../../arm-none-eabi/lib/thumb/v6-m/nofp/libg.a(libc_a-atexit.o)
                0x10009484                atexit
 .text          0x10009494       0x5c /usr/lib/gcc/arm-none-eabi/13.2.1/../../../arm-none-eabi/lib/thumb/v6-m/nofp/libg.a(libc_a-strlen-stub.o)
                0x10009494                strlen
 .text          0x100094f0       0x28 /usr/lib/gcc/arm-none-eabi/13.2.1/../../../arm-none-eabi/lib/thumb/v6-m/nofp/libg.a(libc_a-fini.o)
                0x100094f0                __libc_fini_array
 .text          0x10009518       0x78 /usr/lib/gcc/arm-none-eabi/13.2.1/../../../arm-none-eabi/lib/thumb/v6-m/nofp/libg.a(libc_a-__atexit.o)
                0x10009518                __register_exitproc
 .text.startup  0x10009590       0x18 /usr/lib/gcc/arm-none-eabi/13.2.1/../../../arm-none-eabi/lib/thumb/v6-m/nofp/libg.a(libc_a-__call_atexit.o)
 *(.fini)
 .fini          0x100095a8        0x4 /usr/lib/gcc/arm-none-eabi/13.2.1/thumb/v6-m/nofp/crti.o
                0x100095a8                _fini
 *fill*         0x100095ac        0x4 
 .fini.__stub   0x100095b0       0xd0 linker stubs
 *crtbegin.o(.ctors)
 *crtbegin?.o(.ctors)
 *(EXCLUDE_FILE(*crtend.o *crtend?.o) .ctors)
 *(SORT_BY_NAME(.ctors.*))
 *(.ctors)
 *crtbegin.o(.dtors)
 *crtbegin?.o(.dtors)
 *(EXCLUDE_FILE(*crtend.o *crtend?.o) .dtors)
 *(SORT_BY_NAME(.dtors.*))
 *(.dtors)
                0x10009680                        . = ALIGN (0x4)
                0x10009680                        PROVIDE (__preinit_array_start = .)
 *(SORT_BY_NAME(.preinit_array.*))
 .preinit_array.00100
                0x10009680        0x4 CMakeFiles/weather_station.dir/home/gael/git/pico-sdk/src/rp2_common/pico_runtime_init/runtime_init.c.obj
                0x10009680                __pre_init_runtime_init_early_resets
 .preinit_array.00101
                0x10009684        0x4 CMakeFiles/weather_station.dir/home/gael/git/pico-sdk/src/rp2_common/pico_runtime_init/runtime_init.c.obj
                0x10009684                __pre_init_runtime_init_usb_power_down
 .preinit_array.00275
                0x10009688        0x4 CMakeFiles/weather_station.dir/home/gael/git/pico-sdk/src/rp2_common/pico_bit_ops/bit_ops_aeabi.S.obj
 .preinit_array.00300
                0x1000968c        0x4 CMakeFiles/weather_station.dir/home/gael/git/pico-sdk/src/rp2_common/pico_mem_ops/mem_ops_aeabi.S.obj
 .preinit_array.00350
                0x10009690        0x4 CMakeFiles/weather_station.dir/home/gael/git/pico-sdk/src/rp2_common/pico_double/double_aeabi_rp2040.S.obj
 .preinit_array.00350
                0x10009694        0x4 CMakeFiles/weather_station.dir/home/gael/git/pico-sdk/src/rp2_common/pico_float/float_aeabi_rp2040.S.obj
 .preinit_array.00500
                0x10009698        0x4 CMakeFiles/weather_station.dir/home/gael/git/pico-sdk/src/rp2_common/pico_runtime_init/runtime_init.c.obj
                0x10009698                __pre_init_runtime_init_clocks
 .preinit_array.00600
                0x1000969c        0x4 CMakeFiles/weather_station.dir/home/gael/git/pico-sdk/src/rp2_common/pico_runtime_init/runtime_init.c.obj
                0x1000969c                __pre_init_runtime_init_post_clock_resets
 .preinit_array.00700
                0x100096a0        0x4 CMakeFiles/weather_station.dir/home/gael/git/pico-sdk/src/rp2_common/pico_runtime_init/runtime_init.c.obj
                0x100096a0                __pre_init_runtime_init_rp2040_gpio_ie_disable
 .preinit_array.01000
                0x100096a4        0x4 CMakeFiles/weather_station.dir/home/gael/git/pico-sdk/src/rp2_common/pico_runtime_init/runtime_init.c.obj
                0x100096a4                __pre_init_runtime_init_spin_locks_reset
 .preinit_array.01100
                0x100096a8        0x4 CMakeFiles/weather_station.dir/home/gael/git/pico-sdk/src/common/pico_sync/mutex.c.obj
                0x100096a8                __pre_init_runtime_init_mutex
 .preinit_array.10080
                0x100096ac        0x4 CMakeFiles/weather_station.dir/home/gael/git/pico-sdk/src/rp2_common/pico_runtime_init/runtime_init.c.obj
                0x100096ac                __pre_init_runtime_init_install_ram_vector_table
 .preinit_array.11000
                0x100096b0        0x4 CMakeFiles/weather_station.dir/home/gael/git/pico-sdk/src/common/pico_time/time.c.obj
                0x100096b0                __pre_init_runtime_init_default_alarm_pool
 .preinit_array.YYYYY
                0x100096b4        0x4 CMakeFiles/weather_station.dir/home/gael/git/pico-sdk/src/rp2_common/pico_runtime/runtime.c.obj
                0x100096b4                __pre_init_first_per_core_initializer
 .preinit_array.ZZZZZ.01200
                0x100096b8        0x4 CMakeFiles/weather_station.dir/home/gael/git/pico-sdk/src/rp2_common/hardware_irq/irq.c.obj
                0x100096b8                __pre_init_runtime_init_per_core_irq_priorities
 *(.preinit_array)
                0x100096bc                        PROVIDE (__preinit_array_end = .)
                0x100096bc                        . = ALIGN (0x4)
                0x100096bc                        PROVIDE (__init_array_start = .)
 *(SORT_BY_NAME(.init_array.*))
 .init_array.00000
                0x100096bc        0x4 /usr/lib/gcc/arm-none-eabi/13.2.1/../../../arm-none-eabi/lib/thumb/v6-m/nofp/libg.a(libc_a-__call_atexit.o)
 *(.init_array)
 .init_array    0x100096c0        0x4 /usr/lib/gcc/arm-none-eabi/13.2.1/thumb/v6-m/nofp/crtbegin.o
 .init_array    0x100096c4        0x4 CMakeFiles/weather_station.dir/home/gael/git/pico-sdk/src/rp2_common/pico_unique_id/unique_id.c.obj
                0x100096c8                        PROVIDE (__init_array_end = .)
                0x100096c8                        . = ALIGN (0x4)
                0x100096c8                        PROVIDE (__fini_array_start = .)
 *(SORT_BY_NAME(.fini_array.*))
 *(.fini_array)
                0x100096c8                        PROVIDE (__fini_array_end = .)
 *(.eh_frame*)
 .eh_frame      0x100096c8        0x0 /usr/lib/gcc/arm-none-eabi/13.2.1/thumb/v6-m/nofp/crtbegin.o
                0x100096c8                        . = ALIGN (0x4)

.glue_7         0x100096c8        0x0
 .glue_7        0x100096c8        0x0 linker stubs

.glue_7t        0x100096c8        0x0
 .glue_7t       0x100096c8        0x0 linker stubs

.vfp11_veneer   0x100096c8        0x0
 .vfp11_veneer  0x100096c8        0x0 linker stubs

.v4_bx          0x100096c8        0x0
 .v4_bx         0x100096c8        0x0 linker stubs

.iplt           0x100096c8        0x0
 .iplt          0x100096c8        0x0 /usr/lib/gcc/arm-none-eabi/13.2.1/thumb/v6-m/nofp/crtbegin.o

.rodata         0x100096c8     0x1688
 *(EXCLUDE_FILE(*libm.a: *libc.a:*lib_a-mem*.o *libgcc.a:) .rodata*)
 .rodata.panic.str1.4
                0x100096c8      0x190 CMakeFiles/weather_station.dir/home/gael/git/pico-sdk/src/rp2_common/pico_platform_panic/panic.c.obj
                                 0x12 (size before relaxing)
 .rodata.spin_lock_claim_unused.str1.4
                0x10009858       0x1b CMakeFiles/weather_station.dir/home/gael/git/pico-sdk/src/rp2_common/hardware_sync/sync.c.obj
 .rodata.timer_hardware_alarm_claim.str1.4
                0x10009858       0x22 CMakeFiles/weather_station.dir/home/gael/git/pico-sdk/src/rp2_common/hardware_timer/timer.c.obj
 .rodata.user_irq_claim_unused.str1.4
                0x10009858       0x1b CMakeFiles/weather_station.dir/home/gael/git/pico-sdk/src/rp2_common/hardware_irq/irq.c.obj
 .rodata.hard_assertion_failure.str1.4
                0x10009858        0xc CMakeFiles/weather_station.dir/home/gael/git/pico-sdk/src/rp2_common/pico_runtime/runtime.c.obj
 .rodata.str1.4
                0x10009858       0x34 CMakeFiles/weather_station.dir/home/gael/git/pico-sdk/src/rp2_common/pico_standard_binary_info/standard_binary_info.c.obj
 .rodata.__bi_84
                0x10009858        0xc CMakeFiles/weather_station.dir/home/gael/git/pico-sdk/src/rp2_common/pico_standard_binary_info/standard_binary_info.c.obj
 .rodata.__bi_54
                0x10009864        0xc CMakeFiles/weather_station.dir/home/gael/git/pico-sdk/src/rp2_common/pico_standard_binary_info/standard_binary_info.c.obj
 .rodata.__bi_48
                0x10009870        0xc CMakeFiles/weather_station.dir/home/gael/git/pico-sdk/src/rp2_common/pico_standard_binary_info/standard_binary_info.c.obj
 .rodata.__bi_42
                0x1000987c        0xc CMakeFiles/weather_station.dir/home/gael/git/pico-sdk/src/rp2_common/pico_standard_binary_info/standard_binary_info.c.obj
 .rodata.__bi_34
                0x10009888        0xc CMakeFiles/weather_station.dir/home/gael/git/pico-sdk/src/rp2_common/pico_standard_binary_info/standard_binary_info.c.obj
 .rodata.__bi_26
                0x10009894        0xc CMakeFiles/weather_station.dir/home/gael/git/pico-sdk/src/rp2_common/pico_standard_binary_info/standard_binary_info.c.obj
 .rodata._ftoa.str1.4
                0x100098a0       0x15 CMakeFiles/weather_station.dir/home/gael/git/pico-sdk/src/rp2_common/pico_printf/printf.c.obj
 .rodata._vsnprintf
                0x100098a0      0x19c CMakeFiles/weather_station.dir/home/gael/git/pico-sdk/src/rp2_common/pico_printf/printf.c.obj
 *fill*         0x10009a3c        0x4 
 .rodata.pow10.0
                0x10009a40       0x50 CMakeFiles/weather_station.dir/home/gael/git/pico-sdk/src/rp2_common/pico_printf/printf.c.obj
 .rodata.crlf_str.0
                0x10009a90        0x2 CMakeFiles/weather_station.dir/home/gael/git/pico-sdk/src/rp2_common/pico_stdio/stdio.c.obj
 *fill*         0x10009a92        0x2 
 .rodata._resetd_driver
                0x10009a94       0x20 CMakeFiles/weather_station.dir/home/gael/git/pico-sdk/src/rp2_common/pico_stdio_usb/reset_interface.c.obj
 .rodata.desc_ms_os_20
                0x10009ab4       0xa6 CMakeFiles/weather_station.dir/home/gael/git/pico-sdk/src/rp2_common/pico_stdio_usb/reset_interface.c.obj
 *fill*         0x10009b5a        0x2 
 .rodata.desc_bos
                0x10009b5c       0x21 CMakeFiles/weather_station.dir/home/gael/git/pico-sdk/src/rp2_common/pico_stdio_usb/reset_interface.c.obj
                0x10009b5c                desc_bos
 .rodata.str1.4
                0x10009b7d       0x13 CMakeFiles/weather_station.dir/home/gael/git/pico-sdk/src/rp2_common/pico_stdio_usb/stdio_usb.c.obj
 *fill*         0x10009b7d        0x3 
 .rodata.__bi_197.0
                0x10009b80        0xc CMakeFiles/weather_station.dir/home/gael/git/pico-sdk/src/rp2_common/pico_stdio_usb/stdio_usb.c.obj
 .rodata.str1.4
                0x10009b8c       0x2a CMakeFiles/weather_station.dir/home/gael/git/pico-sdk/src/rp2_common/pico_stdio_usb/stdio_usb_descriptors.c.obj
 .rodata.usbd_desc_str
                0x10009b8c       0x18 CMakeFiles/weather_station.dir/home/gael/git/pico-sdk/src/rp2_common/pico_stdio_usb/stdio_usb_descriptors.c.obj
 .rodata.usbd_desc_cfg
                0x10009ba4       0x54 CMakeFiles/weather_station.dir/home/gael/git/pico-sdk/src/rp2_common/pico_stdio_usb/stdio_usb_descriptors.c.obj
 .rodata.usbd_desc_device
                0x10009bf8       0x12 CMakeFiles/weather_station.dir/home/gael/git/pico-sdk/src/rp2_common/pico_stdio_usb/stdio_usb_descriptors.c.obj
 .rodata.str1.4
                0x10009c0a       0x14 CMakeFiles/weather_station.dir/home/gael/git/pico-sdk/lib/tinyusb/src/portable/raspberrypi/rp2040/dcd_rp2040.c.obj
 .rodata.str1.4
                0x10009c0a       0x48 CMakeFiles/weather_station.dir/home/gael/git/pico-sdk/lib/tinyusb/src/portable/raspberrypi/rp2040/rp2040_usb.c.obj
 *fill*         0x10009c0a        0x2 
 .rodata.tud_task_ext
                0x10009c0c       0x8c CMakeFiles/weather_station.dir/home/gael/git/pico-sdk/lib/tinyusb/src/device/usbd.c.obj
 .rodata        0x10009c98       0x1c CMakeFiles/weather_station.dir/home/gael/git/pico-sdk/lib/tinyusb/src/device/usbd.c.obj
 .rodata._usbd_driver
                0x10009cb4       0x40 CMakeFiles/weather_station.dir/home/gael/git/pico-sdk/lib/tinyusb/src/device/usbd.c.obj
 .rodata.weather_mode_init.str1.4
                0x10009cf4        0x8 src/weather_mode/libweather_mode.a(weather_mode.c.obj)
 .rodata.weather_mode_update_data_on_screen.str1.4
                0x10009cf4        0xc src/weather_mode/libweather_mode.a(weather_mode.c.obj)
 .rodata.wellcome_mode_init.str1.4
                0x10009cf4        0x9 src/wellcome_mode/libwellcome_mode.a(wellcome_mode.c.obj)
 .rodata.lcd_print_int.str1.4
                0x10009cf4        0x3 src/lcd/liblcd.a(lcd.c.obj)
 .rodata.BigFont
                0x10009cf4      0xbe4 src/font/libfont.a(font.c.obj)
                0x10009cf4                BigFont
 .rodata.SmallFont
                0x1000a8d8      0x478 src/font/libfont.a(font.c.obj)
                0x1000a8d8                SmallFont
 .rodata.drawing_mode_init.str1.4
                0x1000ad50        0x8 src/drawing_mode/libdrawing_mode.a(drawing_mode.c.obj)
                0x1000ad58                        . = ALIGN (0x4)
 *(SORT_BY_ALIGNMENT(SORT_BY_NAME(.flashdata*)))
                0x1000ad58                        . = ALIGN (0x4)

.ARM.extab
 *(.ARM.extab* .gnu.linkonce.armextab.*)
                0x1000ad50                        __exidx_start = .

.ARM.exidx
 *(.ARM.exidx* .gnu.linkonce.armexidx.*)
                0x1000ad50                        __exidx_end = .
                0x1000ad58                        . = ALIGN (0x4)
                0x1000ad50                        __binary_info_start = .

.binary_info    0x1000ad50       0x1c
 *(.binary_info.keep.*)
 .binary_info.keep.__bi_ptr84
                0x1000ad50        0x4 CMakeFiles/weather_station.dir/home/gael/git/pico-sdk/src/rp2_common/pico_standard_binary_info/standard_binary_info.c.obj
 .binary_info.keep.__bi_ptr54
                0x1000ad54        0x4 CMakeFiles/weather_station.dir/home/gael/git/pico-sdk/src/rp2_common/pico_standard_binary_info/standard_binary_info.c.obj
 .binary_info.keep.__bi_ptr48
                0x1000ad58        0x4 CMakeFiles/weather_station.dir/home/gael/git/pico-sdk/src/rp2_common/pico_standard_binary_info/standard_binary_info.c.obj
 .binary_info.keep.__bi_ptr42
                0x1000ad5c        0x4 CMakeFiles/weather_station.dir/home/gael/git/pico-sdk/src/rp2_common/pico_standard_binary_info/standard_binary_info.c.obj
 .binary_info.keep.__bi_ptr34
                0x1000ad60        0x4 CMakeFiles/weather_station.dir/home/gael/git/pico-sdk/src/rp2_common/pico_standard_binary_info/standard_binary_info.c.obj
 .binary_info.keep.__bi_ptr26
                0x1000ad64        0x4 CMakeFiles/weather_station.dir/home/gael/git/pico-sdk/src/rp2_common/pico_standard_binary_info/standard_binary_info.c.obj
 *(.binary_info.*)
 .binary_info.__bi_ptr197
                0x1000ad68        0x4 CMakeFiles/weather_station.dir/home/gael/git/pico-sdk/src/rp2_common/pico_stdio_usb/stdio_usb.c.obj
                0x1000ad6c                        __binary_info_end = .

.rel.dyn        0x1000ad6c        0x0
 .rel.iplt      0x1000ad6c        0x0 /usr/lib/gcc/arm-none-eabi/13.2.1/thumb/v6-m/nofp/crtbegin.o
                0x1000ad6c                        . = ALIGN (0x4)

.ram_vector_table
                0x20000000       0xc0
 *(.ram_vector_table)
 .ram_vector_table
                0x20000000       0xc0 CMakeFiles/weather_station.dir/home/gael/git/pico-sdk/src/rp2_common/pico_runtime_init/runtime_init.c.obj
                0x20000000                ram_vector_table

.uninitialized_data
                0x200000c0        0x0
                0x200000c0                        . = ALIGN (0x4)
 *(.uninitialized_data*)

.data           0x200000c0     0x1120 load address 0x1000ad6c
                0x200000c0                        __data_start__ = .
 *(vtable)
 *(.time_critical*)
 .time_critical.mutex_try_enter
                0x200000c0       0x40 CMakeFiles/weather_station.dir/home/gael/git/pico-sdk/src/common/pico_sync/mutex.c.obj
                0x200000c0                mutex_try_enter
 .time_critical.mutex_try_enter_block_until
                0x20000100       0x9c CMakeFiles/weather_station.dir/home/gael/git/pico-sdk/src/common/pico_sync/mutex.c.obj
                0x20000100                mutex_try_enter_block_until
 .time_critical.mutex_enter_timeout_ms
                0x2000019c       0x90 CMakeFiles/weather_station.dir/home/gael/git/pico-sdk/src/common/pico_sync/mutex.c.obj
                0x2000019c                mutex_enter_timeout_ms
 .time_critical.mutex_exit
                0x2000022c       0x28 CMakeFiles/weather_station.dir/home/gael/git/pico-sdk/src/common/pico_sync/mutex.c.obj
                0x2000022c                mutex_exit
 .time_critical.flash_init_boot2_copyout
                0x20000254       0x30 CMakeFiles/weather_station.dir/home/gael/git/pico-sdk/src/rp2_common/hardware_flash/flash.c.obj
 .time_critical.flash_enable_xip_via_boot2
                0x20000284        0xc CMakeFiles/weather_station.dir/home/gael/git/pico-sdk/src/rp2_common/hardware_flash/flash.c.obj
 .time_critical.flash_cs_force
                0x20000290       0x38 CMakeFiles/weather_station.dir/home/gael/git/pico-sdk/src/rp2_common/hardware_flash/flash.c.obj
 .time_critical.flash_do_cmd
                0x200002c8       0xc0 CMakeFiles/weather_station.dir/home/gael/git/pico-sdk/src/rp2_common/hardware_flash/flash.c.obj
                0x200002c8                flash_do_cmd
 .time_critical.reset_non_control_endpoints
                0x20000388       0x68 CMakeFiles/weather_station.dir/home/gael/git/pico-sdk/lib/tinyusb/src/portable/raspberrypi/rp2040/dcd_rp2040.c.obj
 .time_critical.hw_handle_buff_status
                0x200003f0       0xb0 CMakeFiles/weather_station.dir/home/gael/git/pico-sdk/lib/tinyusb/src/portable/raspberrypi/rp2040/dcd_rp2040.c.obj
 .time_critical.dcd_rp2040_irq
                0x200004a0      0x578 CMakeFiles/weather_station.dir/home/gael/git/pico-sdk/lib/tinyusb/src/portable/raspberrypi/rp2040/dcd_rp2040.c.obj
 .time_critical.prepare_ep_buffer
                0x20000a18       0xe0 CMakeFiles/weather_station.dir/home/gael/git/pico-sdk/lib/tinyusb/src/portable/raspberrypi/rp2040/rp2040_usb.c.obj
 .time_critical.sync_ep_buffer
                0x20000af8       0xa8 CMakeFiles/weather_station.dir/home/gael/git/pico-sdk/lib/tinyusb/src/portable/raspberrypi/rp2040/rp2040_usb.c.obj
 .time_critical._hw_endpoint_xfer_sync
                0x20000ba0       0x28 CMakeFiles/weather_station.dir/home/gael/git/pico-sdk/lib/tinyusb/src/portable/raspberrypi/rp2040/rp2040_usb.c.obj
 .time_critical.e15_is_bulkin_ep
                0x20000bc8       0x28 CMakeFiles/weather_station.dir/home/gael/git/pico-sdk/lib/tinyusb/src/portable/raspberrypi/rp2040/rp2040_usb.c.obj
 .time_critical.e15_is_critical_frame_period
                0x20000bf0       0x34 CMakeFiles/weather_station.dir/home/gael/git/pico-sdk/lib/tinyusb/src/portable/raspberrypi/rp2040/rp2040_usb.c.obj
 .time_critical.hw_endpoint_reset_transfer
                0x20000c24        0xc CMakeFiles/weather_station.dir/home/gael/git/pico-sdk/lib/tinyusb/src/portable/raspberrypi/rp2040/rp2040_usb.c.obj
                0x20000c24                hw_endpoint_reset_transfer
 .time_critical._hw_endpoint_buffer_control_update32
                0x20000c30       0x50 CMakeFiles/weather_station.dir/home/gael/git/pico-sdk/lib/tinyusb/src/portable/raspberrypi/rp2040/rp2040_usb.c.obj
                0x20000c30                _hw_endpoint_buffer_control_update32
 .time_critical.hw_endpoint_start_next_buffer
                0x20000c80       0x6c CMakeFiles/weather_station.dir/home/gael/git/pico-sdk/lib/tinyusb/src/portable/raspberrypi/rp2040/rp2040_usb.c.obj
                0x20000c80                hw_endpoint_start_next_buffer
 .time_critical.hw_endpoint_xfer_continue
                0x20000cec       0x40 CMakeFiles/weather_station.dir/home/gael/git/pico-sdk/lib/tinyusb/src/portable/raspberrypi/rp2040/rp2040_usb.c.obj
                0x20000cec                hw_endpoint_xfer_continue
 .time_critical.tinyusb
                0x20000d2c      0x1e4 CMakeFiles/weather_station.dir/home/gael/git/pico-sdk/lib/tinyusb/src/device/usbd.c.obj
                0x20000d2c                dcd_event_handler
 .time_critical.spi_write_blocking
                0x20000f10       0x4c CMakeFiles/weather_station.dir/home/gael/git/pico-sdk/src/rp2_common/hardware_spi/spi.c.obj
                0x20000f10                spi_write_blocking
 *(.text*)
 .text          0x20000f5c        0x4 /usr/lib/gcc/arm-none-eabi/13.2.1/thumb/v6-m/nofp/libgcc.a(_dvmd_tls.o)
                0x20000f5c                __aeabi_ldiv0
                0x20000f5c                __aeabi_idiv0
 .text.__stub   0x20000f60       0x80 linker stubs
                0x20000fe0                        . = ALIGN (0x4)
 *(.rodata*)
                0x20000fe0                        . = ALIGN (0x4)
 *(.data*)
 .data.i2c1_inst
                0x20000fe0        0x8 CMakeFiles/weather_station.dir/home/gael/git/pico-sdk/src/rp2_common/hardware_i2c/i2c.c.obj
                0x20000fe0                i2c1_inst
 .data.i2c0_inst
                0x20000fe8        0x8 CMakeFiles/weather_station.dir/home/gael/git/pico-sdk/src/rp2_common/hardware_i2c/i2c.c.obj
                0x20000fe8                i2c0_inst
 .data.striped_spin_lock_num
                0x20000ff0        0x1 CMakeFiles/weather_station.dir/home/gael/git/pico-sdk/src/rp2_common/hardware_sync/sync.c.obj
 *fill*         0x20000ff1        0x3 
 .data.default_alarm_pool
                0x20000ff4       0x18 CMakeFiles/weather_station.dir/home/gael/git/pico-sdk/src/common/pico_time/time.c.obj
 .data          0x2000100c       0x48 CMakeFiles/weather_station.dir/home/gael/git/pico-sdk/src/rp2_common/hardware_irq/irq_handler_chain.S.obj
                0x2000100c                irq_handler_chain_slots
                0x2000103c                irq_handler_chain_first_slot
                0x20001046                irq_handler_chain_remove_tail
 *fill*         0x20001054        0xc 
 .data.aeabi_bits_funcs
                0x20001060       0x10 CMakeFiles/weather_station.dir/home/gael/git/pico-sdk/src/rp2_common/pico_bit_ops/bit_ops_aeabi.S.obj
                0x20001060                aeabi_bits_funcs
                0x20001070                aeabi_bits_funcs_end
 .data.aeabi_mem_funcs
                0x20001070       0x10 CMakeFiles/weather_station.dir/home/gael/git/pico-sdk/src/rp2_common/pico_mem_ops/mem_ops_aeabi.S.obj
                0x20001070                aeabi_mem_funcs
                0x20001080                aeabi_mem_funcs_end
 .data.stdio_usb
                0x20001080       0x18 CMakeFiles/weather_station.dir/home/gael/git/pico-sdk/src/rp2_common/pico_stdio_usb/stdio_usb.c.obj
                0x20001080                stdio_usb
 .data._usbd_qdef
                0x20001098       0x1c CMakeFiles/weather_station.dir/home/gael/git/pico-sdk/lib/tinyusb/src/device/usbd.c.obj
                0x20001098                _usbd_qdef
 .data._usbd_rhport
                0x200010b4        0x1 CMakeFiles/weather_station.dir/home/gael/git/pico-sdk/lib/tinyusb/src/device/usbd.c.obj
 *fill*         0x200010b5        0x3 
 .data.light    0x200010b8       0x24 src/weather_mode/libweather_mode.a(weather_mode.c.obj)
                0x200010b8                light
 .data.pressure
                0x200010dc       0x24 src/weather_mode/libweather_mode.a(weather_mode.c.obj)
                0x200010dc                pressure
 .data.humidity
                0x20001100       0x24 src/weather_mode/libweather_mode.a(weather_mode.c.obj)
                0x20001100                humidity
 .data.temperature
                0x20001124       0x24 src/weather_mode/libweather_mode.a(weather_mode.c.obj)
                0x20001124                temperature
 .data.snake    0x20001148       0x21 src/wellcome_mode/libwellcome_mode.a(wellcome_mode.c.obj)
                0x20001148                snake
 *fill*         0x20001169        0x3 
 .data.game_of_life
                0x2000116c       0x21 src/wellcome_mode/libwellcome_mode.a(wellcome_mode.c.obj)
                0x2000116c                game_of_life
 *fill*         0x2000118d        0x3 
 .data.drawing  0x20001190       0x21 src/wellcome_mode/libwellcome_mode.a(wellcome_mode.c.obj)
                0x20001190                drawing
 *fill*         0x200011b1        0x3 
 .data.weather  0x200011b4       0x21 src/wellcome_mode/libwellcome_mode.a(wellcome_mode.c.obj)
                0x200011b4                weather
                0x200011d8                        . = ALIGN (0x4)
 *fill*         0x200011d5        0x3 
 *(.after_data.*)
                0x200011d8                        . = ALIGN (0x4)
                0x200011d8                        PROVIDE (__mutex_array_start = .)
 *(SORT_BY_NAME(.mutex_array.*))
 *(.mutex_array)
 .mutex_array   0x200011d8        0x8 CMakeFiles/weather_station.dir/home/gael/git/pico-sdk/src/rp2_common/pico_stdio/stdio.c.obj
                0x200011e0                        PROVIDE (__mutex_array_end = .)
                0x200011e0                        . = ALIGN (0x4)
 *(.jcr)
                0x200011e0                        . = ALIGN (0x4)

.tm_clone_table
                0x200011e0        0x0 load address 0x1000be8c
 .tm_clone_table
                0x200011e0        0x0 /usr/lib/gcc/arm-none-eabi/13.2.1/thumb/v6-m/nofp/crtbegin.o
 .tm_clone_table
                0x200011e0        0x0 /usr/lib/gcc/arm-none-eabi/13.2.1/thumb/v6-m/nofp/crtend.o

.igot.plt       0x200011e0        0x0 load address 0x1000be8c
 .igot.plt      0x200011e0        0x0 /usr/lib/gcc/arm-none-eabi/13.2.1/thumb/v6-m/nofp/crtbegin.o

.tdata          0x200011e0        0x0 load address 0x1000be8c
                0x200011e0                        . = ALIGN (0x4)
 *(.tdata .tdata.* .gnu.linkonce.td.*)
                0x200011e0                        __tdata_end = .
                0x200011e0                        PROVIDE (__data_end__ = .)
                0x1000ad6c                        __etext = LOADADDR (.data)

.tbss           0x200011e0        0x0 load address 0x1000be8c
                0x200011e0                        . = ALIGN (0x4)
                0x200011e0                        __bss_start__ = .
                0x200011e0                        __tls_base = .
 *(.tbss .tbss.* .gnu.linkonce.tb.*)
 *(.tcommon)
                0x200011e0                        __tls_end = .

.bss            0x200011e0     0x1438 load address 0x1000be8c
                0x200011e0                        . = ALIGN (0x4)
                0x200011e0                        __tbss_end = .
 *(SORT_BY_ALIGNMENT(SORT_BY_NAME(.bss*)))
 .bss._vendord_itf
                0x200011e0      0x2bc CMakeFiles/weather_station.dir/home/gael/git/pico-sdk/lib/tinyusb/src/class/vendor/vendor_device.c.obj
 *fill*         0x2000149c        0x4 
 .bss.default_alarm_pool_entries
                0x200014a0      0x180 CMakeFiles/weather_station.dir/home/gael/git/pico-sdk/src/common/pico_time/time.c.obj
 .bss.last_avail_time.1
                0x20001620        0x8 CMakeFiles/weather_station.dir/home/gael/git/pico-sdk/src/rp2_common/pico_stdio_usb/stdio_usb.c.obj
 .bss.sd_table  0x20001628      0x100 CMakeFiles/weather_station.dir/home/gael/git/pico-sdk/src/rp2_common/pico_double/double_init_rom_rp2040.c.obj
                0x20001628                sd_table
 .bss.sf_table  0x20001728      0x100 CMakeFiles/weather_station.dir/home/gael/git/pico-sdk/src/rp2_common/pico_float/float_init_rom_rp2040.c.obj
                0x20001728                sf_table
 .bss           0x20001828       0x1c /usr/lib/gcc/arm-none-eabi/13.2.1/thumb/v6-m/nofp/crtbegin.o
 .bss           0x20001844      0x190 /usr/lib/gcc/arm-none-eabi/13.2.1/../../../arm-none-eabi/lib/thumb/v6-m/nofp/libg.a(libc_a-__atexit.o)
                0x20001844                __atexit0
 .bss           0x200019d4        0x4 /usr/lib/gcc/arm-none-eabi/13.2.1/../../../arm-none-eabi/lib/thumb/v6-m/nofp/libg.a(libc_a-__call_atexit.o)
                0x200019d4                __atexit
 .bss._app_driver
                0x200019d8        0x4 CMakeFiles/weather_station.dir/home/gael/git/pico-sdk/lib/tinyusb/src/device/usbd.c.obj
 .bss._cdcd_fifo_cfg
                0x200019dc        0x1 CMakeFiles/weather_station.dir/home/gael/git/pico-sdk/lib/tinyusb/src/class/cdc/cdc_device.c.obj
 *fill*         0x200019dd        0x3 
 .bss._cdcd_itf
                0x200019e0      0x2c8 CMakeFiles/weather_station.dir/home/gael/git/pico-sdk/lib/tinyusb/src/class/cdc/cdc_device.c.obj
 .bss._ctrl_xfer
                0x20001ca8       0x14 CMakeFiles/weather_station.dir/home/gael/git/pico-sdk/lib/tinyusb/src/device/usbd_control.c.obj
 .bss._ubsd_mutexdef
                0x20001cbc        0x8 CMakeFiles/weather_station.dir/home/gael/git/pico-sdk/lib/tinyusb/src/device/usbd.c.obj
 .bss._usbd_ctrl_buf
                0x20001cc4       0x40 CMakeFiles/weather_station.dir/home/gael/git/pico-sdk/lib/tinyusb/src/device/usbd_control.c.obj
 .bss._usbd_dev
                0x20001d04       0x54 CMakeFiles/weather_station.dir/home/gael/git/pico-sdk/lib/tinyusb/src/device/usbd.c.obj
 .bss._usbd_mutex
                0x20001d58        0x4 CMakeFiles/weather_station.dir/home/gael/git/pico-sdk/lib/tinyusb/src/device/usbd.c.obj
 .bss._usbd_q   0x20001d5c        0x4 CMakeFiles/weather_station.dir/home/gael/git/pico-sdk/lib/tinyusb/src/device/usbd.c.obj
 .bss._usbd_qdef_buf
                0x20001d60       0xc0 CMakeFiles/weather_station.dir/home/gael/git/pico-sdk/lib/tinyusb/src/device/usbd.c.obj
                0x20001d60                _usbd_qdef_buf
 .bss.boot2_copyout
                0x20001e20      0x100 CMakeFiles/weather_station.dir/home/gael/git/pico-sdk/src/rp2_common/hardware_flash/flash.c.obj
 .bss.callbacks
                0x20001f20        0x8 CMakeFiles/weather_station.dir/home/gael/git/pico-sdk/src/rp2_common/hardware_gpio/gpio.c.obj
 .bss.chars_available_callback
                0x20001f28        0x4 CMakeFiles/weather_station.dir/home/gael/git/pico-sdk/src/rp2_common/pico_stdio_usb/stdio_usb.c.obj
 .bss.chars_available_param
                0x20001f2c        0x4 CMakeFiles/weather_station.dir/home/gael/git/pico-sdk/src/rp2_common/pico_stdio_usb/stdio_usb.c.obj
 .bss.claimed   0x20001f30        0x4 CMakeFiles/weather_station.dir/home/gael/git/pico-sdk/src/rp2_common/hardware_sync/sync.c.obj
 .bss.claimed   0x20001f34        0x1 CMakeFiles/weather_station.dir/home/gael/git/pico-sdk/src/rp2_common/hardware_timer/timer.c.obj
 *fill*         0x20001f35        0x3 
 .bss.configured_freq
                0x20001f38       0x28 CMakeFiles/weather_station.dir/home/gael/git/pico-sdk/src/rp2_common/hardware_clocks/clocks.c.obj
 .bss.desc_str.0
                0x20001f60       0x28 CMakeFiles/weather_station.dir/home/gael/git/pico-sdk/src/rp2_common/pico_stdio_usb/stdio_usb_descriptors.c.obj
 .bss.drawing_grid
                0x20001f88       0x34 src/drawing_mode/libdrawing_mode.a(drawing_mode.c.obj)
                0x20001f88                drawing_grid
 .bss.drawing_zone_grid
                0x20001fbc       0x20 src/drawing_mode/libdrawing_mode.a(drawing_mode.c.obj)
                0x20001fbc                drawing_zone_grid
 .bss.drivers   0x20001fdc        0x4 CMakeFiles/weather_station.dir/home/gael/git/pico-sdk/src/rp2_common/pico_stdio/stdio.c.obj
 .bss.e15_last_sof
                0x20001fe0        0x4 CMakeFiles/weather_station.dir/home/gael/git/pico-sdk/lib/tinyusb/src/portable/raspberrypi/rp2040/rp2040_usb.c.obj
                0x20001fe0                e15_last_sof
 .bss.filter    0x20001fe4        0x4 CMakeFiles/weather_station.dir/home/gael/git/pico-sdk/src/rp2_common/pico_stdio/stdio.c.obj
 .bss.hw_endpoints
                0x20001fe8      0x400 CMakeFiles/weather_station.dir/home/gael/git/pico-sdk/lib/tinyusb/src/portable/raspberrypi/rp2040/dcd_rp2040.c.obj
 .bss.lazy_vsnprintf
                0x200023e8        0x4 CMakeFiles/weather_station.dir/home/gael/git/pico-sdk/src/rp2_common/pico_printf/printf.c.obj
 .bss.load_value
                0x200023ec        0x4 CMakeFiles/weather_station.dir/home/gael/git/pico-sdk/src/rp2_common/hardware_watchdog/watchdog.c.obj
 .bss.next_buffer_ptr
                0x200023f0        0x4 CMakeFiles/weather_station.dir/home/gael/git/pico-sdk/lib/tinyusb/src/portable/raspberrypi/rp2040/dcd_rp2040.c.obj
 .bss.one_shot_timer_crit_sec
                0x200023f4        0x8 CMakeFiles/weather_station.dir/home/gael/git/pico-sdk/src/rp2_common/pico_stdio_usb/stdio_usb.c.obj
 .bss.pools     0x200023fc       0x10 CMakeFiles/weather_station.dir/home/gael/git/pico-sdk/src/common/pico_time/time.c.obj
 .bss.raw_irq_mask
                0x2000240c        0x8 CMakeFiles/weather_station.dir/home/gael/git/pico-sdk/src/rp2_common/hardware_gpio/gpio.c.obj
 .bss.retrieved_id
                0x20002414        0x8 CMakeFiles/weather_station.dir/home/gael/git/pico-sdk/src/rp2_common/pico_unique_id/unique_id.c.obj
 .bss.sf_clz_func