Archive member included to satisfy reference by file (symbol)

src/station/libstation.a(station.c.obj)
                              CMakeFiles/weather_station.dir/src/main.c.obj (station_init)
src/lcd/liblcd.a(lcd.c.obj)   src/station/libstation.a(station.c.obj) (lcd_backlight_off)
src/font/libfont.a(font.c.obj)
                              src/station/libstation.a(station.c.obj) (BigFont)
src/touchscreen/libtouchscreen.a(touchscreen.c.obj)
                              CMakeFiles/weather_station.dir/src/main.c.obj (touchscreen_init)
src/bme280/libbme280.a(bme280.c.obj)
                              src/station/libstation.a(station.c.obj) (BME280_config)
src/veml7700/libveml7700.a(veml7700.c.obj)
                              src/station/libstation.a(station.c.obj) (VEML7700_config)
src/RN4870/libRN4870.a(RN4870.c.obj)
                              CMakeFiles/weather_station.dir/src/main.c.obj (RN4870_init)
src/util/libutil.a(util.c.obj)
                              src/RN4870/libRN4870.a(RN4870.c.obj) (gpio_initialize_out)
src/led_rgb/libled_rgb.a(led_rgb.c.obj)
                              CMakeFiles/weather_station.dir/src/main.c.obj (led_rgb_init)
/usr/lib/gcc/arm-none-eabi/10.3.1/thumb/v6-m/nofp/libgcc.a(_dvmd_tls.o)
                              CMakeFiles/weather_station.dir/home/gael/hepia/CSH/pico_sdk/pico-sdk/src/rp2_common/pico_divider/divider.S.obj (__aeabi_idiv0)
/usr/lib/gcc/arm-none-eabi/10.3.1/../../../arm-none-eabi/lib/thumb/v6-m/nofp/libc.a(lib_a-atexit.o)
                              /usr/lib/gcc/arm-none-eabi/10.3.1/../../../arm-none-eabi/lib/thumb/v6-m/nofp/crt0.o (atexit)
/usr/lib/gcc/arm-none-eabi/10.3.1/../../../arm-none-eabi/lib/thumb/v6-m/nofp/libc.a(lib_a-calloc.o)
                              CMakeFiles/weather_station.dir/home/gael/hepia/CSH/pico_sdk/pico-sdk/src/rp2_common/pico_malloc/pico_malloc.c.obj (calloc)
/usr/lib/gcc/arm-none-eabi/10.3.1/../../../arm-none-eabi/lib/thumb/v6-m/nofp/libc.a(lib_a-callocr.o)
                              /usr/lib/gcc/arm-none-eabi/10.3.1/../../../arm-none-eabi/lib/thumb/v6-m/nofp/libc.a(lib_a-calloc.o) (_calloc_r)
/usr/lib/gcc/arm-none-eabi/10.3.1/../../../arm-none-eabi/lib/thumb/v6-m/nofp/libc.a(lib_a-fini.o)
                              /usr/lib/gcc/arm-none-eabi/10.3.1/../../../arm-none-eabi/lib/thumb/v6-m/nofp/crt0.o (__libc_fini_array)
/usr/lib/gcc/arm-none-eabi/10.3.1/../../../arm-none-eabi/lib/thumb/v6-m/nofp/libc.a(lib_a-impure.o)
                              /usr/lib/gcc/arm-none-eabi/10.3.1/../../../arm-none-eabi/lib/thumb/v6-m/nofp/libc.a(lib_a-calloc.o) (_impure_ptr)
/usr/lib/gcc/arm-none-eabi/10.3.1/../../../arm-none-eabi/lib/thumb/v6-m/nofp/libc.a(lib_a-init.o)
                              /usr/lib/gcc/arm-none-eabi/10.3.1/../../../arm-none-eabi/lib/thumb/v6-m/nofp/crt0.o (__libc_init_array)
/usr/lib/gcc/arm-none-eabi/10.3.1/../../../arm-none-eabi/lib/thumb/v6-m/nofp/libc.a(lib_a-malloc.o)
                              CMakeFiles/weather_station.dir/home/gael/hepia/CSH/pico_sdk/pico-sdk/src/rp2_common/pico_malloc/pico_malloc.c.obj (malloc)
/usr/lib/gcc/arm-none-eabi/10.3.1/../../../arm-none-eabi/lib/thumb/v6-m/nofp/libc.a(lib_a-mallocr.o)
                              /usr/lib/gcc/arm-none-eabi/10.3.1/../../../arm-none-eabi/lib/thumb/v6-m/nofp/libc.a(lib_a-callocr.o) (_malloc_r)
/usr/lib/gcc/arm-none-eabi/10.3.1/../../../arm-none-eabi/lib/thumb/v6-m/nofp/libc.a(lib_a-mlock.o)
                              /usr/lib/gcc/arm-none-eabi/10.3.1/../../../arm-none-eabi/lib/thumb/v6-m/nofp/libc.a(lib_a-mallocr.o) (__malloc_lock)
/usr/lib/gcc/arm-none-eabi/10.3.1/../../../arm-none-eabi/lib/thumb/v6-m/nofp/libc.a(lib_a-realloc.o)
                              CMakeFiles/weather_station.dir/home/gael/hepia/CSH/pico_sdk/pico-sdk/src/rp2_common/pico_malloc/pico_malloc.c.obj (realloc)
/usr/lib/gcc/arm-none-eabi/10.3.1/../../../arm-none-eabi/lib/thumb/v6-m/nofp/libc.a(lib_a-reallocr.o)
                              /usr/lib/gcc/arm-none-eabi/10.3.1/../../../arm-none-eabi/lib/thumb/v6-m/nofp/libc.a(lib_a-realloc.o) (_realloc_r)
/usr/lib/gcc/arm-none-eabi/10.3.1/../../../arm-none-eabi/lib/thumb/v6-m/nofp/libc.a(lib_a-sbrkr.o)
                              /usr/lib/gcc/arm-none-eabi/10.3.1/../../../arm-none-eabi/lib/thumb/v6-m/nofp/libc.a(lib_a-mallocr.o) (_sbrk_r)
/usr/lib/gcc/arm-none-eabi/10.3.1/../../../arm-none-eabi/lib/thumb/v6-m/nofp/libc.a(lib_a-strlen-stub.o)
                              CMakeFiles/weather_station.dir/home/gael/hepia/CSH/pico_sdk/pico-sdk/src/rp2_common/pico_stdio/stdio.c.obj (strlen)
/usr/lib/gcc/arm-none-eabi/10.3.1/../../../arm-none-eabi/lib/thumb/v6-m/nofp/libc.a(lib_a-__atexit.o)
                              /usr/lib/gcc/arm-none-eabi/10.3.1/../../../arm-none-eabi/lib/thumb/v6-m/nofp/libc.a(lib_a-atexit.o) (__register_exitproc)
/usr/lib/gcc/arm-none-eabi/10.3.1/../../../arm-none-eabi/lib/thumb/v6-m/nofp/libc.a(lib_a-freer.o)
[...]
Memory Configuration

Name             Origin             Length             Attributes
FLASH            0x0000000010000000 0x0000000000200000 xr
RAM              0x0000000020000000 0x0000000000040000 xrw
SCRATCH_X        0x0000000020040000 0x0000000000001000 xrw
SCRATCH_Y        0x0000000020041000 0x0000000000001000 xrw
*default*        0x0000000000000000 0xffffffffffffffff

Linker script and memory map

LOAD /usr/lib/gcc/arm-none-eabi/10.3.1/thumb/v6-m/nofp/crti.o
LOAD /usr/lib/gcc/arm-none-eabi/10.3.1/thumb/v6-m/nofp/crtbegin.o
LOAD /usr/lib/gcc/arm-none-eabi/10.3.1/../../../arm-none-eabi/lib/thumb/v6-m/nofp/crt0.o

.flash_begin    0x0000000010000000        0x0
                0x0000000010000000                __flash_binary_start = .

.boot2          0x0000000010000000      0x100
                0x0000000010000000                __boot2_start__ = .
 *(.boot2)
 .boot2         0x0000000010000000      0x100 /tmp/ccqN8VLk.o
                0x0000000010000100                __boot2_end__ = .
                0x0000000000000001                ASSERT (((__boot2_end__ - __boot2_start__) == 0x100), ERROR: Pico second stage bootloader must be 256 bytes in size)

.text           0x0000000010000100     0x8990
                0x0000000010000100                __logical_binary_start = .
 *(.vectors)
 .vectors       0x0000000010000100       0xd4 CMakeFiles/weather_station.dir/home/gael/hepia/CSH/pico_sdk/pico-sdk/src/rp2_common/pico_standard_link/crt0.S.obj
                0x0000000010000100                __vectors
                0x0000000010000100                __VECTOR_TABLE
                0x00000000100001c0                isr_invalid
                0x00000000100001c0                __default_isrs_start
                0x00000000100001c2                isr_nmi
                0x00000000100001c4                isr_hardfault
                0x00000000100001c6                isr_svcall
                0x00000000100001c8                isr_pendsv
                0x00000000100001ca                isr_systick
                0x00000000100001cc                isr_irq30
                0x00000000100001cc                __unhandled_user_irq
                0x00000000100001cc                isr_irq13
                0x00000000100001cc                isr_irq27
                0x00000000100001cc                isr_irq31
                0x00000000100001cc                isr_irq5
                0x00000000100001cc                isr_irq11
                0x00000000100001cc                isr_irq23
                0x00000000100001cc                isr_irq18
                0x00000000100001cc                isr_irq28
                0x00000000100001cc                isr_irq19
                0x00000000100001cc                isr_irq0
                0x00000000100001cc                isr_irq6
                0x00000000100001cc                isr_irq22
                0x00000000100001cc                isr_irq17
                0x00000000100001cc                isr_irq14
                0x00000000100001cc                isr_irq2
                0x00000000100001cc                isr_irq10
                0x00000000100001cc                isr_irq8
                0x00000000100001cc                isr_irq24
                0x00000000100001cc                isr_irq1
                0x00000000100001cc                isr_irq7
                0x00000000100001cc                isr_irq21
                0x00000000100001cc                isr_irq20
                0x00000000100001cc                isr_irq15
                0x00000000100001cc                isr_irq25
                0x00000000100001cc                isr_irq4
                0x00000000100001cc                isr_irq16
                0x00000000100001cc                isr_irq29
                0x00000000100001cc                isr_irq26
                0x00000000100001cc                __default_isrs_end
                0x00000000100001cc                isr_irq3
                0x00000000100001cc                isr_irq12
                0x00000000100001cc                isr_irq9
                0x00000000100001d2                unhandled_user_irq_num_in_r0
 *(.binary_info_header)
 .binary_info_header
                0x00000000100001d4       0x14 CMakeFiles/weather_station.dir/home/gael/hepia/CSH/pico_sdk/pico-sdk/src/rp2_common/pico_standard_link/crt0.S.obj
                0x00000000100001e8                __binary_info_header_end = .
 *(.reset)
 .reset         0x00000000100001e8       0xa0 CMakeFiles/weather_station.dir/home/gael/hepia/CSH/pico_sdk/pico-sdk/src/rp2_common/pico_standard_link/crt0.S.obj
                0x00000000100001e8                _entry_point
 .reset         0x0000000010000288       0x30 CMakeFiles/weather_station.dir/home/gael/hepia/CSH/pico_sdk/pico-sdk/src/rp2_common/pico_standard_link/binary_info.c.obj
 *(.init)
 .init          0x00000000100002b8        0x4 /usr/lib/gcc/arm-none-eabi/10.3.1/thumb/v6-m/nofp/crti.o
                0x00000000100002b8                _init
 *(EXCLUDE_FILE(*libm.a: *libc.a:*lib_a-mem*.o *libgcc.a:) .text*)
 .text          0x00000000100002bc       0x98 /usr/lib/gcc/arm-none-eabi/10.3.1/thumb/v6-m/nofp/crtbegin.o
 .text.blink_led
                0x0000000010000354       0x28 CMakeFiles/weather_station.dir/src/main.c.obj
                0x0000000010000354                blink_led
 .text.startup.main
                0x000000001000037c       0x14 CMakeFiles/weather_station.dir/src/main.c.obj
                0x000000001000037c                main
 .text.hardware_alarm_irq_handler
                0x0000000010000390       0xbc CMakeFiles/weather_station.dir/home/gael/hepia/CSH/pico_sdk/pico-sdk/src/rp2_common/hardware_timer/timer.c.obj
 .text.hardware_alarm_claim
                0x000000001000044c       0x18 CMakeFiles/weather_station.dir/home/gael/hepia/CSH/pico_sdk/pico-sdk/src/rp2_common/hardware_timer/timer.c.obj
                0x000000001000044c                hardware_alarm_claim
 .text.time_us_64
                0x0000000010000464       0x14 CMakeFiles/weather_station.dir/home/gael/hepia/CSH/pico_sdk/pico-sdk/src/rp2_common/hardware_timer/timer.c.obj
                0x0000000010000464                time_us_64
 .text.busy_wait_until
                0x0000000010000478       0x20 CMakeFiles/weather_station.dir/home/gael/hepia/CSH/pico_sdk/pico-sdk/src/rp2_common/hardware_timer/timer.c.obj
                0x0000000010000478                busy_wait_until
 .text.hardware_alarm_set_callback
                0x0000000010000498       0x8c CMakeFiles/weather_station.dir/home/gael/hepia/CSH/pico_sdk/pico-sdk/src/rp2_common/hardware_timer/timer.c.obj
                0x0000000010000498                hardware_alarm_set_callback
 .text.hardware_alarm_set_target
                0x0000000010000524       0xe0 CMakeFiles/weather_station.dir/home/gael/hepia/CSH/pico_sdk/pico-sdk/src/rp2_common/hardware_timer/timer.c.obj
                0x0000000010000524                hardware_alarm_set_target
 .text.hardware_alarm_cancel
                0x0000000010000604       0x3c CMakeFiles/weather_station.dir/home/gael/hepia/CSH/pico_sdk/pico-sdk/src/rp2_common/hardware_timer/timer.c.obj
                0x0000000010000604                hardware_alarm_cancel
 .text.running_on_fpga
                0x0000000010000640       0x10 CMakeFiles/weather_station.dir/home/gael/hepia/CSH/pico_sdk/pico-sdk/src/rp2_common/pico_platform/platform.c.obj
                0x0000000010000640                running_on_fpga
 .text.hw_claim_or_assert
                0x0000000010000650       0x44 CMakeFiles/weather_station.dir/home/gael/hepia/CSH/pico_sdk/pico-sdk/src/rp2_common/hardware_claim/claim.c.obj
                0x0000000010000650                hw_claim_or_assert
 .text.hw_claim_unused_from_range
                0x0000000010000694       0x9c CMakeFiles/weather_station.dir/home/gael/hepia/CSH/pico_sdk/pico-sdk/src/rp2_common/hardware_claim/claim.c.obj
                0x0000000010000694                hw_claim_unused_from_range
 .text.spin_locks_reset
                0x0000000010000730       0x1c CMakeFiles/weather_station.dir/home/gael/hepia/CSH/pico_sdk/pico-sdk/src/rp2_common/hardware_sync/sync.c.obj
                0x0000000010000730                spin_locks_reset
 .text.next_striped_spin_lock_num
                0x000000001000074c       0x18 CMakeFiles/weather_station.dir/home/gael/hepia/CSH/pico_sdk/pico-sdk/src/rp2_common/hardware_sync/sync.c.obj
                0x000000001000074c                next_striped_spin_lock_num
 .text.spin_lock_claim_unused
                0x0000000010000764       0x20 CMakeFiles/weather_station.dir/home/gael/hepia/CSH/pico_sdk/pico-sdk/src/rp2_common/hardware_sync/sync.c.obj
                0x0000000010000764                spin_lock_claim_unused
 .text.irq_set_enabled
                0x0000000010000784       0x24 CMakeFiles/weather_station.dir/home/gael/hepia/CSH/pico_sdk/pico-sdk/src/rp2_common/hardware_irq/irq.c.obj
                0x0000000010000784                irq_set_enabled
 .text.irq_set_pending
                0x00000000100007a8       0x10 CMakeFiles/weather_station.dir/home/gael/hepia/CSH/pico_sdk/pico-sdk/src/rp2_common/hardware_irq/irq.c.obj
                0x00000000100007a8                irq_set_pending
 .text.irq_has_shared_handler
                0x00000000100007b8       0x2c CMakeFiles/weather_station.dir/home/gael/hepia/CSH/pico_sdk/pico-sdk/src/rp2_common/hardware_irq/irq.c.obj
                0x00000000100007b8                irq_has_shared_handler
 .text.irq_get_vtable_handler
                0x00000000100007e4       0x10 CMakeFiles/weather_station.dir/home/gael/hepia/CSH/pico_sdk/pico-sdk/src/rp2_common/hardware_irq/irq.c.obj
                0x00000000100007e4                irq_get_vtable_handler
 .text.irq_set_exclusive_handler
                0x00000000100007f4       0x54 CMakeFiles/weather_station.dir/home/gael/hepia/CSH/pico_sdk/pico-sdk/src/rp2_common/hardware_irq/irq.c.obj
                0x00000000100007f4                irq_set_exclusive_handler
 .text.irq_add_shared_handler
                0x0000000010000848      0x1e8 CMakeFiles/weather_station.dir/home/gael/hepia/CSH/pico_sdk/pico-sdk/src/rp2_common/hardware_irq/irq.c.obj
                0x0000000010000848                irq_add_shared_handler
 .text.irq_remove_handler
                0x0000000010000a30      0x1b0 CMakeFiles/weather_station.dir/home/gael/hepia/CSH/pico_sdk/pico-sdk/src/rp2_common/hardware_irq/irq.c.obj
                0x0000000010000a30                irq_remove_handler
 .text.irq_add_tail_to_free_list
                0x0000000010000be0       0xb4 CMakeFiles/weather_station.dir/home/gael/hepia/CSH/pico_sdk/pico-sdk/src/rp2_common/hardware_irq/irq.c.obj
                0x0000000010000be0                irq_add_tail_to_free_list
 .text.irq_init_priorities
                0x0000000010000c94       0x24 CMakeFiles/weather_station.dir/home/gael/hepia/CSH/pico_sdk/pico-sdk/src/rp2_common/hardware_irq/irq.c.obj
                0x0000000010000c94                irq_init_priorities
 .text.user_irq_claim_unused
                0x0000000010000cb8       0x28 CMakeFiles/weather_station.dir/home/gael/hepia/CSH/pico_sdk/pico-sdk/src/rp2_common/hardware_irq/irq.c.obj
                0x0000000010000cb8                user_irq_claim_unused
 .text.lock_init
                0x0000000010000ce0       0x10 CMakeFiles/weather_station.dir/home/gael/hepia/CSH/pico_sdk/pico-sdk/src/common/pico_sync/lock_core.c.obj
                0x0000000010000ce0                lock_init
 .text.mutex_init
                0x0000000010000cf0       0x1c CMakeFiles/weather_station.dir/home/gael/hepia/CSH/pico_sdk/pico-sdk/src/common/pico_sync/mutex.c.obj
                0x0000000010000cf0                mutex_init
 .text.recursive_mutex_init
                0x0000000010000d0c       0x1c CMakeFiles/weather_station.dir/home/gael/hepia/CSH/pico_sdk/pico-sdk/src/common/pico_sync/mutex.c.obj
                0x0000000010000d0c                recursive_mutex_init
 .text.critical_section_init
                0x0000000010000d28       0x20 CMakeFiles/weather_station.dir/home/gael/hepia/CSH/pico_sdk/pico-sdk/src/common/pico_sync/critical_section.c.obj
                0x0000000010000d28                critical_section_init
 .text.critical_section_init_with_lock_num
                0x0000000010000d48       0x14 CMakeFiles/weather_station.dir/home/gael/hepia/CSH/pico_sdk/pico-sdk/src/common/pico_sync/critical_section.c.obj
                0x0000000010000d48                critical_section_init_with_lock_num
 .text.timer_pool_entry_comparator
                0x0000000010000d5c       0x34 CMakeFiles/weather_station.dir/home/gael/hepia/CSH/pico_sdk/pico-sdk/src/common/pico_time/time.c.obj
                0x0000000010000d5c                timer_pool_entry_comparator
 .text.sleep_until_callback
                0x0000000010000d90       0x30 CMakeFiles/weather_station.dir/home/gael/hepia/CSH/pico_sdk/pico-sdk/src/common/pico_time/time.c.obj
 .text.add_alarm_under_lock.isra.0
                0x0000000010000dc0      0x100 CMakeFiles/weather_station.dir/home/gael/hepia/CSH/pico_sdk/pico-sdk/src/common/pico_time/time.c.obj
 .text.alarm_pool_alarm_callback
                0x0000000010000ec0      0x1b8 CMakeFiles/weather_station.dir/home/gael/hepia/CSH/pico_sdk/pico-sdk/src/common/pico_time/time.c.obj
 .text.alarm_pool_init_default
                0x0000000010001078       0x6c CMakeFiles/weather_station.dir/home/gael/hepia/CSH/pico_sdk/pico-sdk/src/common/pico_time/time.c.obj
                0x0000000010001078                alarm_pool_init_default
 .text.alarm_pool_get_default
                0x00000000100010e4        0x8 CMakeFiles/weather_station.dir/home/gael/hepia/CSH/pico_sdk/pico-sdk/src/common/pico_time/time.c.obj
                0x00000000100010e4                alarm_pool_get_default
 .text.alarm_pool_add_alarm_at
                0x00000000100010ec      0x17c CMakeFiles/weather_station.dir/home/gael/hepia/CSH/pico_sdk/pico-sdk/src/common/pico_time/time.c.obj
                0x00000000100010ec                alarm_pool_add_alarm_at
 .text.alarm_pool_cancel_alarm
                0x0000000010001268       0x74 CMakeFiles/weather_station.dir/home/gael/hepia/CSH/pico_sdk/pico-sdk/src/common/pico_time/time.c.obj
                0x0000000010001268                alarm_pool_cancel_alarm
 .text.alarm_pool_core_num
                0x00000000100012dc        0x4 CMakeFiles/weather_station.dir/home/gael/hepia/CSH/pico_sdk/pico-sdk/src/common/pico_time/time.c.obj
                0x00000000100012dc                alarm_pool_core_num
 .text.sleep_until
                0x00000000100012e0       0xc4 CMakeFiles/weather_station.dir/home/gael/hepia/CSH/pico_sdk/pico-sdk/src/common/pico_time/time.c.obj
                0x00000000100012e0                sleep_until
 .text.sleep_ms
                0x00000000100013a4       0x34 CMakeFiles/weather_station.dir/home/gael/hepia/CSH/pico_sdk/pico-sdk/src/common/pico_time/time.c.obj
                0x00000000100013a4                sleep_ms
 .text.best_effort_wfe_or_timeout
                0x00000000100013d8       0x78 CMakeFiles/weather_station.dir/home/gael/hepia/CSH/pico_sdk/pico-sdk/src/common/pico_time/time.c.obj
                0x00000000100013d8                best_effort_wfe_or_timeout
 .text.ph_merge_nodes
                0x0000000010001450       0x68 CMakeFiles/weather_station.dir/home/gael/hepia/CSH/pico_sdk/pico-sdk/src/common/pico_util/pheap.c.obj
 .text.ph_post_alloc_init
                0x00000000100014b8       0x3c CMakeFiles/weather_station.dir/home/gael/hepia/CSH/pico_sdk/pico-sdk/src/common/pico_util/pheap.c.obj
                0x00000000100014b8                ph_post_alloc_init
 .text.ph_merge_two_pass
                0x00000000100014f4       0x90 CMakeFiles/weather_station.dir/home/gael/hepia/CSH/pico_sdk/pico-sdk/src/common/pico_util/pheap.c.obj
                0x00000000100014f4                ph_merge_two_pass
 .text.ph_remove_any_head
                0x0000000010001584      0x100 CMakeFiles/weather_station.dir/home/gael/hepia/CSH/pico_sdk/pico-sdk/src/common/pico_util/pheap.c.obj
 .text.ph_remove_head
                0x0000000010001684      0x104 CMakeFiles/weather_station.dir/home/gael/hepia/CSH/pico_sdk/pico-sdk/src/common/pico_util/pheap.c.obj
                0x0000000010001684                ph_remove_head
 .text.ph_remove_and_free_node
                0x0000000010001788       0x7c CMakeFiles/weather_station.dir/home/gael/hepia/CSH/pico_sdk/pico-sdk/src/common/pico_util/pheap.c.obj
                0x0000000010001788                ph_remove_and_free_node
 .text.gpio_default_irq_handler
                0x0000000010001804      0x248 CMakeFiles/weather_station.dir/home/gael/hepia/CSH/pico_sdk/pico-sdk/src/rp2_common/hardware_gpio/gpio.c.obj
 .text.gpio_set_function
                0x0000000010001a4c       0x30 CMakeFiles/weather_station.dir/home/gael/hepia/CSH/pico_sdk/pico-sdk/src/rp2_common/hardware_gpio/gpio.c.obj
                0x0000000010001a4c                gpio_set_function
 .text.gpio_set_irq_enabled_with_callback
                0x0000000010001a7c       0xb0 CMakeFiles/weather_station.dir/home/gael/hepia/CSH/pico_sdk/pico-sdk/src/rp2_common/hardware_gpio/gpio.c.obj
                0x0000000010001a7c                gpio_set_irq_enabled_with_callback
 .text.gpio_init
                0x0000000010001b2c       0x3c CMakeFiles/weather_station.dir/home/gael/hepia/CSH/pico_sdk/pico-sdk/src/rp2_common/hardware_gpio/gpio.c.obj
                0x0000000010001b2c                gpio_init
 .text.uart_init
                0x0000000010001b68       0xe0 CMakeFiles/weather_station.dir/home/gael/hepia/CSH/pico_sdk/pico-sdk/src/rp2_common/hardware_uart/uart.c.obj
                0x0000000010001b68                uart_init
 .text.clocks_init
                0x0000000010001c48      0x2bc CMakeFiles/weather_station.dir/home/gael/hepia/CSH/pico_sdk/pico-sdk/src/rp2_common/hardware_clocks/clocks.c.obj
                0x0000000010001c48                clocks_init
 .text.clock_get_hz
                0x0000000010001f04        0xc CMakeFiles/weather_station.dir/home/gael/hepia/CSH/pico_sdk/pico-sdk/src/rp2_common/hardware_clocks/clocks.c.obj
                0x0000000010001f04                clock_get_hz
 .text.pll_init
                0x0000000010001f10       0xb0 CMakeFiles/weather_station.dir/home/gael/hepia/CSH/pico_sdk/pico-sdk/src/rp2_common/hardware_pll/pll.c.obj
                0x0000000010001f10                pll_init
 .text.watchdog_start_tick
                0x0000000010001fc0       0x10 CMakeFiles/weather_station.dir/home/gael/hepia/CSH/pico_sdk/pico-sdk/src/rp2_common/hardware_watchdog/watchdog.c.obj
                0x0000000010001fc0                watchdog_start_tick
 .text.watchdog_reboot
                0x0000000010001fd0       0x98 CMakeFiles/weather_station.dir/home/gael/hepia/CSH/pico_sdk/pico-sdk/src/rp2_common/hardware_watchdog/watchdog.c.obj
                0x0000000010001fd0                watchdog_reboot
 .text.xosc_init
                0x0000000010002068       0x28 CMakeFiles/weather_station.dir/home/gael/hepia/CSH/pico_sdk/pico-sdk/src/rp2_common/hardware_xosc/xosc.c.obj
                0x0000000010002068                xosc_init
 .text.runtime_init
                0x0000000010002090       0xf0 CMakeFiles/weather_station.dir/home/gael/hepia/CSH/pico_sdk/pico-sdk/src/rp2_common/pico_runtime/runtime.c.obj
                0x0000000010002090                runtime_init
 .text._exit    0x0000000010002180        0x4 CMakeFiles/weather_station.dir/home/gael/hepia/CSH/pico_sdk/pico-sdk/src/rp2_common/pico_runtime/runtime.c.obj
                0x0000000010002180                _exit
 .text.exit     0x0000000010002184        0x8 CMakeFiles/weather_station.dir/home/gael/hepia/CSH/pico_sdk/pico-sdk/src/rp2_common/pico_runtime/runtime.c.obj
                0x0000000010002184                exit
 .text.panic    0x000000001000218c       0x30 CMakeFiles/weather_station.dir/home/gael/hepia/CSH/pico_sdk/pico-sdk/src/rp2_common/pico_runtime/runtime.c.obj
                0x000000001000218c                panic
 .text.hard_assertion_failure
                0x00000000100021bc        0xc CMakeFiles/weather_station.dir/home/gael/hepia/CSH/pico_sdk/pico-sdk/src/rp2_common/pico_runtime/runtime.c.obj
                0x00000000100021bc                hard_assertion_failure
 .text._out_buffer
                0x00000000100021c8        0x8 CMakeFiles/weather_station.dir/home/gael/hepia/CSH/pico_sdk/pico-sdk/src/rp2_common/pico_printf/printf.c.obj
 .text._out_null
                0x00000000100021d0        0x4 CMakeFiles/weather_station.dir/home/gael/hepia/CSH/pico_sdk/pico-sdk/src/rp2_common/pico_printf/printf.c.obj
 .text._out_rev
                0x00000000100021d4       0x9c CMakeFiles/weather_station.dir/home/gael/hepia/CSH/pico_sdk/pico-sdk/src/rp2_common/pico_printf/printf.c.obj
 .text._ntoa_format
                0x0000000010002270      0x1cc CMakeFiles/weather_station.dir/home/gael/hepia/CSH/pico_sdk/pico-sdk/src/rp2_common/pico_printf/printf.c.obj
 .text._out_char
                0x000000001000243c       0x10 CMakeFiles/weather_station.dir/home/gael/hepia/CSH/pico_sdk/pico-sdk/src/rp2_common/pico_printf/printf.c.obj
 .text._out_fct
                0x000000001000244c       0x10 CMakeFiles/weather_station.dir/home/gael/hepia/CSH/pico_sdk/pico-sdk/src/rp2_common/pico_printf/printf.c.obj
 .text._etoa    0x000000001000245c      0x44c CMakeFiles/weather_station.dir/home/gael/hepia/CSH/pico_sdk/pico-sdk/src/rp2_common/pico_printf/printf.c.obj
 .text._ftoa    0x00000000100028a8      0x398 CMakeFiles/weather_station.dir/home/gael/hepia/CSH/pico_sdk/pico-sdk/src/rp2_common/pico_printf/printf.c.obj
 .text._vsnprintf
                0x0000000010002c40      0xb04 CMakeFiles/weather_station.dir/home/gael/hepia/CSH/pico_sdk/pico-sdk/src/rp2_common/pico_printf/printf.c.obj
 .text.__wrap_sprintf
                0x0000000010003744       0x28 CMakeFiles/weather_station.dir/home/gael/hepia/CSH/pico_sdk/pico-sdk/src/rp2_common/pico_printf/printf.c.obj
                0x0000000010003744                __wrap_sprintf
 .text.vfctprintf
                0x000000001000376c       0x20 CMakeFiles/weather_station.dir/home/gael/hepia/CSH/pico_sdk/pico-sdk/src/rp2_common/pico_printf/printf.c.obj
                0x000000001000376c                vfctprintf
 .text.weak_raw_vprintf
                0x000000001000378c       0x30 CMakeFiles/weather_station.dir/home/gael/hepia/CSH/pico_sdk/pico-sdk/src/rp2_common/pico_printf/printf.c.obj
                0x000000001000378c                weak_raw_vprintf
 .text          0x00000000100037bc       0x10 CMakeFiles/weather_station.dir/home/gael/hepia/CSH/pico_sdk/pico-sdk/src/rp2_common/pico_bit_ops/bit_ops_aeabi.S.obj
 .text.rom_func_lookup
                0x00000000100037cc       0x10 CMakeFiles/weather_station.dir/home/gael/hepia/CSH/pico_sdk/pico-sdk/src/rp2_common/pico_bootrom/bootrom.c.obj
                0x00000000100037cc                rom_func_lookup
 .text.rom_data_lookup
                0x00000000100037dc       0x10 CMakeFiles/weather_station.dir/home/gael/hepia/CSH/pico_sdk/pico-sdk/src/rp2_common/pico_bootrom/bootrom.c.obj
                0x00000000100037dc                rom_data_lookup
 .text.rom_funcs_lookup
                0x00000000100037ec       0x44 CMakeFiles/weather_station.dir/home/gael/hepia/CSH/pico_sdk/pico-sdk/src/rp2_common/pico_bootrom/bootrom.c.obj
                0x00000000100037ec                rom_funcs_lookup
 .text.__wrap___aeabi_idiv
                0x0000000010003830       0x50 CMakeFiles/weather_station.dir/home/gael/hepia/CSH/pico_sdk/pico-sdk/src/rp2_common/pico_divider/divider.S.obj
                0x0000000010003830                __wrap___aeabi_idivmod
                0x0000000010003830                divmod_s32s32
                0x0000000010003830                div_s32s32
                0x0000000010003830                __wrap___aeabi_idiv
                0x0000000010003838                divmod_s32s32_unsafe
                0x0000000010003864                divmod_s32s32_savestate
 .text.__wrap___aeabi_uidiv
                0x0000000010003880       0x4c CMakeFiles/weather_station.dir/home/gael/hepia/CSH/pico_sdk/pico-sdk/src/rp2_common/pico_divider/divider.S.obj
                0x0000000010003880                __wrap___aeabi_uidiv
                0x0000000010003880                __wrap___aeabi_uidivmod
                0x0000000010003880                div_u32u32
                0x0000000010003880                divmod_u32u32
                0x0000000010003888                divmod_u32u32_unsafe
                0x00000000100038b0                divmod_u32u32_savestate
 .text.__wrap___aeabi_ldiv
                0x00000000100038cc      0x424 CMakeFiles/weather_station.dir/home/gael/hepia/CSH/pico_sdk/pico-sdk/src/rp2_common/pico_divider/divider.S.obj
                0x00000000100038cc                div_s64s64
                0x00000000100038cc                divmod_s64s64
                0x00000000100038cc                __wrap___aeabi_ldivmod
                0x00000000100038fc                div_u64u64
                0x00000000100038fc                divmod_u64u64
                0x00000000100038fc                __wrap___aeabi_uldivmod
                0x000000001000390c                divmod_u64u64_savestate
                0x000000001000392c                divmod_s64s64_unsafe
                0x00000000100039b4                divmod_u64u64_unsafe
 .text.__wrap___aeabi_darithmetic
                0x0000000010003cf0       0x80 CMakeFiles/weather_station.dir/home/gael/hepia/CSH/pico_sdk/pico-sdk/src/rp2_common/pico_double/double_aeabi.S.obj
                0x0000000010003cf0                __wrap___aeabi_drsub
                0x0000000010003cf6                __wrap___aeabi_dsub
                0x0000000010003d08                __wrap___aeabi_dadd
                0x0000000010003d1a                __wrap___aeabi_ddiv
                0x0000000010003d56                __wrap___aeabi_dmul
 .text.__wrap___aeabi_cdcmple
                0x0000000010003d70       0x6c CMakeFiles/weather_station.dir/home/gael/hepia/CSH/pico_sdk/pico-sdk/src/rp2_common/pico_double/double_aeabi.S.obj
                0x0000000010003d70                __wrap___aeabi_cdrcmple
                0x0000000010003d80                __wrap___aeabi_cdcmple
                0x0000000010003d80                __wrap___aeabi_cdcmpeq
 .text.__wrap___aeabi_dcmpeq
                0x0000000010003ddc       0x10 CMakeFiles/weather_station.dir/home/gael/hepia/CSH/pico_sdk/pico-sdk/src/rp2_common/pico_double/double_aeabi.S.obj
                0x0000000010003ddc                __wrap___aeabi_dcmpeq
 .text.__wrap___aeabi_dcmplt
                0x0000000010003dec        0xc CMakeFiles/weather_station.dir/home/gael/hepia/CSH/pico_sdk/pico-sdk/src/rp2_common/pico_double/double_aeabi.S.obj
                0x0000000010003dec                __wrap___aeabi_dcmplt
 .text.__wrap___aeabi_dcmple
                0x0000000010003df8       0x10 CMakeFiles/weather_station.dir/home/gael/hepia/CSH/pico_sdk/pico-sdk/src/rp2_common/pico_double/double_aeabi.S.obj
                0x0000000010003df8                __wrap___aeabi_dcmple
 .text.__wrap___aeabi_dcmpge
                0x0000000010003e08       0x10 CMakeFiles/weather_station.dir/home/gael/hepia/CSH/pico_sdk/pico-sdk/src/rp2_common/pico_double/double_aeabi.S.obj
                0x0000000010003e08                __wrap___aeabi_dcmpge
 .text.__wrap___aeabi_dcmpgt
                0x0000000010003e18        0xa CMakeFiles/weather_station.dir/home/gael/hepia/CSH/pico_sdk/pico-sdk/src/rp2_common/pico_double/double_aeabi.S.obj
                0x0000000010003e18                __wrap___aeabi_dcmpgt
 .text.__wrap___aeabi_dcmpun
                0x0000000010003e22       0x1c CMakeFiles/weather_station.dir/home/gael/hepia/CSH/pico_sdk/pico-sdk/src/rp2_common/pico_double/double_aeabi.S.obj
                0x0000000010003e22                __wrap___aeabi_dcmpun
 *fill*         0x0000000010003e3e        0x2 
 .text.__wrap___aeabi_i2d
                0x0000000010003e40       0x38 CMakeFiles/weather_station.dir/home/gael/hepia/CSH/pico_sdk/pico-sdk/src/rp2_common/pico_double/double_aeabi.S.obj
                0x0000000010003e40                __wrap___aeabi_ui2d
                0x0000000010003e48                __wrap___aeabi_i2d
 .text.__wrap___aeabi_d2iz
                0x0000000010003e78       0x48 CMakeFiles/weather_station.dir/home/gael/hepia/CSH/pico_sdk/pico-sdk/src/rp2_common/pico_double/double_aeabi.S.obj
                0x0000000010003e78                __wrap___aeabi_d2iz
                0x0000000010003e78                double2int_z
 .text.__wrap___aeabi_d2uiz
                0x0000000010003ec0       0x18 CMakeFiles/weather_station.dir/home/gael/hepia/CSH/pico_sdk/pico-sdk/src/rp2_common/pico_double/double_aeabi.S.obj
                0x0000000010003ec0                double2uint
                0x0000000010003ec0                __wrap___aeabi_d2uiz
 .text.__wrap___aeabi_d2f
                0x0000000010003ed8       0x18 CMakeFiles/weather_station.dir/home/gael/hepia/CSH/pico_sdk/pico-sdk/src/rp2_common/pico_double/double_aeabi.S.obj
                0x0000000010003ed8                __wrap___aeabi_d2f
 .text.__aeabi_double_init
                0x0000000010003ef0       0x94 CMakeFiles/weather_station.dir/home/gael/hepia/CSH/pico_sdk/pico-sdk/src/rp2_common/pico_double/double_init_rom.c.obj
                0x0000000010003ef0                __aeabi_double_init
 .text.double_table_shim_on_use_helper
                0x0000000010003f84       0x2c CMakeFiles/weather_station.dir/home/gael/hepia/CSH/pico_sdk/pico-sdk/src/rp2_common/pico_double/double_v1_rom_shim.S.obj
                0x0000000010003f84                double_table_shim_on_use_helper
 .text.__wrap___aeabi_dsub
                0x0000000010003fb0       0x10 CMakeFiles/weather_station.dir/home/gael/hepia/CSH/pico_sdk/pico-sdk/src/rp2_common/pico_double/double_v1_rom_shim.S.obj
                0x0000000010003fb0                drsub_shim
                0x0000000010003fb6                dsub_shim
 .text.dadd_shim
                0x0000000010003fc0      0x15c CMakeFiles/weather_station.dir/home/gael/hepia/CSH/pico_sdk/pico-sdk/src/rp2_common/pico_double/double_v1_rom_shim.S.obj
                0x0000000010003fc0                dadd_shim
 .text.dmul_shim
                0x000000001000411c      0x15c CMakeFiles/weather_station.dir/home/gael/hepia/CSH/pico_sdk/pico-sdk/src/rp2_common/pico_double/double_v1_rom_shim.S.obj
                0x000000001000411c                dmul_shim
 .text.ddiv_shim
                0x0000000010004278      0x1b0 CMakeFiles/weather_station.dir/home/gael/hepia/CSH/pico_sdk/pico-sdk/src/rp2_common/pico_double/double_v1_rom_shim.S.obj
                0x0000000010004278                ddiv_shim
 .text.double2uint_shim
                0x0000000010004428        0xe CMakeFiles/weather_station.dir/home/gael/hepia/CSH/pico_sdk/pico-sdk/src/rp2_common/pico_double/double_v1_rom_shim.S.obj
                0x0000000010004428                double2uint_shim
                0x000000001000442a                double2ufix_shim
 *fill*         0x0000000010004436        0x2 
 .text.double2uint64_shim
                0x0000000010004438       0x70 CMakeFiles/weather_station.dir/home/gael/hepia/CSH/pico_sdk/pico-sdk/src/rp2_common/pico_double/double_v1_rom_shim.S.obj
                0x0000000010004438                double2uint64_shim
                0x000000001000443a                double2ufix64_shim
                0x000000001000445a                d2fix_a
 .text.double2float_shim
                0x00000000100044a8       0x5c CMakeFiles/weather_station.dir/home/gael/hepia/CSH/pico_sdk/pico-sdk/src/rp2_common/pico_double/double_v1_rom_shim.S.obj
                0x00000000100044a8                double2float_shim
 .text.dunpacks
                0x0000000010004504       0x3c CMakeFiles/weather_station.dir/home/gael/hepia/CSH/pico_sdk/pico-sdk/src/rp2_common/pico_double/double_v1_rom_shim.S.obj
                0x0000000010004504                dunpacks
 .text.__aeabi_lmul
                0x0000000010004540       0x32 CMakeFiles/weather_station.dir/home/gael/hepia/CSH/pico_sdk/pico-sdk/src/rp2_common/pico_int64_ops/pico_int64_ops_aeabi.S.obj
                0x0000000010004540                __wrap___aeabi_lmul
 *fill*         0x0000000010004572        0x2 
 .text.__wrap___aeabi_farithmetic
                0x0000000010004574       0x48 CMakeFiles/weather_station.dir/home/gael/hepia/CSH/pico_sdk/pico-sdk/src/rp2_common/pico_float/float_aeabi.S.obj
                0x0000000010004574                __wrap___aeabi_frsub
                0x000000001000457a                __wrap___aeabi_fsub
                0x0000000010004580                __wrap___aeabi_fadd
                0x0000000010004586                __wrap___aeabi_fdiv
                0x00000000100045ae                __wrap___aeabi_fmul
 .text.__wrap___aeabi_f2iz
                0x00000000100045bc       0x4e CMakeFiles/weather_station.dir/home/gael/hepia/CSH/pico_sdk/pico-sdk/src/rp2_common/pico_float/float_aeabi.S.obj
                0x00000000100045bc                __wrap___aeabi_f2iz
                0x00000000100045bc                float2int_z
 *fill*         0x000000001000460a        0x2 
 .text.float2int
                0x000000001000460c       0x14 CMakeFiles/weather_station.dir/home/gael/hepia/CSH/pico_sdk/pico-sdk/src/rp2_common/pico_float/float_aeabi.S.obj
                0x000000001000460c                float2int
 .text.__wrap___aeabi_f2uiz
                0x0000000010004620        0xc CMakeFiles/weather_station.dir/home/gael/hepia/CSH/pico_sdk/pico-sdk/src/rp2_common/pico_float/float_aeabi.S.obj
                0x0000000010004620                __wrap___aeabi_f2uiz
 .text.__wrap___aeabi_f2d
                0x000000001000462c       0x14 CMakeFiles/weather_station.dir/home/gael/hepia/CSH/pico_sdk/pico-sdk/src/rp2_common/pico_float/float_aeabi.S.obj
                0x000000001000462c                __wrap___aeabi_f2d
 .text.__aeabi_float_init
                0x0000000010004640       0x64 CMakeFiles/weather_station.dir/home/gael/hepia/CSH/pico_sdk/pico-sdk/src/rp2_common/pico_float/float_init_rom.c.obj
                0x0000000010004640                __aeabi_float_init
 .text.float_table_shim_on_use_helper
                0x00000000100046a4       0x2c CMakeFiles/weather_station.dir/home/gael/hepia/CSH/pico_sdk/pico-sdk/src/rp2_common/pico_float/float_v1_rom_shim.S.obj
                0x00000000100046a4                float_table_shim_on_use_helper
 .text.float232_shims
                0x00000000100046d0       0x18 CMakeFiles/weather_station.dir/home/gael/hepia/CSH/pico_sdk/pico-sdk/src/rp2_common/pico_float/float_v1_rom_shim.S.obj
                0x00000000100046d0                float2int_shim
                0x00000000100046d2                float2fix_shim
 .text.float2double_shim
                0x00000000100046e8       0x30 CMakeFiles/weather_station.dir/home/gael/hepia/CSH/pico_sdk/pico-sdk/src/rp2_common/pico_float/float_v1_rom_shim.S.obj
                0x00000000100046e8                float2double_shim
 .text          0x0000000010004718       0x10 CMakeFiles/weather_station.dir/home/gael/hepia/CSH/pico_sdk/pico-sdk/src/rp2_common/pico_mem_ops/mem_ops_aeabi.S.obj
                0x0000000010004718                __aeabi_mem_init
 .text.memset   0x0000000010004728        0xc CMakeFiles/weather_station.dir/home/gael/hepia/CSH/pico_sdk/pico-sdk/src/rp2_common/pico_mem_ops/mem_ops_aeabi.S.obj
                0x0000000010004728                __wrap_memset
 .text.memcpy   0x0000000010004734        0xc CMakeFiles/weather_station.dir/home/gael/hepia/CSH/pico_sdk/pico-sdk/src/rp2_common/pico_mem_ops/mem_ops_aeabi.S.obj
                0x0000000010004734                __wrap___aeabi_memcpy
                0x0000000010004734                __wrap_memcpy
 .text.stdio_out_chars_no_crlf
                0x0000000010004740       0x10 CMakeFiles/weather_station.dir/home/gael/hepia/CSH/pico_sdk/pico-sdk/src/rp2_common/pico_stdio/stdio.c.obj
 .text.stdio_out_chars_crlf
                0x0000000010004750       0xb4 CMakeFiles/weather_station.dir/home/gael/hepia/CSH/pico_sdk/pico-sdk/src/rp2_common/pico_stdio/stdio.c.obj
 .text.stdio_buffered_printer
                0x0000000010004804       0x64 CMakeFiles/weather_station.dir/home/gael/hepia/CSH/pico_sdk/pico-sdk/src/rp2_common/pico_stdio/stdio.c.obj
 .text.stdio_put_string.isra.0
                0x0000000010004868       0xfc CMakeFiles/weather_station.dir/home/gael/hepia/CSH/pico_sdk/pico-sdk/src/rp2_common/pico_stdio/stdio.c.obj
 .text.__wrap_putchar
                0x0000000010004964       0x98 CMakeFiles/weather_station.dir/home/gael/hepia/CSH/pico_sdk/pico-sdk/src/rp2_common/pico_stdio/stdio.c.obj
                0x0000000010004964                __wrap_putchar
 .text.__wrap_puts
                0x00000000100049fc       0x3c CMakeFiles/weather_station.dir/home/gael/hepia/CSH/pico_sdk/pico-sdk/src/rp2_common/pico_stdio/stdio.c.obj
                0x00000000100049fc                __wrap_puts
 .text.stdio_set_driver_enabled
                0x0000000010004a38       0x30 CMakeFiles/weather_station.dir/home/gael/hepia/CSH/pico_sdk/pico-sdk/src/rp2_common/pico_stdio/stdio.c.obj
                0x0000000010004a38                stdio_set_driver_enabled
 .text.__wrap_vprintf
                0x0000000010004a68       0xd8 CMakeFiles/weather_station.dir/home/gael/hepia/CSH/pico_sdk/pico-sdk/src/rp2_common/pico_stdio/stdio.c.obj
                0x0000000010004a68                __wrap_vprintf
 .text.__wrap_printf
                0x0000000010004b40       0x18 CMakeFiles/weather_station.dir/home/gael/hepia/CSH/pico_sdk/pico-sdk/src/rp2_common/pico_stdio/stdio.c.obj
                0x0000000010004b40                __wrap_printf
 .text.stdio_init_all
                0x0000000010004b58        0x8 CMakeFiles/weather_station.dir/home/gael/hepia/CSH/pico_sdk/pico-sdk/src/rp2_common/pico_stdio/stdio.c.obj
                0x0000000010004b58                stdio_init_all
 .text.resetd_init
                0x0000000010004b60        0x4 CMakeFiles/weather_station.dir/home/gael/hepia/CSH/pico_sdk/pico-sdk/src/rp2_common/pico_stdio_usb/reset_interface.c.obj
 .text.resetd_reset
                0x0000000010004b64        0xc CMakeFiles/weather_station.dir/home/gael/hepia/CSH/pico_sdk/pico-sdk/src/rp2_common/pico_stdio_usb/reset_interface.c.obj
 .text.resetd_open
                0x0000000010004b70       0x28 CMakeFiles/weather_station.dir/home/gael/hepia/CSH/pico_sdk/pico-sdk/src/rp2_common/pico_stdio_usb/reset_interface.c.obj
 .text.resetd_xfer_cb
                0x0000000010004b98        0x4 CMakeFiles/weather_station.dir/home/gael/hepia/CSH/pico_sdk/pico-sdk/src/rp2_common/pico_stdio_usb/reset_interface.c.obj
 .text.resetd_control_xfer_cb
                0x0000000010004b9c       0x64 CMakeFiles/weather_station.dir/home/gael/hepia/CSH/pico_sdk/pico-sdk/src/rp2_common/pico_stdio_usb/reset_interface.c.obj
 .text.usbd_app_driver_get_cb
                0x0000000010004c00        0xc CMakeFiles/weather_station.dir/home/gael/hepia/CSH/pico_sdk/pico-sdk/src/rp2_common/pico_stdio_usb/reset_interface.c.obj
                0x0000000010004c00                usbd_app_driver_get_cb
 .text.tud_cdc_line_coding_cb
                0x0000000010004c0c       0x34 CMakeFiles/weather_station.dir/home/gael/hepia/CSH/pico_sdk/pico-sdk/src/rp2_common/pico_stdio_usb/reset_interface.c.obj
                0x0000000010004c0c                tud_cdc_line_coding_cb
 .text.stdio_usb_set_chars_available_callback
                0x0000000010004c40       0x14 CMakeFiles/weather_station.dir/home/gael/hepia/CSH/pico_sdk/pico-sdk/src/rp2_common/pico_stdio_usb/stdio_usb.c.obj
                0x0000000010004c40                stdio_usb_set_chars_available_callback
 .text.usb_irq  0x0000000010004c54       0x10 CMakeFiles/weather_station.dir/home/gael/hepia/CSH/pico_sdk/pico-sdk/src/rp2_common/pico_stdio_usb/stdio_usb.c.obj
 .text.timer_task
                0x0000000010004c64       0x54 CMakeFiles/weather_station.dir/home/gael/hepia/CSH/pico_sdk/pico-sdk/src/rp2_common/pico_stdio_usb/stdio_usb.c.obj
 .text.stdio_usb_in_chars
                0x0000000010004cb8       0x90 CMakeFiles/weather_station.dir/home/gael/hepia/CSH/pico_sdk/pico-sdk/src/rp2_common/pico_stdio_usb/stdio_usb.c.obj
                0x0000000010004cb8                stdio_usb_in_chars
 .text.stdio_usb_out_chars
                0x0000000010004d48      0x100 CMakeFiles/weather_station.dir/home/gael/hepia/CSH/pico_sdk/pico-sdk/src/rp2_common/pico_stdio_usb/stdio_usb.c.obj
 .text.low_priority_worker_irq
                0x0000000010004e48       0xa8 CMakeFiles/weather_station.dir/home/gael/hepia/CSH/pico_sdk/pico-sdk/src/rp2_common/pico_stdio_usb/stdio_usb.c.obj
 .text.tud_cdc_rx_cb
                0x0000000010004ef0       0x20 CMakeFiles/weather_station.dir/home/gael/hepia/CSH/pico_sdk/pico-sdk/src/rp2_common/pico_stdio_usb/stdio_usb.c.obj
                0x0000000010004ef0                tud_cdc_rx_cb
 .text.stdio_usb_init
                0x0000000010004f10       0xdc CMakeFiles/weather_station.dir/home/gael/hepia/CSH/pico_sdk/pico-sdk/src/rp2_common/pico_stdio_usb/stdio_usb.c.obj
                0x0000000010004f10                stdio_usb_init
 .text.tud_descriptor_device_cb
                0x0000000010004fec        0x8 CMakeFiles/weather_station.dir/home/gael/hepia/CSH/pico_sdk/pico-sdk/src/rp2_common/pico_stdio_usb/stdio_usb_descriptors.c.obj
                0x0000000010004fec                tud_descriptor_device_cb
 .text.tud_descriptor_configuration_cb
                0x0000000010004ff4        0x8 CMakeFiles/weather_station.dir/home/gael/hepia/CSH/pico_sdk/pico-sdk/src/rp2_common/pico_stdio_usb/stdio_usb_descriptors.c.obj
                0x0000000010004ff4                tud_descriptor_configuration_cb
 .text.tud_descriptor_string_cb
                0x0000000010004ffc       0x74 CMakeFiles/weather_station.dir/home/gael/hepia/CSH/pico_sdk/pico-sdk/src/rp2_common/pico_stdio_usb/stdio_usb_descriptors.c.obj
                0x0000000010004ffc                tud_descriptor_string_cb
 .text.startup._retrieve_unique_id_on_boot
                0x0000000010005070       0x10 CMakeFiles/weather_station.dir/home/gael/hepia/CSH/pico_sdk/pico-sdk/src/rp2_common/pico_unique_id/unique_id.c.obj
 .text.pico_get_unique_board_id_string
                0x0000000010005080      0x1a8 CMakeFiles/weather_station.dir/home/gael/hepia/CSH/pico_sdk/pico-sdk/src/rp2_common/pico_unique_id/unique_id.c.obj
                0x0000000010005080                pico_get_unique_board_id_string
 .text.flash_get_unique_id
                0x0000000010005228       0x40 CMakeFiles/weather_station.dir/home/gael/hepia/CSH/pico_sdk/pico-sdk/src/rp2_common/hardware_flash/flash.c.obj
                0x0000000010005228                flash_get_unique_id
 .text.dcd_int_enable
                0x0000000010005268        0xc CMakeFiles/weather_station.dir/home/gael/hepia/CSH/pico_sdk/pico-sdk/lib/tinyusb/src/portable/raspberrypi/rp2040/dcd_rp2040.c.obj
                0x0000000010005268                dcd_int_enable
 .text.dcd_set_address
                0x0000000010005274       0x14 CMakeFiles/weather_station.dir/home/gael/hepia/CSH/pico_sdk/pico-sdk/lib/tinyusb/src/portable/raspberrypi/rp2040/dcd_rp2040.c.obj
                0x0000000010005274                dcd_set_address
 .text.dcd_connect
                0x0000000010005288       0x10 CMakeFiles/weather_station.dir/home/gael/hepia/CSH/pico_sdk/pico-sdk/lib/tinyusb/src/portable/raspberrypi/rp2040/dcd_rp2040.c.obj
                0x0000000010005288                dcd_connect
 .text.dcd_init
                0x0000000010005298       0x98 CMakeFiles/weather_station.dir/home/gael/hepia/CSH/pico_sdk/pico-sdk/lib/tinyusb/src/portable/raspberrypi/rp2040/dcd_rp2040.c.obj
                0x0000000010005298                dcd_init
 .text.dcd_edpt0_status_complete
                0x0000000010005330       0x1c CMakeFiles/weather_station.dir/home/gael/hepia/CSH/pico_sdk/pico-sdk/lib/tinyusb/src/portable/raspberrypi/rp2040/dcd_rp2040.c.obj
                0x0000000010005330                dcd_edpt0_status_complete
 .text.dcd_edpt_open
                0x000000001000534c      0x108 CMakeFiles/weather_station.dir/home/gael/hepia/CSH/pico_sdk/pico-sdk/lib/tinyusb/src/portable/raspberrypi/rp2040/dcd_rp2040.c.obj
                0x000000001000534c                dcd_edpt_open
 .text.dcd_edpt_close_all
                0x0000000010005454        0x8 CMakeFiles/weather_station.dir/home/gael/hepia/CSH/pico_sdk/pico-sdk/lib/tinyusb/src/portable/raspberrypi/rp2040/dcd_rp2040.c.obj
                0x0000000010005454                dcd_edpt_close_all
 .text.dcd_edpt_xfer
                0x000000001000545c       0x24 CMakeFiles/weather_station.dir/home/gael/hepia/CSH/pico_sdk/pico-sdk/lib/tinyusb/src/portable/raspberrypi/rp2040/dcd_rp2040.c.obj
                0x000000001000545c                dcd_edpt_xfer
 .text.dcd_edpt_stall
                0x0000000010005480       0x38 CMakeFiles/weather_station.dir/home/gael/hepia/CSH/pico_sdk/pico-sdk/lib/tinyusb/src/portable/raspberrypi/rp2040/dcd_rp2040.c.obj
                0x0000000010005480                dcd_edpt_stall
 .text.dcd_edpt_clear_stall
                0x00000000100054b8       0x30 CMakeFiles/weather_station.dir/home/gael/hepia/CSH/pico_sdk/pico-sdk/lib/tinyusb/src/portable/raspberrypi/rp2040/dcd_rp2040.c.obj
                0x00000000100054b8                dcd_edpt_clear_stall
 .text.rp2040_usb_init
                0x00000000100054e8       0x4c CMakeFiles/weather_station.dir/home/gael/hepia/CSH/pico_sdk/pico-sdk/lib/tinyusb/src/portable/raspberrypi/rp2040/rp2040_usb.c.obj
                0x00000000100054e8                rp2040_usb_init
 .text.hw_endpoint_xfer_start
                0x0000000010005534       0x50 CMakeFiles/weather_station.dir/home/gael/hepia/CSH/pico_sdk/pico-sdk/lib/tinyusb/src/portable/raspberrypi/rp2040/rp2040_usb.c.obj
                0x0000000010005534                hw_endpoint_xfer_start
 .text.tud_mounted
                0x0000000010005584       0x10 CMakeFiles/weather_station.dir/home/gael/hepia/CSH/pico_sdk/pico-sdk/lib/tinyusb/src/device/usbd.c.obj
                0x0000000010005584                tud_mounted
 .text.tud_suspended
                0x0000000010005594       0x10 CMakeFiles/weather_station.dir/home/gael/hepia/CSH/pico_sdk/pico-sdk/lib/tinyusb/src/device/usbd.c.obj
                0x0000000010005594                tud_suspended
 .text.tud_inited
                0x00000000100055a4       0x14 CMakeFiles/weather_station.dir/home/gael/hepia/CSH/pico_sdk/pico-sdk/lib/tinyusb/src/device/usbd.c.obj
                0x00000000100055a4                tud_inited
 .text.tud_init
                0x00000000100055b8       0xe4 CMakeFiles/weather_station.dir/home/gael/hepia/CSH/pico_sdk/pico-sdk/lib/tinyusb/src/device/usbd.c.obj
                0x00000000100055b8                tud_init
 .text.tud_task_ext
                0x000000001000569c      0x854 CMakeFiles/weather_station.dir/home/gael/hepia/CSH/pico_sdk/pico-sdk/lib/tinyusb/src/device/usbd.c.obj
                0x000000001000569c                tud_task_ext
 .text.usbd_open_edpt_pair
                0x0000000010005ef0       0x9c CMakeFiles/weather_station.dir/home/gael/hepia/CSH/pico_sdk/pico-sdk/lib/tinyusb/src/device/usbd.c.obj
                0x0000000010005ef0                usbd_open_edpt_pair
 .text.usbd_defer_func
                0x0000000010005f8c       0x48 CMakeFiles/weather_station.dir/home/gael/hepia/CSH/pico_sdk/pico-sdk/lib/tinyusb/src/device/usbd.c.obj
                0x0000000010005f8c                usbd_defer_func
 .text.usbd_edpt_open
                0x0000000010005fd4       0x34 CMakeFiles/weather_station.dir/home/gael/hepia/CSH/pico_sdk/pico-sdk/lib/tinyusb/src/device/usbd.c.obj
                0x0000000010005fd4                usbd_edpt_open
 .text.usbd_edpt_claim
                0x0000000010006008       0x28 CMakeFiles/weather_station.dir/home/gael/hepia/CSH/pico_sdk/pico-sdk/lib/tinyusb/src/device/usbd.c.obj
                0x0000000010006008                usbd_edpt_claim
 .text.usbd_edpt_release
                0x0000000010006030       0x28 CMakeFiles/weather_station.dir/home/gael/hepia/CSH/pico_sdk/pico-sdk/lib/tinyusb/src/device/usbd.c.obj
                0x0000000010006030                usbd_edpt_release
 .text.usbd_edpt_xfer
                0x0000000010006058       0x4c CMakeFiles/weather_station.dir/home/gael/hepia/CSH/pico_sdk/pico-sdk/lib/tinyusb/src/device/usbd.c.obj
                0x0000000010006058                usbd_edpt_xfer
 .text.tud_control_status
                0x00000000100060a4       0x30 CMakeFiles/weather_station.dir/home/gael/hepia/CSH/pico_sdk/pico-sdk/lib/tinyusb/src/device/usbd_control.c.obj
                0x00000000100060a4                tud_control_status
 .text.tud_control_xfer
                0x00000000100060d4       0xbc CMakeFiles/weather_station.dir/home/gael/hepia/CSH/pico_sdk/pico-sdk/lib/tinyusb/src/device/usbd_control.c.obj
                0x00000000100060d4                tud_control_xfer
 .text.usbd_control_reset
                0x0000000010006190       0x14 CMakeFiles/weather_station.dir/home/gael/hepia/CSH/pico_sdk/pico-sdk/lib/tinyusb/src/device/usbd_control.c.obj
                0x0000000010006190                usbd_control_reset
 .text.usbd_control_set_complete_callback
                0x00000000100061a4        0xc CMakeFiles/weather_station.dir/home/gael/hepia/CSH/pico_sdk/pico-sdk/lib/tinyusb/src/device/usbd_control.c.obj
                0x00000000100061a4                usbd_control_set_complete_callback
 .text.usbd_control_set_request
                0x00000000100061b0       0x1c CMakeFiles/weather_station.dir/home/gael/hepia/CSH/pico_sdk/pico-sdk/lib/tinyusb/src/device/usbd_control.c.obj
                0x00000000100061b0                usbd_control_set_request
 .text.usbd_control_xfer_cb
                0x00000000100061cc       0xfc CMakeFiles/weather_station.dir/home/gael/hepia/CSH/pico_sdk/pico-sdk/lib/tinyusb/src/device/usbd_control.c.obj
                0x00000000100061cc                usbd_control_xfer_cb
 .text.tud_cdc_n_connected
                0x00000000100062c8       0x30 CMakeFiles/weather_station.dir/home/gael/hepia/CSH/pico_sdk/pico-sdk/lib/tinyusb/src/class/cdc/cdc_device.c.obj
                0x00000000100062c8                tud_cdc_n_connected
 .text.tud_cdc_n_available
                0x00000000100062f8       0x18 CMakeFiles/weather_station.dir/home/gael/hepia/CSH/pico_sdk/pico-sdk/lib/tinyusb/src/class/cdc/cdc_device.c.obj
                0x00000000100062f8                tud_cdc_n_available
 .text.tud_cdc_n_read
                0x0000000010006310       0x70 CMakeFiles/weather_station.dir/home/gael/hepia/CSH/pico_sdk/pico-sdk/lib/tinyusb/src/class/cdc/cdc_device.c.obj
                0x0000000010006310                tud_cdc_n_read
 .text.tud_cdc_n_write_flush
                0x0000000010006380       0x78 CMakeFiles/weather_station.dir/home/gael/hepia/CSH/pico_sdk/pico-sdk/lib/tinyusb/src/class/cdc/cdc_device.c.obj
                0x0000000010006380                tud_cdc_n_write_flush
 .text.tud_cdc_n_write
                0x00000000100063f8       0x34 CMakeFiles/weather_station.dir/home/gael/hepia/CSH/pico_sdk/pico-sdk/lib/tinyusb/src/class/cdc/cdc_device.c.obj
                0x00000000100063f8                tud_cdc_n_write
 .text.tud_cdc_n_write_available
                0x000000001000642c       0x18 CMakeFiles/weather_station.dir/home/gael/hepia/CSH/pico_sdk/pico-sdk/lib/tinyusb/src/class/cdc/cdc_device.c.obj
                0x000000001000642c                tud_cdc_n_write_available
 .text.cdcd_init
                0x0000000010006444       0x7c CMakeFiles/weather_station.dir/home/gael/hepia/CSH/pico_sdk/pico-sdk/lib/tinyusb/src/class/cdc/cdc_device.c.obj
                0x0000000010006444                cdcd_init
 .text.cdcd_reset
                0x00000000100064c0       0x2c CMakeFiles/weather_station.dir/home/gael/hepia/CSH/pico_sdk/pico-sdk/lib/tinyusb/src/class/cdc/cdc_device.c.obj
                0x00000000100064c0                cdcd_reset
 .text.cdcd_open
                0x00000000100064ec       0xe8 CMakeFiles/weather_station.dir/home/gael/hepia/CSH/pico_sdk/pico-sdk/lib/tinyusb/src/class/cdc/cdc_device.c.obj
                0x00000000100064ec                cdcd_open
 .text.cdcd_control_xfer_cb
                0x00000000100065d4       0xe4 CMakeFiles/weather_station.dir/home/gael/hepia/CSH/pico_sdk/pico-sdk/lib/tinyusb/src/class/cdc/cdc_device.c.obj
                0x00000000100065d4                cdcd_control_xfer_cb
 .text.cdcd_xfer_cb
                0x00000000100066b8      0x148 CMakeFiles/weather_station.dir/home/gael/hepia/CSH/pico_sdk/pico-sdk/lib/tinyusb/src/class/cdc/cdc_device.c.obj
                0x00000000100066b8                cdcd_xfer_cb
 .text.tusb_init
                0x0000000010006800        0xc CMakeFiles/weather_station.dir/home/gael/hepia/CSH/pico_sdk/pico-sdk/lib/tinyusb/src/tusb.c.obj
                0x0000000010006800                tusb_init
 .text.tusb_inited
                0x000000001000680c        0x8 CMakeFiles/weather_station.dir/home/gael/hepia/CSH/pico_sdk/pico-sdk/lib/tinyusb/src/tusb.c.obj
                0x000000001000680c                tusb_inited
 .text.tu_edpt_claim
                0x0000000010006814       0x50 CMakeFiles/weather_station.dir/home/gael/hepia/CSH/pico_sdk/pico-sdk/lib/tinyusb/src/tusb.c.obj
                0x0000000010006814                tu_edpt_claim
 .text.tu_edpt_release
                0x0000000010006864       0x38 CMakeFiles/weather_station.dir/home/gael/hepia/CSH/pico_sdk/pico-sdk/lib/tinyusb/src/tusb.c.obj
                0x0000000010006864                tu_edpt_release
 .text.tu_edpt_validate
                0x000000001000689c       0x78 CMakeFiles/weather_station.dir/home/gael/hepia/CSH/pico_sdk/pico-sdk/lib/tinyusb/src/tusb.c.obj
                0x000000001000689c                tu_edpt_validate
 .text.tu_edpt_bind_driver
                0x0000000010006914       0x34 CMakeFiles/weather_station.dir/home/gael/hepia/CSH/pico_sdk/pico-sdk/lib/tinyusb/src/tusb.c.obj
                0x0000000010006914                tu_edpt_bind_driver
 .text.tu_fifo_config
                0x0000000010006948       0x70 CMakeFiles/weather_station.dir/home/gael/hepia/CSH/pico_sdk/pico-sdk/lib/tinyusb/src/common/tusb_fifo.c.obj
                0x0000000010006948                tu_fifo_config
 .text.tu_fifo_count
                0x00000000100069b8       0x2c CMakeFiles/weather_station.dir/home/gael/hepia/CSH/pico_sdk/pico-sdk/lib/tinyusb/src/common/tusb_fifo.c.obj
                0x00000000100069b8                tu_fifo_count
 .text.tu_fifo_empty
                0x00000000100069e4       0x10 CMakeFiles/weather_station.dir/home/gael/hepia/CSH/pico_sdk/pico-sdk/lib/tinyusb/src/common/tusb_fifo.c.obj
                0x00000000100069e4                tu_fifo_empty
 .text.tu_fifo_remaining
                0x00000000100069f4       0x2c CMakeFiles/weather_station.dir/home/gael/hepia/CSH/pico_sdk/pico-sdk/lib/tinyusb/src/common/tusb_fifo.c.obj
                0x00000000100069f4                tu_fifo_remaining
 .text.tu_fifo_read
                0x0000000010006a20       0xa0 CMakeFiles/weather_station.dir/home/gael/hepia/CSH/pico_sdk/pico-sdk/lib/tinyusb/src/common/tusb_fifo.c.obj
                0x0000000010006a20                tu_fifo_read
 .text.tu_fifo_read_n
                0x0000000010006ac0       0xec CMakeFiles/weather_station.dir/home/gael/hepia/CSH/pico_sdk/pico-sdk/lib/tinyusb/src/common/tusb_fifo.c.obj
                0x0000000010006ac0                tu_fifo_read_n
 .text.tu_fifo_write
                0x0000000010006bac       0x88 CMakeFiles/weather_station.dir/home/gael/hepia/CSH/pico_sdk/pico-sdk/lib/tinyusb/src/common/tusb_fifo.c.obj
                0x0000000010006bac                tu_fifo_write
 .text.tu_fifo_write_n
                0x0000000010006c34      0x168 CMakeFiles/weather_station.dir/home/gael/hepia/CSH/pico_sdk/pico-sdk/lib/tinyusb/src/common/tusb_fifo.c.obj
                0x0000000010006c34                tu_fifo_write_n
 .text.tu_fifo_clear
                0x0000000010006d9c       0x40 CMakeFiles/weather_station.dir/home/gael/hepia/CSH/pico_sdk/pico-sdk/lib/tinyusb/src/common/tusb_fifo.c.obj
                0x0000000010006d9c                tu_fifo_clear
 .text.tu_fifo_set_overwritable
                0x0000000010006ddc       0x48 CMakeFiles/weather_station.dir/home/gael/hepia/CSH/pico_sdk/pico-sdk/lib/tinyusb/src/common/tusb_fifo.c.obj
                0x0000000010006ddc                tu_fifo_set_overwritable
 .text.spi_init
                0x0000000010006e24       0xf8 CMakeFiles/weather_station.dir/home/gael/hepia/CSH/pico_sdk/pico-sdk/src/rp2_common/hardware_spi/spi.c.obj
                0x0000000010006e24                spi_init
 .text.i2c_set_baudrate
                0x0000000010006f1c       0xc4 CMakeFiles/weather_station.dir/home/gael/hepia/CSH/pico_sdk/pico-sdk/src/rp2_common/hardware_i2c/i2c.c.obj
                0x0000000010006f1c                i2c_set_baudrate
 .text.i2c_init
                0x0000000010006fe0       0x54 CMakeFiles/weather_station.dir/home/gael/hepia/CSH/pico_sdk/pico-sdk/src/rp2_common/hardware_i2c/i2c.c.obj
                0x0000000010006fe0                i2c_init
 .text.i2c_write_blocking
                0x0000000010007034       0xd0 CMakeFiles/weather_station.dir/home/gael/hepia/CSH/pico_sdk/pico-sdk/src/rp2_common/hardware_i2c/i2c.c.obj
                0x0000000010007034                i2c_write_blocking
 .text.i2c_read_blocking
                0x0000000010007104       0xac CMakeFiles/weather_station.dir/home/gael/hepia/CSH/pico_sdk/pico-sdk/src/rp2_common/hardware_i2c/i2c.c.obj
                0x0000000010007104                i2c_read_blocking
 .text.station_init
                0x00000000100071b0       0x44 src/station/libstation.a(station.c.obj)
                0x00000000100071b0                station_init
 .text.station_init_i2c_sensor
                0x00000000100071f4       0x24 src/station/libstation.a(station.c.obj)
                0x00000000100071f4                station_init_i2c_sensor
 .text.station_main
                0x0000000010007218      0x158 src/station/libstation.a(station.c.obj)
                0x0000000010007218                station_main
 .text.lcd_backlight_off
                0x0000000010007370        0xc src/lcd/liblcd.a(lcd.c.obj)
                0x0000000010007370                lcd_backlight_off
 .text.lcd_backlight_on
                0x000000001000737c        0xc src/lcd/liblcd.a(lcd.c.obj)
                0x000000001000737c                lcd_backlight_on
 .text.lcd_config
                0x0000000010007388      0x5a4 src/lcd/liblcd.a(lcd.c.obj)
                0x0000000010007388                lcd_config
 .text.lcd_init
                0x000000001000792c      0x148 src/lcd/liblcd.a(lcd.c.obj)
                0x000000001000792c                lcd_init
 .text.lcd_draw_char
                0x0000000010007a74      0x438 src/lcd/liblcd.a(lcd.c.obj)
                0x0000000010007a74                lcd_draw_char
 .text.lcd_draw_string
                0x0000000010007eac       0x40 src/lcd/liblcd.a(lcd.c.obj)
                0x0000000010007eac                lcd_draw_string
 .text.lcd_print_int
                0x0000000010007eec       0x50 src/lcd/liblcd.a(lcd.c.obj)
                0x0000000010007eec                lcd_print_int
 .text.lcd_print_double
                0x0000000010007f3c       0x5c src/lcd/liblcd.a(lcd.c.obj)
                0x0000000010007f3c                lcd_print_double
 .text.lcd_fill_rect
                0x0000000010007f98      0x158 src/lcd/liblcd.a(lcd.c.obj)
                0x0000000010007f98                lcd_fill_rect
 .text.BME280_init_calib
                0x00000000100080f0      0x120 src/bme280/libbme280.a(bme280.c.obj)
                0x00000000100080f0                BME280_init_calib
 .text.BME280_config
                0x0000000010008210       0x5c src/bme280/libbme280.a(bme280.c.obj)
                0x0000000010008210                BME280_config
 .text.BME280_compensate_P
                0x000000001000826c      0x23c src/bme280/libbme280.a(bme280.c.obj)
                0x000000001000826c                BME280_compensate_P
 .text.BME280_compensate_H
                0x00000000100084a8      0x190 src/bme280/libbme280.a(bme280.c.obj)
                0x00000000100084a8                BME280_compensate_H
 .text.BME280_read
                0x0000000010008638      0x1f0 src/bme280/libbme280.a(bme280.c.obj)
                0x0000000010008638                BME280_read
 .text.VEML7700_config
                0x0000000010008828       0x28 src/veml7700/libveml7700.a(veml7700.c.obj)
                0x0000000010008828                VEML7700_config
 .text.VEML7700_read
                0x0000000010008850       0x40 src/veml7700/libveml7700.a(veml7700.c.obj)
                0x0000000010008850                VEML7700_read
 .text.ble_irq_callback
                0x0000000010008890        0xc src/RN4870/libRN4870.a(RN4870.c.obj)
                0x0000000010008890                ble_irq_callback
 .text.RN4870_init
                0x000000001000889c       0x7c src/RN4870/libRN4870.a(RN4870.c.obj)
                0x000000001000889c                RN4870_init
 .text.gpio_initialize_out
                0x0000000010008918       0x20 src/util/libutil.a(util.c.obj)
                0x0000000010008918                gpio_initialize_out
 .text.gpio_initialize_in
                0x0000000010008938       0x14 src/util/libutil.a(util.c.obj)
                0x0000000010008938                gpio_initialize_in
 .text          0x000000001000894c       0x5c /usr/lib/gcc/arm-none-eabi/10.3.1/../../../arm-none-eabi/lib/thumb/v6-m/nofp/libc.a(lib_a-strlen-stub.o)
                0x000000001000894c                strlen
 *(.fini)
 .fini          0x00000000100089a8        0x4 /usr/lib/gcc/arm-none-eabi/10.3.1/thumb/v6-m/nofp/crti.o
                0x00000000100089a8                _fini
 *fill*         0x00000000100089ac        0x4 
 .fini.__stub   0x00000000100089b0       0xe0 linker stubs
 *crtbegin.o(.ctors)
 *crtbegin?.o(.ctors)
 *(EXCLUDE_FILE(*crtend.o *crtend?.o) .ctors)
 *(SORT_BY_NAME(.ctors.*))
 *(.ctors)
 *crtbegin.o(.dtors)
 *crtbegin?.o(.dtors)
 *(EXCLUDE_FILE(*crtend.o *crtend?.o) .dtors)
 *(SORT_BY_NAME(.dtors.*))
 *(.dtors)
 *(.eh_frame*)
 .eh_frame      0x0000000010008a90        0x0 /usr/lib/gcc/arm-none-eabi/10.3.1/thumb/v6-m/nofp/crtbegin.o
                0x0000000010008a90                . = ALIGN (0x4)

.glue_7         0x0000000010008a90        0x0
 .glue_7        0x0000000010008a90        0x0 linker stubs

.glue_7t        0x0000000010008a90        0x0
 .glue_7t       0x0000000010008a90        0x0 linker stubs

.vfp11_veneer   0x0000000010008a90        0x0
 .vfp11_veneer  0x0000000010008a90        0x0 linker stubs

.v4_bx          0x0000000010008a90        0x0
 .v4_bx         0x0000000010008a90        0x0 linker stubs

.iplt           0x0000000010008a90        0x0
 .iplt          0x0000000010008a90        0x0 /usr/lib/gcc/arm-none-eabi/10.3.1/thumb/v6-m/nofp/crtbegin.o

.rodata         0x0000000010008a90     0x15f0
 *(EXCLUDE_FILE(*libm.a: *libc.a:*lib_a-mem*.o *libgcc.a:) .rodata*)
 .rodata.hardware_alarm_claim.str1.4
                0x0000000010008a90       0x22 CMakeFiles/weather_station.dir/home/gael/hepia/CSH/pico_sdk/pico-sdk/src/rp2_common/hardware_timer/timer.c.obj
 *fill*         0x0000000010008ab2        0x2 
 .rodata.spin_lock_claim_unused.str1.4
                0x0000000010008ab4       0x1b CMakeFiles/weather_station.dir/home/gael/hepia/CSH/pico_sdk/pico-sdk/src/rp2_common/hardware_sync/sync.c.obj
 *fill*         0x0000000010008acf        0x1 
 .rodata.user_irq_claim_unused.str1.4
                0x0000000010008ad0       0x1b CMakeFiles/weather_station.dir/home/gael/hepia/CSH/pico_sdk/pico-sdk/src/rp2_common/hardware_irq/irq.c.obj
 *fill*         0x0000000010008aeb        0x1 
 .rodata.panic.str1.4
                0x0000000010008aec       0x10 CMakeFiles/weather_station.dir/home/gael/hepia/CSH/pico_sdk/pico-sdk/src/rp2_common/pico_runtime/runtime.c.obj
                                         0x12 (size before relaxing)
 .rodata.hard_assertion_failure.str1.4
                0x0000000010008afc        0xc CMakeFiles/weather_station.dir/home/gael/hepia/CSH/pico_sdk/pico-sdk/src/rp2_common/pico_runtime/runtime.c.obj
 .rodata._ftoa.str1.4
                0x0000000010008b08       0x15 CMakeFiles/weather_station.dir/home/gael/hepia/CSH/pico_sdk/pico-sdk/src/rp2_common/pico_printf/printf.c.obj
 *fill*         0x0000000010008b1d        0x3 
 .rodata._vsnprintf
                0x0000000010008b20      0x1e0 CMakeFiles/weather_station.dir/home/gael/hepia/CSH/pico_sdk/pico-sdk/src/rp2_common/pico_printf/printf.c.obj
 .rodata.pow10.0
                0x0000000010008d00       0x50 CMakeFiles/weather_station.dir/home/gael/hepia/CSH/pico_sdk/pico-sdk/src/rp2_common/pico_printf/printf.c.obj
 .rodata.str1.4
                0x0000000010008d50       0x44 CMakeFiles/weather_station.dir/home/gael/hepia/CSH/pico_sdk/pico-sdk/src/rp2_common/pico_standard_link/binary_info.c.obj
 .rodata.__bi_44
                0x0000000010008d94        0xc CMakeFiles/weather_station.dir/home/gael/hepia/CSH/pico_sdk/pico-sdk/src/rp2_common/pico_standard_link/binary_info.c.obj
 .rodata.__bi_75
                0x0000000010008da0        0xc CMakeFiles/weather_station.dir/home/gael/hepia/CSH/pico_sdk/pico-sdk/src/rp2_common/pico_standard_link/binary_info.c.obj
 .rodata.__bi_81
                0x0000000010008dac        0xc CMakeFiles/weather_station.dir/home/gael/hepia/CSH/pico_sdk/pico-sdk/src/rp2_common/pico_standard_link/binary_info.c.obj
 .rodata.crlf_str.0
                0x0000000010008db8        0x2 CMakeFiles/weather_station.dir/home/gael/hepia/CSH/pico_sdk/pico-sdk/src/rp2_common/pico_stdio/stdio.c.obj
 *fill*         0x0000000010008dba        0x2 
 .rodata._resetd_driver
                0x0000000010008dbc       0x18 CMakeFiles/weather_station.dir/home/gael/hepia/CSH/pico_sdk/pico-sdk/src/rp2_common/pico_stdio_usb/reset_interface.c.obj
 .rodata.str1.4
                0x0000000010008dd4       0x13 CMakeFiles/weather_station.dir/home/gael/hepia/CSH/pico_sdk/pico-sdk/src/rp2_common/pico_stdio_usb/stdio_usb.c.obj
 *fill*         0x0000000010008de7        0x1 
 .rodata.__bi_188.0
                0x0000000010008de8        0xc CMakeFiles/weather_station.dir/home/gael/hepia/CSH/pico_sdk/pico-sdk/src/rp2_common/pico_stdio_usb/stdio_usb.c.obj
 .rodata.str1.4
                0x0000000010008df4       0x2a CMakeFiles/weather_station.dir/home/gael/hepia/CSH/pico_sdk/pico-sdk/src/rp2_common/pico_stdio_usb/stdio_usb_descriptors.c.obj
 *fill*         0x0000000010008e1e        0x2 
 .rodata.usbd_desc_cfg
                0x0000000010008e20       0x54 CMakeFiles/weather_station.dir/home/gael/hepia/CSH/pico_sdk/pico-sdk/src/rp2_common/pico_stdio_usb/stdio_usb_descriptors.c.obj
 .rodata.usbd_desc_device
                0x0000000010008e74       0x12 CMakeFiles/weather_station.dir/home/gael/hepia/CSH/pico_sdk/pico-sdk/src/rp2_common/pico_stdio_usb/stdio_usb_descriptors.c.obj
 *fill*         0x0000000010008e86        0x2 
 .rodata.usbd_desc_str
                0x0000000010008e88       0x18 CMakeFiles/weather_station.dir/home/gael/hepia/CSH/pico_sdk/pico-sdk/src/rp2_common/pico_stdio_usb/stdio_usb_descriptors.c.obj
 .rodata.str1.4
                0x0000000010008ea0       0x14 CMakeFiles/weather_station.dir/home/gael/hepia/CSH/pico_sdk/pico-sdk/lib/tinyusb/src/portable/raspberrypi/rp2040/dcd_rp2040.c.obj
 .rodata.str1.4
                0x0000000010008eb4       0x53 CMakeFiles/weather_station.dir/home/gael/hepia/CSH/pico_sdk/pico-sdk/lib/tinyusb/src/portable/raspberrypi/rp2040/rp2040_usb.c.obj
 *fill*         0x0000000010008f07        0x1 
 .rodata.tud_task_ext
                0x0000000010008f08       0x8c CMakeFiles/weather_station.dir/home/gael/hepia/CSH/pico_sdk/pico-sdk/lib/tinyusb/src/device/usbd.c.obj
 .rodata._usbd_driver
                0x0000000010008f94       0x18 CMakeFiles/weather_station.dir/home/gael/hepia/CSH/pico_sdk/pico-sdk/lib/tinyusb/src/device/usbd.c.obj
 .rodata.station_main.str1.4
                0x0000000010008fac       0x6a src/station/libstation.a(station.c.obj)
 *fill*         0x0000000010009016        0x2 
 .rodata.lcd_print_int.str1.4
                0x0000000010009018        0x3 src/lcd/liblcd.a(lcd.c.obj)
 *fill*         0x000000001000901b        0x1 
 .rodata.lcd_print_double.str1.4
                0x000000001000901c        0x6 src/lcd/liblcd.a(lcd.c.obj)
 *fill*         0x0000000010009022        0x2 
 .rodata.BigFont
                0x0000000010009024      0xbe4 src/font/libfont.a(font.c.obj)
                0x0000000010009024                BigFont
 .rodata.SmallFont
                0x0000000010009c08      0x478 src/font/libfont.a(font.c.obj)
                0x0000000010009c08                SmallFont
                0x000000001000a080                . = ALIGN (0x4)
 *(SORT_BY_ALIGNMENT(SORT_BY_NAME(.flashdata*)))
                0x000000001000a080                . = ALIGN (0x4)

.rel.dyn        0x000000001000a080        0x0
 .rel.iplt      0x000000001000a080        0x0 /usr/lib/gcc/arm-none-eabi/10.3.1/thumb/v6-m/nofp/crtbegin.o

.ARM.extab
 *(.ARM.extab* .gnu.linkonce.armextab.*)
                0x000000001000a080                __exidx_start = .

.ARM.exidx
 *(.ARM.exidx* .gnu.linkonce.armexidx.*)
                0x000000001000a080                __exidx_end = .
                0x000000001000a080                . = ALIGN (0x4)
                0x000000001000a080                __binary_info_start = .

.binary_info    0x000000001000a080       0x20
 *(.binary_info.keep.*)
 .binary_info.keep.__bi_ptr22
                0x000000001000a080        0x4 CMakeFiles/weather_station.dir/home/gael/hepia/CSH/pico_sdk/pico-sdk/src/rp2_common/pico_standard_link/binary_info.c.obj
 .binary_info.keep.__bi_ptr30
                0x000000001000a084        0x4 CMakeFiles/weather_station.dir/home/gael/hepia/CSH/pico_sdk/pico-sdk/src/rp2_common/pico_standard_link/binary_info.c.obj
 .binary_info.keep.__bi_ptr38
                0x000000001000a088        0x4 CMakeFiles/weather_station.dir/home/gael/hepia/CSH/pico_sdk/pico-sdk/src/rp2_common/pico_standard_link/binary_info.c.obj
 .binary_info.keep.__bi_ptr44
                0x000000001000a08c        0x4 CMakeFiles/weather_station.dir/home/gael/hepia/CSH/pico_sdk/pico-sdk/src/rp2_common/pico_standard_link/binary_info.c.obj
 .binary_info.keep.__bi_ptr50
                0x000000001000a090        0x4 CMakeFiles/weather_station.dir/home/gael/hepia/CSH/pico_sdk/pico-sdk/src/rp2_common/pico_standard_link/binary_info.c.obj
 .binary_info.keep.__bi_ptr75
                0x000000001000a094        0x4 CMakeFiles/weather_station.dir/home/gael/hepia/CSH/pico_sdk/pico-sdk/src/rp2_common/pico_standard_link/binary_info.c.obj
 .binary_info.keep.__bi_ptr81
                0x000000001000a098        0x4 CMakeFiles/weather_station.dir/home/gael/hepia/CSH/pico_sdk/pico-sdk/src/rp2_common/pico_standard_link/binary_info.c.obj
 *(.binary_info.*)
 .binary_info.__bi_ptr188
                0x000000001000a09c        0x4 CMakeFiles/weather_station.dir/home/gael/hepia/CSH/pico_sdk/pico-sdk/src/rp2_common/pico_stdio_usb/stdio_usb.c.obj
                0x000000001000a0a0                __binary_info_end = .
                0x000000001000a0a0                . = ALIGN (0x4)
                0x000000001000a0a0                __etext = .

.ram_vector_table
                0x0000000020000000       0xc0
 *(.ram_vector_table)
 .ram_vector_table
                0x0000000020000000       0xc0 CMakeFiles/weather_station.dir/home/gael/hepia/CSH/pico_sdk/pico-sdk/src/rp2_common/pico_runtime/runtime.c.obj
                0x0000000020000000                ram_vector_table

.data           0x00000000200000c0      0xeb0 load address 0x000000001000a0a0
                0x00000000200000c0                __data_start__ = .
 *(vtable)
 *(.time_critical*)
 .time_critical.mutex_try_enter
                0x00000000200000c0       0x44 CMakeFiles/weather_station.dir/home/gael/hepia/CSH/pico_sdk/pico-sdk/src/common/pico_sync/mutex.c.obj
                0x00000000200000c0                mutex_try_enter
 .time_critical.mutex_try_enter_block_until
                0x0000000020000104       0x9c CMakeFiles/weather_station.dir/home/gael/hepia/CSH/pico_sdk/pico-sdk/src/common/pico_sync/mutex.c.obj
                0x0000000020000104                mutex_try_enter_block_until
 .time_critical.mutex_enter_timeout_ms
                0x00000000200001a0       0x90 CMakeFiles/weather_station.dir/home/gael/hepia/CSH/pico_sdk/pico-sdk/src/common/pico_sync/mutex.c.obj
                0x00000000200001a0                mutex_enter_timeout_ms
 .time_critical.mutex_exit
                0x0000000020000230       0x28 CMakeFiles/weather_station.dir/home/gael/hepia/CSH/pico_sdk/pico-sdk/src/common/pico_sync/mutex.c.obj
                0x0000000020000230                mutex_exit
 .time_critical.flash_init_boot2_copyout
                0x0000000020000258       0x30 CMakeFiles/weather_station.dir/home/gael/hepia/CSH/pico_sdk/pico-sdk/src/rp2_common/hardware_flash/flash.c.obj
 .time_critical.flash_enable_xip_via_boot2
                0x0000000020000288       0x10 CMakeFiles/weather_station.dir/home/gael/hepia/CSH/pico_sdk/pico-sdk/src/rp2_common/hardware_flash/flash.c.obj
 .time_critical.flash_cs_force
                0x0000000020000298       0x38 CMakeFiles/weather_station.dir/home/gael/hepia/CSH/pico_sdk/pico-sdk/src/rp2_common/hardware_flash/flash.c.obj
 .time_critical.flash_do_cmd
                0x00000000200002d0       0xc4 CMakeFiles/weather_station.dir/home/gael/hepia/CSH/pico_sdk/pico-sdk/src/rp2_common/hardware_flash/flash.c.obj
                0x00000000200002d0                flash_do_cmd
 .time_critical.reset_non_control_endpoints
                0x0000000020000394       0xbc CMakeFiles/weather_station.dir/home/gael/hepia/CSH/pico_sdk/pico-sdk/lib/tinyusb/src/portable/raspberrypi/rp2040/dcd_rp2040.c.obj
 .time_critical.hw_handle_buff_status
                0x0000000020000450       0xa8 CMakeFiles/weather_station.dir/home/gael/hepia/CSH/pico_sdk/pico-sdk/lib/tinyusb/src/portable/raspberrypi/rp2040/dcd_rp2040.c.obj
 .time_critical.dcd_rp2040_irq
                0x00000000200004f8      0x4d8 CMakeFiles/weather_station.dir/home/gael/hepia/CSH/pico_sdk/pico-sdk/lib/tinyusb/src/portable/raspberrypi/rp2040/dcd_rp2040.c.obj
 .time_critical.e15_is_bulkin_ep
                0x00000000200009d0       0x28 CMakeFiles/weather_station.dir/home/gael/hepia/CSH/pico_sdk/pico-sdk/lib/tinyusb/src/portable/raspberrypi/rp2040/rp2040_usb.c.obj
 .time_critical.e15_is_critical_frame_period
                0x00000000200009f8       0x34 CMakeFiles/weather_station.dir/home/gael/hepia/CSH/pico_sdk/pico-sdk/lib/tinyusb/src/portable/raspberrypi/rp2040/rp2040_usb.c.obj
 .time_critical.prepare_ep_buffer
                0x0000000020000a2c       0x70 CMakeFiles/weather_station.dir/home/gael/hepia/CSH/pico_sdk/pico-sdk/lib/tinyusb/src/portable/raspberrypi/rp2040/rp2040_usb.c.obj
 .time_critical.sync_ep_buffer
                0x0000000020000a9c       0x4c CMakeFiles/weather_station.dir/home/gael/hepia/CSH/pico_sdk/pico-sdk/lib/tinyusb/src/portable/raspberrypi/rp2040/rp2040_usb.c.obj
 .time_critical._hw_endpoint_xfer_sync
                0x0000000020000ae8       0x28 CMakeFiles/weather_station.dir/home/gael/hepia/CSH/pico_sdk/pico-sdk/lib/tinyusb/src/portable/raspberrypi/rp2040/rp2040_usb.c.obj
 .time_critical.hw_endpoint_reset_transfer
                0x0000000020000b10        0xc CMakeFiles/weather_station.dir/home/gael/hepia/CSH/pico_sdk/pico-sdk/lib/tinyusb/src/portable/raspberrypi/rp2040/rp2040_usb.c.obj
                0x0000000020000b10                hw_endpoint_reset_transfer
 .time_critical._hw_endpoint_buffer_control_update32
                0x0000000020000b1c       0x58 CMakeFiles/weather_station.dir/home/gael/hepia/CSH/pico_sdk/pico-sdk/lib/tinyusb/src/portable/raspberrypi/rp2040/rp2040_usb.c.obj
                0x0000000020000b1c                _hw_endpoint_buffer_control_update32
 .time_critical.hw_endpoint_start_next_buffer
                0x0000000020000b74       0x6c CMakeFiles/weather_station.dir/home/gael/hepia/CSH/pico_sdk/pico-sdk/lib/tinyusb/src/portable/raspberrypi/rp2040/rp2040_usb.c.obj
                0x0000000020000b74                hw_endpoint_start_next_buffer
 .time_critical.hw_endpoint_xfer_continue
                0x0000000020000be0       0x50 CMakeFiles/weather_station.dir/home/gael/hepia/CSH/pico_sdk/pico-sdk/lib/tinyusb/src/portable/raspberrypi/rp2040/rp2040_usb.c.obj
                0x0000000020000be0                hw_endpoint_xfer_continue
 .time_critical.tinyusb
                0x0000000020000c30      0x170 CMakeFiles/weather_station.dir/home/gael/hepia/CSH/pico_sdk/pico-sdk/lib/tinyusb/src/device/usbd.c.obj
                0x0000000020000c30                dcd_event_handler
 .time_critical.spi_write_blocking
                0x0000000020000da0       0x4c CMakeFiles/weather_station.dir/home/gael/hepia/CSH/pico_sdk/pico-sdk/src/rp2_common/hardware_spi/spi.c.obj
                0x0000000020000da0                spi_write_blocking
 *(.text*)
 .text          0x0000000020000dec        0x4 /usr/lib/gcc/arm-none-eabi/10.3.1/thumb/v6-m/nofp/libgcc.a(_dvmd_tls.o)
                0x0000000020000dec                __aeabi_ldiv0
                0x0000000020000dec                __aeabi_idiv0
 .text.__stub   0x0000000020000df0       0x70 linker stubs
                0x0000000020000e60                . = ALIGN (0x4)
 *(.rodata*)
                0x0000000020000e60                . = ALIGN (0x4)
 *(.data*)
 .data.striped_spin_lock_num
                0x0000000020000e60        0x1 CMakeFiles/weather_station.dir/home/gael/hepia/CSH/pico_sdk/pico-sdk/src/rp2_common/hardware_sync/sync.c.obj
 *fill*         0x0000000020000e61        0x3 
 .data          0x0000000020000e64       0x48 CMakeFiles/weather_station.dir/home/gael/hepia/CSH/pico_sdk/pico-sdk/src/rp2_common/hardware_irq/irq_handler_chain.S.obj
                0x0000000020000e64                irq_handler_chain_slots
                0x0000000020000e94                irq_handler_chain_first_slot
                0x0000000020000e9e                irq_handler_chain_remove_tail
 .data.default_alarm_pool
                0x0000000020000eac       0x18 CMakeFiles/weather_station.dir/home/gael/hepia/CSH/pico_sdk/pico-sdk/src/common/pico_time/time.c.obj
 .data.default_alarm_pool_heap
                0x0000000020000ec4       0x10 CMakeFiles/weather_station.dir/home/gael/hepia/CSH/pico_sdk/pico-sdk/src/common/pico_time/time.c.obj
 *fill*         0x0000000020000ed4        0xc 
 .data.aeabi_bits_funcs
                0x0000000020000ee0       0x10 CMakeFiles/weather_station.dir/home/gael/hepia/CSH/pico_sdk/pico-sdk/src/rp2_common/pico_bit_ops/bit_ops_aeabi.S.obj
                0x0000000020000ee0                aeabi_bits_funcs
                0x0000000020000ef0                aeabi_bits_funcs_end
 .data.aeabi_mem_funcs
                0x0000000020000ef0       0x10 CMakeFiles/weather_station.dir/home/gael/hepia/CSH/pico_sdk/pico-sdk/src/rp2_common/pico_mem_ops/mem_ops_aeabi.S.obj
                0x0000000020000ef0                aeabi_mem_funcs
                0x0000000020000f00                aeabi_mem_funcs_end
 .data.stdio_usb
                0x0000000020000f00       0x18 CMakeFiles/weather_station.dir/home/gael/hepia/CSH/pico_sdk/pico-sdk/src/rp2_common/pico_stdio_usb/stdio_usb.c.obj
                0x0000000020000f00                stdio_usb
 .data.ep_dir_string
                0x0000000020000f18        0x8 CMakeFiles/weather_station.dir/home/gael/hepia/CSH/pico_sdk/pico-sdk/lib/tinyusb/src/portable/raspberrypi/rp2040/rp2040_usb.c.obj
                0x0000000020000f18                ep_dir_string
 .data._usbd_qdef
                0x0000000020000f20       0x1c CMakeFiles/weather_station.dir/home/gael/hepia/CSH/pico_sdk/pico-sdk/lib/tinyusb/src/device/usbd.c.obj
                0x0000000020000f20                _usbd_qdef
 .data._usbd_rhport
                0x0000000020000f3c        0x1 CMakeFiles/weather_station.dir/home/gael/hepia/CSH/pico_sdk/pico-sdk/lib/tinyusb/src/device/usbd.c.obj
 *fill*         0x0000000020000f3d        0x3 
 .data.i2c0_inst
                0x0000000020000f40        0x8 CMakeFiles/weather_station.dir/home/gael/hepia/CSH/pico_sdk/pico-sdk/src/rp2_common/hardware_i2c/i2c.c.obj
                0x0000000020000f40                i2c0_inst
 .data.i2c1_inst
                0x0000000020000f48        0x8 CMakeFiles/weather_station.dir/home/gael/hepia/CSH/pico_sdk/pico-sdk/src/rp2_common/hardware_i2c/i2c.c.obj
                0x0000000020000f48                i2c1_inst
                0x0000000020000f50                . = ALIGN (0x4)
 *(.after_data.*)
                0x0000000020000f50                . = ALIGN (0x4)
                0x0000000020000f50                PROVIDE (__mutex_array_start = .)
 *(SORT_BY_NAME(.mutex_array.*))
 *(.mutex_array)
 .mutex_array   0x0000000020000f50        0x8 CMakeFiles/weather_station.dir/home/gael/hepia/CSH/pico_sdk/pico-sdk/src/rp2_common/pico_stdio/stdio.c.obj
                0x0000000020000f58                PROVIDE (__mutex_array_end = .)
                0x0000000020000f58                . = ALIGN (0x4)
                0x0000000020000f58                PROVIDE (__preinit_array_start = .)
 *(SORT_BY_NAME(.preinit_array.*))
 .preinit_array.00001
                0x0000000020000f58        0x4 CMakeFiles/weather_station.dir/home/gael/hepia/CSH/pico_sdk/pico-sdk/src/rp2_common/pico_mem_ops/mem_ops_aeabi.S.obj
 .preinit_array.00010
                0x0000000020000f5c        0x4 CMakeFiles/weather_station.dir/home/gael/hepia/CSH/pico_sdk/pico-sdk/src/rp2_common/pico_bit_ops/bit_ops_aeabi.S.obj
 .preinit_array.00020
                0x0000000020000f60        0x4 CMakeFiles/weather_station.dir/home/gael/hepia/CSH/pico_sdk/pico-sdk/src/rp2_common/pico_double/double_aeabi.S.obj
 .preinit_array.00020
                0x0000000020000f64        0x4 CMakeFiles/weather_station.dir/home/gael/hepia/CSH/pico_sdk/pico-sdk/src/rp2_common/pico_float/float_aeabi.S.obj
 *(.preinit_array)
                0x0000000020000f68                PROVIDE (__preinit_array_end = .)
                0x0000000020000f68                . = ALIGN (0x4)
                0x0000000020000f68                PROVIDE (__init_array_start = .)
 *(SORT_BY_NAME(.init_array.*))
 *(.init_array)
 .init_array    0x0000000020000f68        0x4 /usr/lib/gcc/arm-none-eabi/10.3.1/thumb/v6-m/nofp/crtbegin.o
 .init_array    0x0000000020000f6c        0x4 CMakeFiles/weather_station.dir/home/gael/hepia/CSH/pico_sdk/pico-sdk/src/rp2_common/pico_unique_id/unique_id.c.obj
                0x0000000020000f70                PROVIDE (__init_array_end = .)
                0x0000000020000f70                . = ALIGN (0x4)
                0x0000000020000f70                PROVIDE (__fini_array_start = .)
 *(SORT_BY_NAME(.fini_array.*))
 *(.fini_array)
                0x0000000020000f70                PROVIDE (__fini_array_end = .)
 *(.jcr)
                0x0000000020000f70                . = ALIGN (0x4)
                0x0000000020000f70                __data_end__ = .

.tm_clone_table
                0x0000000020000f70        0x0 load address 0x000000001000af50
 .tm_clone_table
                0x0000000020000f70        0x0 /usr/lib/gcc/arm-none-eabi/10.3.1/thumb/v6-m/nofp/crtbegin.o
 .tm_clone_table
                0x0000000020000f70        0x0 /usr/lib/gcc/arm-none-eabi/10.3.1/thumb/v6-m/nofp/crtend.o

.igot.plt       0x0000000020000f70        0x0 load address 0x000000001000af50
 .igot.plt      0x0000000020000f70        0x0 /usr/lib/gcc/arm-none-eabi/10.3.1/thumb/v6-m/nofp/crtbegin.o

.uninitialized_data
                0x0000000020000f70        0x0 load address 0x000000001000af50
                0x0000000020000f70                . = ALIGN (0x4)
 *(.uninitialized_data*)

.scratch_x      0x0000000020040000        0x0 load address 0x000000001000af50
                0x0000000020040000                __scratch_x_start__ = .
 *(.scratch_x.*)
                0x0000000020040000                . = ALIGN (0x4)
                0x0000000020040000                __scratch_x_end__ = .
                0x000000001000af50                __scratch_x_source__ = LOADADDR (.scratch_x)

.scratch_y      0x0000000020041000        0x0 load address 0x000000001000af50
                0x0000000020041000                __scratch_y_start__ = .
 *(.scratch_y.*)
                0x0000000020041000                . = ALIGN (0x4)
                0x0000000020041000                __scratch_y_end__ = .
                0x000000001000af50                __scratch_y_source__ = LOADADDR (.scratch_y)

.bss            0x0000000020000f70      0xdc8
                0x0000000020000f70                . = ALIGN (0x4)
                0x0000000020000f70                __bss_start__ = .
 *(SORT_BY_ALIGNMENT(SORT_BY_NAME(.bss*)))
 .bss.default_alarm_pool_entries
                0x0000000020000f70      0x100 CMakeFiles/weather_station.dir/home/gael/hepia/CSH/pico_sdk/pico-sdk/src/common/pico_time/time.c.obj
 .bss.last_avail_time.1
                0x0000000020001070        0x8 CMakeFiles/weather_station.dir/home/gael/hepia/CSH/pico_sdk/pico-sdk/src/rp2_common/pico_stdio_usb/stdio_usb.c.obj
 .bss.sd_table  0x0000000020001078      0x100 CMakeFiles/weather_station.dir/home/gael/hepia/CSH/pico_sdk/pico-sdk/src/rp2_common/pico_double/double_init_rom.c.obj
                0x0000000020001078                sd_table
 .bss.sf_table  0x0000000020001178      0x100 CMakeFiles/weather_station.dir/home/gael/hepia/CSH/pico_sdk/pico-sdk/src/rp2_common/pico_float/float_init_rom.c.obj
                0x0000000020001178                sf_table
 .bss           0x0000000020001278       0x1c /usr/lib/gcc/arm-none-eabi/10.3.1/thumb/v6-m/nofp/crtbegin.o
 .bss.BLE_DATA_RECEIVED
                0x0000000020001294        0x4 src/RN4870/libRN4870.a(RN4870.c.obj)
                0x0000000020001294                BLE_DATA_RECEIVED
 .bss._app_driver
                0x0000000020001298        0x4 CMakeFiles/weather_station.dir/home/gael/hepia/CSH/pico_sdk/pico-sdk/lib/tinyusb/src/device/usbd.c.obj
 .bss._cdcd_itf
                0x000000002000129c      0x2c8 CMakeFiles/weather_station.dir/home/gael/hepia/CSH/pico_sdk/pico-sdk/lib/tinyusb/src/class/cdc/cdc_device.c.obj
 .bss._ctrl_xfer
                0x0000000020001564       0x14 CMakeFiles/weather_station.dir/home/gael/hepia/CSH/pico_sdk/pico-sdk/lib/tinyusb/src/device/usbd_control.c.obj
 .bss._ubsd_mutexdef
                0x0000000020001578        0x8 CMakeFiles/weather_station.dir/home/gael/hepia/CSH/pico_sdk/pico-sdk/lib/tinyusb/src/device/usbd.c.obj
 .bss._usbd_ctrl_buf
                0x0000000020001580       0x40 CMakeFiles/weather_station.dir/home/gael/hepia/CSH/pico_sdk/pico-sdk/lib/tinyusb/src/device/usbd_control.c.obj
 .bss._usbd_dev
                0x00000000200015c0       0x53 CMakeFiles/weather_station.dir/home/gael/hepia/CSH/pico_sdk/pico-sdk/lib/tinyusb/src/device/usbd.c.obj
 *fill*         0x0000000020001613        0x1 
 .bss._usbd_mutex
                0x0000000020001614        0x4 CMakeFiles/weather_station.dir/home/gael/hepia/CSH/pico_sdk/pico-sdk/lib/tinyusb/src/device/usbd.c.obj
 .bss._usbd_q   0x0000000020001618        0x4 CMakeFiles/weather_station.dir/home/gael/hepia/CSH/pico_sdk/pico-sdk/lib/tinyusb/src/device/usbd.c.obj
 .bss._usbd_qdef_buf
                0x000000002000161c       0xc0 CMakeFiles/weather_station.dir/home/gael/hepia/CSH/pico_sdk/pico-sdk/lib/tinyusb/src/device/usbd.c.obj
                0x000000002000161c                _usbd_qdef_buf
 .bss.alarm_callbacks
                0x00000000200016dc       0x10 CMakeFiles/weather_station.dir/home/gael/hepia/CSH/pico_sdk/pico-sdk/src/rp2_common/hardware_timer/timer.c.obj
 .bss.boot2_copyout
                0x00000000200016ec      0x100 CMakeFiles/weather_station.dir/home/gael/hepia/CSH/pico_sdk/pico-sdk/src/rp2_common/hardware_flash/flash.c.obj
 .bss.callbacks
                0x00000000200017ec        0x8 CMakeFiles/weather_station.dir/home/gael/hepia/CSH/pico_sdk/pico-sdk/src/rp2_common/hardware_gpio/gpio.c.obj
 .bss.chars_available_callback
                0x00000000200017f4        0x4 CMakeFiles/weather_station.dir/home/gael/hepia/CSH/pico_sdk/pico-sdk/src/rp2_common/pico_stdio_usb/stdio_usb.c.obj
 .bss.chars_available_param
                0x00000000200017f8        0x4 CMakeFiles/weather_station.dir/home/gael/hepia/CSH/pico_sdk/pico-sdk/src/rp2_common/pico_stdio_usb/stdio_usb.c.obj
 .bss.claimed   0x00000000200017fc        0x4 CMakeFiles/weather_station.dir/home/gael/hepia/CSH/pico_sdk/pico-sdk/src/rp2_common/hardware_sync/sync.c.obj
 .bss.configured_freq
                0x0000000020001800       0x28 CMakeFiles/weather_station.dir/home/gael/hepia/CSH/pico_sdk/pico-sdk/src/rp2_common/hardware_clocks/clocks.c.obj
 .bss.default_alarm_pool_entry_ids_high
                0x0000000020001828       0x10 CMakeFiles/weather_station.dir/home/gael/hepia/CSH/pico_sdk/pico-sdk/src/common/pico_time/time.c.obj
 .bss.default_alarm_pool_heap_nodes
                0x0000000020001838       0x30 CMakeFiles/weather_station.dir/home/gael/hepia/CSH/pico_sdk/pico-sdk/src/common/pico_time/time.c.obj
 .bss.desc_str.0
                0x0000000020001868       0x28 CMakeFiles/weather_station.dir/home/gael/hepia/CSH/pico_sdk/pico-sdk/src/rp2_common/pico_stdio_usb/stdio_usb_descriptors.c.obj
 .bss.drivers   0x0000000020001890        0x4 CMakeFiles/weather_station.dir/home/gael/hepia/CSH/pico_sdk/pico-sdk/src/rp2_common/pico_stdio/stdio.c.obj
 .bss.e15_last_sof
                0x0000000020001894        0x4 CMakeFiles/weather_station.dir/home/gael/hepia/CSH/pico_sdk/pico-sdk/lib/tinyusb/src/portable/raspberrypi/rp2040/rp2040_usb.c.obj
                0x0000000020001894                e15_last_sof
 .bss.filter    0x0000000020001898        0x4 CMakeFiles/weather_station.dir/home/gael/hepia/CSH/pico_sdk/pico-sdk/src/rp2_common/pico_stdio/stdio.c.obj
 .bss.hw_endpoints
                0x000000002000189c      0x400 CMakeFiles/weather_station.dir/home/gael/hepia/CSH/pico_sdk/pico-sdk/lib/tinyusb/src/portable/raspberrypi/rp2040/dcd_rp2040.c.obj
 .bss.lazy_vsnprintf
                0x0000000020001c9c        0x4 CMakeFiles/weather_station.dir/home/gael/hepia/CSH/pico_sdk/pico-sdk/src/rp2_common/pico_printf/printf.c.obj
 .bss.load_value
                0x0000000020001ca0        0x4 CMakeFiles/weather_station.dir/home/gael/hepia/CSH/pico_sdk/pico-sdk/src/rp2_common/hardware_watchdog/watchdog.c.obj
 .bss.next_buffer_ptr
                0x0000000020001ca4        0x4 CMakeFiles/weather_station.dir/home/gael/hepia/CSH/pico_sdk/pico-sdk/lib/tinyusb/src/portable/raspberrypi/rp2040/dcd_rp2040.c.obj
 .bss.one_shot_timer_crit_sec
                0x0000000020001ca8        0x8 CMakeFiles/weather_station.dir/home/gael/hepia/CSH/pico_sdk/pico-sdk/src/rp2_common/pico_stdio_usb/stdio_usb.c.obj
 .bss.pools     0x0000000020001cb0       0x10 CMakeFiles/weather_station.dir/home/gael/hepia/CSH/pico_sdk/pico-sdk/src/common/pico_time/time.c.obj
 .bss.raw_irq_mask
                0x0000000020001cc0        0x8 CMakeFiles/weather_station.dir/home/gael/hepia/CSH/pico_sdk/pico-sdk/src/rp2_common/hardware_gpio/gpio.c.obj
 .bss.retrieved_id
                0x0000000020001cc8        0x8 CMakeFiles/weather_station.dir/home/gael/hepia/CSH/pico_sdk/pico-sdk/src/rp2_common/pico_unique_id/unique_id.c.obj
 .bss.sf_clz_func
                0x0000000020001cd0        0x4 CMakeFiles/weather_station.dir/home/gael/hepia/CSH/pico_sdk/pico-sdk/src/rp2_common/pico_double/double_init_rom.c.obj
                0x0000000020001cd0                sf_clz_func
 .bss.sleep_notifier
                0x0000000020001cd4        0x4 CMakeFiles/weather_station.dir/home/gael/hepia/CSH/pico_sdk/pico-sdk/src/common/pico_time/time.c.obj
 .bss.stdio_usb_mutex
                0x0000000020001cd8        0x8 CMakeFiles/weather_station.dir/home/gael/hepia/CSH/pico_sdk/pico-sdk/src/rp2_common/pico_stdio_usb/stdio_usb.c.obj
 .bss.t_fine    0x0000000020001ce0        0x4 src/bme280/libbme280.a(bme280.c.obj)
                0x0000000020001ce0                t_fine
 .bss.target_hi
                0x0000000020001ce4       0x10 CMakeFiles/weather_station.dir/home/gael/hepia/CSH/pico_sdk/pico-sdk/src/rp2_common/hardware_timer/timer.c.obj
 .bss.uart_char_to_line_feed
                0x0000000020001cf4        0x4 CMakeFiles/weather_station.dir/home/gael/hepia/CSH/pico_sdk/pico-sdk/src/rp2_common/hardware_uart/uart.c.obj
                0x0000000020001cf4                uart_char_to_line_feed
 .bss.usbd_serial_str
                0x0000000020001cf8       0x11 CMakeFiles/weather_station.dir/home/gael/hepia/CSH/pico_sdk/pico-sdk/src/rp2_common/pico_stdio_usb/stdio_usb_descriptors.c.obj
 *fill*         0x0000000020001d09        0x1 
 .bss.dig_H2    0x0000000020001d0a        0x2 src/bme280/libbme280.a(bme280.c.obj)
                0x0000000020001d0a                dig_H2
 .bss.dig_H4    0x0000000020001d0c        0x2 src/bme280/libbme280.a(bme280.c.obj)
                0x0000000020001d0c                dig_H4
 .bss.dig_H5    0x0000000020001d0e        0x2 src/bme280/libbme280.a(bme280.c.obj)
                0x0000000020001d0e                dig_H5
 .bss.dig_P1    0x0000000020001d10        0x2 src/bme280/libbme280.a(bme280.c.obj)
                0x0000000020001d10                dig_P1
 .bss.dig_P2    0x0000000020001d12        0x2 src/bme280/libbme280.a(bme280.c.obj)
                0x0000000020001d12                dig_P2
 .bss.dig_P3    0x0000000020001d14        0x2 src/bme280/libbme280.a(bme280.c.obj)
                0x0000000020001d14                dig_P3
 .bss.dig_P4    0x0000000020001d16        0x2 src/bme280/libbme280.a(bme280.c.obj)
                0x0000000020001d16                dig_P4
 .bss.dig_P5    0x0000000020001d18        0x2 src/bme280/libbme280.a(bme280.c.obj)
                0x0000000020001d18                dig_P5
 .bss.dig_P6    0x0000000020001d1a        0x2 src/bme280/libbme280.a(bme280.c.obj)
                0x0000000020001d1a                dig_P6
 .bss.dig_P7    0x0000000020001d1c        0x2 src/bme280/libbme280.a(bme280.c.obj)
                0x0000000020001d1c                dig_P7
 .bss.dig_P8    0x0000000020001d1e        0x2 src/bme280/libbme280.a(bme280.c.obj)
                0x0000000020001d1e                dig_P8