Archive member included to satisfy reference by file (symbol)

src/i2c_non_blocking/libi2c_non_blocking.a(i2c_non_blocking.c.obj)
                              CMakeFiles/weather_station.dir/src/main.c.obj (i2c_nb_handler)
src/systick/libsystick.a(systick.c.obj)
                              CMakeFiles/weather_station.dir/src/main.c.obj (systick_init)
src/station/libstation.a(station.c.obj)
                              CMakeFiles/weather_station.dir/src/main.c.obj (station_init)
src/weather_mode/libweather_mode.a(weather_mode.c.obj)
                              src/station/libstation.a(station.c.obj) (weather_mode_measure_data)
src/wellcome_mode/libwellcome_mode.a(wellcome_mode.c.obj)
                              src/station/libstation.a(station.c.obj) (wellcome_mode_init_if)
src/lcd/liblcd.a(lcd.c.obj)   src/station/libstation.a(station.c.obj) (lcd_backlight_off)
src/font/libfont.a(font.c.obj)
                              src/station/libstation.a(station.c.obj) (BigFont)
src/touchscreen/libtouchscreen.a(touchscreen.c.obj)
                              src/station/libstation.a(station.c.obj) (touchscreen_init)
src/bme280/libbme280.a(bme280.c.obj)
                              src/station/libstation.a(station.c.obj) (BME280_config)
src/veml7700/libveml7700.a(veml7700.c.obj)
                              src/station/libstation.a(station.c.obj) (VEML7700_config)
src/RN4870/libRN4870.a(RN4870.c.obj)
                              CMakeFiles/weather_station.dir/src/main.c.obj (RN4870_init)
src/display/libdisplay.a(display.c.obj)
                              CMakeFiles/weather_station.dir/src/main.c.obj (display_create_zone_matrix)
src/util/libutil.a(util.c.obj)
                              src/RN4870/libRN4870.a(RN4870.c.obj) (gpio_initialize_out)
src/led_rgb/libled_rgb.a(led_rgb.c.obj)
                              CMakeFiles/weather_station.dir/src/main.c.obj (led_rgb_init)
src/drawing_mode/libdrawing_mode.a(drawing_mode.c.obj)
                              src/station/libstation.a(station.c.obj) (drawing_mode_draw)
/usr/lib/gcc/arm-none-eabi/10.3.1/thumb/v6-m/nofp/libgcc.a(_dvmd_tls.o)
                              CMakeFiles/weather_station.dir/home/gael/git/pico-sdk/src/rp2_common/pico_divider/divider.S.obj (__aeabi_idiv0)
/usr/lib/gcc/arm-none-eabi/10.3.1/../../../arm-none-eabi/lib/thumb/v6-m/nofp/libc.a(lib_a-atexit.o)
                              /usr/lib/gcc/arm-none-eabi/10.3.1/../../../arm-none-eabi/lib/thumb/v6-m/nofp/crt0.o (atexit)
/usr/lib/gcc/arm-none-eabi/10.3.1/../../../arm-none-eabi/lib/thumb/v6-m/nofp/libc.a(lib_a-calloc.o)
                              CMakeFiles/weather_station.dir/home/gael/git/pico-sdk/src/rp2_common/pico_malloc/pico_malloc.c.obj (calloc)
/usr/lib/gcc/arm-none-eabi/10.3.1/../../../arm-none-eabi/lib/thumb/v6-m/nofp/libc.a(lib_a-callocr.o)
                              /usr/lib/gcc/arm-none-eabi/10.3.1/../../../arm-none-eabi/lib/thumb/v6-m/nofp/libc.a(lib_a-calloc.o) (_calloc_r)
/usr/lib/gcc/arm-none-eabi/10.3.1/../../../arm-none-eabi/lib/thumb/v6-m/nofp/libc.a(lib_a-fini.o)
                              /usr/lib/gcc/arm-none-eabi/10.3.1/../../../arm-none-eabi/lib/thumb/v6-m/nofp/crt0.o (__libc_fini_array)
/usr/lib/gcc/arm-none-eabi/10.3.1/../../../arm-none-eabi/lib/thumb/v6-m/nofp/libc.a(lib_a-impure.o)
                              /usr/lib/gcc/arm-none-eabi/10.3.1/../../../arm-none-eabi/lib/thumb/v6-m/nofp/libc.a(lib_a-calloc.o) (_impure_ptr)
/usr/lib/gcc/arm-none-eabi/10.3.1/../../../arm-none-eabi/lib/thumb/v6-m/nofp/libc.a(lib_a-init.o)
                              /usr/lib/gcc/arm-none-eabi/10.3.1/../../../arm-none-eabi/lib/thumb/v6-m/nofp/crt0.o (__libc_init_array)
/usr/lib/gcc/arm-none-eabi/10.3.1/../../../arm-none-eabi/lib/thumb/v6-m/nofp/libc.a(lib_a-malloc.o)
                              CMakeFiles/weather_station.dir/home/gael/git/pico-sdk/src/rp2_common/pico_malloc/pico_malloc.c.obj (malloc)
/usr/lib/gcc/arm-none-eabi/10.3.1/../../../arm-none-eabi/lib/thumb/v6-m/nofp/libc.a(lib_a-mallocr.o)
                              /usr/lib/gcc/arm-none-eabi/10.3.1/../../../arm-none-eabi/lib/thumb/v6-m/nofp/libc.a(lib_a-callocr.o) (_malloc_r)
/usr/lib/gcc/arm-none-eabi/10.3.1/../../../arm-none-eabi/lib/thumb/v6-m/nofp/libc.a(lib_a-mlock.o)
                              /usr/lib/gcc/arm-none-eabi/10.3.1/../../../arm-none-eabi/lib/thumb/v6-m/nofp/libc.a(lib_a-mallocr.o) (__malloc_lock)
/usr/lib/gcc/arm-none-eabi/10.3.1/../../../arm-none-eabi/lib/thumb/v6-m/nofp/libc.a(lib_a-realloc.o)
                              CMakeFiles/weather_station.dir/home/gael/git/pico-sdk/src/rp2_common/pico_malloc/pico_malloc.c.obj (realloc)
/usr/lib/gcc/arm-none-eabi/10.3.1/../../../arm-none-eabi/lib/thumb/v6-m/nofp/libc.a(lib_a-reallocr.o)
                              /usr/lib/gcc/arm-none-eabi/10.3.1/../../../arm-none-eabi/lib/thumb/v6-m/nofp/libc.a(lib_a-realloc.o) (_realloc_r)
/usr/lib/gcc/arm-none-eabi/10.3.1/../../../arm-none-eabi/lib/thumb/v6-m/nofp/libc.a(lib_a-sbrkr.o)
[...]
Memory Configuration

Name             Origin             Length             Attributes
FLASH            0x0000000010000000 0x0000000000200000 xr
RAM              0x0000000020000000 0x0000000000040000 xrw
SCRATCH_X        0x0000000020040000 0x0000000000001000 xrw
SCRATCH_Y        0x0000000020041000 0x0000000000001000 xrw
*default*        0x0000000000000000 0xffffffffffffffff

Linker script and memory map

LOAD /usr/lib/gcc/arm-none-eabi/10.3.1/thumb/v6-m/nofp/crti.o
LOAD /usr/lib/gcc/arm-none-eabi/10.3.1/thumb/v6-m/nofp/crtbegin.o
LOAD /usr/lib/gcc/arm-none-eabi/10.3.1/../../../arm-none-eabi/lib/thumb/v6-m/nofp/crt0.o

.flash_begin    0x0000000010000000        0x0
                0x0000000010000000                __flash_binary_start = .

.boot2          0x0000000010000000      0x100
                0x0000000010000000                __boot2_start__ = .
 *(.boot2)
 .boot2         0x0000000010000000      0x100 /tmp/cclBpiH9.o
                0x0000000010000100                __boot2_end__ = .
                0x0000000000000001                ASSERT (((__boot2_end__ - __boot2_start__) == 0x100), ERROR: Pico second stage bootloader must be 256 bytes in size)

.text           0x0000000010000100     0x7318
                0x0000000010000100                __logical_binary_start = .
 *(.vectors)
 .vectors       0x0000000010000100       0xd4 CMakeFiles/weather_station.dir/home/gael/git/pico-sdk/src/rp2_common/pico_standard_link/crt0.S.obj
                0x0000000010000100                __vectors
                0x0000000010000100                __VECTOR_TABLE
                0x00000000100001c0                isr_invalid
                0x00000000100001c0                __default_isrs_start
                0x00000000100001c2                isr_nmi
                0x00000000100001c4                isr_hardfault
                0x00000000100001c6                isr_svcall
                0x00000000100001c8                isr_pendsv
                0x00000000100001cc                isr_irq30
                0x00000000100001cc                __unhandled_user_irq
                0x00000000100001cc                isr_irq13
                0x00000000100001cc                isr_irq27
                0x00000000100001cc                isr_irq31
                0x00000000100001cc                isr_irq5
                0x00000000100001cc                isr_irq11
                0x00000000100001cc                isr_irq23
                0x00000000100001cc                isr_irq18
                0x00000000100001cc                isr_irq28
                0x00000000100001cc                isr_irq19
                0x00000000100001cc                isr_irq0
                0x00000000100001cc                isr_irq6
                0x00000000100001cc                isr_irq22
                0x00000000100001cc                isr_irq17
                0x00000000100001cc                isr_irq14
                0x00000000100001cc                isr_irq2
                0x00000000100001cc                isr_irq10
                0x00000000100001cc                isr_irq8
                0x00000000100001cc                isr_irq24
                0x00000000100001cc                isr_irq1
                0x00000000100001cc                isr_irq7
                0x00000000100001cc                isr_irq21
                0x00000000100001cc                isr_irq20
                0x00000000100001cc                isr_irq15
                0x00000000100001cc                isr_irq25
                0x00000000100001cc                isr_irq4
                0x00000000100001cc                isr_irq16
                0x00000000100001cc                isr_irq29
                0x00000000100001cc                isr_irq26
                0x00000000100001cc                __default_isrs_end
                0x00000000100001cc                isr_irq3
                0x00000000100001cc                isr_irq12
                0x00000000100001cc                isr_irq9
                0x00000000100001d2                unhandled_user_irq_num_in_r0
 *(.binary_info_header)
 .binary_info_header
                0x00000000100001d4       0x14 CMakeFiles/weather_station.dir/home/gael/git/pico-sdk/src/rp2_common/pico_standard_link/crt0.S.obj
                0x00000000100001e8                __binary_info_header_end = .
 *(.reset)
 .reset         0x00000000100001e8       0xa0 CMakeFiles/weather_station.dir/home/gael/git/pico-sdk/src/rp2_common/pico_standard_link/crt0.S.obj
                0x00000000100001e8                _entry_point
 .reset         0x0000000010000288       0x30 CMakeFiles/weather_station.dir/home/gael/git/pico-sdk/src/rp2_common/pico_standard_link/binary_info.c.obj
 *(.init)
 .init          0x00000000100002b8        0x4 /usr/lib/gcc/arm-none-eabi/10.3.1/thumb/v6-m/nofp/crti.o
                0x00000000100002b8                _init
 *(EXCLUDE_FILE(*libm.a: *libc.a:*lib_a-mem*.o *libgcc.a:) .text*)
 .text          0x00000000100002bc       0x98 /usr/lib/gcc/arm-none-eabi/10.3.1/thumb/v6-m/nofp/crtbegin.o
 .text.startup.main
                0x0000000010000354       0x14 CMakeFiles/weather_station.dir/src/main.c.obj
                0x0000000010000354                main
 .text.i2c_set_baudrate
                0x0000000010000368       0xc4 CMakeFiles/weather_station.dir/home/gael/git/pico-sdk/src/rp2_common/hardware_i2c/i2c.c.obj
                0x0000000010000368                i2c_set_baudrate
 .text.i2c_init
                0x000000001000042c       0x54 CMakeFiles/weather_station.dir/home/gael/git/pico-sdk/src/rp2_common/hardware_i2c/i2c.c.obj
                0x000000001000042c                i2c_init
 .text.i2c_write_blocking
                0x0000000010000480       0xd0 CMakeFiles/weather_station.dir/home/gael/git/pico-sdk/src/rp2_common/hardware_i2c/i2c.c.obj
                0x0000000010000480                i2c_write_blocking
 .text.i2c_read_blocking
                0x0000000010000550       0xac CMakeFiles/weather_station.dir/home/gael/git/pico-sdk/src/rp2_common/hardware_i2c/i2c.c.obj
                0x0000000010000550                i2c_read_blocking
 .text.running_on_fpga
                0x00000000100005fc       0x10 CMakeFiles/weather_station.dir/home/gael/git/pico-sdk/src/rp2_common/pico_platform/platform.c.obj
                0x00000000100005fc                running_on_fpga
 .text.hw_claim_or_assert
                0x000000001000060c       0x44 CMakeFiles/weather_station.dir/home/gael/git/pico-sdk/src/rp2_common/hardware_claim/claim.c.obj
                0x000000001000060c                hw_claim_or_assert
 .text.spin_locks_reset
                0x0000000010000650       0x1c CMakeFiles/weather_station.dir/home/gael/git/pico-sdk/src/rp2_common/hardware_sync/sync.c.obj
                0x0000000010000650                spin_locks_reset
 .text.next_striped_spin_lock_num
                0x000000001000066c       0x18 CMakeFiles/weather_station.dir/home/gael/git/pico-sdk/src/rp2_common/hardware_sync/sync.c.obj
                0x000000001000066c                next_striped_spin_lock_num
 .text.timer_pool_entry_comparator
                0x0000000010000684       0x34 CMakeFiles/weather_station.dir/home/gael/git/pico-sdk/src/common/pico_time/time.c.obj
                0x0000000010000684                timer_pool_entry_comparator
 .text.sleep_until_callback
                0x00000000100006b8       0x30 CMakeFiles/weather_station.dir/home/gael/git/pico-sdk/src/common/pico_time/time.c.obj
 .text.add_alarm_under_lock.isra.0
                0x00000000100006e8      0x100 CMakeFiles/weather_station.dir/home/gael/git/pico-sdk/src/common/pico_time/time.c.obj
 .text.alarm_pool_alarm_callback
                0x00000000100007e8      0x1bc CMakeFiles/weather_station.dir/home/gael/git/pico-sdk/src/common/pico_time/time.c.obj
 .text.alarm_pool_init_default
                0x00000000100009a4       0x6c CMakeFiles/weather_station.dir/home/gael/git/pico-sdk/src/common/pico_time/time.c.obj
                0x00000000100009a4                alarm_pool_init_default
 .text.alarm_pool_add_alarm_at
                0x0000000010000a10      0x178 CMakeFiles/weather_station.dir/home/gael/git/pico-sdk/src/common/pico_time/time.c.obj
                0x0000000010000a10                alarm_pool_add_alarm_at
 .text.sleep_until
                0x0000000010000b88       0xc4 CMakeFiles/weather_station.dir/home/gael/git/pico-sdk/src/common/pico_time/time.c.obj
                0x0000000010000b88                sleep_until
 .text.sleep_ms
                0x0000000010000c4c       0x34 CMakeFiles/weather_station.dir/home/gael/git/pico-sdk/src/common/pico_time/time.c.obj
                0x0000000010000c4c                sleep_ms
 .text.best_effort_wfe_or_timeout
                0x0000000010000c80       0xd4 CMakeFiles/weather_station.dir/home/gael/git/pico-sdk/src/common/pico_time/time.c.obj
                0x0000000010000c80                best_effort_wfe_or_timeout
 .text.hardware_alarm_irq_handler
                0x0000000010000d54       0xbc CMakeFiles/weather_station.dir/home/gael/git/pico-sdk/src/rp2_common/hardware_timer/timer.c.obj
 .text.hardware_alarm_claim
                0x0000000010000e10       0x18 CMakeFiles/weather_station.dir/home/gael/git/pico-sdk/src/rp2_common/hardware_timer/timer.c.obj
                0x0000000010000e10                hardware_alarm_claim
 .text.time_us_64
                0x0000000010000e28       0x14 CMakeFiles/weather_station.dir/home/gael/git/pico-sdk/src/rp2_common/hardware_timer/timer.c.obj
                0x0000000010000e28                time_us_64
 .text.busy_wait_until
                0x0000000010000e3c       0x20 CMakeFiles/weather_station.dir/home/gael/git/pico-sdk/src/rp2_common/hardware_timer/timer.c.obj
                0x0000000010000e3c                busy_wait_until
 .text.hardware_alarm_set_callback
                0x0000000010000e5c       0x8c CMakeFiles/weather_station.dir/home/gael/git/pico-sdk/src/rp2_common/hardware_timer/timer.c.obj
                0x0000000010000e5c                hardware_alarm_set_callback
 .text.hardware_alarm_set_target
                0x0000000010000ee8       0xd4 CMakeFiles/weather_station.dir/home/gael/git/pico-sdk/src/rp2_common/hardware_timer/timer.c.obj
                0x0000000010000ee8                hardware_alarm_set_target
 .text.hardware_alarm_cancel
                0x0000000010000fbc       0x3c CMakeFiles/weather_station.dir/home/gael/git/pico-sdk/src/rp2_common/hardware_timer/timer.c.obj
                0x0000000010000fbc                hardware_alarm_cancel
 .text.irq_set_enabled
                0x0000000010000ff8       0x24 CMakeFiles/weather_station.dir/home/gael/git/pico-sdk/src/rp2_common/hardware_irq/irq.c.obj
                0x0000000010000ff8                irq_set_enabled
 .text.irq_get_vtable_handler
                0x000000001000101c       0x10 CMakeFiles/weather_station.dir/home/gael/git/pico-sdk/src/rp2_common/hardware_irq/irq.c.obj
                0x000000001000101c                irq_get_vtable_handler
 .text.irq_set_exclusive_handler
                0x000000001000102c       0x54 CMakeFiles/weather_station.dir/home/gael/git/pico-sdk/src/rp2_common/hardware_irq/irq.c.obj
                0x000000001000102c                irq_set_exclusive_handler
 .text.irq_add_shared_handler
                0x0000000010001080      0x1e8 CMakeFiles/weather_station.dir/home/gael/git/pico-sdk/src/rp2_common/hardware_irq/irq.c.obj
                0x0000000010001080                irq_add_shared_handler
 .text.irq_remove_handler
                0x0000000010001268      0x1b0 CMakeFiles/weather_station.dir/home/gael/git/pico-sdk/src/rp2_common/hardware_irq/irq.c.obj
                0x0000000010001268                irq_remove_handler
 .text.irq_add_tail_to_free_list
                0x0000000010001418       0xb4 CMakeFiles/weather_station.dir/home/gael/git/pico-sdk/src/rp2_common/hardware_irq/irq.c.obj
                0x0000000010001418                irq_add_tail_to_free_list
 .text.irq_init_priorities
                0x00000000100014cc       0x24 CMakeFiles/weather_station.dir/home/gael/git/pico-sdk/src/rp2_common/hardware_irq/irq.c.obj
                0x00000000100014cc                irq_init_priorities
 .text.lock_init
                0x00000000100014f0       0x10 CMakeFiles/weather_station.dir/home/gael/git/pico-sdk/src/common/pico_sync/lock_core.c.obj
                0x00000000100014f0                lock_init
 .text.mutex_init
                0x0000000010001500       0x1c CMakeFiles/weather_station.dir/home/gael/git/pico-sdk/src/common/pico_sync/mutex.c.obj
                0x0000000010001500                mutex_init
 .text.recursive_mutex_init
                0x000000001000151c       0x1c CMakeFiles/weather_station.dir/home/gael/git/pico-sdk/src/common/pico_sync/mutex.c.obj
                0x000000001000151c                recursive_mutex_init
 .text.ph_merge_nodes
                0x0000000010001538       0x68 CMakeFiles/weather_station.dir/home/gael/git/pico-sdk/src/common/pico_util/pheap.c.obj
 .text.ph_post_alloc_init
                0x00000000100015a0       0x3c CMakeFiles/weather_station.dir/home/gael/git/pico-sdk/src/common/pico_util/pheap.c.obj
                0x00000000100015a0                ph_post_alloc_init
 .text.ph_merge_two_pass
                0x00000000100015dc       0x90 CMakeFiles/weather_station.dir/home/gael/git/pico-sdk/src/common/pico_util/pheap.c.obj
                0x00000000100015dc                ph_merge_two_pass
 .text.ph_remove_any_head
                0x000000001000166c      0x100 CMakeFiles/weather_station.dir/home/gael/git/pico-sdk/src/common/pico_util/pheap.c.obj
 .text.ph_remove_head
                0x000000001000176c      0x104 CMakeFiles/weather_station.dir/home/gael/git/pico-sdk/src/common/pico_util/pheap.c.obj
                0x000000001000176c                ph_remove_head
 .text.ph_remove_and_free_node
                0x0000000010001870       0x7c CMakeFiles/weather_station.dir/home/gael/git/pico-sdk/src/common/pico_util/pheap.c.obj
                0x0000000010001870                ph_remove_and_free_node
 .text.clocks_init
                0x00000000100018ec      0x2d0 CMakeFiles/weather_station.dir/home/gael/git/pico-sdk/src/rp2_common/hardware_clocks/clocks.c.obj
                0x00000000100018ec                clocks_init
 .text.clock_get_hz
                0x0000000010001bbc        0xc CMakeFiles/weather_station.dir/home/gael/git/pico-sdk/src/rp2_common/hardware_clocks/clocks.c.obj
                0x0000000010001bbc                clock_get_hz
 .text.gpio_default_irq_handler
                0x0000000010001bc8      0x248 CMakeFiles/weather_station.dir/home/gael/git/pico-sdk/src/rp2_common/hardware_gpio/gpio.c.obj
 .text.gpio_set_function
                0x0000000010001e10       0x30 CMakeFiles/weather_station.dir/home/gael/git/pico-sdk/src/rp2_common/hardware_gpio/gpio.c.obj
                0x0000000010001e10                gpio_set_function
 .text.gpio_set_irq_enabled_with_callback
                0x0000000010001e40       0xb0 CMakeFiles/weather_station.dir/home/gael/git/pico-sdk/src/rp2_common/hardware_gpio/gpio.c.obj
                0x0000000010001e40                gpio_set_irq_enabled_with_callback
 .text.gpio_init
                0x0000000010001ef0       0x3c CMakeFiles/weather_station.dir/home/gael/git/pico-sdk/src/rp2_common/hardware_gpio/gpio.c.obj
                0x0000000010001ef0                gpio_init
 .text.pll_init
                0x0000000010001f2c       0xa0 CMakeFiles/weather_station.dir/home/gael/git/pico-sdk/src/rp2_common/hardware_pll/pll.c.obj
                0x0000000010001f2c                pll_init
 .text.watchdog_start_tick
                0x0000000010001fcc       0x10 CMakeFiles/weather_station.dir/home/gael/git/pico-sdk/src/rp2_common/hardware_watchdog/watchdog.c.obj
                0x0000000010001fcc                watchdog_start_tick
 .text.xosc_init
                0x0000000010001fdc       0x28 CMakeFiles/weather_station.dir/home/gael/git/pico-sdk/src/rp2_common/hardware_xosc/xosc.c.obj
                0x0000000010001fdc                xosc_init
 .text.runtime_init
                0x0000000010002004       0xf0 CMakeFiles/weather_station.dir/home/gael/git/pico-sdk/src/rp2_common/pico_runtime/runtime.c.obj
                0x0000000010002004                runtime_init
 .text._exit    0x00000000100020f4        0x4 CMakeFiles/weather_station.dir/home/gael/git/pico-sdk/src/rp2_common/pico_runtime/runtime.c.obj
                0x00000000100020f4                _exit
 .text.exit     0x00000000100020f8        0x8 CMakeFiles/weather_station.dir/home/gael/git/pico-sdk/src/rp2_common/pico_runtime/runtime.c.obj
                0x00000000100020f8                exit
 .text.panic    0x0000000010002100       0x30 CMakeFiles/weather_station.dir/home/gael/git/pico-sdk/src/rp2_common/pico_runtime/runtime.c.obj
                0x0000000010002100                panic
 .text.hard_assertion_failure
                0x0000000010002130        0xc CMakeFiles/weather_station.dir/home/gael/git/pico-sdk/src/rp2_common/pico_runtime/runtime.c.obj
                0x0000000010002130                hard_assertion_failure
 .text._out_buffer
                0x000000001000213c        0x8 CMakeFiles/weather_station.dir/home/gael/git/pico-sdk/src/rp2_common/pico_printf/printf.c.obj
 .text._out_null
                0x0000000010002144        0x4 CMakeFiles/weather_station.dir/home/gael/git/pico-sdk/src/rp2_common/pico_printf/printf.c.obj
 .text._out_rev
                0x0000000010002148       0x9c CMakeFiles/weather_station.dir/home/gael/git/pico-sdk/src/rp2_common/pico_printf/printf.c.obj
 .text._ntoa_format
                0x00000000100021e4      0x1cc CMakeFiles/weather_station.dir/home/gael/git/pico-sdk/src/rp2_common/pico_printf/printf.c.obj
 .text._out_char
                0x00000000100023b0       0x10 CMakeFiles/weather_station.dir/home/gael/git/pico-sdk/src/rp2_common/pico_printf/printf.c.obj
 .text._out_fct
                0x00000000100023c0       0x10 CMakeFiles/weather_station.dir/home/gael/git/pico-sdk/src/rp2_common/pico_printf/printf.c.obj
 .text._etoa    0x00000000100023d0      0x44c CMakeFiles/weather_station.dir/home/gael/git/pico-sdk/src/rp2_common/pico_printf/printf.c.obj
 .text._ftoa    0x000000001000281c      0x398 CMakeFiles/weather_station.dir/home/gael/git/pico-sdk/src/rp2_common/pico_printf/printf.c.obj
 .text._vsnprintf
                0x0000000010002bb4      0xb04 CMakeFiles/weather_station.dir/home/gael/git/pico-sdk/src/rp2_common/pico_printf/printf.c.obj
 .text.__wrap_sprintf
                0x00000000100036b8       0x28 CMakeFiles/weather_station.dir/home/gael/git/pico-sdk/src/rp2_common/pico_printf/printf.c.obj
                0x00000000100036b8                __wrap_sprintf
 .text.vfctprintf
                0x00000000100036e0       0x20 CMakeFiles/weather_station.dir/home/gael/git/pico-sdk/src/rp2_common/pico_printf/printf.c.obj
                0x00000000100036e0                vfctprintf
 .text.weak_raw_vprintf
                0x0000000010003700       0x30 CMakeFiles/weather_station.dir/home/gael/git/pico-sdk/src/rp2_common/pico_printf/printf.c.obj
                0x0000000010003700                weak_raw_vprintf
 .text          0x0000000010003730       0x10 CMakeFiles/weather_station.dir/home/gael/git/pico-sdk/src/rp2_common/pico_bit_ops/bit_ops_aeabi.S.obj
 .text.rom_func_lookup
                0x0000000010003740       0x10 CMakeFiles/weather_station.dir/home/gael/git/pico-sdk/src/rp2_common/pico_bootrom/bootrom.c.obj
                0x0000000010003740                rom_func_lookup
 .text.rom_data_lookup
                0x0000000010003750       0x10 CMakeFiles/weather_station.dir/home/gael/git/pico-sdk/src/rp2_common/pico_bootrom/bootrom.c.obj
                0x0000000010003750                rom_data_lookup
 .text.rom_funcs_lookup
                0x0000000010003760       0x44 CMakeFiles/weather_station.dir/home/gael/git/pico-sdk/src/rp2_common/pico_bootrom/bootrom.c.obj
                0x0000000010003760                rom_funcs_lookup
 .text.__wrap___aeabi_idiv
                0x00000000100037a4       0x50 CMakeFiles/weather_station.dir/home/gael/git/pico-sdk/src/rp2_common/pico_divider/divider.S.obj
                0x00000000100037a4                __wrap___aeabi_idivmod
                0x00000000100037a4                divmod_s32s32
                0x00000000100037a4                div_s32s32
                0x00000000100037a4                __wrap___aeabi_idiv
                0x00000000100037ac                divmod_s32s32_unsafe
                0x00000000100037d8                divmod_s32s32_savestate
 .text.__wrap___aeabi_uidiv
                0x00000000100037f4       0x4c CMakeFiles/weather_station.dir/home/gael/git/pico-sdk/src/rp2_common/pico_divider/divider.S.obj
                0x00000000100037f4                __wrap___aeabi_uidiv
                0x00000000100037f4                __wrap___aeabi_uidivmod
                0x00000000100037f4                div_u32u32
                0x00000000100037f4                divmod_u32u32
                0x00000000100037fc                divmod_u32u32_unsafe
                0x0000000010003824                divmod_u32u32_savestate
 .text.__wrap___aeabi_ldiv
                0x0000000010003840      0x424 CMakeFiles/weather_station.dir/home/gael/git/pico-sdk/src/rp2_common/pico_divider/divider.S.obj
                0x0000000010003840                div_s64s64
                0x0000000010003840                divmod_s64s64
                0x0000000010003840                __wrap___aeabi_ldivmod
                0x0000000010003870                div_u64u64
                0x0000000010003870                divmod_u64u64
                0x0000000010003870                __wrap___aeabi_uldivmod
                0x0000000010003880                divmod_u64u64_savestate
                0x00000000100038a0                divmod_s64s64_unsafe
                0x0000000010003928                divmod_u64u64_unsafe
 .text.__wrap___aeabi_darithmetic
                0x0000000010003c64       0x80 CMakeFiles/weather_station.dir/home/gael/git/pico-sdk/src/rp2_common/pico_double/double_aeabi.S.obj
                0x0000000010003c64                __wrap___aeabi_drsub
                0x0000000010003c6a                __wrap___aeabi_dsub
                0x0000000010003c7c                __wrap___aeabi_dadd
                0x0000000010003c8e                __wrap___aeabi_ddiv
                0x0000000010003cca                __wrap___aeabi_dmul
 .text.__wrap___aeabi_cdcmple
                0x0000000010003ce4       0x6c CMakeFiles/weather_station.dir/home/gael/git/pico-sdk/src/rp2_common/pico_double/double_aeabi.S.obj
                0x0000000010003ce4                __wrap___aeabi_cdrcmple
                0x0000000010003cf4                __wrap___aeabi_cdcmple
                0x0000000010003cf4                __wrap___aeabi_cdcmpeq
 .text.__wrap___aeabi_dcmpeq
                0x0000000010003d50       0x10 CMakeFiles/weather_station.dir/home/gael/git/pico-sdk/src/rp2_common/pico_double/double_aeabi.S.obj
                0x0000000010003d50                __wrap___aeabi_dcmpeq
 .text.__wrap___aeabi_dcmplt
                0x0000000010003d60        0xc CMakeFiles/weather_station.dir/home/gael/git/pico-sdk/src/rp2_common/pico_double/double_aeabi.S.obj
                0x0000000010003d60                __wrap___aeabi_dcmplt
 .text.__wrap___aeabi_dcmple
                0x0000000010003d6c       0x10 CMakeFiles/weather_station.dir/home/gael/git/pico-sdk/src/rp2_common/pico_double/double_aeabi.S.obj
                0x0000000010003d6c                __wrap___aeabi_dcmple
 .text.__wrap___aeabi_dcmpge
                0x0000000010003d7c       0x10 CMakeFiles/weather_station.dir/home/gael/git/pico-sdk/src/rp2_common/pico_double/double_aeabi.S.obj
                0x0000000010003d7c                __wrap___aeabi_dcmpge
 .text.__wrap___aeabi_dcmpgt
                0x0000000010003d8c        0xa CMakeFiles/weather_station.dir/home/gael/git/pico-sdk/src/rp2_common/pico_double/double_aeabi.S.obj
                0x0000000010003d8c                __wrap___aeabi_dcmpgt
 .text.__wrap___aeabi_dcmpun
                0x0000000010003d96       0x1c CMakeFiles/weather_station.dir/home/gael/git/pico-sdk/src/rp2_common/pico_double/double_aeabi.S.obj
                0x0000000010003d96                __wrap___aeabi_dcmpun
 *fill*         0x0000000010003db2        0x2 
 .text.__wrap___aeabi_i2d
                0x0000000010003db4       0x38 CMakeFiles/weather_station.dir/home/gael/git/pico-sdk/src/rp2_common/pico_double/double_aeabi.S.obj
                0x0000000010003db4                __wrap___aeabi_ui2d
                0x0000000010003dbc                __wrap___aeabi_i2d
 .text.__wrap___aeabi_d2iz
                0x0000000010003dec       0x48 CMakeFiles/weather_station.dir/home/gael/git/pico-sdk/src/rp2_common/pico_double/double_aeabi.S.obj
                0x0000000010003dec                __wrap___aeabi_d2iz
                0x0000000010003dec                double2int_z
 .text.__wrap___aeabi_d2uiz
                0x0000000010003e34       0x18 CMakeFiles/weather_station.dir/home/gael/git/pico-sdk/src/rp2_common/pico_double/double_aeabi.S.obj
                0x0000000010003e34                double2uint
                0x0000000010003e34                __wrap___aeabi_d2uiz
 .text.__wrap___aeabi_d2f
                0x0000000010003e4c       0x18 CMakeFiles/weather_station.dir/home/gael/git/pico-sdk/src/rp2_common/pico_double/double_aeabi.S.obj
                0x0000000010003e4c                __wrap___aeabi_d2f
 .text.__aeabi_double_init
                0x0000000010003e64       0x94 CMakeFiles/weather_station.dir/home/gael/git/pico-sdk/src/rp2_common/pico_double/double_init_rom.c.obj
                0x0000000010003e64                __aeabi_double_init
 .text.double_table_shim_on_use_helper
                0x0000000010003ef8       0x2c CMakeFiles/weather_station.dir/home/gael/git/pico-sdk/src/rp2_common/pico_double/double_v1_rom_shim.S.obj
                0x0000000010003ef8                double_table_shim_on_use_helper
 .text.__wrap___aeabi_dsub
                0x0000000010003f24       0x10 CMakeFiles/weather_station.dir/home/gael/git/pico-sdk/src/rp2_common/pico_double/double_v1_rom_shim.S.obj
                0x0000000010003f24                drsub_shim
                0x0000000010003f2a                dsub_shim
 .text.dadd_shim
                0x0000000010003f34      0x15c CMakeFiles/weather_station.dir/home/gael/git/pico-sdk/src/rp2_common/pico_double/double_v1_rom_shim.S.obj
                0x0000000010003f34                dadd_shim
 .text.dmul_shim
                0x0000000010004090      0x15c CMakeFiles/weather_station.dir/home/gael/git/pico-sdk/src/rp2_common/pico_double/double_v1_rom_shim.S.obj
                0x0000000010004090                dmul_shim
 .text.ddiv_shim
                0x00000000100041ec      0x1b0 CMakeFiles/weather_station.dir/home/gael/git/pico-sdk/src/rp2_common/pico_double/double_v1_rom_shim.S.obj
                0x00000000100041ec                ddiv_shim
 .text.double2uint_shim
                0x000000001000439c        0xe CMakeFiles/weather_station.dir/home/gael/git/pico-sdk/src/rp2_common/pico_double/double_v1_rom_shim.S.obj
                0x000000001000439c                double2uint_shim
                0x000000001000439e                double2ufix_shim
 *fill*         0x00000000100043aa        0x2 
 .text.double2uint64_shim
                0x00000000100043ac       0x70 CMakeFiles/weather_station.dir/home/gael/git/pico-sdk/src/rp2_common/pico_double/double_v1_rom_shim.S.obj
                0x00000000100043ac                double2uint64_shim
                0x00000000100043ae                double2ufix64_shim
                0x00000000100043ce                d2fix_a
 .text.double2float_shim
                0x000000001000441c       0x5c CMakeFiles/weather_station.dir/home/gael/git/pico-sdk/src/rp2_common/pico_double/double_v1_rom_shim.S.obj
                0x000000001000441c                double2float_shim
 .text.dunpacks
                0x0000000010004478       0x3c CMakeFiles/weather_station.dir/home/gael/git/pico-sdk/src/rp2_common/pico_double/double_v1_rom_shim.S.obj
                0x0000000010004478                dunpacks
 .text.__aeabi_lmul
                0x00000000100044b4       0x32 CMakeFiles/weather_station.dir/home/gael/git/pico-sdk/src/rp2_common/pico_int64_ops/pico_int64_ops_aeabi.S.obj
                0x00000000100044b4                __wrap___aeabi_lmul
 *fill*         0x00000000100044e6        0x2 
 .text.__wrap___aeabi_farithmetic
                0x00000000100044e8       0x48 CMakeFiles/weather_station.dir/home/gael/git/pico-sdk/src/rp2_common/pico_float/float_aeabi.S.obj
                0x00000000100044e8                __wrap___aeabi_frsub
                0x00000000100044ee                __wrap___aeabi_fsub
                0x00000000100044f4                __wrap___aeabi_fadd
                0x00000000100044fa                __wrap___aeabi_fdiv
                0x0000000010004522                __wrap___aeabi_fmul
 .text.__wrap___aeabi_f2iz
                0x0000000010004530       0x4e CMakeFiles/weather_station.dir/home/gael/git/pico-sdk/src/rp2_common/pico_float/float_aeabi.S.obj
                0x0000000010004530                __wrap___aeabi_f2iz
                0x0000000010004530                float2int_z
 *fill*         0x000000001000457e        0x2 
 .text.float2int
                0x0000000010004580       0x14 CMakeFiles/weather_station.dir/home/gael/git/pico-sdk/src/rp2_common/pico_float/float_aeabi.S.obj
                0x0000000010004580                float2int
 .text.__wrap___aeabi_f2uiz
                0x0000000010004594        0xc CMakeFiles/weather_station.dir/home/gael/git/pico-sdk/src/rp2_common/pico_float/float_aeabi.S.obj
                0x0000000010004594                __wrap___aeabi_f2uiz
 .text.__aeabi_float_init
                0x00000000100045a0       0x64 CMakeFiles/weather_station.dir/home/gael/git/pico-sdk/src/rp2_common/pico_float/float_init_rom.c.obj
                0x00000000100045a0                __aeabi_float_init
 .text.float_table_shim_on_use_helper
                0x0000000010004604       0x2c CMakeFiles/weather_station.dir/home/gael/git/pico-sdk/src/rp2_common/pico_float/float_v1_rom_shim.S.obj
                0x0000000010004604                float_table_shim_on_use_helper
 .text.float232_shims
                0x0000000010004630       0x18 CMakeFiles/weather_station.dir/home/gael/git/pico-sdk/src/rp2_common/pico_float/float_v1_rom_shim.S.obj
                0x0000000010004630                float2int_shim
                0x0000000010004632                float2fix_shim
 .text          0x0000000010004648       0x10 CMakeFiles/weather_station.dir/home/gael/git/pico-sdk/src/rp2_common/pico_mem_ops/mem_ops_aeabi.S.obj
                0x0000000010004648                __aeabi_mem_init
 .text.memcpy   0x0000000010004658        0xc CMakeFiles/weather_station.dir/home/gael/git/pico-sdk/src/rp2_common/pico_mem_ops/mem_ops_aeabi.S.obj
                0x0000000010004658                __wrap___aeabi_memcpy
                0x0000000010004658                __wrap_memcpy
 .text.stdio_out_chars_no_crlf
                0x0000000010004664       0x10 CMakeFiles/weather_station.dir/home/gael/git/pico-sdk/src/rp2_common/pico_stdio/stdio.c.obj
 .text.stdio_out_chars_crlf
                0x0000000010004674       0xb4 CMakeFiles/weather_station.dir/home/gael/git/pico-sdk/src/rp2_common/pico_stdio/stdio.c.obj
 .text.stdio_buffered_printer
                0x0000000010004728       0x64 CMakeFiles/weather_station.dir/home/gael/git/pico-sdk/src/rp2_common/pico_stdio/stdio.c.obj
 .text.stdio_put_string.isra.0
                0x000000001000478c       0xfc CMakeFiles/weather_station.dir/home/gael/git/pico-sdk/src/rp2_common/pico_stdio/stdio.c.obj
 .text.__wrap_putchar
                0x0000000010004888       0x98 CMakeFiles/weather_station.dir/home/gael/git/pico-sdk/src/rp2_common/pico_stdio/stdio.c.obj
                0x0000000010004888                __wrap_putchar
 .text.__wrap_puts
                0x0000000010004920       0x3c CMakeFiles/weather_station.dir/home/gael/git/pico-sdk/src/rp2_common/pico_stdio/stdio.c.obj
                0x0000000010004920                __wrap_puts
 .text.__wrap_vprintf
                0x000000001000495c       0xd8 CMakeFiles/weather_station.dir/home/gael/git/pico-sdk/src/rp2_common/pico_stdio/stdio.c.obj
                0x000000001000495c                __wrap_vprintf
 .text.__wrap_printf
                0x0000000010004a34       0x18 CMakeFiles/weather_station.dir/home/gael/git/pico-sdk/src/rp2_common/pico_stdio/stdio.c.obj
                0x0000000010004a34                __wrap_printf
 .text.stdio_init_all
                0x0000000010004a4c        0x4 CMakeFiles/weather_station.dir/home/gael/git/pico-sdk/src/rp2_common/pico_stdio/stdio.c.obj
                0x0000000010004a4c                stdio_init_all
 .text.spi_init
                0x0000000010004a50      0x138 CMakeFiles/weather_station.dir/home/gael/git/pico-sdk/src/rp2_common/hardware_spi/spi.c.obj
                0x0000000010004a50                spi_init
 .text.systick_init
                0x0000000010004b88       0x28 src/systick/libsystick.a(systick.c.obj)
                0x0000000010004b88                systick_init
 .text.station_gesture_handler
                0x0000000010004bb0       0xb4 src/station/libstation.a(station.c.obj)
                0x0000000010004bb0                station_gesture_handler
 .text.isr_systick
                0x0000000010004c64       0x1c src/station/libstation.a(station.c.obj)
                0x0000000010004c64                isr_systick
 .text.station_init
                0x0000000010004c80       0x64 src/station/libstation.a(station.c.obj)
                0x0000000010004c80                station_init
 .text.station_init_i2c_sensor
                0x0000000010004ce4       0x24 src/station/libstation.a(station.c.obj)
                0x0000000010004ce4                station_init_i2c_sensor
 .text.station_run
                0x0000000010004d08       0x80 src/station/libstation.a(station.c.obj)
                0x0000000010004d08                station_run
 .text.station_draw_title
                0x0000000010004d88       0x20 src/station/libstation.a(station.c.obj)
                0x0000000010004d88                station_draw_title
 .text.station_change_mode
                0x0000000010004da8       0x10 src/station/libstation.a(station.c.obj)
                0x0000000010004da8                station_change_mode
 .text.station_update_state_after_mode_switch
                0x0000000010004db8       0x10 src/station/libstation.a(station.c.obj)
                0x0000000010004db8                station_update_state_after_mode_switch
 .text.weather_mode_switch_to_wellcome_mode
                0x0000000010004dc8       0x18 src/weather_mode/libweather_mode.a(weather_mode.c.obj)
                0x0000000010004dc8                weather_mode_switch_to_wellcome_mode
 .text.weather_mode_init_matrix
                0x0000000010004de0       0xd0 src/weather_mode/libweather_mode.a(weather_mode.c.obj)
                0x0000000010004de0                weather_mode_init_matrix
 .text.weather_mode_draw_grid
                0x0000000010004eb0       0xdc src/weather_mode/libweather_mode.a(weather_mode.c.obj)
                0x0000000010004eb0                weather_mode_draw_grid
 .text.weather_mode_init_if
                0x0000000010004f8c       0x40 src/weather_mode/libweather_mode.a(weather_mode.c.obj)
                0x0000000010004f8c                weather_mode_init_if
 .text.weather_mode_measure_data
                0x0000000010004fcc       0x4c src/weather_mode/libweather_mode.a(weather_mode.c.obj)
                0x0000000010004fcc                weather_mode_measure_data
 .text.weather_mode_update_data_on_screen
                0x0000000010005018       0xb0 src/weather_mode/libweather_mode.a(weather_mode.c.obj)
                0x0000000010005018                weather_mode_update_data_on_screen
 .text.wellcome_mode_switch_to_weather_mode
                0x00000000100050c8       0x18 src/wellcome_mode/libwellcome_mode.a(wellcome_mode.c.obj)
                0x00000000100050c8                wellcome_mode_switch_to_weather_mode
 .text.wellcome_mode_switch_to_drawing_mode
                0x00000000100050e0       0x18 src/wellcome_mode/libwellcome_mode.a(wellcome_mode.c.obj)
                0x00000000100050e0                wellcome_mode_switch_to_drawing_mode
 .text.wellcome_mode_init_matrix
                0x00000000100050f8       0xe4 src/wellcome_mode/libwellcome_mode.a(wellcome_mode.c.obj)
                0x00000000100050f8                wellcome_mode_init_matrix
 .text.wellcome_mode_draw_grid
                0x00000000100051dc       0xdc src/wellcome_mode/libwellcome_mode.a(wellcome_mode.c.obj)
                0x00000000100051dc                wellcome_mode_draw_grid
 .text.wellcome_mode_init_if
                0x00000000100052b8       0x28 src/wellcome_mode/libwellcome_mode.a(wellcome_mode.c.obj)
                0x00000000100052b8                wellcome_mode_init_if
 .text.lcd_backlight_off
                0x00000000100052e0        0xc src/lcd/liblcd.a(lcd.c.obj)
                0x00000000100052e0                lcd_backlight_off
 .text.lcd_backlight_on
                0x00000000100052ec        0xc src/lcd/liblcd.a(lcd.c.obj)
                0x00000000100052ec                lcd_backlight_on
 .text.lcd_config
                0x00000000100052f8      0x5a4 src/lcd/liblcd.a(lcd.c.obj)
                0x00000000100052f8                lcd_config
 .text.lcd_init
                0x000000001000589c      0x144 src/lcd/liblcd.a(lcd.c.obj)
                0x000000001000589c                lcd_init
 .text.lcd_draw_char
                0x00000000100059e0      0x43c src/lcd/liblcd.a(lcd.c.obj)
                0x00000000100059e0                lcd_draw_char
 .text.lcd_draw_string
                0x0000000010005e1c       0x40 src/lcd/liblcd.a(lcd.c.obj)
                0x0000000010005e1c                lcd_draw_string
 .text.lcd_print_int
                0x0000000010005e5c       0x50 src/lcd/liblcd.a(lcd.c.obj)
                0x0000000010005e5c                lcd_print_int
 .text.lcd_set_zone
                0x0000000010005eac       0xf0 src/lcd/liblcd.a(lcd.c.obj)
                0x0000000010005eac                lcd_set_zone
 .text.lcd_clear
                0x0000000010005f9c      0x11c src/lcd/liblcd.a(lcd.c.obj)
                0x0000000010005f9c                lcd_clear
 .text.lcd_set_pixel
                0x00000000100060b8      0x11c src/lcd/liblcd.a(lcd.c.obj)
                0x00000000100060b8                lcd_set_pixel
 .text.lcd_fill_rect
                0x00000000100061d4      0x158 src/lcd/liblcd.a(lcd.c.obj)
                0x00000000100061d4                lcd_fill_rect
 .text.lcd_rect
                0x000000001000632c      0x25c src/lcd/liblcd.a(lcd.c.obj)
                0x000000001000632c                lcd_rect
 .text.touchscreen_irq_callback
                0x0000000010006588       0x24 src/touchscreen/libtouchscreen.a(touchscreen.c.obj)
                0x0000000010006588                touchscreen_irq_callback
 .text.touchscreen_init
                0x00000000100065ac       0x9c src/touchscreen/libtouchscreen.a(touchscreen.c.obj)
                0x00000000100065ac                touchscreen_init
 .text.touchscreen_switch_to_simple_touch_mode
                0x0000000010006648        0xc src/touchscreen/libtouchscreen.a(touchscreen.c.obj)
                0x0000000010006648                touchscreen_switch_to_simple_touch_mode
 .text.touchscreen_switch_to_gesture_mode
                0x0000000010006654        0xc src/touchscreen/libtouchscreen.a(touchscreen.c.obj)
                0x0000000010006654                touchscreen_switch_to_gesture_mode
 .text.touchscreen_status_reset_watching
                0x0000000010006660        0xc src/touchscreen/libtouchscreen.a(touchscreen.c.obj)
                0x0000000010006660                touchscreen_status_reset_watching
 .text.touchscreen_handler_in_gesture_mode
                0x000000001000666c      0x14c src/touchscreen/libtouchscreen.a(touchscreen.c.obj)
                0x000000001000666c                touchscreen_handler_in_gesture_mode
 .text.touchscreen_handler_in_simple_touch_mode
                0x00000000100067b8       0x6c src/touchscreen/libtouchscreen.a(touchscreen.c.obj)
                0x00000000100067b8                touchscreen_handler_in_simple_touch_mode
 .text.BME280_init_calib
                0x0000000010006824      0x120 src/bme280/libbme280.a(bme280.c.obj)
                0x0000000010006824                BME280_init_calib
 .text.BME280_config
                0x0000000010006944       0x5c src/bme280/libbme280.a(bme280.c.obj)
                0x0000000010006944                BME280_config
 .text.BME280_compensate_P
                0x00000000100069a0      0x23c src/bme280/libbme280.a(bme280.c.obj)
                0x00000000100069a0                BME280_compensate_P
 .text.BME280_compensate_H
                0x0000000010006bdc      0x190 src/bme280/libbme280.a(bme280.c.obj)
                0x0000000010006bdc                BME280_compensate_H
 .text.BME280_read
                0x0000000010006d6c      0x1f0 src/bme280/libbme280.a(bme280.c.obj)
                0x0000000010006d6c                BME280_read
 .text.VEML7700_config
                0x0000000010006f5c       0x28 src/veml7700/libveml7700.a(veml7700.c.obj)
                0x0000000010006f5c                VEML7700_config
 .text.VEML7700_read
                0x0000000010006f84       0x40 src/veml7700/libveml7700.a(veml7700.c.obj)
                0x0000000010006f84                VEML7700_read
 .text.display_create_zone_matrix
                0x0000000010006fc4       0xd4 src/display/libdisplay.a(display.c.obj)
                0x0000000010006fc4                display_create_zone_matrix
 .text.display_draw_zone
                0x0000000010007098       0x38 src/display/libdisplay.a(display.c.obj)
                0x0000000010007098                display_draw_zone
 .text.display_find_zone_matrix_from_coordinates
                0x00000000100070d0       0x30 src/display/libdisplay.a(display.c.obj)
                0x00000000100070d0                display_find_zone_matrix_from_coordinates
 .text.display_find_zone_from_coordinates
                0x0000000010007100       0x34 src/display/libdisplay.a(display.c.obj)
                0x0000000010007100                display_find_zone_from_coordinates
 .text.drawing_mode_draw_grid
                0x0000000010007134       0x9c src/drawing_mode/libdrawing_mode.a(drawing_mode.c.obj)
                0x0000000010007134                drawing_mode_draw_grid
 .text.drawing_mode_draw
                0x00000000100071d0       0x84 src/drawing_mode/libdrawing_mode.a(drawing_mode.c.obj)
                0x00000000100071d0                drawing_mode_draw
 .text.drawing_mode_switch_to_wellcome_mode
                0x0000000010007254       0x20 src/drawing_mode/libdrawing_mode.a(drawing_mode.c.obj)
                0x0000000010007254                drawing_mode_switch_to_wellcome_mode
 .text.drawing_mode_init_matrix
                0x0000000010007274       0xcc src/drawing_mode/libdrawing_mode.a(drawing_mode.c.obj)
                0x0000000010007274                drawing_mode_init_matrix
 .text.drawing_mode_init_if
                0x0000000010007340       0x24 src/drawing_mode/libdrawing_mode.a(drawing_mode.c.obj)
                0x0000000010007340                drawing_mode_init_if
 .text          0x0000000010007364       0x5c /usr/lib/gcc/arm-none-eabi/10.3.1/../../../arm-none-eabi/lib/thumb/v6-m/nofp/libc.a(lib_a-strlen-stub.o)
                0x0000000010007364                strlen
 *(.fini)
 .fini          0x00000000100073c0        0x4 /usr/lib/gcc/arm-none-eabi/10.3.1/thumb/v6-m/nofp/crti.o
                0x00000000100073c0                _fini
 *fill*         0x00000000100073c4        0x4 
 .fini.__stub   0x00000000100073c8       0x50 linker stubs
 *crtbegin.o(.ctors)
 *crtbegin?.o(.ctors)
 *(EXCLUDE_FILE(*crtend.o *crtend?.o) .ctors)
 *(SORT_BY_NAME(.ctors.*))
 *(.ctors)
 *crtbegin.o(.dtors)
 *crtbegin?.o(.dtors)
 *(EXCLUDE_FILE(*crtend.o *crtend?.o) .dtors)
 *(SORT_BY_NAME(.dtors.*))
 *(.dtors)
 *(.eh_frame*)
 .eh_frame      0x0000000010007418        0x0 /usr/lib/gcc/arm-none-eabi/10.3.1/thumb/v6-m/nofp/crtbegin.o
                0x0000000010007418                . = ALIGN (0x4)

.glue_7         0x0000000010007418        0x0
 .glue_7        0x0000000010007418        0x0 linker stubs

.glue_7t        0x0000000010007418        0x0
 .glue_7t       0x0000000010007418        0x0 linker stubs

.vfp11_veneer   0x0000000010007418        0x0
 .vfp11_veneer  0x0000000010007418        0x0 linker stubs

.v4_bx          0x0000000010007418        0x0
 .v4_bx         0x0000000010007418        0x0 linker stubs

.iplt           0x0000000010007418        0x0
 .iplt          0x0000000010007418        0x0 /usr/lib/gcc/arm-none-eabi/10.3.1/thumb/v6-m/nofp/crtbegin.o

.rodata         0x0000000010007418     0x1384
 *(EXCLUDE_FILE(*libm.a: *libc.a:*lib_a-mem*.o *libgcc.a:) .rodata*)
 .rodata.hardware_alarm_claim.str1.4
                0x0000000010007418       0x22 CMakeFiles/weather_station.dir/home/gael/git/pico-sdk/src/rp2_common/hardware_timer/timer.c.obj
 *fill*         0x000000001000743a        0x2 
 .rodata.panic.str1.4
                0x000000001000743c       0x12 CMakeFiles/weather_station.dir/home/gael/git/pico-sdk/src/rp2_common/pico_runtime/runtime.c.obj
 *fill*         0x000000001000744e        0x2 
 .rodata.hard_assertion_failure.str1.4
                0x0000000010007450        0xc CMakeFiles/weather_station.dir/home/gael/git/pico-sdk/src/rp2_common/pico_runtime/runtime.c.obj
 .rodata._ftoa.str1.4
                0x000000001000745c       0x15 CMakeFiles/weather_station.dir/home/gael/git/pico-sdk/src/rp2_common/pico_printf/printf.c.obj
 *fill*         0x0000000010007471        0x3 
 .rodata._vsnprintf
                0x0000000010007474      0x1e0 CMakeFiles/weather_station.dir/home/gael/git/pico-sdk/src/rp2_common/pico_printf/printf.c.obj
 *fill*         0x0000000010007654        0x4 
 .rodata.pow10.0
                0x0000000010007658       0x50 CMakeFiles/weather_station.dir/home/gael/git/pico-sdk/src/rp2_common/pico_printf/printf.c.obj
 .rodata.str1.4
                0x00000000100076a8       0x44 CMakeFiles/weather_station.dir/home/gael/git/pico-sdk/src/rp2_common/pico_standard_link/binary_info.c.obj
 .rodata.__bi_44
                0x00000000100076ec        0xc CMakeFiles/weather_station.dir/home/gael/git/pico-sdk/src/rp2_common/pico_standard_link/binary_info.c.obj
 .rodata.__bi_75
                0x00000000100076f8        0xc CMakeFiles/weather_station.dir/home/gael/git/pico-sdk/src/rp2_common/pico_standard_link/binary_info.c.obj
 .rodata.__bi_81
                0x0000000010007704        0xc CMakeFiles/weather_station.dir/home/gael/git/pico-sdk/src/rp2_common/pico_standard_link/binary_info.c.obj
 .rodata.crlf_str.0
                0x0000000010007710        0x2 CMakeFiles/weather_station.dir/home/gael/git/pico-sdk/src/rp2_common/pico_stdio/stdio.c.obj
 *fill*         0x0000000010007712        0x2 
 .rodata.weather_mode_draw_grid.str1.4
                0x0000000010007714        0x8 src/weather_mode/libweather_mode.a(weather_mode.c.obj)
 .rodata.weather_mode_update_data_on_screen.str1.4
                0x000000001000771c        0xc src/weather_mode/libweather_mode.a(weather_mode.c.obj)
 .rodata.wellcome_mode_draw_grid.str1.4
                0x0000000010007728        0x9 src/wellcome_mode/libwellcome_mode.a(wellcome_mode.c.obj)
 *fill*         0x0000000010007731        0x3 
 .rodata.lcd_print_int.str1.4
                0x0000000010007734        0x3 src/lcd/liblcd.a(lcd.c.obj)
 *fill*         0x0000000010007737        0x1 
 .rodata.BigFont
                0x0000000010007738      0xbe4 src/font/libfont.a(font.c.obj)
                0x0000000010007738                BigFont
 .rodata.SmallFont
                0x000000001000831c      0x478 src/font/libfont.a(font.c.obj)
                0x000000001000831c                SmallFont
 .rodata.drawing_mode_draw_grid.str1.4
                0x0000000010008794        0x8 src/drawing_mode/libdrawing_mode.a(drawing_mode.c.obj)
                0x000000001000879c                . = ALIGN (0x4)
 *(SORT_BY_ALIGNMENT(SORT_BY_NAME(.flashdata*)))
                0x000000001000879c                . = ALIGN (0x4)

.ARM.extab
 *(.ARM.extab* .gnu.linkonce.armextab.*)
                0x000000001000879c                __exidx_start = .

.ARM.exidx
 *(.ARM.exidx* .gnu.linkonce.armexidx.*)
                0x000000001000879c                __exidx_end = .
                0x000000001000879c                . = ALIGN (0x4)
                0x000000001000879c                __binary_info_start = .

.binary_info    0x000000001000879c       0x1c
 *(.binary_info.keep.*)
 .binary_info.keep.__bi_ptr22
                0x000000001000879c        0x4 CMakeFiles/weather_station.dir/home/gael/git/pico-sdk/src/rp2_common/pico_standard_link/binary_info.c.obj
 .binary_info.keep.__bi_ptr30
                0x00000000100087a0        0x4 CMakeFiles/weather_station.dir/home/gael/git/pico-sdk/src/rp2_common/pico_standard_link/binary_info.c.obj
 .binary_info.keep.__bi_ptr38
                0x00000000100087a4        0x4 CMakeFiles/weather_station.dir/home/gael/git/pico-sdk/src/rp2_common/pico_standard_link/binary_info.c.obj
 .binary_info.keep.__bi_ptr44
                0x00000000100087a8        0x4 CMakeFiles/weather_station.dir/home/gael/git/pico-sdk/src/rp2_common/pico_standard_link/binary_info.c.obj
 .binary_info.keep.__bi_ptr50
                0x00000000100087ac        0x4 CMakeFiles/weather_station.dir/home/gael/git/pico-sdk/src/rp2_common/pico_standard_link/binary_info.c.obj
 .binary_info.keep.__bi_ptr75
                0x00000000100087b0        0x4 CMakeFiles/weather_station.dir/home/gael/git/pico-sdk/src/rp2_common/pico_standard_link/binary_info.c.obj
 .binary_info.keep.__bi_ptr81
                0x00000000100087b4        0x4 CMakeFiles/weather_station.dir/home/gael/git/pico-sdk/src/rp2_common/pico_standard_link/binary_info.c.obj
 *(.binary_info.*)
                0x00000000100087b8                __binary_info_end = .

.rel.dyn        0x00000000100087b8        0x0
 .rel.iplt      0x00000000100087b8        0x0 /usr/lib/gcc/arm-none-eabi/10.3.1/thumb/v6-m/nofp/crtbegin.o
                0x00000000100087b8                . = ALIGN (0x4)

.ram_vector_table
                0x0000000020000000       0xc0
 *(.ram_vector_table)
 .ram_vector_table
                0x0000000020000000       0xc0 CMakeFiles/weather_station.dir/home/gael/git/pico-sdk/src/rp2_common/pico_runtime/runtime.c.obj
                0x0000000020000000                ram_vector_table

.data           0x00000000200000c0      0x330 load address 0x00000000100087b8
                0x00000000200000c0                __data_start__ = .
 *(vtable)
 *(.time_critical*)
 .time_critical.mutex_try_enter_block_until
                0x00000000200000c0       0x9c CMakeFiles/weather_station.dir/home/gael/git/pico-sdk/src/common/pico_sync/mutex.c.obj
                0x00000000200000c0                mutex_try_enter_block_until
 .time_critical.mutex_exit
                0x000000002000015c       0x28 CMakeFiles/weather_station.dir/home/gael/git/pico-sdk/src/common/pico_sync/mutex.c.obj
                0x000000002000015c                mutex_exit
 .time_critical.spi_write_blocking
                0x0000000020000184       0x4c CMakeFiles/weather_station.dir/home/gael/git/pico-sdk/src/rp2_common/hardware_spi/spi.c.obj
                0x0000000020000184                spi_write_blocking
 *(.text*)
 .text          0x00000000200001d0        0x4 /usr/lib/gcc/arm-none-eabi/10.3.1/thumb/v6-m/nofp/libgcc.a(_dvmd_tls.o)
                0x00000000200001d0                __aeabi_ldiv0
                0x00000000200001d0                __aeabi_idiv0
 *fill*         0x00000000200001d4        0x4 
 .text.__stub   0x00000000200001d8       0x10 linker stubs
                0x00000000200001e8                . = ALIGN (0x4)
 *(.rodata*)
                0x00000000200001e8                . = ALIGN (0x4)
 *(.data*)
 .data.i2c0_inst
                0x00000000200001e8        0x8 CMakeFiles/weather_station.dir/home/gael/git/pico-sdk/src/rp2_common/hardware_i2c/i2c.c.obj
                0x00000000200001e8                i2c0_inst
 .data.i2c1_inst
                0x00000000200001f0        0x8 CMakeFiles/weather_station.dir/home/gael/git/pico-sdk/src/rp2_common/hardware_i2c/i2c.c.obj
                0x00000000200001f0                i2c1_inst
 .data.striped_spin_lock_num
                0x00000000200001f8        0x1 CMakeFiles/weather_station.dir/home/gael/git/pico-sdk/src/rp2_common/hardware_sync/sync.c.obj
 *fill*         0x00000000200001f9        0x3 
 .data.default_alarm_pool
                0x00000000200001fc       0x18 CMakeFiles/weather_station.dir/home/gael/git/pico-sdk/src/common/pico_time/time.c.obj
 .data.default_alarm_pool_heap
                0x0000000020000214       0x10 CMakeFiles/weather_station.dir/home/gael/git/pico-sdk/src/common/pico_time/time.c.obj
 .data          0x0000000020000224       0x48 CMakeFiles/weather_station.dir/home/gael/git/pico-sdk/src/rp2_common/hardware_irq/irq_handler_chain.S.obj
                0x0000000020000224                irq_handler_chain_slots
                0x0000000020000254                irq_handler_chain_first_slot
                0x000000002000025e                irq_handler_chain_remove_tail
 *fill*         0x000000002000026c        0x4 
 .data.aeabi_bits_funcs
                0x0000000020000270       0x10 CMakeFiles/weather_station.dir/home/gael/git/pico-sdk/src/rp2_common/pico_bit_ops/bit_ops_aeabi.S.obj
                0x0000000020000270                aeabi_bits_funcs
                0x0000000020000280                aeabi_bits_funcs_end
 .data.aeabi_mem_funcs
                0x0000000020000280       0x10 CMakeFiles/weather_station.dir/home/gael/git/pico-sdk/src/rp2_common/pico_mem_ops/mem_ops_aeabi.S.obj
                0x0000000020000280                aeabi_mem_funcs
                0x0000000020000290                aeabi_mem_funcs_end
 .data.humidity
                0x0000000020000290       0x24 src/weather_mode/libweather_mode.a(weather_mode.c.obj)
                0x0000000020000290                humidity
 .data.light    0x00000000200002b4       0x24 src/weather_mode/libweather_mode.a(weather_mode.c.obj)
                0x00000000200002b4                light
 .data.pressure
                0x00000000200002d8       0x24 src/weather_mode/libweather_mode.a(weather_mode.c.obj)
                0x00000000200002d8                pressure
 .data.temperature
                0x00000000200002fc       0x24 src/weather_mode/libweather_mode.a(weather_mode.c.obj)
                0x00000000200002fc                temperature
 .data.weather_mode_matrix
                0x0000000020000320        0xc src/weather_mode/libweather_mode.a(weather_mode.c.obj)
                0x0000000020000320                weather_mode_matrix
 .data.drawing  0x000000002000032c       0x21 src/wellcome_mode/libwellcome_mode.a(wellcome_mode.c.obj)
                0x000000002000032c                drawing
 *fill*         0x000000002000034d        0x3 
 .data.game_of_life
                0x0000000020000350       0x21 src/wellcome_mode/libwellcome_mode.a(wellcome_mode.c.obj)
                0x0000000020000350                game_of_life
 *fill*         0x0000000020000371        0x3 
 .data.snake    0x0000000020000374       0x21 src/wellcome_mode/libwellcome_mode.a(wellcome_mode.c.obj)
                0x0000000020000374                snake
 *fill*         0x0000000020000395        0x3 
 .data.weather  0x0000000020000398       0x21 src/wellcome_mode/libwellcome_mode.a(wellcome_mode.c.obj)
                0x0000000020000398                weather
 *fill*         0x00000000200003b9        0x3 
 .data.wellcome_mode_matrix
                0x00000000200003bc        0xc src/wellcome_mode/libwellcome_mode.a(wellcome_mode.c.obj)
                0x00000000200003bc                wellcome_mode_matrix
 .data.drawing_mode_matrix
                0x00000000200003c8        0xc src/drawing_mode/libdrawing_mode.a(drawing_mode.c.obj)
                0x00000000200003c8                drawing_mode_matrix
                0x00000000200003d4                . = ALIGN (0x4)
 *(.after_data.*)
                0x00000000200003d4                . = ALIGN (0x4)
                0x00000000200003d4                PROVIDE (__mutex_array_start = .)
 *(SORT_BY_NAME(.mutex_array.*))
 *(.mutex_array)
 .mutex_array   0x00000000200003d4        0x8 CMakeFiles/weather_station.dir/home/gael/git/pico-sdk/src/rp2_common/pico_stdio/stdio.c.obj
                0x00000000200003dc                PROVIDE (__mutex_array_end = .)
                0x00000000200003dc                . = ALIGN (0x4)
                0x00000000200003dc                PROVIDE (__preinit_array_start = .)
 *(SORT_BY_NAME(.preinit_array.*))
 .preinit_array.00001
                0x00000000200003dc        0x4 CMakeFiles/weather_station.dir/home/gael/git/pico-sdk/src/rp2_common/pico_mem_ops/mem_ops_aeabi.S.obj
 .preinit_array.00010
                0x00000000200003e0        0x4 CMakeFiles/weather_station.dir/home/gael/git/pico-sdk/src/rp2_common/pico_bit_ops/bit_ops_aeabi.S.obj
 .preinit_array.00020
                0x00000000200003e4        0x4 CMakeFiles/weather_station.dir/home/gael/git/pico-sdk/src/rp2_common/pico_double/double_aeabi.S.obj
 .preinit_array.00020
                0x00000000200003e8        0x4 CMakeFiles/weather_station.dir/home/gael/git/pico-sdk/src/rp2_common/pico_float/float_aeabi.S.obj
 *(.preinit_array)
                0x00000000200003ec                PROVIDE (__preinit_array_end = .)
                0x00000000200003ec                . = ALIGN (0x4)
                0x00000000200003ec                PROVIDE (__init_array_start = .)
 *(SORT_BY_NAME(.init_array.*))
 *(.init_array)
 .init_array    0x00000000200003ec        0x4 /usr/lib/gcc/arm-none-eabi/10.3.1/thumb/v6-m/nofp/crtbegin.o
                0x00000000200003f0                PROVIDE (__init_array_end = .)
                0x00000000200003f0                . = ALIGN (0x4)
                0x00000000200003f0                PROVIDE (__fini_array_start = .)
 *(SORT_BY_NAME(.fini_array.*))
 *(.fini_array)
                0x00000000200003f0                PROVIDE (__fini_array_end = .)
 *(.jcr)
                0x00000000200003f0                . = ALIGN (0x4)
                0x00000000200003f0                __data_end__ = .
                0x00000000100087b8                __etext = LOADADDR (.data)

.tm_clone_table
                0x00000000200003f0        0x0 load address 0x0000000010008ae8
 .tm_clone_table
                0x00000000200003f0        0x0 /usr/lib/gcc/arm-none-eabi/10.3.1/thumb/v6-m/nofp/crtbegin.o
 .tm_clone_table
                0x00000000200003f0        0x0 /usr/lib/gcc/arm-none-eabi/10.3.1/thumb/v6-m/nofp/crtend.o

.igot.plt       0x00000000200003f0        0x0 load address 0x0000000010008ae8
 .igot.plt      0x00000000200003f0        0x0 /usr/lib/gcc/arm-none-eabi/10.3.1/thumb/v6-m/nofp/crtbegin.o

.uninitialized_data
                0x00000000200003f0        0x0 load address 0x0000000010008ae8
                0x00000000200003f0                . = ALIGN (0x4)
 *(.uninitialized_data*)

.scratch_x      0x0000000020040000        0x0 load address 0x0000000010008ae8
                0x0000000020040000                __scratch_x_start__ = .
 *(.scratch_x.*)
                0x0000000020040000                . = ALIGN (0x4)
                0x0000000020040000                __scratch_x_end__ = .
                0x0000000010008ae8                __scratch_x_source__ = LOADADDR (.scratch_x)

.scratch_y      0x0000000020041000        0x0 load address 0x0000000010008ae8
                0x0000000020041000                __scratch_y_start__ = .
 *(.scratch_y.*)
                0x0000000020041000                . = ALIGN (0x4)
                0x0000000020041000                __scratch_y_end__ = .
                0x0000000010008ae8                __scratch_y_source__ = LOADADDR (.scratch_y)

.bss            0x00000000200003f0      0x8ec
                0x00000000200003f0                . = ALIGN (0x4)
                0x00000000200003f0                __bss_start__ = .
 *(SORT_BY_ALIGNMENT(SORT_BY_NAME(.bss*)))
 .bss.default_alarm_pool_entries
                0x00000000200003f0      0x100 CMakeFiles/weather_station.dir/home/gael/git/pico-sdk/src/common/pico_time/time.c.obj
 .bss.sd_table  0x00000000200004f0      0x100 CMakeFiles/weather_station.dir/home/gael/git/pico-sdk/src/rp2_common/pico_double/double_init_rom.c.obj
                0x00000000200004f0                sd_table
 .bss.sf_table  0x00000000200005f0      0x100 CMakeFiles/weather_station.dir/home/gael/git/pico-sdk/src/rp2_common/pico_float/float_init_rom.c.obj
                0x00000000200005f0                sf_table
 .bss           0x00000000200006f0       0x1c /usr/lib/gcc/arm-none-eabi/10.3.1/thumb/v6-m/nofp/crtbegin.o
 .bss.alarm_callbacks
                0x000000002000070c       0x10 CMakeFiles/weather_station.dir/home/gael/git/pico-sdk/src/rp2_common/hardware_timer/timer.c.obj
 .bss.callbacks
                0x000000002000071c        0x8 CMakeFiles/weather_station.dir/home/gael/git/pico-sdk/src/rp2_common/hardware_gpio/gpio.c.obj
 .bss.configured_freq
                0x0000000020000724       0x28 CMakeFiles/weather_station.dir/home/gael/git/pico-sdk/src/rp2_common/hardware_clocks/clocks.c.obj
 .bss.default_alarm_pool_entry_ids_high
                0x000000002000074c       0x10 CMakeFiles/weather_station.dir/home/gael/git/pico-sdk/src/common/pico_time/time.c.obj
 .bss.default_alarm_pool_heap_nodes
                0x000000002000075c       0x30 CMakeFiles/weather_station.dir/home/gael/git/pico-sdk/src/common/pico_time/time.c.obj
 .bss.drawing_bottom_grid
                0x000000002000078c       0x34 src/drawing_mode/libdrawing_mode.a(drawing_mode.c.obj)
                0x000000002000078c                drawing_bottom_grid
 .bss.drawing_main_grid
                0x00000000200007c0       0x34 src/drawing_mode/libdrawing_mode.a(drawing_mode.c.obj)
                0x00000000200007c0                drawing_main_grid
 .bss.drawing_mode_if
                0x00000000200007f4       0x18 src/drawing_mode/libdrawing_mode.a(drawing_mode.c.obj)
                0x00000000200007f4                drawing_mode_if
 .bss.drawing_top_grid
                0x000000002000080c       0x34 src/drawing_mode/libdrawing_mode.a(drawing_mode.c.obj)
                0x000000002000080c                drawing_top_grid
 .bss.drawing_zone_bottom
                0x0000000020000840       0x60 src/drawing_mode/libdrawing_mode.a(drawing_mode.c.obj)
                0x0000000020000840                drawing_zone_bottom
 .bss.drawing_zone_main
                0x00000000200008a0       0x20 src/drawing_mode/libdrawing_mode.a(drawing_mode.c.obj)
                0x00000000200008a0                drawing_zone_main
 .bss.drawing_zone_top
                0x00000000200008c0       0x20 src/drawing_mode/libdrawing_mode.a(drawing_mode.c.obj)
                0x00000000200008c0                drawing_zone_top
 .bss.drivers   0x00000000200008e0        0x4 CMakeFiles/weather_station.dir/home/gael/git/pico-sdk/src/rp2_common/pico_stdio/stdio.c.obj
 .bss.filter    0x00000000200008e4        0x4 CMakeFiles/weather_station.dir/home/gael/git/pico-sdk/src/rp2_common/pico_stdio/stdio.c.obj
 .bss.lazy_vsnprintf
                0x00000000200008e8        0x4 CMakeFiles/weather_station.dir/home/gael/git/pico-sdk/src/rp2_common/pico_printf/printf.c.obj
 .bss.pools     0x00000000200008ec       0x10 CMakeFiles/weather_station.dir/home/gael/git/pico-sdk/src/common/pico_time/time.c.obj
 .bss.raw_irq_mask
                0x00000000200008fc        0x8 CMakeFiles/weather_station.dir/home/gael/git/pico-sdk/src/rp2_common/hardware_gpio/gpio.c.obj
 .bss.sf_clz_func
                0x0000000020000904        0x4 CMakeFiles/weather_station.dir/home/gael/git/pico-sdk/src/rp2_common/pico_double/double_init_rom.c.obj
                0x0000000020000904                sf_clz_func
 .bss.sleep_notifier
                0x0000000020000908        0x4 CMakeFiles/weather_station.dir/home/gael/git/pico-sdk/src/common/pico_time/time.c.obj
 .bss.station_state
                0x000000002000090c       0x14 src/station/libstation.a(station.c.obj)
                0x000000002000090c                station_state
 .bss.t_fine    0x0000000020000920        0x4 src/bme280/libbme280.a(bme280.c.obj)
                0x0000000020000920                t_fine
 .bss.target_hi
                0x0000000020000924       0x10 CMakeFiles/weather_station.dir/home/gael/git/pico-sdk/src/rp2_common/hardware_timer/timer.c.obj
 .bss.touchscreen_status
                0x0000000020000934       0x1c src/touchscreen/libtouchscreen.a(touchscreen.c.obj)
                0x0000000020000934                touchscreen_status
 .bss.weather_bottom_grid
                0x0000000020000950       0x34 src/weather_mode/libweather_mode.a(weather_mode.c.obj)
                0x0000000020000950                weather_bottom_grid
 .bss.weather_main_grid
                0x0000000020000984       0x34 src/weather_mode/libweather_mode.a(weather_mode.c.obj)
                0x0000000020000984                weather_main_grid
 .bss.weather_mode_if
                0x00000000200009b8       0x18 src/weather_mode/libweather_mode.a(weather_mode.c.obj)
                0x00000000200009b8                weather_mode_if
 .bss.weather_top_grid
                0x00000000200009d0       0x34 src/weather_mode/libweather_mode.a(weather_mode.c.obj)
                0x00000000200009d0                weather_top_grid
 .bss.weather_zone_bottom
                0x0000000020000a04       0x60 src/weather_mode/libweather_mode.a(weather_mode.c.obj)
                0x0000000020000a04                weather_zone_bottom
 .bss.weather_zone_main
                0x0000000020000a64       0x80 src/weather_mode/libweather_mode.a(weather_mode.c.obj)
                0x0000000020000a64                weather_zone_main
 .bss.weather_zone_top
                0x0000000020000ae4       0x20 src/weather_mode/libweather_mode.a(weather_mode.c.obj)
                0x0000000020000ae4                weather_zone_top
 .bss.wellcome_bottom_grid
                0x0000000020000b04       0x34 src/wellcome_mode/libwellcome_mode.a(wellcome_mode.c.obj)
                0x0000000020000b04                wellcome_bottom_grid
 .bss.wellcome_main_grid
                0x0000000020000b38       0x34 src/wellcome_mode/libwellcome_mode.a(wellcome_mode.c.obj)
                0x0000000020000b38                wellcome_main_grid
 .bss.wellcome_mode_if
                0x0000000020000b6c       0x18 src/wellcome_mode/libwellcome_mode.a(wellcome_mode.c.obj)
                0x0000000020000b6c                wellcome_mode_if
 .bss.wellcome_top_grid
                0x0000000020000b84       0x34 src/wellcome_mode/libwellcome_mode.a(wellcome_mode.c.obj)
                0x0000000020000b84                wellcome_top_grid
 .bss.wellcome_zone_bottom
                0x0000000020000bb8       0x60 src/wellcome_mode/libwellcome_mode.a(wellcome_mode.c.obj)
                0x0000000020000bb8                wellcome_zone_bottom
 .bss.wellcome_zone_main
                0x0000000020000c18       0x80 src/wellcome_mode/libwellcome_mode.a(wellcome_mode.c.obj)
                0x0000000020000c18                wellcome_zone_main
 .bss.wellcome_zone_top
                0x0000000020000c98       0x20 src/wellcome_mode/libwellcome_mode.a(wellcome_mode.c.obj)
                0x0000000020000c98                wellcome_zone_top
 .bss.dig_H2    0x0000000020000cb8        0x2 src/bme280/libbme280.a(bme280.c.obj)
                0x0000000020000cb8                dig_H2
 .bss.dig_H4    0x0000000020000cba        0x2 src/bme280/libbme280.a(bme280.c.obj)
                0x0000000020000cba                dig_H4
 .bss.dig_H5    0x0000000020000cbc        0x2 src/bme280/libbme280.a(bme280.c.obj)
                0x0000000020000cbc                dig_H5
 .bss.dig_P1    0x0000000020000cbe        0x2 src/bme280/libbme280.a(bme280.c.obj)
                0x0000000020000cbe                dig_P1
 .bss.dig_P2    0x0000000020000cc0        0x2 src/bme280/libbme280.a(bme280.c.obj)
                0x0000000020000cc0                dig_P2
 .bss.dig_P3    0x0000000020000cc2        0x2 src/bme280/libbme280.a(bme280.c.obj)
                0x0000000020000cc2                dig_P3
 .bss.dig_P4    0x0000000020000cc4        0x2 src/bme280/libbme280.a(bme280.c.obj)
                0x0000000020000cc4                dig_P4
 .bss.dig_P5    0x0000000020000cc6        0x2 src/bme280/libbme280.a(bme280.c.obj)
                0x0000000020000cc6                dig_P5
 .bss.dig_P6    0x0000000020000cc8        0x2 src/bme280/libbme280.a(bme280.c.obj)
                0x0000000020000cc8                dig_P6
 .bss.dig_P7    0x0000000020000cca        0x2 src/bme280/libbme280.a(bme280.c.obj)
                0x0000000020000cca                dig_P7
 .bss.dig_P8    0x0000000020000ccc        0x2 src/bme280/libbme280.a(bme280.c.obj)
                0x0000000020000ccc                dig_P8
 .bss.dig_P9    0x0000000020000cce        0x2 src/bme280/libbme280.a(bme280.c.obj)
                0x0000000020000cce                dig_P9
 .bss.dig_T1    0x0000000020000cd0        0x2 src/bme280/libbme280.a(bme280.c.obj)
                0x0000000020000cd0                dig_T1
 .bss.dig_T2    0x0000000020000cd2        0x2 src/bme280/libbme280.a(bme280.c.obj)
                0x0000000020000cd2                dig_T2
 .bss.dig_T3    0x0000000020000cd4        0x2 src/bme280/libbme280.a(bme280.c.obj)
                0x0000000020000cd4                dig_T3
 .bss.claimed   0x0000000020000cd6        0x1 CMakeFiles/weather_station.dir/home/gael/git/pico-sdk/src/rp2_common/hardware_timer/timer.c.obj
 .bss.dig_H1    0x0000000020000cd7        0x1 src/bme280/libbme280.a(bme280.c.obj)
                0x0000000020000cd7                dig_H1
 .bss.dig_H3    0x0000000020000cd8        0x1 src/bme280/libbme280.a(bme280.c.obj)
                0x0000000020000cd8                dig_H3
 .bss.dig_H6    0x0000000020000cd9        0x1 src/bme280/libbme280.a(bme280.c.obj)
                0x0000000020000cd9                dig_H6
 .bss.irq_hander_chain_free_slot_head
                0x0000000020000cda        0x1 CMakeFiles/weather_station.dir/home/gael/git/pico-sdk/src/rp2_common/hardware_irq/irq.c.obj
 .bss.timer_callbacks_pending
                0x0000000020000cdb        0x1 CMakeFiles/weather_station.dir/home/gael/git/pico-sdk/src/rp2_common/hardware_timer/timer.c.obj
 *(COMMON)
                0x0000000020000cdc                . = ALIGN (0x4)
                0x0000000020000cdc                __bss_end__ = .

.heap           0x0000000020000cdc      0x800
                0x0000000020000cdc                __end__ = .
                0x0000000020000cdc                end = __end__
 *(.heap*)
 .heap          0x0000000020000cdc      0x800 CMakeFiles/weather_station.dir/home/gael/git/pico-sdk/src/rp2_common/pico_standard_link/crt0.S.obj
                0x00000000200014dc                __HeapLimit = .

.stack1_dummy   0x0000000020040000        0x0
 *(.stack1*)

.stack_dummy    0x0000000020041000      0x800
 *(.stack*)
 .stack         0x0000000020041000      0x800 CMakeFiles/weather_station.dir/home/gael/git/pico-sdk/src/rp2_common/pico_standard_link/crt0.S.obj

.flash_end      0x0000000010008ae8        0x0
                0x0000000010008ae8                PROVIDE (__flash_binary_end = .)
                0x0000000020040000                __StackLimit = (ORIGIN (RAM) + LENGTH (RAM))
                0x0000000020041000                __StackOneTop = (ORIGIN (SCRATCH_X) + LENGTH (SCRATCH_X))
                0x0000000020042000                __StackTop = (ORIGIN (SCRATCH_Y) + LENGTH (SCRATCH_Y))
                0x0000000020041000                __StackOneBottom = (__StackOneTop - SIZEOF (.stack1_dummy))
                0x0000000020041800                __StackBottom = (__StackTop - SIZEOF (.stack_dummy))
                0x0000000020042000                PROVIDE (__stack = __StackTop)
                0x0000000000000001                ASSERT ((__StackLimit >= __HeapLimit), region RAM overflowed)
                0x0000000000000001                ASSERT (((__binary_info_header_end - __logical_binary_start) <= 0x100), Binary info must be in first 256 bytes of the binary)
LOAD CMakeFiles/weather_station.dir/src/main.c.obj
LOAD CMakeFiles/weather_station.dir/home/gael/git/pico-sdk/src/rp2_common/hardware_i2c/i2c.c.obj
LOAD CMakeFiles/weather_station.dir/home/gael/git/pico-sdk/src/rp2_common/pico_platform/platform.c.obj
LOAD CMakeFiles/weather_station.dir/home/gael/git/pico-sdk/src/rp2_common/hardware_claim/claim.c.obj
LOAD CMakeFiles/weather_station.dir/home/gael/git/pico-sdk/src/rp2_common/hardware_sync/sync.c.obj
LOAD CMakeFiles/weather_station.dir/home/gael/git/pico-sdk/src/common/pico_time/time.c.obj
LOAD CMakeFiles/weather_station.dir/home/gael/git/pico-sdk/src/common/pico_time/timeout_helper.c.obj
LOAD CMakeFiles/weather_station.dir/home/gael/git/pico-sdk/src/rp2_common/hardware_timer/timer.c.obj
LOAD CMakeFiles/weather_station.dir/home/gael/git/pico-sdk/src/rp2_common/hardware_irq/irq.c.obj
LOAD CMakeFiles/weather_station.dir/home/gael/git/pico-sdk/src/rp2_common/hardware_irq/irq_handler_chain.S.obj
LOAD CMakeFiles/weather_station.dir/home/gael/git/pico-sdk/src/common/pico_sync/sem.c.obj
LOAD CMakeFiles/weather_station.dir/home/gael/git/pico-sdk/src/common/pico_sync/lock_core.c.obj
LOAD CMakeFiles/weather_station.dir/home/gael/git/pico-sdk/src/common/pico_sync/mutex.c.obj
LOAD CMakeFiles/weather_station.dir/home/gael/git/pico-sdk/src/common/pico_sync/critical_section.c.obj
LOAD CMakeFiles/weather_station.dir/home/gael/git/pico-sdk/src/common/pico_util/datetime.c.obj
LOAD CMakeFiles/weather_station.dir/home/gael/git/pico-sdk/src/common/pico_util/pheap.c.obj
LOAD CMakeFiles/weather_station.dir/home/gael/git/pico-sdk/src/common/pico_util/queue.c.obj
LOAD CMakeFiles/weather_station.dir/home/gael/git/pico-sdk/src/rp2_common/hardware_clocks/clocks.c.obj
LOAD CMakeFiles/weather_station.dir/home/gael/git/pico-sdk/src/rp2_common/hardware_gpio/gpio.c.obj
LOAD CMakeFiles/weather_station.dir/home/gael/git/pico-sdk/src/rp2_common/hardware_pll/pll.c.obj
LOAD CMakeFiles/weather_station.dir/home/gael/git/pico-sdk/src/rp2_common/hardware_vreg/vreg.c.obj
LOAD CMakeFiles/weather_station.dir/home/gael/git/pico-sdk/src/rp2_common/hardware_watchdog/watchdog.c.obj
LOAD CMakeFiles/weather_station.dir/home/gael/git/pico-sdk/src/rp2_common/hardware_xosc/xosc.c.obj
LOAD CMakeFiles/weather_station.dir/home/gael/git/pico-sdk/src/rp2_common/pico_stdlib/stdlib.c.obj
LOAD CMakeFiles/weather_station.dir/home/gael/git/pico-sdk/src/rp2_common/hardware_uart/uart.c.obj
LOAD CMakeFiles/weather_station.dir/home/gael/git/pico-sdk/src/rp2_common/hardware_divider/divider.S.obj
LOAD CMakeFiles/weather_station.dir/home/gael/git/pico-sdk/src/rp2_common/pico_runtime/runtime.c.obj
LOAD CMakeFiles/weather_station.dir/home/gael/git/pico-sdk/src/rp2_common/pico_printf/printf.c.obj
LOAD CMakeFiles/weather_station.dir/home/gael/git/pico-sdk/src/rp2_common/pico_bit_ops/bit_ops_aeabi.S.obj
LOAD CMakeFiles/weather_station.dir/home/gael/git/pico-sdk/src/rp2_common/pico_bootrom/bootrom.c.obj
LOAD CMakeFiles/weather_station.dir/home/gael/git/pico-sdk/src/rp2_common/pico_divider/divider.S.obj
LOAD CMakeFiles/weather_station.dir/home/gael/git/pico-sdk/src/rp2_common/pico_double/double_aeabi.S.obj
LOAD CMakeFiles/weather_station.dir/home/gael/git/pico-sdk/src/rp2_common/pico_double/double_init_rom.c.obj
LOAD CMakeFiles/weather_station.dir/home/gael/git/pico-sdk/src/rp2_common/pico_double/double_math.c.obj
LOAD CMakeFiles/weather_station.dir/home/gael/git/pico-sdk/src/rp2_common/pico_double/double_v1_rom_shim.S.obj
LOAD CMakeFiles/weather_station.dir/home/gael/git/pico-sdk/src/rp2_common/pico_int64_ops/pico_int64_ops_aeabi.S.obj
LOAD CMakeFiles/weather_station.dir/home/gael/git/pico-sdk/src/rp2_common/pico_float/float_aeabi.S.obj
LOAD CMakeFiles/weather_station.dir/home/gael/git/pico-sdk/src/rp2_common/pico_float/float_init_rom.c.obj
LOAD CMakeFiles/weather_station.dir/home/gael/git/pico-sdk/src/rp2_common/pico_float/float_math.c.obj
LOAD CMakeFiles/weather_station.dir/home/gael/git/pico-sdk/src/rp2_common/pico_float/float_v1_rom_shim.S.obj
LOAD CMakeFiles/weather_station.dir/home/gael/git/pico-sdk/src/rp2_common/pico_malloc/pico_malloc.c.obj
LOAD CMakeFiles/weather_station.dir/home/gael/git/pico-sdk/src/rp2_common/pico_mem_ops/mem_ops_aeabi.S.obj
LOAD CMakeFiles/weather_station.dir/home/gael/git/pico-sdk/src/rp2_common/pico_standard_link/crt0.S.obj
LOAD CMakeFiles/weather_station.dir/home/gael/git/pico-sdk/src/rp2_common/pico_standard_link/new_delete.cpp.obj
LOAD CMakeFiles/weather_station.dir/home/gael/git/pico-sdk/src/rp2_common/pico_standard_link/binary_info.c.obj
LOAD CMakeFiles/weather_station.dir/home/gael/git/pico-sdk/src/rp2_common/pico_stdio/stdio.c.obj
LOAD CMakeFiles/weather_station.dir/home/gael/git/pico-sdk/src/rp2_common/pico_i2c_slave/i2c_slave.c.obj
LOAD CMakeFiles/weather_station.dir/home/gael/git/pico-sdk/src/rp2_common/hardware_spi/spi.c.obj
LOAD src/i2c_non_blocking/libi2c_non_blocking.a
LOAD src/util/libutil.a
LOAD src/callback/libcallback.a
LOAD src/systick/libsystick.a
LOAD src/station/libstation.a
LOAD src/weather_mode/libweather_mode.a
LOAD src/wellcome_mode/libwellcome_mode.a
LOAD src/lcd/liblcd.a
LOAD src/font/libfont.a
LOAD src/touchscreen/libtouchscreen.a
LOAD src/bme280/libbme280.a
LOAD src/veml7700/libveml7700.a
LOAD src/RN4870/libRN4870.a
LOAD src/buffer_loop/libbuffer_loop.a
LOAD src/display/libdisplay.a
LOAD src/i2c_non_blocking/libi2c_non_blocking.a
LOAD src/util/libutil.a
LOAD src/callback/libcallback.a
LOAD src/lcd/liblcd.a
LOAD src/led_rgb/libled_rgb.a
LOAD src/drawing_mode/libdrawing_mode.a
LOAD /tmp/cclBpiH9.o
LOAD /usr/lib/gcc/arm-none-eabi/10.3.1/../../../arm-none-eabi/lib/thumb/v6-m/nofp/libstdc++.a
LOAD /usr/lib/gcc/arm-none-eabi/10.3.1/../../../arm-none-eabi/lib/thumb/v6-m/nofp/libm.a
START GROUP
LOAD /usr/lib/gcc/arm-none-eabi/10.3.1/thumb/v6-m/nofp/libgcc.a
LOAD /usr/lib/gcc/arm-none-eabi/10.3.1/../../../arm-none-eabi/lib/thumb/v6-m/nofp/libc.a
END GROUP
START GROUP
LOAD /usr/lib/gcc/arm-none-eabi/10.3.1/thumb/v6-m/nofp/libgcc.a
LOAD /usr/lib/gcc/arm-none-eabi/10.3.1/../../../arm-none-eabi/lib/thumb/v6-m/nofp/libc.a
LOAD /usr/lib/gcc/arm-none-eabi/10.3.1/../../../arm-none-eabi/lib/thumb/v6-m/nofp/libnosys.a
END GROUP
LOAD /usr/lib/gcc/arm-none-eabi/10.3.1/thumb/v6-m/nofp/crtend.o
LOAD /usr/lib/gcc/arm-none-eabi/10.3.1/thumb/v6-m/nofp/crtn.o
OUTPUT(weather_station.elf elf32-littlearm)
LOAD linker stubs

.ARM.attributes
                0x0000000000000000       0x28
 .ARM.attributes
                0x0000000000000000       0x1e /usr/lib/gcc/arm-none-eabi/10.3.1/thumb/v6-m/nofp/crti.o
 .ARM.attributes
                0x000000000000001e       0x2c /usr/lib/gcc/arm-none-eabi/10.3.1/thumb/v6-m/nofp/crtbegin.o
 .ARM.attributes
                0x000000000000004a       0x2c CMakeFiles/weather_station.dir/src/main.c.obj
 .ARM.attributes
                0x0000000000000076       0x2c CMakeFiles/weather_station.dir/home/gael/git/pico-sdk/src/rp2_common/hardware_i2c/i2c.c.obj
 .ARM.attributes
                0x00000000000000a2       0x2c CMakeFiles/weather_station.dir/home/gael/git/pico-sdk/src/rp2_common/pico_platform/platform.c.obj
 .ARM.attributes
                0x00000000000000ce       0x2c CMakeFiles/weather_station.dir/home/gael/git/pico-sdk/src/rp2_common/hardware_claim/claim.c.obj
 .ARM.attributes
                0x00000000000000fa       0x2c CMakeFiles/weather_station.dir/home/gael/git/pico-sdk/src/rp2_common/hardware_sync/sync.c.obj
 .ARM.attributes
                0x0000000000000126       0x2c CMakeFiles/weather_station.dir/home/gael/git/pico-sdk/src/common/pico_time/time.c.obj
 .ARM.attributes
                0x0000000000000152       0x2c CMakeFiles/weather_station.dir/home/gael/git/pico-sdk/src/rp2_common/hardware_timer/timer.c.obj
 .ARM.attributes
                0x000000000000017e       0x2c CMakeFiles/weather_station.dir/home/gael/git/pico-sdk/src/rp2_common/hardware_irq/irq.c.obj
 .ARM.attributes
                0x00000000000001aa       0x22 CMakeFiles/weather_station.dir/home/gael/git/pico-sdk/src/rp2_common/hardware_irq/irq_handler_chain.S.obj
 .ARM.attributes
                0x00000000000001cc       0x2c CMakeFiles/weather_station.dir/home/gael/git/pico-sdk/src/common/pico_sync/lock_core.c.obj
 .ARM.attributes
                0x00000000000001f8       0x2c CMakeFiles/weather_station.dir/home/gael/git/pico-sdk/src/common/pico_sync/mutex.c.obj
 .ARM.attributes
                0x0000000000000224       0x2c CMakeFiles/weather_station.dir/home/gael/git/pico-sdk/src/common/pico_util/pheap.c.obj
 .ARM.attributes
                0x0000000000000250       0x2c CMakeFiles/weather_station.dir/home/gael/git/pico-sdk/src/rp2_common/hardware_clocks/clocks.c.obj
 .ARM.attributes
                0x000000000000027c       0x2c CMakeFiles/weather_station.dir/home/gael/git/pico-sdk/src/rp2_common/hardware_gpio/gpio.c.obj
 .ARM.attributes
                0x00000000000002a8       0x2c CMakeFiles/weather_station.dir/home/gael/git/pico-sdk/src/rp2_common/hardware_pll/pll.c.obj
 .ARM.attributes
                0x00000000000002d4       0x2c CMakeFiles/weather_station.dir/home/gael/git/pico-sdk/src/rp2_common/hardware_watchdog/watchdog.c.obj
 .ARM.attributes
                0x0000000000000300       0x2c CMakeFiles/weather_station.dir/home/gael/git/pico-sdk/src/rp2_common/hardware_xosc/xosc.c.obj
 .ARM.attributes
                0x000000000000032c       0x2c CMakeFiles/weather_station.dir/home/gael/git/pico-sdk/src/rp2_common/pico_runtime/runtime.c.obj
 .ARM.attributes
                0x0000000000000358       0x2c CMakeFiles/weather_station.dir/home/gael/git/pico-sdk/src/rp2_common/pico_printf/printf.c.obj
 .ARM.attributes
                0x0000000000000384       0x22 CMakeFiles/weather_station.dir/home/gael/git/pico-sdk/src/rp2_common/pico_bit_ops/bit_ops_aeabi.S.obj
 .ARM.attributes
                0x00000000000003a6       0x2c CMakeFiles/weather_station.dir/home/gael/git/pico-sdk/src/rp2_common/pico_bootrom/bootrom.c.obj
 .ARM.attributes
                0x00000000000003d2       0x22 CMakeFiles/weather_station.dir/home/gael/git/pico-sdk/src/rp2_common/pico_divider/divider.S.obj
 .ARM.attributes
                0x00000000000003f4       0x22 CMakeFiles/weather_station.dir/home/gael/git/pico-sdk/src/rp2_common/pico_double/double_aeabi.S.obj
 .ARM.attributes
                0x0000000000000416       0x2c CMakeFiles/weather_station.dir/home/gael/git/pico-sdk/src/rp2_common/pico_double/double_init_rom.c.obj
 .ARM.attributes
                0x0000000000000442       0x22 CMakeFiles/weather_station.dir/home/gael/git/pico-sdk/src/rp2_common/pico_double/double_v1_rom_shim.S.obj
 .ARM.attributes
                0x0000000000000464       0x22 CMakeFiles/weather_station.dir/home/gael/git/pico-sdk/src/rp2_common/pico_int64_ops/pico_int64_ops_aeabi.S.obj
 .ARM.attributes
                0x0000000000000486       0x22 CMakeFiles/weather_station.dir/home/gael/git/pico-sdk/src/rp2_common/pico_float/float_aeabi.S.obj
 .ARM.attributes
                0x00000000000004a8       0x2c CMakeFiles/weather_station.dir/home/gael/git/pico-sdk/src/rp2_common/pico_float/float_init_rom.c.obj
 .ARM.attributes
                0x00000000000004d4       0x22 CMakeFiles/weather_station.dir/home/gael/git/pico-sdk/src/rp2_common/pico_float/float_v1_rom_shim.S.obj
 .ARM.attributes
                0x00000000000004f6       0x22 CMakeFiles/weather_station.dir/home/gael/git/pico-sdk/src/rp2_common/pico_mem_ops/mem_ops_aeabi.S.obj
 .ARM.attributes
                0x0000000000000518       0x22 CMakeFiles/weather_station.dir/home/gael/git/pico-sdk/src/rp2_common/pico_standard_link/crt0.S.obj
 .ARM.attributes
                0x000000000000053a       0x32 CMakeFiles/weather_station.dir/home/gael/git/pico-sdk/src/rp2_common/pico_standard_link/binary_info.c.obj
 .ARM.attributes
                0x000000000000056c       0x2c CMakeFiles/weather_station.dir/home/gael/git/pico-sdk/src/rp2_common/pico_stdio/stdio.c.obj
 .ARM.attributes
                0x0000000000000598       0x2c CMakeFiles/weather_station.dir/home/gael/git/pico-sdk/src/rp2_common/hardware_spi/spi.c.obj
 .ARM.attributes
                0x00000000000005c4       0x2c src/systick/libsystick.a(systick.c.obj)
 .ARM.attributes
                0x00000000000005f0       0x2c src/station/libstation.a(station.c.obj)
 .ARM.attributes
                0x000000000000061c       0x2c src/weather_mode/libweather_mode.a(weather_mode.c.obj)
 .ARM.attributes
                0x0000000000000648       0x2c src/wellcome_mode/libwellcome_mode.a(wellcome_mode.c.obj)
 .ARM.attributes
                0x0000000000000674       0x2c src/lcd/liblcd.a(lcd.c.obj)
 .ARM.attributes
                0x00000000000006a0       0x32 src/font/libfont.a(font.c.obj)
 .ARM.attributes
                0x00000000000006d2       0x2c src/touchscreen/libtouchscreen.a(touchscreen.c.obj)
 .ARM.attributes
                0x00000000000006fe       0x2c src/bme280/libbme280.a(bme280.c.obj)
 .ARM.attributes
                0x000000000000072a       0x2c src/veml7700/libveml7700.a(veml7700.c.obj)
 .ARM.attributes
                0x0000000000000756       0x2c src/display/libdisplay.a(display.c.obj)
 .ARM.attributes
                0x0000000000000782       0x2c src/drawing_mode/libdrawing_mode.a(drawing_mode.c.obj)
 .ARM.attributes
                0x00000000000007ae       0x22 /tmp/cclBpiH9.o
 .ARM.attributes
                0x00000000000007d0       0x1e /usr/lib/gcc/arm-none-eabi/10.3.1/thumb/v6-m/nofp/libgcc.a(_dvmd_tls.o)
 .ARM.attributes
                0x00000000000007ee       0x2c /usr/lib/gcc/arm-none-eabi/10.3.1/../../../arm-none-eabi/lib/thumb/v6-m/nofp/libc.a(lib_a-strlen-stub.o)
 .ARM.attributes
                0x000000000000081a       0x2c /usr/lib/gcc/arm-none-eabi/10.3.1/thumb/v6-m/nofp/crtend.o

.comment        0x0000000000000000       0x33
 .comment       0x0000000000000000       0x33 /usr/lib/gcc/arm-none-eabi/10.3.1/thumb/v6-m/nofp/crtbegin.o
                                         0x34 (size before relaxing)
 .comment       0x0000000000000033       0x34 CMakeFiles/weather_station.dir/src/main.c.obj
 .comment       0x0000000000000033       0x34 CMakeFiles/weather_station.dir/home/gael/git/pico-sdk/src/rp2_common/hardware_i2c/i2c.c.obj
 .comment       0x0000000000000033       0x34 CMakeFiles/weather_station.dir/home/gael/git/pico-sdk/src/rp2_common/pico_platform/platform.c.obj
 .comment       0x0000000000000033       0x34 CMakeFiles/weather_station.dir/home/gael/git/pico-sdk/src/rp2_common/hardware_claim/claim.c.obj
 .comment       0x0000000000000033       0x34 CMakeFiles/weather_station.dir/home/gael/git/pico-sdk/src/rp2_common/hardware_sync/sync.c.obj
 .comment       0x0000000000000033       0x34 CMakeFiles/weather_station.dir/home/gael/git/pico-sdk/src/common/pico_time/time.c.obj
 .comment       0x0000000000000033       0x34 CMakeFiles/weather_station.dir/home/gael/git/pico-sdk/src/rp2_common/hardware_timer/timer.c.obj
 .comment       0x0000000000000033       0x34 CMakeFiles/weather_station.dir/home/gael/git/pico-sdk/src/rp2_common/hardware_irq/irq.c.obj
 .comment       0x0000000000000033       0x34 CMakeFiles/weather_station.dir/home/gael/git/pico-sdk/src/common/pico_sync/lock_core.c.obj
 .comment       0x0000000000000033       0x34 CMakeFiles/weather_station.dir/home/gael/git/pico-sdk/src/common/pico_sync/mutex.c.obj
 .comment       0x0000000000000033       0x34 CMakeFiles/weather_station.dir/home/gael/git/pico-sdk/src/common/pico_util/pheap.c.obj
 .comment       0x0000000000000033       0x34 CMakeFiles/weather_station.dir/home/gael/git/pico-sdk/src/rp2_common/hardware_clocks/clocks.c.obj
 .comment       0x0000000000000033       0x34 CMakeFiles/weather_station.dir/home/gael/git/pico-sdk/src/rp2_common/hardware_gpio/gpio.c.obj
 .comment       0x0000000000000033       0x34 CMakeFiles/weather_station.dir/home/gael/git/pico-sdk/src/rp2_common/hardware_pll/pll.c.obj
 .comment       0x0000000000000033       0x34 CMakeFiles/weather_station.dir/home/gael/git/pico-sdk/src/rp2_common/hardware_watchdog/watchdog.c.obj
 .comment       0x0000000000000033       0x34 CMakeFiles/weather_station.dir/home/gael/git/pico-sdk/src/rp2_common/hardware_xosc/xosc.c.obj
 .comment       0x0000000000000033       0x34 CMakeFiles/weather_station.dir/home/gael/git/pico-sdk/src/rp2_common/pico_runtime/runtime.c.obj
 .comment       0x0000000000000033       0x34 CMakeFiles/weather_station.dir/home/gael/git/pico-sdk/src/rp2_common/pico_printf/printf.c.obj
 .comment       0x0000000000000033       0x34 CMakeFiles/weather_station.dir/home/gael/git/pico-sdk/src/rp2_common/pico_bootrom/bootrom.c.obj
 .comment       0x0000000000000033       0x34 CMakeFiles/weather_station.dir/home/gael/git/pico-sdk/src/rp2_common/pico_double/double_init_rom.c.obj
 .comment       0x0000000000000033       0x34 CMakeFiles/weather_station.dir/home/gael/git/pico-sdk/src/rp2_common/pico_float/float_init_rom.c.obj
 .comment       0x0000000000000033       0x34 CMakeFiles/weather_station.dir/home/gael/git/pico-sdk/src/rp2_common/pico_standard_link/binary_info.c.obj
 .comment       0x0000000000000033       0x34 CMakeFiles/weather_station.dir/home/gael/git/pico-sdk/src/rp2_common/pico_stdio/stdio.c.obj
 .comment       0x0000000000000033       0x34 CMakeFiles/weather_station.dir/home/gael/git/pico-sdk/src/rp2_common/hardware_spi/spi.c.obj
 .comment       0x0000000000000033       0x34 src/systick/libsystick.a(systick.c.obj)
 .comment       0x0000000000000033       0x34 src/station/libstation.a(station.c.obj)
 .comment       0x0000000000000033       0x34 src/weather_mode/libweather_mode.a(weather_mode.c.obj)
 .comment       0x0000000000000033       0x34 src/wellcome_mode/libwellcome_mode.a(wellcome_mode.c.obj)
 .comment       0x0000000000000033       0x34 src/lcd/liblcd.a(lcd.c.obj)
 .comment       0x0000000000000033       0x34 src/font/libfont.a(font.c.obj)
 .comment       0x0000000000000033       0x34 src/touchscreen/libtouchscreen.a(touchscreen.c.obj)
 .comment       0x0000000000000033       0x34 src/bme280/libbme280.a(bme280.c.obj)
 .comment       0x0000000000000033       0x34 src/veml7700/libveml7700.a(veml7700.c.obj)
 .comment       0x0000000000000033       0x34 src/display/libdisplay.a(display.c.obj)
 .comment       0x0000000000000033       0x34 src/drawing_mode/libdrawing_mode.a(drawing_mode.c.obj)
 .comment       0x0000000000000033       0x34 /usr/lib/gcc/arm-none-eabi/10.3.1/../../../arm-none-eabi/lib/thumb/v6-m/nofp/libc.a(lib_a-strlen-stub.o)
 .comment       0x0000000000000033       0x34 /usr/lib/gcc/arm-none-eabi/10.3.1/thumb/v6-m/nofp/crtend.o

.debug_line     0x0000000000000000      0x1d2
 .debug_line    0x0000000000000000       0x60 /usr/lib/gcc/arm-none-eabi/10.3.1/thumb/v6-m/nofp/libgcc.a(_dvmd_tls.o)
 .debug_line    0x0000000000000060      0x172 /usr/lib/gcc/arm-none-eabi/10.3.1/../../../arm-none-eabi/lib/thumb/v6-m/nofp/libc.a(lib_a-strlen-stub.o)

.debug_info     0x0000000000000000      0x114
 .debug_info    0x0000000000000000       0x26 /usr/lib/gcc/arm-none-eabi/10.3.1/thumb/v6-m/nofp/libgcc.a(_dvmd_tls.o)
 .debug_info    0x0000000000000026       0xee /usr/lib/gcc/arm-none-eabi/10.3.1/../../../arm-none-eabi/lib/thumb/v6-m/nofp/libc.a(lib_a-strlen-stub.o)

.debug_abbrev   0x0000000000000000       0xa3
 .debug_abbrev  0x0000000000000000       0x14 /usr/lib/gcc/arm-none-eabi/10.3.1/thumb/v6-m/nofp/libgcc.a(_dvmd_tls.o)
 .debug_abbrev  0x0000000000000014       0x8f /usr/lib/gcc/arm-none-eabi/10.3.1/../../../arm-none-eabi/lib/thumb/v6-m/nofp/libc.a(lib_a-strlen-stub.o)

.debug_aranges  0x0000000000000000       0x40
 .debug_aranges
                0x0000000000000000       0x20 /usr/lib/gcc/arm-none-eabi/10.3.1/thumb/v6-m/nofp/libgcc.a(_dvmd_tls.o)
 .debug_aranges
                0x0000000000000020       0x20 /usr/lib/gcc/arm-none-eabi/10.3.1/../../../arm-none-eabi/lib/thumb/v6-m/nofp/libc.a(lib_a-strlen-stub.o)

.debug_str      0x0000000000000000      0x232
 .debug_str     0x0000000000000000       0xa6 /usr/lib/gcc/arm-none-eabi/10.3.1/thumb/v6-m/nofp/libgcc.a(_dvmd_tls.o)
 .debug_str     0x00000000000000a6      0x18c /usr/lib/gcc/arm-none-eabi/10.3.1/../../../arm-none-eabi/lib/thumb/v6-m/nofp/libc.a(lib_a-strlen-stub.o)
                                        0x1c5 (size before relaxing)

.debug_loc      0x0000000000000000       0x90
 .debug_loc     0x0000000000000000       0x90 /usr/lib/gcc/arm-none-eabi/10.3.1/../../../arm-none-eabi/lib/thumb/v6-m/nofp/libc.a(lib_a-strlen-stub.o)

.debug_frame    0x0000000000000000       0x28
 .debug_frame   0x0000000000000000       0x28 /usr/lib/gcc/arm-none-eabi/10.3.1/../../../arm-none-eabi/lib/thumb/v6-m/nofp/libc.a(lib_a-strlen-stub.o)