Archive member included to satisfy reference by file (symbol)

src/i2c_non_blocking/libi2c_non_blocking.a(i2c_non_blocking.c.o)
                              CMakeFiles/weather_station.dir/src/main.c.o (i2c_nb_handler)
src/systick/libsystick.a(systick.c.o)
                              CMakeFiles/weather_station.dir/src/main.c.o (systick_init)
src/station/libstation.a(station.c.o)
                              CMakeFiles/weather_station.dir/src/main.c.o (station_init)
src/weather_mode/libweather_mode.a(weather_mode.c.o)
                              src/station/libstation.a(station.c.o) (weather_mode_measure_data)
src/wellcome_mode/libwellcome_mode.a(wellcome_mode.c.o)
                              src/station/libstation.a(station.c.o) (wellcome_main_grid)
src/lcd/liblcd.a(lcd.c.o)     src/station/libstation.a(station.c.o) (lcd_backlight_off)
src/font/libfont.a(font.c.o)  src/station/libstation.a(station.c.o) (BigFont)
src/touchscreen/libtouchscreen.a(touchscreen.c.o)
                              src/station/libstation.a(station.c.o) (touchscreen_status)
src/bme280/libbme280.a(bme280.c.o)
                              src/station/libstation.a(station.c.o) (BME280_config)
src/veml7700/libveml7700.a(veml7700.c.o)
                              src/station/libstation.a(station.c.o) (VEML7700_config)
src/RN4870/libRN4870.a(RN4870.c.o)
                              CMakeFiles/weather_station.dir/src/main.c.o (BLE_DATA_RECEIVED)
src/display/libdisplay.a(display.c.o)
                              CMakeFiles/weather_station.dir/src/main.c.o (display_create_zone_matrix)
src/util/libutil.a(util.c.o)  src/RN4870/libRN4870.a(RN4870.c.o) (gpio_initialize_out)
src/led_rgb/libled_rgb.a(led_rgb.c.o)
                              CMakeFiles/weather_station.dir/src/main.c.o (led_rgb_init)
src/drawing_mode/libdrawing_mode.a(drawing_mode.c.o)
                              src/station/libstation.a(station.c.o) (drawing_mode_draw)
/usr/lib/gcc/arm-none-eabi/14.2.0/thumb/v6-m/nofp/libgcc.a(_dvmd_tls.o)
                              CMakeFiles/weather_station.dir/home/gael/git/pico-sdk/src/rp2_common/pico_divider/divider_hardware.S.o (__aeabi_idiv0)
/usr/lib/gcc/arm-none-eabi/14.2.0/../../../../arm-none-eabi/lib/thumb/v6-m/nofp/libg.a(libc_a-atexit.o)
                              /usr/lib/gcc/arm-none-eabi/14.2.0/../../../../arm-none-eabi/lib/thumb/v6-m/nofp/crt0.o (atexit)
/usr/lib/gcc/arm-none-eabi/14.2.0/../../../../arm-none-eabi/lib/thumb/v6-m/nofp/libg.a(libc_a-calloc.o)
                              CMakeFiles/weather_station.dir/home/gael/git/pico-sdk/src/rp2_common/pico_malloc/malloc.c.o (calloc)
/usr/lib/gcc/arm-none-eabi/14.2.0/../../../../arm-none-eabi/lib/thumb/v6-m/nofp/libg.a(libc_a-callocr.o)
                              /usr/lib/gcc/arm-none-eabi/14.2.0/../../../../arm-none-eabi/lib/thumb/v6-m/nofp/libg.a(libc_a-calloc.o) (_calloc_r)
/usr/lib/gcc/arm-none-eabi/14.2.0/../../../../arm-none-eabi/lib/thumb/v6-m/nofp/libg.a(libc_a-malloc.o)
                              CMakeFiles/weather_station.dir/home/gael/git/pico-sdk/src/rp2_common/pico_malloc/malloc.c.o (malloc)
/usr/lib/gcc/arm-none-eabi/14.2.0/../../../../arm-none-eabi/lib/thumb/v6-m/nofp/libg.a(libc_a-mallocr.o)
                              /usr/lib/gcc/arm-none-eabi/14.2.0/../../../../arm-none-eabi/lib/thumb/v6-m/nofp/libg.a(libc_a-callocr.o) (_malloc_r)
/usr/lib/gcc/arm-none-eabi/14.2.0/../../../../arm-none-eabi/lib/thumb/v6-m/nofp/libg.a(libc_a-mlock.o)
                              /usr/lib/gcc/arm-none-eabi/14.2.0/../../../../arm-none-eabi/lib/thumb/v6-m/nofp/libg.a(libc_a-mallocr.o) (__malloc_lock)
/usr/lib/gcc/arm-none-eabi/14.2.0/../../../../arm-none-eabi/lib/thumb/v6-m/nofp/libg.a(libc_a-realloc.o)
                              CMakeFiles/weather_station.dir/home/gael/git/pico-sdk/src/rp2_common/pico_malloc/malloc.c.o (realloc)
/usr/lib/gcc/arm-none-eabi/14.2.0/../../../../arm-none-eabi/lib/thumb/v6-m/nofp/libg.a(libc_a-reallocr.o)
                              /usr/lib/gcc/arm-none-eabi/14.2.0/../../../../arm-none-eabi/lib/thumb/v6-m/nofp/libg.a(libc_a-realloc.o) (_realloc_r)
/usr/lib/gcc/arm-none-eabi/14.2.0/../../../../arm-none-eabi/lib/thumb/v6-m/nofp/libg.a(libc_a-memcmp.o)
                              CMakeFiles/weather_station.dir/home/gael/git/pico-sdk/src/rp2_common/pico_atomic/atomic.c.o (memcmp)
/usr/lib/gcc/arm-none-eabi/14.2.0/../../../../arm-none-eabi/lib/thumb/v6-m/nofp/libg.a(libc_a-memmove.o)
                              /usr/lib/gcc/arm-none-eabi/14.2.0/../../../../arm-none-eabi/lib/thumb/v6-m/nofp/libg.a(libc_a-reallocr.o) (memmove)
/usr/lib/gcc/arm-none-eabi/14.2.0/../../../../arm-none-eabi/lib/thumb/v6-m/nofp/libg.a(libc_a-lcltime_r.o)
                              CMakeFiles/weather_station.dir/home/gael/git/pico-sdk/src/common/pico_util/datetime.c.o (localtime_r)
/usr/lib/gcc/arm-none-eabi/14.2.0/../../../../arm-none-eabi/lib/thumb/v6-m/nofp/libg.a(libc_a-mktime.o)
[...]
Memory Configuration

Name             Origin             Length             Attributes
FLASH            0x10000000         0x00200000         xr
RAM              0x20000000         0x00040000         xrw
SCRATCH_X        0x20040000         0x00001000         xrw
SCRATCH_Y        0x20041000         0x00001000         xrw
*default*        0x00000000         0xffffffff

Linker script and memory map

LOAD /usr/lib/gcc/arm-none-eabi/14.2.0/thumb/v6-m/nofp/crti.o
LOAD /usr/lib/gcc/arm-none-eabi/14.2.0/thumb/v6-m/nofp/crtbegin.o
LOAD /usr/lib/gcc/arm-none-eabi/14.2.0/../../../../arm-none-eabi/lib/thumb/v6-m/nofp/crt0.o

.flash_begin    0x10000000        0x0
                0x10000000                        __flash_binary_start = .

.boot2          0x10000000      0x100
                0x10000000                        __boot2_start__ = .
 *(.boot2)
 .boot2         0x10000000      0x100 pico-sdk/src/rp2040/boot_stage2/CMakeFiles/bs2_default_library.dir/bs2_default_padded_checksummed.S.o
                0x10000100                        __boot2_end__ = .
                0x00000001                        ASSERT (((__boot2_end__ - __boot2_start__) == 0x100), ERROR: Pico second stage bootloader must be 256 bytes in size)

.text           0x10000100     0x740c
                0x10000100                        __logical_binary_start = .
 *(.vectors)
 .vectors       0x10000100       0xd4 CMakeFiles/weather_station.dir/home/gael/git/pico-sdk/src/rp2_common/pico_crt0/crt0.S.o
                0x10000100                __vectors
                0x10000100                __VECTOR_TABLE
                0x100001c0                isr_invalid
                0x100001c0                __default_isrs_start
                0x100001c2                isr_nmi
                0x100001c4                isr_hardfault
                0x100001c6                isr_svcall
                0x100001c8                isr_pendsv
                0x100001cc                isr_irq30
                0x100001cc                __unhandled_user_irq
                0x100001cc                isr_irq13
                0x100001cc                isr_irq27
                0x100001cc                isr_irq31
                0x100001cc                isr_irq5
                0x100001cc                isr_irq11
                0x100001cc                isr_irq23
                0x100001cc                isr_irq18
                0x100001cc                isr_irq28
                0x100001cc                isr_irq19
                0x100001cc                isr_irq0
                0x100001cc                isr_irq6
                0x100001cc                isr_irq22
                0x100001cc                isr_irq17
                0x100001cc                isr_irq14
                0x100001cc                isr_irq2
                0x100001cc                isr_irq10
                0x100001cc                isr_irq8
                0x100001cc                isr_irq24
                0x100001cc                isr_irq1
                0x100001cc                isr_irq7
                0x100001cc                isr_irq21
                0x100001cc                isr_irq20
                0x100001cc                isr_irq15
                0x100001cc                isr_irq25
                0x100001cc                isr_irq4
                0x100001cc                isr_irq16
                0x100001cc                isr_irq29
                0x100001cc                isr_irq26
                0x100001cc                __default_isrs_end
                0x100001cc                isr_irq3
                0x100001cc                isr_irq12
                0x100001cc                isr_irq9
                0x100001d2                unhandled_user_irq_num_in_r0
 *(.binary_info_header)
 .binary_info_header
                0x100001d4       0x14 CMakeFiles/weather_station.dir/home/gael/git/pico-sdk/src/rp2_common/pico_crt0/crt0.S.o
                0x100001e8                        __binary_info_header_end = .
 *(.embedded_block)
                0x100001e8                        __embedded_block_end = .
 *(.reset)
 .reset         0x100001e8       0x9c CMakeFiles/weather_station.dir/home/gael/git/pico-sdk/src/rp2_common/pico_crt0/crt0.S.o
                0x100001e8                _entry_point
 *(.init)
 .init          0x10000284        0x4 /usr/lib/gcc/arm-none-eabi/14.2.0/thumb/v6-m/nofp/crti.o
                0x10000284                _init
 *(EXCLUDE_FILE(*libm.a: *libc.a:*lib_a-mem*.o *libgcc.a:) .text*)
 .text.frame_dummy
                0x10000288       0x20 /usr/lib/gcc/arm-none-eabi/14.2.0/thumb/v6-m/nofp/crtbegin.o
 .text.startup.main
                0x100002a8       0x14 CMakeFiles/weather_station.dir/src/main.c.o
                0x100002a8                main
 .text.i2c_read_blocking_internal.constprop.0
                0x100002bc       0x98 CMakeFiles/weather_station.dir/home/gael/git/pico-sdk/src/rp2_common/hardware_i2c/i2c.c.o
 .text.i2c_write_blocking_internal.constprop.0
                0x10000354       0xf8 CMakeFiles/weather_station.dir/home/gael/git/pico-sdk/src/rp2_common/hardware_i2c/i2c.c.o
 .text.i2c_set_baudrate
                0x1000044c       0xc0 CMakeFiles/weather_station.dir/home/gael/git/pico-sdk/src/rp2_common/hardware_i2c/i2c.c.o
                0x1000044c                i2c_set_baudrate
 .text.i2c_init
                0x1000050c       0x50 CMakeFiles/weather_station.dir/home/gael/git/pico-sdk/src/rp2_common/hardware_i2c/i2c.c.o
                0x1000050c                i2c_init
 .text.i2c_write_blocking
                0x1000055c       0x14 CMakeFiles/weather_station.dir/home/gael/git/pico-sdk/src/rp2_common/hardware_i2c/i2c.c.o
                0x1000055c                i2c_write_blocking
 .text.i2c_read_blocking
                0x10000570       0x14 CMakeFiles/weather_station.dir/home/gael/git/pico-sdk/src/rp2_common/hardware_i2c/i2c.c.o
                0x10000570                i2c_read_blocking
 .text.panic    0x10000584       0x30 CMakeFiles/weather_station.dir/home/gael/git/pico-sdk/src/rp2_common/pico_platform_panic/panic.c.o
                0x10000584                panic
 .text.hw_claim_or_assert
                0x100005b4       0x44 CMakeFiles/weather_station.dir/home/gael/git/pico-sdk/src/common/hardware_claim/claim.c.o
                0x100005b4                hw_claim_or_assert
 .text.next_striped_spin_lock_num
                0x100005f8       0x18 CMakeFiles/weather_station.dir/home/gael/git/pico-sdk/src/rp2_common/hardware_sync/sync.c.o
                0x100005f8                next_striped_spin_lock_num
 .text.spin_locks_reset
                0x10000610       0x1c CMakeFiles/weather_station.dir/home/gael/git/pico-sdk/src/rp2_common/hardware_sync_spin_lock/sync_spin_lock.c.o
                0x10000610                spin_locks_reset
 .text.sleep_until_callback
                0x1000062c       0x30 CMakeFiles/weather_station.dir/home/gael/git/pico-sdk/src/common/pico_time/time.c.o
 .text.alarm_pool_irq_handler
                0x1000065c      0x300 CMakeFiles/weather_station.dir/home/gael/git/pico-sdk/src/common/pico_time/time.c.o
 .text.runtime_init_default_alarm_pool
                0x1000095c       0xdc CMakeFiles/weather_station.dir/home/gael/git/pico-sdk/src/common/pico_time/time.c.o
                0x1000095c                runtime_init_default_alarm_pool
 .text.alarm_pool_add_alarm_at_force_in_context
                0x10000a38       0xb0 CMakeFiles/weather_station.dir/home/gael/git/pico-sdk/src/common/pico_time/time.c.o
                0x10000a38                alarm_pool_add_alarm_at_force_in_context
 .text.alarm_pool_cancel_alarm
                0x10000ae8       0x74 CMakeFiles/weather_station.dir/home/gael/git/pico-sdk/src/common/pico_time/time.c.o
                0x10000ae8                alarm_pool_cancel_alarm
 .text.sleep_ms
                0x10000b5c       0xfc CMakeFiles/weather_station.dir/home/gael/git/pico-sdk/src/common/pico_time/time.c.o
                0x10000b5c                sleep_ms
 .text.best_effort_wfe_or_timeout
                0x10000c58      0x10c CMakeFiles/weather_station.dir/home/gael/git/pico-sdk/src/common/pico_time/time.c.o
                0x10000c58                best_effort_wfe_or_timeout
 .text.timer_hardware_alarm_claim
                0x10000d64       0x14 CMakeFiles/weather_station.dir/home/gael/git/pico-sdk/src/rp2_common/hardware_timer/timer.c.o
                0x10000d64                timer_hardware_alarm_claim
 .text.timer_time_us_64
                0x10000d78       0x10 CMakeFiles/weather_station.dir/home/gael/git/pico-sdk/src/rp2_common/hardware_timer/timer.c.o
                0x10000d78                timer_time_us_64
 .text.time_us_64
                0x10000d88       0x14 CMakeFiles/weather_station.dir/home/gael/git/pico-sdk/src/rp2_common/hardware_timer/timer.c.o
                0x10000d88                time_us_64
 .text.busy_wait_until
                0x10000d9c       0x20 CMakeFiles/weather_station.dir/home/gael/git/pico-sdk/src/rp2_common/hardware_timer/timer.c.o
                0x10000d9c                busy_wait_until
 .text.runtime_init_per_core_irq_priorities
                0x10000dbc       0x24 CMakeFiles/weather_station.dir/home/gael/git/pico-sdk/src/rp2_common/hardware_irq/irq.c.o
                0x10000dbc                runtime_init_per_core_irq_priorities
 .text.irq_set_enabled
                0x10000de0       0x24 CMakeFiles/weather_station.dir/home/gael/git/pico-sdk/src/rp2_common/hardware_irq/irq.c.o
                0x10000de0                irq_set_enabled
 .text.irq_set_exclusive_handler
                0x10000e04       0x54 CMakeFiles/weather_station.dir/home/gael/git/pico-sdk/src/rp2_common/hardware_irq/irq.c.o
                0x10000e04                irq_set_exclusive_handler
 .text.irq_add_shared_handler
                0x10000e58      0x1f4 CMakeFiles/weather_station.dir/home/gael/git/pico-sdk/src/rp2_common/hardware_irq/irq.c.o
                0x10000e58                irq_add_shared_handler
 .text.irq_remove_handler
                0x1000104c      0x1d4 CMakeFiles/weather_station.dir/home/gael/git/pico-sdk/src/rp2_common/hardware_irq/irq.c.o
                0x1000104c                irq_remove_handler
 .text.irq_add_tail_to_free_list
                0x10001220       0xb4 CMakeFiles/weather_station.dir/home/gael/git/pico-sdk/src/rp2_common/hardware_irq/irq.c.o
                0x10001220                irq_add_tail_to_free_list
 .text.lock_init
                0x100012d4       0x10 CMakeFiles/weather_station.dir/home/gael/git/pico-sdk/src/common/pico_sync/lock_core.c.o
                0x100012d4                lock_init
 .text.runtime_init_mutex
                0x100012e4       0x50 CMakeFiles/weather_station.dir/home/gael/git/pico-sdk/src/common/pico_sync/mutex.c.o
                0x100012e4                runtime_init_mutex
 .text.clock_configure_int_divider
                0x10001334       0xf4 CMakeFiles/weather_station.dir/home/gael/git/pico-sdk/src/rp2_common/hardware_clocks/clocks.c.o
                0x10001334                clock_configure_int_divider
 .text.clock_configure_undivided
                0x10001428       0xe8 CMakeFiles/weather_station.dir/home/gael/git/pico-sdk/src/rp2_common/hardware_clocks/clocks.c.o
                0x10001428                clock_configure_undivided
 .text.clock_get_hz
                0x10001510        0xc CMakeFiles/weather_station.dir/home/gael/git/pico-sdk/src/rp2_common/hardware_clocks/clocks.c.o
                0x10001510                clock_get_hz
 .text.gpio_default_irq_handler
                0x1000151c      0x2c8 CMakeFiles/weather_station.dir/home/gael/git/pico-sdk/src/rp2_common/hardware_gpio/gpio.c.o
 .text.gpio_set_function
                0x100017e4       0x34 CMakeFiles/weather_station.dir/home/gael/git/pico-sdk/src/rp2_common/hardware_gpio/gpio.c.o
                0x100017e4                gpio_set_function
 .text.gpio_set_irq_enabled_with_callback
                0x10001818       0xd0 CMakeFiles/weather_station.dir/home/gael/git/pico-sdk/src/rp2_common/hardware_gpio/gpio.c.o
                0x10001818                gpio_set_irq_enabled_with_callback
 .text.gpio_init
                0x100018e8       0x40 CMakeFiles/weather_station.dir/home/gael/git/pico-sdk/src/rp2_common/hardware_gpio/gpio.c.o
                0x100018e8                gpio_init
 .text.pll_init
                0x10001928       0xa4 CMakeFiles/weather_station.dir/home/gael/git/pico-sdk/src/rp2_common/hardware_pll/pll.c.o
                0x10001928                pll_init
 .text.tick_start
                0x100019cc       0x10 CMakeFiles/weather_station.dir/home/gael/git/pico-sdk/src/rp2_common/hardware_ticks/ticks.c.o
                0x100019cc                tick_start
 .text.rom_func_lookup
                0x100019dc       0x10 CMakeFiles/weather_station.dir/home/gael/git/pico-sdk/src/rp2_common/pico_bootrom/bootrom.c.o
                0x100019dc                rom_func_lookup
 .text.rom_data_lookup
                0x100019ec       0x10 CMakeFiles/weather_station.dir/home/gael/git/pico-sdk/src/rp2_common/pico_bootrom/bootrom.c.o
                0x100019ec                rom_data_lookup
 .text.rom_funcs_lookup
                0x100019fc       0x44 CMakeFiles/weather_station.dir/home/gael/git/pico-sdk/src/rp2_common/pico_bootrom/bootrom.c.o
                0x100019fc                rom_funcs_lookup
 .text.xosc_init
                0x10001a40       0x28 CMakeFiles/weather_station.dir/home/gael/git/pico-sdk/src/rp2_common/hardware_xosc/xosc.c.o
                0x10001a40                xosc_init
 .text.first_per_core_initializer
                0x10001a68        0x4 CMakeFiles/weather_station.dir/home/gael/git/pico-sdk/src/rp2_common/pico_runtime/runtime.c.o
 .text.hard_assertion_failure
                0x10001a6c        0xc CMakeFiles/weather_station.dir/home/gael/git/pico-sdk/src/rp2_common/pico_runtime/runtime.c.o
                0x10001a6c                hard_assertion_failure
 .text.runtime_run_initializers
                0x10001a78       0x28 CMakeFiles/weather_station.dir/home/gael/git/pico-sdk/src/rp2_common/pico_runtime/runtime.c.o
                0x10001a78                runtime_run_initializers
 .text.runtime_init_early_resets
                0x10001aa0       0x2c CMakeFiles/weather_station.dir/home/gael/git/pico-sdk/src/rp2_common/pico_runtime_init/runtime_init.c.o
                0x10001aa0                runtime_init_early_resets
 .text.runtime_init_usb_power_down
                0x10001acc       0x1c CMakeFiles/weather_station.dir/home/gael/git/pico-sdk/src/rp2_common/pico_runtime_init/runtime_init.c.o
                0x10001acc                runtime_init_usb_power_down
 .text.runtime_init_post_clock_resets
                0x10001ae8       0x20 CMakeFiles/weather_station.dir/home/gael/git/pico-sdk/src/rp2_common/pico_runtime_init/runtime_init.c.o
                0x10001ae8                runtime_init_post_clock_resets
 .text.runtime_init_rp2040_gpio_ie_disable
                0x10001b08       0x14 CMakeFiles/weather_station.dir/home/gael/git/pico-sdk/src/rp2_common/pico_runtime_init/runtime_init.c.o
                0x10001b08                runtime_init_rp2040_gpio_ie_disable
 .text.runtime_init_spin_locks_reset
                0x10001b1c        0x8 CMakeFiles/weather_station.dir/home/gael/git/pico-sdk/src/rp2_common/pico_runtime_init/runtime_init.c.o
                0x10001b1c                runtime_init_spin_locks_reset
 .text.runtime_init_install_ram_vector_table
                0x10001b24       0x1c CMakeFiles/weather_station.dir/home/gael/git/pico-sdk/src/rp2_common/pico_runtime_init/runtime_init.c.o
                0x10001b24                runtime_init_install_ram_vector_table
 .text.runtime_init_clocks
                0x10001b40       0xd8 CMakeFiles/weather_station.dir/home/gael/git/pico-sdk/src/rp2_common/pico_runtime_init/runtime_init_clocks.c.o
                0x10001b40                runtime_init_clocks
 .text          0x10001c18       0x10 CMakeFiles/weather_station.dir/home/gael/git/pico-sdk/src/rp2_common/pico_bit_ops/bit_ops_aeabi.S.o
 .text.__wrap___aeabi_idiv
                0x10001c28       0x50 CMakeFiles/weather_station.dir/home/gael/git/pico-sdk/src/rp2_common/pico_divider/divider_hardware.S.o
                0x10001c28                __wrap___aeabi_idivmod
                0x10001c28                divmod_s32s32
                0x10001c28                div_s32s32
                0x10001c28                __wrap___aeabi_idiv
                0x10001c30                divmod_s32s32_unsafe
                0x10001c5c                divmod_s32s32_savestate
 .text.__wrap___aeabi_uidiv
                0x10001c78       0x4c CMakeFiles/weather_station.dir/home/gael/git/pico-sdk/src/rp2_common/pico_divider/divider_hardware.S.o
                0x10001c78                __wrap___aeabi_uidiv
                0x10001c78                __wrap___aeabi_uidivmod
                0x10001c78                div_u32u32
                0x10001c78                divmod_u32u32
                0x10001c80                divmod_u32u32_unsafe
                0x10001ca8                divmod_u32u32_savestate
 .text.__wrap___aeabi_ldiv
                0x10001cc4      0x424 CMakeFiles/weather_station.dir/home/gael/git/pico-sdk/src/rp2_common/pico_divider/divider_hardware.S.o
                0x10001cc4                div_s64s64
                0x10001cc4                divmod_s64s64
                0x10001cc4                __wrap___aeabi_ldivmod
                0x10001cf4                div_u64u64
                0x10001cf4                divmod_u64u64
                0x10001cf4                __wrap___aeabi_uldivmod
                0x10001d04                divmod_u64u64_savestate
                0x10001d24                divmod_s64s64_unsafe
                0x10001dac                divmod_u64u64_unsafe
 .text.__wrap___aeabi_darithmetic
                0x100020e8       0x80 CMakeFiles/weather_station.dir/home/gael/git/pico-sdk/src/rp2_common/pico_double/double_aeabi_rp2040.S.o
                0x100020e8                __wrap___aeabi_drsub
                0x100020ee                __wrap___aeabi_dsub
                0x10002100                __wrap___aeabi_dadd
                0x10002112                __wrap___aeabi_ddiv
                0x1000214e                __wrap___aeabi_dmul
 .text.__wrap___aeabi_cdcmple
                0x10002168       0x6c CMakeFiles/weather_station.dir/home/gael/git/pico-sdk/src/rp2_common/pico_double/double_aeabi_rp2040.S.o
                0x10002168                __wrap___aeabi_cdrcmple
                0x10002178                __wrap___aeabi_cdcmple
                0x10002178                __wrap___aeabi_cdcmpeq
 .text.__wrap___aeabi_dcmpeq
                0x100021d4       0x10 CMakeFiles/weather_station.dir/home/gael/git/pico-sdk/src/rp2_common/pico_double/double_aeabi_rp2040.S.o
                0x100021d4                __wrap___aeabi_dcmpeq
 .text.__wrap___aeabi_dcmplt
                0x100021e4        0xc CMakeFiles/weather_station.dir/home/gael/git/pico-sdk/src/rp2_common/pico_double/double_aeabi_rp2040.S.o
                0x100021e4                __wrap___aeabi_dcmplt
 .text.__wrap___aeabi_dcmple
                0x100021f0       0x10 CMakeFiles/weather_station.dir/home/gael/git/pico-sdk/src/rp2_common/pico_double/double_aeabi_rp2040.S.o
                0x100021f0                __wrap___aeabi_dcmple
 .text.__wrap___aeabi_dcmpge
                0x10002200       0x10 CMakeFiles/weather_station.dir/home/gael/git/pico-sdk/src/rp2_common/pico_double/double_aeabi_rp2040.S.o
                0x10002200                __wrap___aeabi_dcmpge
 .text.__wrap___aeabi_dcmpgt
                0x10002210        0xa CMakeFiles/weather_station.dir/home/gael/git/pico-sdk/src/rp2_common/pico_double/double_aeabi_rp2040.S.o
                0x10002210                __wrap___aeabi_dcmpgt
 .text.__wrap___aeabi_dcmpun
                0x1000221a       0x18 CMakeFiles/weather_station.dir/home/gael/git/pico-sdk/src/rp2_common/pico_double/double_aeabi_rp2040.S.o
                0x1000221a                __wrap___aeabi_dcmpun
 *fill*         0x10002232        0x2 
 .text.__wrap___aeabi_i2d
                0x10002234       0x38 CMakeFiles/weather_station.dir/home/gael/git/pico-sdk/src/rp2_common/pico_double/double_aeabi_rp2040.S.o
                0x10002234                __wrap___aeabi_ui2d
                0x10002234                uint2double
                0x1000223c                __wrap___aeabi_i2d
                0x1000223c                int2double
 .text.__wrap___aeabi_d2iz
                0x1000226c       0x48 CMakeFiles/weather_station.dir/home/gael/git/pico-sdk/src/rp2_common/pico_double/double_aeabi_rp2040.S.o
                0x1000226c                __wrap___aeabi_d2iz
                0x1000226c                double2int_z
 .text.__wrap___aeabi_d2uiz
                0x100022b4       0x18 CMakeFiles/weather_station.dir/home/gael/git/pico-sdk/src/rp2_common/pico_double/double_aeabi_rp2040.S.o
                0x100022b4                double2uint_z
                0x100022b4                double2uint
                0x100022b4                __wrap___aeabi_d2uiz
 .text.__wrap___aeabi_d2f
                0x100022cc       0x18 CMakeFiles/weather_station.dir/home/gael/git/pico-sdk/src/rp2_common/pico_double/double_aeabi_rp2040.S.o
                0x100022cc                __wrap___aeabi_d2f
 .text.__aeabi_double_init
                0x100022e4       0xa4 CMakeFiles/weather_station.dir/home/gael/git/pico-sdk/src/rp2_common/pico_double/double_init_rom_rp2040.c.o
                0x100022e4                __aeabi_double_init
 .text.double_table_shim_on_use_helper
                0x10002388       0x2c CMakeFiles/weather_station.dir/home/gael/git/pico-sdk/src/rp2_common/pico_double/double_v1_rom_shim_rp2040.S.o
                0x10002388                double_table_shim_on_use_helper
 .text.__wrap___aeabi_dsub
                0x100023b4       0x10 CMakeFiles/weather_station.dir/home/gael/git/pico-sdk/src/rp2_common/pico_double/double_v1_rom_shim_rp2040.S.o
                0x100023b4                drsub_shim
                0x100023ba                dsub_shim
 .text.dadd_shim
                0x100023c4      0x15c CMakeFiles/weather_station.dir/home/gael/git/pico-sdk/src/rp2_common/pico_double/double_v1_rom_shim_rp2040.S.o
                0x100023c4                dadd_shim
 .text.dmul_shim
                0x10002520      0x15c CMakeFiles/weather_station.dir/home/gael/git/pico-sdk/src/rp2_common/pico_double/double_v1_rom_shim_rp2040.S.o
                0x10002520                dmul_shim
 .text.ddiv_shim
                0x1000267c      0x1b0 CMakeFiles/weather_station.dir/home/gael/git/pico-sdk/src/rp2_common/pico_double/double_v1_rom_shim_rp2040.S.o
                0x1000267c                ddiv_shim
 .text.double2uint_shim
                0x1000282c        0xe CMakeFiles/weather_station.dir/home/gael/git/pico-sdk/src/rp2_common/pico_double/double_v1_rom_shim_rp2040.S.o
                0x1000282c                double2uint_shim
                0x1000282e                double2ufix_shim
 *fill*         0x1000283a        0x2 
 .text.double2uint64_shim
                0x1000283c       0x70 CMakeFiles/weather_station.dir/home/gael/git/pico-sdk/src/rp2_common/pico_double/double_v1_rom_shim_rp2040.S.o
                0x1000283c                double2uint64_shim
                0x1000283e                double2ufix64_shim
                0x1000285e                d2fix_a
 .text.double2float_shim
                0x100028ac       0x5c CMakeFiles/weather_station.dir/home/gael/git/pico-sdk/src/rp2_common/pico_double/double_v1_rom_shim_rp2040.S.o
                0x100028ac                double2float_shim
 .text.dunpacks
                0x10002908       0x3c CMakeFiles/weather_station.dir/home/gael/git/pico-sdk/src/rp2_common/pico_double/double_v1_rom_shim_rp2040.S.o
                0x10002908                dunpacks
 .text.__aeabi_lmul
                0x10002944       0x32 CMakeFiles/weather_station.dir/home/gael/git/pico-sdk/src/rp2_common/pico_int64_ops/pico_int64_ops_aeabi.S.o
                0x10002944                __wrap___aeabi_lmul
 *fill*         0x10002976        0x2 
 .text.__wrap___aeabi_farithmetic
                0x10002978       0x48 CMakeFiles/weather_station.dir/home/gael/git/pico-sdk/src/rp2_common/pico_float/float_aeabi_rp2040.S.o
                0x10002978                __wrap___aeabi_frsub
                0x1000297e                __wrap___aeabi_fsub
                0x10002984                __wrap___aeabi_fadd
                0x1000298a                __wrap___aeabi_fdiv
                0x100029b2                __wrap___aeabi_fmul
 .text.__wrap___aeabi_f2iz
                0x100029c0       0x4e CMakeFiles/weather_station.dir/home/gael/git/pico-sdk/src/rp2_common/pico_float/float_aeabi_rp2040.S.o
                0x100029c0                __wrap___aeabi_f2iz
                0x100029c0                float2int_z
 *fill*         0x10002a0e        0x2 
 .text.float2int
                0x10002a10       0x14 CMakeFiles/weather_station.dir/home/gael/git/pico-sdk/src/rp2_common/pico_float/float_aeabi_rp2040.S.o
                0x10002a10                float2int
 .text.__wrap___aeabi_f2uiz
                0x10002a24        0xc CMakeFiles/weather_station.dir/home/gael/git/pico-sdk/src/rp2_common/pico_float/float_aeabi_rp2040.S.o
                0x10002a24                float2uint
                0x10002a24                float2uint_z
                0x10002a24                __wrap___aeabi_f2uiz
 .text.__aeabi_float_init
                0x10002a30       0x64 CMakeFiles/weather_station.dir/home/gael/git/pico-sdk/src/rp2_common/pico_float/float_init_rom_rp2040.c.o
                0x10002a30                __aeabi_float_init
 .text.float_table_shim_on_use_helper
                0x10002a94       0x2c CMakeFiles/weather_station.dir/home/gael/git/pico-sdk/src/rp2_common/pico_float/float_v1_rom_shim_rp2040.S.o
                0x10002a94                float_table_shim_on_use_helper
 .text.float232_shims
                0x10002ac0       0x18 CMakeFiles/weather_station.dir/home/gael/git/pico-sdk/src/rp2_common/pico_float/float_v1_rom_shim_rp2040.S.o
                0x10002ac0                float2int_shim
                0x10002ac2                float2fix_shim
 .text          0x10002ad8       0x10 CMakeFiles/weather_station.dir/home/gael/git/pico-sdk/src/rp2_common/pico_mem_ops/mem_ops_aeabi.S.o
                0x10002ad8                __aeabi_mem_init
 .text.memcpy   0x10002ae8        0xc CMakeFiles/weather_station.dir/home/gael/git/pico-sdk/src/rp2_common/pico_mem_ops/mem_ops_aeabi.S.o
                0x10002ae8                __wrap___aeabi_memcpy
                0x10002ae8                __wrap_memcpy
 .text._out_buffer
                0x10002af4        0x8 CMakeFiles/weather_station.dir/home/gael/git/pico-sdk/src/rp2_common/pico_printf/printf.c.o
 .text._out_null
                0x10002afc        0x4 CMakeFiles/weather_station.dir/home/gael/git/pico-sdk/src/rp2_common/pico_printf/printf.c.o
 .text._out_rev
                0x10002b00       0xac CMakeFiles/weather_station.dir/home/gael/git/pico-sdk/src/rp2_common/pico_printf/printf.c.o
 .text._ntoa_format
                0x10002bac      0x1cc CMakeFiles/weather_station.dir/home/gael/git/pico-sdk/src/rp2_common/pico_printf/printf.c.o
 .text._out_char
                0x10002d78       0x10 CMakeFiles/weather_station.dir/home/gael/git/pico-sdk/src/rp2_common/pico_printf/printf.c.o
 .text._out_fct
                0x10002d88       0x10 CMakeFiles/weather_station.dir/home/gael/git/pico-sdk/src/rp2_common/pico_printf/printf.c.o
 .text._ftoa    0x10002d98      0x4a8 CMakeFiles/weather_station.dir/home/gael/git/pico-sdk/src/rp2_common/pico_printf/printf.c.o
 .text._etoa    0x10003240      0x57c CMakeFiles/weather_station.dir/home/gael/git/pico-sdk/src/rp2_common/pico_printf/printf.c.o
 .text._vsnprintf
                0x100037bc      0xbe0 CMakeFiles/weather_station.dir/home/gael/git/pico-sdk/src/rp2_common/pico_printf/printf.c.o
 .text.__wrap_sprintf
                0x1000439c       0x2c CMakeFiles/weather_station.dir/home/gael/git/pico-sdk/src/rp2_common/pico_printf/printf.c.o
                0x1000439c                __wrap_sprintf
 .text.vfctprintf
                0x100043c8       0x24 CMakeFiles/weather_station.dir/home/gael/git/pico-sdk/src/rp2_common/pico_printf/printf.c.o
                0x100043c8                vfctprintf
 .text.weak_raw_vprintf
                0x100043ec       0x30 CMakeFiles/weather_station.dir/home/gael/git/pico-sdk/src/rp2_common/pico_printf/printf.c.o
                0x100043ec                weak_raw_vprintf
 .text._exit    0x1000441c        0x4 CMakeFiles/weather_station.dir/home/gael/git/pico-sdk/src/rp2_common/pico_clib_interface/newlib_interface.c.o
                0x1000441c                _exit
 .text.exit     0x10004420        0x8 CMakeFiles/weather_station.dir/home/gael/git/pico-sdk/src/rp2_common/pico_clib_interface/newlib_interface.c.o
                0x10004420                exit
 .text.runtime_init
                0x10004428       0x2c CMakeFiles/weather_station.dir/home/gael/git/pico-sdk/src/rp2_common/pico_clib_interface/newlib_interface.c.o
                0x10004428                runtime_init
 .text.stdio_out_chars_no_crlf
                0x10004454       0x10 CMakeFiles/weather_station.dir/home/gael/git/pico-sdk/src/rp2_common/pico_stdio/stdio.c.o
 .text.stdio_out_chars_crlf
                0x10004464       0xb0 CMakeFiles/weather_station.dir/home/gael/git/pico-sdk/src/rp2_common/pico_stdio/stdio.c.o
 .text.stdio_buffered_printer
                0x10004514       0x64 CMakeFiles/weather_station.dir/home/gael/git/pico-sdk/src/rp2_common/pico_stdio/stdio.c.o
 .text.stdio_put_string
                0x10004578       0xfc CMakeFiles/weather_station.dir/home/gael/git/pico-sdk/src/rp2_common/pico_stdio/stdio.c.o
                0x10004578                stdio_put_string
 .text.stdio_init_all
                0x10004674        0x4 CMakeFiles/weather_station.dir/home/gael/git/pico-sdk/src/rp2_common/pico_stdio/stdio.c.o
                0x10004674                stdio_init_all
 .text.__wrap_putchar
                0x10004678       0x94 CMakeFiles/weather_station.dir/home/gael/git/pico-sdk/src/rp2_common/pico_stdio/stdio.c.o
                0x10004678                stdio_putchar
                0x10004678                __wrap_putchar
 .text.__wrap_puts
                0x1000470c       0x3c CMakeFiles/weather_station.dir/home/gael/git/pico-sdk/src/rp2_common/pico_stdio/stdio.c.o
                0x1000470c                __wrap_puts
                0x1000470c                stdio_puts
 .text.__wrap_vprintf
                0x10004748       0xcc CMakeFiles/weather_station.dir/home/gael/git/pico-sdk/src/rp2_common/pico_stdio/stdio.c.o
                0x10004748                __wrap_vprintf
                0x10004748                stdio_vprintf
 .text.__wrap_printf
                0x10004814       0x18 CMakeFiles/weather_station.dir/home/gael/git/pico-sdk/src/rp2_common/pico_stdio/stdio.c.o
                0x10004814                stdio_printf
                0x10004814                __wrap_printf
 .text.spi_init
                0x1000482c      0x13c CMakeFiles/weather_station.dir/home/gael/git/pico-sdk/src/rp2_common/hardware_spi/spi.c.o
                0x1000482c                spi_init
 .text.systick_init
                0x10004968       0x28 src/systick/libsystick.a(systick.c.o)
                0x10004968                systick_init
 .text.station_gesture_handler
                0x10004990       0xb4 src/station/libstation.a(station.c.o)
                0x10004990                station_gesture_handler
 .text.isr_systick
                0x10004a44       0x1c src/station/libstation.a(station.c.o)
                0x10004a44                isr_systick
 .text.station_init
                0x10004a60       0x64 src/station/libstation.a(station.c.o)
                0x10004a60                station_init
 .text.station_init_i2c_sensor
                0x10004ac4       0x24 src/station/libstation.a(station.c.o)
                0x10004ac4                station_init_i2c_sensor
 .text.station_run
                0x10004ae8       0x80 src/station/libstation.a(station.c.o)
                0x10004ae8                station_run
 .text.station_draw_title
                0x10004b68       0x20 src/station/libstation.a(station.c.o)
                0x10004b68                station_draw_title
 .text.station_change_mode
                0x10004b88       0x10 src/station/libstation.a(station.c.o)
                0x10004b88                station_change_mode
 .text.station_update_state_after_mode_switch
                0x10004b98       0x10 src/station/libstation.a(station.c.o)
                0x10004b98                station_update_state_after_mode_switch
 .text.weather_mode_switch_to_wellcome_mode
                0x10004ba8       0x18 src/weather_mode/libweather_mode.a(weather_mode.c.o)
                0x10004ba8                weather_mode_switch_to_wellcome_mode
 .text.weather_mode_init_matrix
                0x10004bc0       0xd0 src/weather_mode/libweather_mode.a(weather_mode.c.o)
                0x10004bc0                weather_mode_init_matrix
 .text.weather_mode_draw_grid
                0x10004c90       0xe0 src/weather_mode/libweather_mode.a(weather_mode.c.o)
                0x10004c90                weather_mode_draw_grid
 .text.weather_mode_init_if
                0x10004d70       0x40 src/weather_mode/libweather_mode.a(weather_mode.c.o)
                0x10004d70                weather_mode_init_if
 .text.weather_mode_measure_data
                0x10004db0       0x4c src/weather_mode/libweather_mode.a(weather_mode.c.o)
                0x10004db0                weather_mode_measure_data
 .text.weather_mode_update_data_on_screen
                0x10004dfc       0xb8 src/weather_mode/libweather_mode.a(weather_mode.c.o)
                0x10004dfc                weather_mode_update_data_on_screen
 .text.wellcome_mode_switch_to_weather_mode
                0x10004eb4       0x18 src/wellcome_mode/libwellcome_mode.a(wellcome_mode.c.o)
                0x10004eb4                wellcome_mode_switch_to_weather_mode
 .text.wellcome_mode_switch_to_drawing_mode
                0x10004ecc       0x18 src/wellcome_mode/libwellcome_mode.a(wellcome_mode.c.o)
                0x10004ecc                wellcome_mode_switch_to_drawing_mode
 .text.wellcome_mode_init_matrix
                0x10004ee4       0xe4 src/wellcome_mode/libwellcome_mode.a(wellcome_mode.c.o)
                0x10004ee4                wellcome_mode_init_matrix
 .text.wellcome_mode_draw_grid
                0x10004fc8       0xe0 src/wellcome_mode/libwellcome_mode.a(wellcome_mode.c.o)
                0x10004fc8                wellcome_mode_draw_grid
 .text.wellcome_mode_init_if
                0x100050a8       0x28 src/wellcome_mode/libwellcome_mode.a(wellcome_mode.c.o)
                0x100050a8                wellcome_mode_init_if
 .text.lcd_backlight_off
                0x100050d0        0xc src/lcd/liblcd.a(lcd.c.o)
                0x100050d0                lcd_backlight_off
 .text.lcd_backlight_on
                0x100050dc        0xc src/lcd/liblcd.a(lcd.c.o)
                0x100050dc                lcd_backlight_on
 .text.lcd_config
                0x100050e8      0x6c8 src/lcd/liblcd.a(lcd.c.o)
                0x100050e8                lcd_config
 .text.lcd_init
                0x100057b0      0x15c src/lcd/liblcd.a(lcd.c.o)
                0x100057b0                lcd_init
 .text.lcd_draw_char
                0x1000590c      0x434 src/lcd/liblcd.a(lcd.c.o)
                0x1000590c                lcd_draw_char
 .text.lcd_draw_string
                0x10005d40       0x40 src/lcd/liblcd.a(lcd.c.o)
                0x10005d40                lcd_draw_string
 .text.lcd_print_int
                0x10005d80       0x50 src/lcd/liblcd.a(lcd.c.o)
                0x10005d80                lcd_print_int
 .text.lcd_set_zone
                0x10005dd0       0xe4 src/lcd/liblcd.a(lcd.c.o)
                0x10005dd0                lcd_set_zone
 .text.lcd_clear
                0x10005eb4      0x11c src/lcd/liblcd.a(lcd.c.o)
                0x10005eb4                lcd_clear
 .text.lcd_set_pixel
                0x10005fd0      0x10c src/lcd/liblcd.a(lcd.c.o)
                0x10005fd0                lcd_set_pixel
 .text.lcd_fill_rect
                0x100060dc      0x158 src/lcd/liblcd.a(lcd.c.o)
                0x100060dc                lcd_fill_rect
 .text.lcd_rect
                0x10006234      0x250 src/lcd/liblcd.a(lcd.c.o)
                0x10006234                lcd_rect
 .text.touchscreen_irq_callback
                0x10006484       0x3c src/touchscreen/libtouchscreen.a(touchscreen.c.o)
                0x10006484                touchscreen_irq_callback
 .text.touchscreen_init
                0x100064c0       0xa4 src/touchscreen/libtouchscreen.a(touchscreen.c.o)
                0x100064c0                touchscreen_init
 .text.touchscreen_new_event
                0x10006564       0x30 src/touchscreen/libtouchscreen.a(touchscreen.c.o)
                0x10006564                touchscreen_new_event
 .text.touchscreen_switch_to_simple_touch_mode
                0x10006594        0xc src/touchscreen/libtouchscreen.a(touchscreen.c.o)
                0x10006594                touchscreen_switch_to_simple_touch_mode
 .text.touchscreen_switch_to_gesture_mode
                0x100065a0        0xc src/touchscreen/libtouchscreen.a(touchscreen.c.o)
                0x100065a0                touchscreen_switch_to_gesture_mode
 .text.touchscreen_status_reset_watching
                0x100065ac        0xc src/touchscreen/libtouchscreen.a(touchscreen.c.o)
                0x100065ac                touchscreen_status_reset_watching
 .text.touchscreen_handler_in_gesture_mode
                0x100065b8      0x148 src/touchscreen/libtouchscreen.a(touchscreen.c.o)
                0x100065b8                touchscreen_handler_in_gesture_mode
 .text.touchscreen_handler_in_simple_touch_mode
                0x10006700       0x7c src/touchscreen/libtouchscreen.a(touchscreen.c.o)
                0x10006700                touchscreen_handler_in_simple_touch_mode
 .text.BME280_init_calib
                0x1000677c      0x124 src/bme280/libbme280.a(bme280.c.o)
                0x1000677c                BME280_init_calib
 .text.BME280_config
                0x100068a0       0x5c src/bme280/libbme280.a(bme280.c.o)
                0x100068a0                BME280_config
 .text.BME280_compensate_P
                0x100068fc      0x23c src/bme280/libbme280.a(bme280.c.o)
                0x100068fc                BME280_compensate_P
 .text.BME280_compensate_H
                0x10006b38      0x190 src/bme280/libbme280.a(bme280.c.o)
                0x10006b38                BME280_compensate_H
 .text.BME280_read
                0x10006cc8      0x1d8 src/bme280/libbme280.a(bme280.c.o)
                0x10006cc8                BME280_read
 .text.VEML7700_config
                0x10006ea0       0x28 src/veml7700/libveml7700.a(veml7700.c.o)
                0x10006ea0                VEML7700_config
 .text.VEML7700_read
                0x10006ec8       0x40 src/veml7700/libveml7700.a(veml7700.c.o)
                0x10006ec8                VEML7700_read
 .text.display_create_zone_matrix
                0x10006f08       0xd8 src/display/libdisplay.a(display.c.o)
                0x10006f08                display_create_zone_matrix
 .text.display_draw_zone
                0x10006fe0       0x38 src/display/libdisplay.a(display.c.o)
                0x10006fe0                display_draw_zone
 .text.display_find_zone_matrix_from_coordinates
                0x10007018       0x30 src/display/libdisplay.a(display.c.o)
                0x10007018                display_find_zone_matrix_from_coordinates
 .text.display_find_zone_from_coordinates
                0x10007048       0x34 src/display/libdisplay.a(display.c.o)
                0x10007048                display_find_zone_from_coordinates
 .text.drawing_mode_erase
                0x1000707c       0x1c src/drawing_mode/libdrawing_mode.a(drawing_mode.c.o)
                0x1000707c                drawing_mode_erase
 .text.drawing_mode_draw
                0x10007098       0x90 src/drawing_mode/libdrawing_mode.a(drawing_mode.c.o)
                0x10007098                drawing_mode_draw
 .text.drawing_mode_switch_to_wellcome_mode
                0x10007128       0x20 src/drawing_mode/libdrawing_mode.a(drawing_mode.c.o)
                0x10007128                drawing_mode_switch_to_wellcome_mode
 .text.drawing_mode_init_matrix
                0x10007148       0xdc src/drawing_mode/libdrawing_mode.a(drawing_mode.c.o)
                0x10007148                drawing_mode_init_matrix
 .text.drawing_mode_draw_grid
                0x10007224       0xcc src/drawing_mode/libdrawing_mode.a(drawing_mode.c.o)
                0x10007224                drawing_mode_draw_grid
 .text.drawing_mode_init_if
                0x100072f0       0x24 src/drawing_mode/libdrawing_mode.a(drawing_mode.c.o)
                0x100072f0                drawing_mode_init_if
 .text.atexit   0x10007314       0x10 /usr/lib/gcc/arm-none-eabi/14.2.0/../../../../arm-none-eabi/lib/thumb/v6-m/nofp/libg.a(libc_a-atexit.o)
                0x10007314                atexit
 .text.__libc_fini_array
                0x10007324       0x28 /usr/lib/gcc/arm-none-eabi/14.2.0/../../../../arm-none-eabi/lib/thumb/v6-m/nofp/libg.a(libc_a-fini.o)
                0x10007324                __libc_fini_array
 .text.__retarget_lock_acquire_recursive
                0x1000734c        0x4 /usr/lib/gcc/arm-none-eabi/14.2.0/../../../../arm-none-eabi/lib/thumb/v6-m/nofp/libg.a(libc_a-lock.o)
                0x1000734c                __retarget_lock_acquire_recursive
 .text.__retarget_lock_release_recursive
                0x10007350        0x4 /usr/lib/gcc/arm-none-eabi/14.2.0/../../../../arm-none-eabi/lib/thumb/v6-m/nofp/libg.a(libc_a-lock.o)
                0x10007350                __retarget_lock_release_recursive
 .text.strlen   0x10007354       0x5c /usr/lib/gcc/arm-none-eabi/14.2.0/../../../../arm-none-eabi/lib/thumb/v6-m/nofp/libg.a(libc_a-strlen-stub.o)
                0x10007354                strlen
 .text.__register_exitproc
                0x100073b0       0xa8 /usr/lib/gcc/arm-none-eabi/14.2.0/../../../../arm-none-eabi/lib/thumb/v6-m/nofp/libg.a(libc_a-__atexit.o)
                0x100073b0                __register_exitproc
 .text.startup.register_fini
                0x10007458       0x18 /usr/lib/gcc/arm-none-eabi/14.2.0/../../../../arm-none-eabi/lib/thumb/v6-m/nofp/libg.a(libc_a-__call_atexit.o)
 *(.fini)
 .fini          0x10007470        0x4 /usr/lib/gcc/arm-none-eabi/14.2.0/thumb/v6-m/nofp/crti.o
                0x10007470                _fini
 *fill*         0x10007474        0x4 
 .fini.__stub   0x10007478       0x50 linker stubs
 *crtbegin.o(.ctors)
 *crtbegin?.o(.ctors)
 *(EXCLUDE_FILE(*crtend.o *crtend?.o) .ctors)
 *(SORT_BY_NAME(.ctors.*))
 *(.ctors)
 *crtbegin.o(.dtors)
 *crtbegin?.o(.dtors)
 *(EXCLUDE_FILE(*crtend.o *crtend?.o) .dtors)
 *(SORT_BY_NAME(.dtors.*))
 *(.dtors)
                0x100074c8                        . = ALIGN (0x4)
                0x100074c8                        PROVIDE (__preinit_array_start = .)
 *(SORT_BY_NAME(.preinit_array.*))
 .preinit_array.00100
                0x100074c8        0x4 CMakeFiles/weather_station.dir/home/gael/git/pico-sdk/src/rp2_common/pico_runtime_init/runtime_init.c.o
                0x100074c8                __pre_init_runtime_init_early_resets
 .preinit_array.00101
                0x100074cc        0x4 CMakeFiles/weather_station.dir/home/gael/git/pico-sdk/src/rp2_common/pico_runtime_init/runtime_init.c.o
                0x100074cc                __pre_init_runtime_init_usb_power_down
 .preinit_array.00275
                0x100074d0        0x4 CMakeFiles/weather_station.dir/home/gael/git/pico-sdk/src/rp2_common/pico_bit_ops/bit_ops_aeabi.S.o
 .preinit_array.00300
                0x100074d4        0x4 CMakeFiles/weather_station.dir/home/gael/git/pico-sdk/src/rp2_common/pico_mem_ops/mem_ops_aeabi.S.o
 .preinit_array.00350
                0x100074d8        0x4 CMakeFiles/weather_station.dir/home/gael/git/pico-sdk/src/rp2_common/pico_double/double_aeabi_rp2040.S.o
 .preinit_array.00350
                0x100074dc        0x4 CMakeFiles/weather_station.dir/home/gael/git/pico-sdk/src/rp2_common/pico_float/float_aeabi_rp2040.S.o
 .preinit_array.00500
                0x100074e0        0x4 CMakeFiles/weather_station.dir/home/gael/git/pico-sdk/src/rp2_common/pico_runtime_init/runtime_init.c.o
                0x100074e0                __pre_init_runtime_init_clocks
 .preinit_array.00600
                0x100074e4        0x4 CMakeFiles/weather_station.dir/home/gael/git/pico-sdk/src/rp2_common/pico_runtime_init/runtime_init.c.o
                0x100074e4                __pre_init_runtime_init_post_clock_resets
 .preinit_array.00700
                0x100074e8        0x4 CMakeFiles/weather_station.dir/home/gael/git/pico-sdk/src/rp2_common/pico_runtime_init/runtime_init.c.o
                0x100074e8                __pre_init_runtime_init_rp2040_gpio_ie_disable
 .preinit_array.01000
                0x100074ec        0x4 CMakeFiles/weather_station.dir/home/gael/git/pico-sdk/src/rp2_common/pico_runtime_init/runtime_init.c.o
                0x100074ec                __pre_init_runtime_init_spin_locks_reset
 .preinit_array.01100
                0x100074f0        0x4 CMakeFiles/weather_station.dir/home/gael/git/pico-sdk/src/common/pico_sync/mutex.c.o
                0x100074f0                __pre_init_runtime_init_mutex
 .preinit_array.10080
                0x100074f4        0x4 CMakeFiles/weather_station.dir/home/gael/git/pico-sdk/src/rp2_common/pico_runtime_init/runtime_init.c.o
                0x100074f4                __pre_init_runtime_init_install_ram_vector_table
 .preinit_array.11000
                0x100074f8        0x4 CMakeFiles/weather_station.dir/home/gael/git/pico-sdk/src/common/pico_time/time.c.o
                0x100074f8                __pre_init_runtime_init_default_alarm_pool
 .preinit_array.YYYYY
                0x100074fc        0x4 CMakeFiles/weather_station.dir/home/gael/git/pico-sdk/src/rp2_common/pico_runtime/runtime.c.o
                0x100074fc                __pre_init_first_per_core_initializer
 .preinit_array.ZZZZZ.01200
                0x10007500        0x4 CMakeFiles/weather_station.dir/home/gael/git/pico-sdk/src/rp2_common/hardware_irq/irq.c.o
                0x10007500                __pre_init_runtime_init_per_core_irq_priorities
 *(.preinit_array)
                0x10007504                        PROVIDE (__preinit_array_end = .)
                0x10007504                        . = ALIGN (0x4)
                0x10007504                        PROVIDE (__init_array_start = .)
 *(SORT_BY_NAME(.init_array.*))
 .init_array.00000
                0x10007504        0x4 /usr/lib/gcc/arm-none-eabi/14.2.0/../../../../arm-none-eabi/lib/thumb/v6-m/nofp/libg.a(libc_a-__call_atexit.o)
 *(.init_array)
 .init_array    0x10007508        0x4 /usr/lib/gcc/arm-none-eabi/14.2.0/thumb/v6-m/nofp/crtbegin.o
                0x1000750c                        PROVIDE (__init_array_end = .)
                0x1000750c                        . = ALIGN (0x4)
                0x1000750c                        PROVIDE (__fini_array_start = .)
 *(SORT_BY_NAME(.fini_array.*))
 *(.fini_array)
                0x1000750c                        PROVIDE (__fini_array_end = .)
 *(.eh_frame*)
 .eh_frame      0x1000750c        0x0 /usr/lib/gcc/arm-none-eabi/14.2.0/thumb/v6-m/nofp/crtbegin.o
                0x1000750c                        . = ALIGN (0x4)

.glue_7         0x1000750c        0x0
 .glue_7        0x1000750c        0x0 linker stubs

.glue_7t        0x1000750c        0x0
 .glue_7t       0x1000750c        0x0 linker stubs

.vfp11_veneer   0x1000750c        0x0
 .vfp11_veneer  0x1000750c        0x0 linker stubs

.v4_bx          0x1000750c        0x0
 .v4_bx         0x1000750c        0x0 linker stubs

.iplt           0x1000750c        0x0
 .iplt          0x1000750c        0x0 /usr/lib/gcc/arm-none-eabi/14.2.0/thumb/v6-m/nofp/crtbegin.o

.rodata         0x10007510     0x1370
 *(EXCLUDE_FILE(*libm.a: *libc.a:*lib_a-mem*.o *libgcc.a:) .rodata*)
 .rodata.panic.str1.4
                0x10007510       0xcc CMakeFiles/weather_station.dir/home/gael/git/pico-sdk/src/rp2_common/pico_platform_panic/panic.c.o
                                 0x12 (size before relaxing)
 .rodata.timer_hardware_alarm_claim.str1.4
                0x100075dc       0x22 CMakeFiles/weather_station.dir/home/gael/git/pico-sdk/src/rp2_common/hardware_timer/timer.c.o
 .rodata.hard_assertion_failure.str1.4
                0x100075dc        0xc CMakeFiles/weather_station.dir/home/gael/git/pico-sdk/src/rp2_common/pico_runtime/runtime.c.o
 .rodata.str1.4
                0x100075dc       0x44 CMakeFiles/weather_station.dir/home/gael/git/pico-sdk/src/rp2_common/pico_standard_binary_info/standard_binary_info.c.o
 .rodata.__bi_84
                0x100075dc        0xc CMakeFiles/weather_station.dir/home/gael/git/pico-sdk/src/rp2_common/pico_standard_binary_info/standard_binary_info.c.o
 .rodata.__bi_78
                0x100075e8        0xc CMakeFiles/weather_station.dir/home/gael/git/pico-sdk/src/rp2_common/pico_standard_binary_info/standard_binary_info.c.o
 .rodata.__bi_54
                0x100075f4        0xc CMakeFiles/weather_station.dir/home/gael/git/pico-sdk/src/rp2_common/pico_standard_binary_info/standard_binary_info.c.o
 .rodata.__bi_48
                0x10007600        0xc CMakeFiles/weather_station.dir/home/gael/git/pico-sdk/src/rp2_common/pico_standard_binary_info/standard_binary_info.c.o
 .rodata.__bi_42
                0x1000760c        0xc CMakeFiles/weather_station.dir/home/gael/git/pico-sdk/src/rp2_common/pico_standard_binary_info/standard_binary_info.c.o
 .rodata.__bi_34
                0x10007618        0xc CMakeFiles/weather_station.dir/home/gael/git/pico-sdk/src/rp2_common/pico_standard_binary_info/standard_binary_info.c.o
 .rodata.__bi_26
                0x10007624        0xc CMakeFiles/weather_station.dir/home/gael/git/pico-sdk/src/rp2_common/pico_standard_binary_info/standard_binary_info.c.o
 .rodata._ftoa.str1.4
                0x10007630       0x15 CMakeFiles/weather_station.dir/home/gael/git/pico-sdk/src/rp2_common/pico_printf/printf.c.o
 .rodata._vsnprintf
                0x10007630      0x19c CMakeFiles/weather_station.dir/home/gael/git/pico-sdk/src/rp2_common/pico_printf/printf.c.o
 *fill*         0x100077cc        0x4 
 .rodata.pow10.0
                0x100077d0       0x50 CMakeFiles/weather_station.dir/home/gael/git/pico-sdk/src/rp2_common/pico_printf/printf.c.o
 .rodata.crlf_str.0
                0x10007820        0x2 CMakeFiles/weather_station.dir/home/gael/git/pico-sdk/src/rp2_common/pico_stdio/stdio.c.o
 .rodata.weather_mode_draw_grid.str1.4
                0x10007822        0x8 src/weather_mode/libweather_mode.a(weather_mode.c.o)
 .rodata.weather_mode_update_data_on_screen.str1.4
                0x10007822        0xc src/weather_mode/libweather_mode.a(weather_mode.c.o)
 .rodata.wellcome_mode_draw_grid.str1.4
                0x10007822        0x9 src/wellcome_mode/libwellcome_mode.a(wellcome_mode.c.o)
 .rodata.lcd_print_int.str1.4
                0x10007822        0x3 src/lcd/liblcd.a(lcd.c.o)
 *fill*         0x10007822        0x2 
 .rodata.BigFont
                0x10007824      0xbe4 src/font/libfont.a(font.c.o)
                0x10007824                BigFont
 .rodata.SmallFont
                0x10008408      0x478 src/font/libfont.a(font.c.o)
                0x10008408                SmallFont
 .rodata.drawing_mode_draw_grid.str1.4
                0x10008880        0x8 src/drawing_mode/libdrawing_mode.a(drawing_mode.c.o)
                0x10008888                        . = ALIGN (0x4)
 *(SORT_BY_ALIGNMENT(SORT_BY_NAME(.flashdata*)))
                0x10008888                        . = ALIGN (0x4)

.ARM.extab
 *(.ARM.extab* .gnu.linkonce.armextab.*)
                0x10008880                        __exidx_start = .

.ARM.exidx
 *(.ARM.exidx* .gnu.linkonce.armexidx.*)
                0x10008880                        __exidx_end = .
                0x10008888                        . = ALIGN (0x4)
                0x10008880                        __binary_info_start = .

.binary_info    0x10008880       0x1c
 *(.binary_info.keep.*)
 .binary_info.keep.__bi_ptr84
                0x10008880        0x4 CMakeFiles/weather_station.dir/home/gael/git/pico-sdk/src/rp2_common/pico_standard_binary_info/standard_binary_info.c.o
 .binary_info.keep.__bi_ptr78
                0x10008884        0x4 CMakeFiles/weather_station.dir/home/gael/git/pico-sdk/src/rp2_common/pico_standard_binary_info/standard_binary_info.c.o
 .binary_info.keep.__bi_ptr54
                0x10008888        0x4 CMakeFiles/weather_station.dir/home/gael/git/pico-sdk/src/rp2_common/pico_standard_binary_info/standard_binary_info.c.o
 .binary_info.keep.__bi_ptr48
                0x1000888c        0x4 CMakeFiles/weather_station.dir/home/gael/git/pico-sdk/src/rp2_common/pico_standard_binary_info/standard_binary_info.c.o
 .binary_info.keep.__bi_ptr42
                0x10008890        0x4 CMakeFiles/weather_station.dir/home/gael/git/pico-sdk/src/rp2_common/pico_standard_binary_info/standard_binary_info.c.o
 .binary_info.keep.__bi_ptr34
                0x10008894        0x4 CMakeFiles/weather_station.dir/home/gael/git/pico-sdk/src/rp2_common/pico_standard_binary_info/standard_binary_info.c.o
 .binary_info.keep.__bi_ptr26
                0x10008898        0x4 CMakeFiles/weather_station.dir/home/gael/git/pico-sdk/src/rp2_common/pico_standard_binary_info/standard_binary_info.c.o
 *(.binary_info.*)
                0x1000889c                        __binary_info_end = .

.rel.dyn        0x1000889c        0x0
 .rel.iplt      0x1000889c        0x0 /usr/lib/gcc/arm-none-eabi/14.2.0/thumb/v6-m/nofp/crtbegin.o
                0x1000889c                        . = ALIGN (0x4)

.ram_vector_table
                0x20000000       0xc0
 *(.ram_vector_table)
 .ram_vector_table
                0x20000000       0xc0 CMakeFiles/weather_station.dir/home/gael/git/pico-sdk/src/rp2_common/pico_runtime_init/runtime_init.c.o
                0x20000000                ram_vector_table

.uninitialized_data
                0x200000c0        0x0
                0x200000c0                        . = ALIGN (0x4)
 *(.uninitialized_data*)

.data           0x200000c0      0x350 load address 0x1000889c
                0x200000c0                        __data_start__ = .
 *(vtable)
 *(.time_critical*)
 .time_critical.mutex_try_enter_block_until
                0x200000c0       0x98 CMakeFiles/weather_station.dir/home/gael/git/pico-sdk/src/common/pico_sync/mutex.c.o
                0x200000c0                mutex_try_enter_block_until
 .time_critical.mutex_exit
                0x20000158       0x28 CMakeFiles/weather_station.dir/home/gael/git/pico-sdk/src/common/pico_sync/mutex.c.o
                0x20000158                mutex_exit
 .time_critical.spi_write_blocking
                0x20000180       0x4c CMakeFiles/weather_station.dir/home/gael/git/pico-sdk/src/rp2_common/hardware_spi/spi.c.o
                0x20000180                spi_write_blocking
 *(.text*)
 .text          0x200001cc        0x4 /usr/lib/gcc/arm-none-eabi/14.2.0/thumb/v6-m/nofp/libgcc.a(_dvmd_tls.o)
                0x200001cc                __aeabi_ldiv0
                0x200001cc                __aeabi_idiv0
 .text.__stub   0x200001d0       0x10 linker stubs
                0x200001e0                        . = ALIGN (0x4)
 *(.rodata*)
                0x200001e0                        . = ALIGN (0x4)
 *(.data*)
 .data.i2c1_inst
                0x200001e0        0x8 CMakeFiles/weather_station.dir/home/gael/git/pico-sdk/src/rp2_common/hardware_i2c/i2c.c.o
                0x200001e0                i2c1_inst
 .data.i2c0_inst
                0x200001e8        0x8 CMakeFiles/weather_station.dir/home/gael/git/pico-sdk/src/rp2_common/hardware_i2c/i2c.c.o
                0x200001e8                i2c0_inst
 .data.striped_spin_lock_num
                0x200001f0        0x1 CMakeFiles/weather_station.dir/home/gael/git/pico-sdk/src/rp2_common/hardware_sync/sync.c.o
 *fill*         0x200001f1        0x3 
 .data.default_alarm_pool
                0x200001f4       0x18 CMakeFiles/weather_station.dir/home/gael/git/pico-sdk/src/common/pico_time/time.c.o
 .data          0x2000020c       0x48 CMakeFiles/weather_station.dir/home/gael/git/pico-sdk/src/rp2_common/hardware_irq/irq_handler_chain.S.o
                0x2000020c                irq_handler_chain_slots
                0x2000023c                irq_handler_chain_first_slot
                0x20000246                irq_handler_chain_remove_tail
 *fill*         0x20000254        0xc 
 .data.aeabi_bits_funcs
                0x20000260       0x10 CMakeFiles/weather_station.dir/home/gael/git/pico-sdk/src/rp2_common/pico_bit_ops/bit_ops_aeabi.S.o
                0x20000260                aeabi_bits_funcs
                0x20000270                aeabi_bits_funcs_end
 .data.aeabi_mem_funcs
                0x20000270       0x10 CMakeFiles/weather_station.dir/home/gael/git/pico-sdk/src/rp2_common/pico_mem_ops/mem_ops_aeabi.S.o
                0x20000270                aeabi_mem_funcs
                0x20000280                aeabi_mem_funcs_end
 .data.weather_mode_matrix
                0x20000280        0xc src/weather_mode/libweather_mode.a(weather_mode.c.o)
                0x20000280                weather_mode_matrix
 .data.light    0x2000028c       0x24 src/weather_mode/libweather_mode.a(weather_mode.c.o)
                0x2000028c                light
 .data.pressure
                0x200002b0       0x24 src/weather_mode/libweather_mode.a(weather_mode.c.o)
                0x200002b0                pressure
 .data.humidity
                0x200002d4       0x24 src/weather_mode/libweather_mode.a(weather_mode.c.o)
                0x200002d4                humidity
 .data.temperature
                0x200002f8       0x24 src/weather_mode/libweather_mode.a(weather_mode.c.o)
                0x200002f8                temperature
 .data.wellcome_mode_matrix
                0x2000031c        0xc src/wellcome_mode/libwellcome_mode.a(wellcome_mode.c.o)
                0x2000031c                wellcome_mode_matrix
 .data.snake    0x20000328       0x21 src/wellcome_mode/libwellcome_mode.a(wellcome_mode.c.o)
                0x20000328                snake
 *fill*         0x20000349        0x3 
 .data.game_of_life
                0x2000034c       0x21 src/wellcome_mode/libwellcome_mode.a(wellcome_mode.c.o)
                0x2000034c                game_of_life
 *fill*         0x2000036d        0x3 
 .data.drawing  0x20000370       0x21 src/wellcome_mode/libwellcome_mode.a(wellcome_mode.c.o)
                0x20000370                drawing
 *fill*         0x20000391        0x3 
 .data.weather  0x20000394       0x21 src/wellcome_mode/libwellcome_mode.a(wellcome_mode.c.o)
                0x20000394                weather
 *fill*         0x200003b5        0x3 
 .data.drawing_mode_matrix
                0x200003b8        0xc src/drawing_mode/libdrawing_mode.a(drawing_mode.c.o)
                0x200003b8                drawing_mode_matrix
 .data.drawing_btm_left
                0x200003c4       0x20 src/drawing_mode/libdrawing_mode.a(drawing_mode.c.o)
                0x200003c4                drawing_btm_left
 .data.drawing_btm_right
                0x200003e4       0x20 src/drawing_mode/libdrawing_mode.a(drawing_mode.c.o)
                0x200003e4                drawing_btm_right
 .data.__atexit_recursive_mutex
                0x20000404        0x4 /usr/lib/gcc/arm-none-eabi/14.2.0/../../../../arm-none-eabi/lib/thumb/v6-m/nofp/libg.a(libc_a-__call_atexit.o)
                0x20000404                __atexit_recursive_mutex
                0x20000408                        . = ALIGN (0x4)
 *(.after_data.*)
                0x20000408                        . = ALIGN (0x4)
                0x20000408                        PROVIDE (__mutex_array_start = .)
 *(SORT_BY_NAME(.mutex_array.*))
 *(.mutex_array)
 .mutex_array   0x20000408        0x8 CMakeFiles/weather_station.dir/home/gael/git/pico-sdk/src/rp2_common/pico_stdio/stdio.c.o
                0x20000410                        PROVIDE (__mutex_array_end = .)
                0x20000410                        . = ALIGN (0x4)
 *(.jcr)
                0x20000410                        . = ALIGN (0x4)

.igot.plt       0x20000410        0x0 load address 0x10008bec
 .igot.plt      0x20000410        0x0 /usr/lib/gcc/arm-none-eabi/14.2.0/thumb/v6-m/nofp/crtbegin.o

.tdata          0x20000410        0x0 load address 0x10008bec
                0x20000410                        . = ALIGN (0x4)
 *(.tdata .tdata.* .gnu.linkonce.td.*)
                0x20000410                        __tdata_end = .
                0x20000410                        PROVIDE (__data_end__ = .)
                0x1000889c                        __etext = LOADADDR (.data)

.tbss           0x20000410        0x0 load address 0x10008bec
                0x20000410                        . = ALIGN (0x4)
                0x20000410                        __bss_start__ = .
                0x20000410                        __tls_base = .
 *(.tbss .tbss.* .gnu.linkonce.tb.*)
 *(.tcommon)
                0x20000410                        __tls_end = .

.bss            0x20000410      0xaa4 load address 0x10008bec
                0x20000410                        . = ALIGN (0x4)
                0x20000410                        __tbss_end = .
 *(SORT_BY_ALIGNMENT(SORT_BY_NAME(.bss*)))
 .bss.default_alarm_pool_entries
                0x20000410      0x180 CMakeFiles/weather_station.dir/home/gael/git/pico-sdk/src/common/pico_time/time.c.o
 .bss.sd_table  0x20000590      0x100 CMakeFiles/weather_station.dir/home/gael/git/pico-sdk/src/rp2_common/pico_double/double_init_rom_rp2040.c.o
                0x20000590                sd_table
 .bss.sf_table  0x20000690      0x100 CMakeFiles/weather_station.dir/home/gael/git/pico-sdk/src/rp2_common/pico_float/float_init_rom_rp2040.c.o
                0x20000690                sf_table
 .bss.weather_mode_if
                0x20000790       0x18 src/weather_mode/libweather_mode.a(weather_mode.c.o)
                0x20000790                weather_mode_if
 .bss.__atexit  0x200007a8        0x4 /usr/lib/gcc/arm-none-eabi/14.2.0/../../../../arm-none-eabi/lib/thumb/v6-m/nofp/libg.a(libc_a-__call_atexit.o)
                0x200007a8                __atexit
 .bss.__atexit0
                0x200007ac      0x190 /usr/lib/gcc/arm-none-eabi/14.2.0/../../../../arm-none-eabi/lib/thumb/v6-m/nofp/libg.a(libc_a-__atexit.o)
                0x200007ac                __atexit0
 .bss.__lock___atexit_recursive_mutex
                0x2000093c        0x1 /usr/lib/gcc/arm-none-eabi/14.2.0/../../../../arm-none-eabi/lib/thumb/v6-m/nofp/libg.a(libc_a-lock.o)
                0x2000093c                __lock___atexit_recursive_mutex
 *fill*         0x2000093d        0x3 
 .bss.callbacks
                0x20000940        0x8 CMakeFiles/weather_station.dir/home/gael/git/pico-sdk/src/rp2_common/hardware_gpio/gpio.c.o
 .bss.claimed   0x20000948        0x1 CMakeFiles/weather_station.dir/home/gael/git/pico-sdk/src/rp2_common/hardware_timer/timer.c.o
 *fill*         0x20000949        0x3 
 .bss.configured_freq
                0x2000094c       0x28 CMakeFiles/weather_station.dir/home/gael/git/pico-sdk/src/rp2_common/hardware_clocks/clocks.c.o
 .bss.drawing_bottom_grid
                0x20000974       0x34 src/drawing_mode/libdrawing_mode.a(drawing_mode.c.o)
                0x20000974                drawing_bottom_grid
 .bss.drawing_main_grid
                0x200009a8       0x34 src/drawing_mode/libdrawing_mode.a(drawing_mode.c.o)
                0x200009a8                drawing_main_grid
 .bss.drawing_mode_if
                0x200009dc       0x18 src/drawing_mode/libdrawing_mode.a(drawing_mode.c.o)
                0x200009dc                drawing_mode_if
 .bss.drawing_top_grid
                0x200009f4       0x34 src/drawing_mode/libdrawing_mode.a(drawing_mode.c.o)
                0x200009f4                drawing_top_grid
 .bss.drawing_zone_bottom
                0x20000a28       0x60 src/drawing_mode/libdrawing_mode.a(drawing_mode.c.o)
                0x20000a28                drawing_zone_bottom
 .bss.drawing_zone_main
                0x20000a88       0x20 src/drawing_mode/libdrawing_mode.a(drawing_mode.c.o)
                0x20000a88                drawing_zone_main
 .bss.drawing_zone_top
                0x20000aa8       0x20 src/drawing_mode/libdrawing_mode.a(drawing_mode.c.o)
                0x20000aa8                drawing_zone_top
 .bss.drivers   0x20000ac8        0x4 CMakeFiles/weather_station.dir/home/gael/git/pico-sdk/src/rp2_common/pico_stdio/stdio.c.o
 .bss.filter    0x20000acc        0x4 CMakeFiles/weather_station.dir/home/gael/git/pico-sdk/src/rp2_common/pico_stdio/stdio.c.o
 .bss.lazy_vsnprintf
                0x20000ad0        0x4 CMakeFiles/weather_station.dir/home/gael/git/pico-sdk/src/rp2_common/pico_printf/printf.c.o
 .bss.object.0  0x20000ad4       0x18 /usr/lib/gcc/arm-none-eabi/14.2.0/thumb/v6-m/nofp/crtbegin.o
 .bss.pools     0x20000aec       0x10 CMakeFiles/weather_station.dir/home/gael/git/pico-sdk/src/common/pico_time/time.c.o
 .bss.raw_irq_mask
                0x20000afc        0x8 CMakeFiles/weather_station.dir/home/gael/git/pico-sdk/src/rp2_common/hardware_gpio/gpio.c.o
 .bss.sf_clz_func
                0x20000b04        0x4 CMakeFiles/weather_station.dir/home/gael/git/pico-sdk/src/rp2_common/pico_double/double_init_rom_rp2040.c.o
                0x20000b04                sf_clz_func
 .bss.sleep_notifier
                0x20000b08        0x4 CMakeFiles/weather_station.dir/home/gael/git/pico-sdk/src/common/pico_time/time.c.o
 .bss.station_state
                0x20000b0c       0x14 src/station/libstation.a(station.c.o)
                0x20000b0c                station_state
 .bss.t_fine    0x20000b20        0x4 src/bme280/libbme280.a(bme280.c.o)
                0x20000b20                t_fine
 .bss.touchscreen_status
                0x20000b24       0x1c src/touchscreen/libtouchscreen.a(touchscreen.c.o)
                0x20000b24                touchscreen_status
 .bss.weather_bottom_grid
                0x20000b40       0x34 src/weather_mode/libweather_mode.a(weather_mode.c.o)
                0x20000b40                weather_bottom_grid
 .bss.weather_main_grid
                0x20000b74       0x34 src/weather_mode/libweather_mode.a(weather_mode.c.o)
                0x20000b74                weather_main_grid
 .bss.weather_top_grid
                0x20000ba8       0x34 src/weather_mode/libweather_mode.a(weather_mode.c.o)
                0x20000ba8                weather_top_grid
 .bss.weather_zone_bottom
                0x20000bdc       0x60 src/weather_mode/libweather_mode.a(weather_mode.c.o)
                0x20000bdc                weather_zone_bottom
 .bss.weather_zone_main
                0x20000c3c       0x80 src/weather_mode/libweather_mode.a(weather_mode.c.o)
                0x20000c3c                weather_zone_main
 .bss.weather_zone_top
                0x20000cbc       0x20 src/weather_mode/libweather_mode.a(weather_mode.c.o)
                0x20000cbc                weather_zone_top
 .bss.wellcome_bottom_grid
                0x20000cdc       0x34 src/wellcome_mode/libwellcome_mode.a(wellcome_mode.c.o)
                0x20000cdc                wellcome_bottom_grid
 .bss.wellcome_main_grid
                0x20000d10       0x34 src/wellcome_mode/libwellcome_mode.a(wellcome_mode.c.o)
                0x20000d10                wellcome_main_grid
 .bss.wellcome_mode_if
                0x20000d44       0x18 src/wellcome_mode/libwellcome_mode.a(wellcome_mode.c.o)
                0x20000d44                wellcome_mode_if
 .bss.wellcome_top_grid
                0x20000d5c       0x34 src/wellcome_mode/libwellcome_mode.a(wellcome_mode.c.o)
                0x20000d5c                wellcome_top_grid
 .bss.wellcome_zone_bottom
                0x20000d90       0x60 src/wellcome_mode/libwellcome_mode.a(wellcome_mode.c.o)
                0x20000d90                wellcome_zone_bottom
 .bss.wellcome_zone_main
                0x20000df0       0x80 src/wellcome_mode/libwellcome_mode.a(wellcome_mode.c.o)
                0x20000df0                wellcome_zone_main
 .bss.wellcome_zone_top
                0x20000e70       0x20 src/wellcome_mode/libwellcome_mode.a(wellcome_mode.c.o)
                0x20000e70                wellcome_zone_top
 .bss.dig_H2    0x20000e90        0x2 src/bme280/libbme280.a(bme280.c.o)
                0x20000e90                dig_H2
 .bss.dig_H4    0x20000e92        0x2 src/bme280/libbme280.a(bme280.c.o)
                0x20000e92                dig_H4
 .bss.dig_H5    0x20000e94        0x2 src/bme280/libbme280.a(bme280.c.o)
                0x20000e94                dig_H5
 .bss.dig_P1    0x20000e96        0x2 src/bme280/libbme280.a(bme280.c.o)
                0x20000e96                dig_P1
 .bss.dig_P2    0x20000e98        0x2 src/bme280/libbme280.a(bme280.c.o)
                0x20000e98                dig_P2
 .bss.dig_P3    0x20000e9a        0x2 src/bme280/libbme280.a(bme280.c.o)
                0x20000e9a                dig_P3
 .bss.dig_P4    0x20000e9c        0x2 src/bme280/libbme280.a(bme280.c.o)
                0x20000e9c                dig_P4
 .bss.dig_P5    0x20000e9e        0x2 src/bme280/libbme280.a(bme280.c.o)
                0x20000e9e                dig_P5
 .bss.dig_P6    0x20000ea0        0x2 src/bme280/libbme280.a(bme280.c.o)
                0x20000ea0                dig_P6
 .bss.dig_P7    0x20000ea2        0x2 src/bme280/libbme280.a(bme280.c.o)
                0x20000ea2                dig_P7
 .bss.dig_P8    0x20000ea4        0x2 src/bme280/libbme280.a(bme280.c.o)
                0x20000ea4                dig_P8
 .bss.dig_P9    0x20000ea6        0x2 src/bme280/libbme280.a(bme280.c.o)
                0x20000ea6                dig_P9
 .bss.dig_T1    0x20000ea8        0x2 src/bme280/libbme280.a(bme280.c.o)
                0x20000ea8                dig_T1
 .bss.dig_T2    0x20000eaa        0x2 src/bme280/libbme280.a(bme280.c.o)
                0x20000eaa                dig_T2
 .bss.dig_T3    0x20000eac        0x2 src/bme280/libbme280.a(bme280.c.o)
                0x20000eac                dig_T3
 .bss.dig_H1    0x20000eae        0x1 src/bme280/libbme280.a(bme280.c.o)
                0x20000eae                dig_H1
 .bss.dig_H3    0x20000eaf        0x1 src/bme280/libbme280.a(bme280.c.o)
                0x20000eaf                dig_H3
 .bss.dig_H6    0x20000eb0        0x1 src/bme280/libbme280.a(bme280.c.o)
                0x20000eb0                dig_H6
 .bss.irq_handler_chain_free_slot_head
                0x20000eb1        0x1 CMakeFiles/weather_station.dir/home/gael/git/pico-sdk/src/rp2_common/hardware_irq/irq.c.o
 *(COMMON)
                0x20000eb4                        . = ALIGN (0x4)
 *fill*         0x20000eb2        0x2 
                0x20000eb4                        __bss_end__ = .

.heap           0x20000eb4      0x800 load address 0x10008bec
                0x20000eb4                        __end__ = .
                0x20000eb4                        end = __end__
 *(.heap*)
 .heap          0x20000eb4      0x800 CMakeFiles/weather_station.dir/home/gael/git/pico-sdk/src/rp2_common/pico_crt0/crt0.S.o
                0x20040000                        __HeapLimit = (ORIGIN (RAM) + LENGTH (RAM))

.scratch_x      0x20040000        0x0 load address 0x10008bec
                0x20040000                        __scratch_x_start__ = .
 *(.scratch_x.*)
                0x20040000                        . = ALIGN (0x4)
                0x20040000                        __scratch_x_end__ = .
                0x10008bec                        __scratch_x_source__ = LOADADDR (.scratch_x)

.scratch_y      0x20041000        0x0 load address 0x10008bec
                0x20041000                        __scratch_y_start__ = .
 *(.scratch_y.*)
                0x20041000                        . = ALIGN (0x4)
                0x20041000                        __scratch_y_end__ = .
                0x10008bec                        __scratch_y_source__ = LOADADDR (.scratch_y)

.stack1_dummy
 *(.stack1*)

.stack_dummy    0x20041000      0x800
 *(.stack*)
 .stack         0x20041000      0x800 CMakeFiles/weather_station.dir/home/gael/git/pico-sdk/src/rp2_common/pico_crt0/crt0.S.o

.flash_end      0x10008bec        0x0
 *(.embedded_end_block*)
                0x10008bec                        PROVIDE (__flash_binary_end = .)
                0x20040000                        __StackLimit = (ORIGIN (RAM) + LENGTH (RAM))
                0x20041000                        __StackOneTop = (ORIGIN (SCRATCH_X) + LENGTH (SCRATCH_X))
                0x20042000                        __StackTop = (ORIGIN (SCRATCH_Y) + LENGTH (SCRATCH_Y))
                0x20041000                        __StackOneBottom = (__StackOneTop - SIZEOF (.stack1_dummy))
                0x20041800                        __StackBottom = (__StackTop - SIZEOF (.stack_dummy))
                0x20042000                        PROVIDE (__stack = __StackTop)
                [!provide]                        PROVIDE (__heap_start = __end__)
                [!provide]                        PROVIDE (__heap_end = __HeapLimit)
                [!provide]                        PROVIDE (__tls_align = MAX (ALIGNOF (.tdata), ALIGNOF (.tbss)))
                [!provide]                        PROVIDE (__tls_size_align = (((__tls_size + __tls_align) - 0x1) & ~ ((__tls_align - 0x1))))
                [!provide]                        PROVIDE (__arm32_tls_tcb_offset = MAX (0x8, __tls_align))
                [!provide]                        PROVIDE (_end = __end__)
                [!provide]                        PROVIDE (__llvm_libc_heap_limit = __HeapLimit)
                0x00000001                        ASSERT ((__StackLimit >= __HeapLimit), region RAM overflowed)
                0x00000001                        ASSERT (((__binary_info_header_end - __logical_binary_start) <= 0x100), Binary info must be in first 256 bytes of the binary)
LOAD CMakeFiles/weather_station.dir/src/main.c.o
LOAD CMakeFiles/weather_station.dir/home/gael/git/pico-sdk/src/rp2_common/hardware_i2c/i2c.c.o
LOAD CMakeFiles/weather_station.dir/home/gael/git/pico-sdk/src/rp2040/pico_platform/platform.c.o
LOAD CMakeFiles/weather_station.dir/home/gael/git/pico-sdk/src/rp2_common/pico_platform_panic/panic.c.o
LOAD CMakeFiles/weather_station.dir/home/gael/git/pico-sdk/src/common/hardware_claim/claim.c.o
LOAD CMakeFiles/weather_station.dir/home/gael/git/pico-sdk/src/rp2_common/hardware_sync/sync.c.o
LOAD CMakeFiles/weather_station.dir/home/gael/git/pico-sdk/src/rp2_common/hardware_sync_spin_lock/sync_spin_lock.c.o
LOAD CMakeFiles/weather_station.dir/home/gael/git/pico-sdk/src/common/pico_time/time.c.o
LOAD CMakeFiles/weather_station.dir/home/gael/git/pico-sdk/src/common/pico_time/timeout_helper.c.o
LOAD CMakeFiles/weather_station.dir/home/gael/git/pico-sdk/src/rp2_common/hardware_timer/timer.c.o
LOAD CMakeFiles/weather_station.dir/home/gael/git/pico-sdk/src/rp2_common/hardware_irq/irq.c.o
LOAD CMakeFiles/weather_station.dir/home/gael/git/pico-sdk/src/rp2_common/hardware_irq/irq_handler_chain.S.o
LOAD CMakeFiles/weather_station.dir/home/gael/git/pico-sdk/src/common/pico_sync/sem.c.o
LOAD CMakeFiles/weather_station.dir/home/gael/git/pico-sdk/src/common/pico_sync/lock_core.c.o
LOAD CMakeFiles/weather_station.dir/home/gael/git/pico-sdk/src/common/pico_sync/mutex.c.o
LOAD CMakeFiles/weather_station.dir/home/gael/git/pico-sdk/src/common/pico_sync/critical_section.c.o
LOAD CMakeFiles/weather_station.dir/home/gael/git/pico-sdk/src/common/pico_util/datetime.c.o
LOAD CMakeFiles/weather_station.dir/home/gael/git/pico-sdk/src/common/pico_util/pheap.c.o
LOAD CMakeFiles/weather_station.dir/home/gael/git/pico-sdk/src/common/pico_util/queue.c.o
LOAD CMakeFiles/weather_station.dir/home/gael/git/pico-sdk/src/rp2_common/hardware_clocks/clocks.c.o
LOAD CMakeFiles/weather_station.dir/home/gael/git/pico-sdk/src/rp2_common/hardware_gpio/gpio.c.o
LOAD CMakeFiles/weather_station.dir/home/gael/git/pico-sdk/src/rp2_common/hardware_pll/pll.c.o
LOAD CMakeFiles/weather_station.dir/home/gael/git/pico-sdk/src/rp2_common/hardware_vreg/vreg.c.o
LOAD CMakeFiles/weather_station.dir/home/gael/git/pico-sdk/src/rp2_common/hardware_watchdog/watchdog.c.o
LOAD CMakeFiles/weather_station.dir/home/gael/git/pico-sdk/src/rp2_common/hardware_ticks/ticks.c.o
LOAD CMakeFiles/weather_station.dir/home/gael/git/pico-sdk/src/rp2_common/pico_bootrom/bootrom.c.o
LOAD CMakeFiles/weather_station.dir/home/gael/git/pico-sdk/src/rp2_common/pico_bootrom/bootrom_lock.c.o
LOAD CMakeFiles/weather_station.dir/home/gael/git/pico-sdk/src/rp2_common/hardware_boot_lock/boot_lock.c.o
LOAD CMakeFiles/weather_station.dir/home/gael/git/pico-sdk/src/rp2_common/pico_flash/flash.c.o
LOAD CMakeFiles/weather_station.dir/home/gael/git/pico-sdk/src/rp2_common/hardware_xosc/xosc.c.o
LOAD CMakeFiles/weather_station.dir/home/gael/git/pico-sdk/src/rp2_common/pico_stdlib/stdlib.c.o
LOAD CMakeFiles/weather_station.dir/home/gael/git/pico-sdk/src/rp2_common/hardware_uart/uart.c.o
LOAD CMakeFiles/weather_station.dir/home/gael/git/pico-sdk/src/rp2_common/hardware_divider/divider.S.o
LOAD CMakeFiles/weather_station.dir/home/gael/git/pico-sdk/src/rp2_common/pico_runtime/runtime.c.o
LOAD CMakeFiles/weather_station.dir/home/gael/git/pico-sdk/src/rp2_common/pico_runtime_init/runtime_init.c.o
LOAD CMakeFiles/weather_station.dir/home/gael/git/pico-sdk/src/rp2_common/pico_runtime_init/runtime_init_clocks.c.o
LOAD CMakeFiles/weather_station.dir/home/gael/git/pico-sdk/src/rp2_common/pico_runtime_init/runtime_init_stack_guard.c.o
LOAD CMakeFiles/weather_station.dir/home/gael/git/pico-sdk/src/rp2_common/pico_bit_ops/bit_ops_aeabi.S.o
LOAD CMakeFiles/weather_station.dir/home/gael/git/pico-sdk/src/rp2_common/pico_divider/divider_hardware.S.o
LOAD CMakeFiles/weather_station.dir/home/gael/git/pico-sdk/src/rp2_common/pico_double/double_aeabi_rp2040.S.o
LOAD CMakeFiles/weather_station.dir/home/gael/git/pico-sdk/src/rp2_common/pico_double/double_init_rom_rp2040.c.o
LOAD CMakeFiles/weather_station.dir/home/gael/git/pico-sdk/src/rp2_common/pico_double/double_math.c.o
LOAD CMakeFiles/weather_station.dir/home/gael/git/pico-sdk/src/rp2_common/pico_double/double_v1_rom_shim_rp2040.S.o
LOAD CMakeFiles/weather_station.dir/home/gael/git/pico-sdk/src/rp2_common/pico_int64_ops/pico_int64_ops_aeabi.S.o
LOAD CMakeFiles/weather_station.dir/home/gael/git/pico-sdk/src/rp2_common/pico_float/float_aeabi_rp2040.S.o
LOAD CMakeFiles/weather_station.dir/home/gael/git/pico-sdk/src/rp2_common/pico_float/float_init_rom_rp2040.c.o
LOAD CMakeFiles/weather_station.dir/home/gael/git/pico-sdk/src/rp2_common/pico_float/float_math.c.o
LOAD CMakeFiles/weather_station.dir/home/gael/git/pico-sdk/src/rp2_common/pico_float/float_v1_rom_shim_rp2040.S.o
LOAD CMakeFiles/weather_station.dir/home/gael/git/pico-sdk/src/rp2_common/pico_malloc/malloc.c.o
LOAD CMakeFiles/weather_station.dir/home/gael/git/pico-sdk/src/rp2_common/pico_mem_ops/mem_ops_aeabi.S.o
LOAD CMakeFiles/weather_station.dir/home/gael/git/pico-sdk/src/rp2_common/pico_atomic/atomic.c.o
LOAD CMakeFiles/weather_station.dir/home/gael/git/pico-sdk/src/rp2_common/pico_cxx_options/new_delete.cpp.o
LOAD CMakeFiles/weather_station.dir/home/gael/git/pico-sdk/src/rp2_common/pico_standard_binary_info/standard_binary_info.c.o
LOAD CMakeFiles/weather_station.dir/home/gael/git/pico-sdk/src/rp2_common/pico_printf/printf.c.o
LOAD CMakeFiles/weather_station.dir/home/gael/git/pico-sdk/src/rp2_common/pico_crt0/crt0.S.o
LOAD CMakeFiles/weather_station.dir/home/gael/git/pico-sdk/src/rp2_common/pico_clib_interface/newlib_interface.c.o
LOAD CMakeFiles/weather_station.dir/home/gael/git/pico-sdk/src/rp2_common/pico_stdio/stdio.c.o
LOAD CMakeFiles/weather_station.dir/home/gael/git/pico-sdk/src/rp2_common/pico_i2c_slave/i2c_slave.c.o
LOAD CMakeFiles/weather_station.dir/home/gael/git/pico-sdk/src/rp2_common/hardware_spi/spi.c.o
LOAD pico-sdk/src/rp2040/boot_stage2/CMakeFiles/bs2_default_library.dir/bs2_default_padded_checksummed.S.o
LOAD src/i2c_non_blocking/libi2c_non_blocking.a
LOAD src/util/libutil.a
LOAD src/callback/libcallback.a
LOAD src/systick/libsystick.a
LOAD src/station/libstation.a
LOAD src/weather_mode/libweather_mode.a
LOAD src/wellcome_mode/libwellcome_mode.a
LOAD src/lcd/liblcd.a
LOAD src/font/libfont.a
LOAD src/touchscreen/libtouchscreen.a
LOAD src/bme280/libbme280.a
LOAD src/veml7700/libveml7700.a
LOAD src/RN4870/libRN4870.a
LOAD src/buffer_loop/libbuffer_loop.a
LOAD src/display/libdisplay.a
LOAD src/i2c_non_blocking/libi2c_non_blocking.a
LOAD src/util/libutil.a
LOAD src/callback/libcallback.a
LOAD src/lcd/liblcd.a
LOAD src/led_rgb/libled_rgb.a
LOAD src/drawing_mode/libdrawing_mode.a
LOAD /usr/lib/gcc/arm-none-eabi/14.2.0/../../../../arm-none-eabi/lib/thumb/v6-m/nofp/libstdc++.a
LOAD /usr/lib/gcc/arm-none-eabi/14.2.0/../../../../arm-none-eabi/lib/thumb/v6-m/nofp/libm.a
START GROUP
LOAD /usr/lib/gcc/arm-none-eabi/14.2.0/thumb/v6-m/nofp/libgcc.a
LOAD /usr/lib/gcc/arm-none-eabi/14.2.0/../../../../arm-none-eabi/lib/thumb/v6-m/nofp/libg.a
LOAD /usr/lib/gcc/arm-none-eabi/14.2.0/../../../../arm-none-eabi/lib/thumb/v6-m/nofp/libc.a
END GROUP
START GROUP
LOAD /usr/lib/gcc/arm-none-eabi/14.2.0/thumb/v6-m/nofp/libgcc.a
LOAD /usr/lib/gcc/arm-none-eabi/14.2.0/../../../../arm-none-eabi/lib/thumb/v6-m/nofp/libc.a
LOAD /usr/lib/gcc/arm-none-eabi/14.2.0/../../../../arm-none-eabi/lib/thumb/v6-m/nofp/libnosys.a
END GROUP
LOAD /usr/lib/gcc/arm-none-eabi/14.2.0/thumb/v6-m/nofp/crtend.o
LOAD /usr/lib/gcc/arm-none-eabi/14.2.0/thumb/v6-m/nofp/crtn.o
OUTPUT(weather_station.elf elf32-littlearm)
LOAD linker stubs

.ARM.attributes
                0x00000000       0x28
 .ARM.attributes
                0x00000000       0x1e /usr/lib/gcc/arm-none-eabi/14.2.0/thumb/v6-m/nofp/crti.o
 .ARM.attributes
                0x0000001e       0x2c /usr/lib/gcc/arm-none-eabi/14.2.0/thumb/v6-m/nofp/crtbegin.o
 .ARM.attributes
                0x0000004a       0x2c CMakeFiles/weather_station.dir/src/main.c.o
 .ARM.attributes
                0x00000076       0x2c CMakeFiles/weather_station.dir/home/gael/git/pico-sdk/src/rp2_common/hardware_i2c/i2c.c.o
 .ARM.attributes
                0x000000a2       0x2c CMakeFiles/weather_station.dir/home/gael/git/pico-sdk/src/rp2_common/pico_platform_panic/panic.c.o
 .ARM.attributes
                0x000000ce       0x2c CMakeFiles/weather_station.dir/home/gael/git/pico-sdk/src/common/hardware_claim/claim.c.o
 .ARM.attributes
                0x000000fa       0x2c CMakeFiles/weather_station.dir/home/gael/git/pico-sdk/src/rp2_common/hardware_sync/sync.c.o
 .ARM.attributes
                0x00000126       0x2c CMakeFiles/weather_station.dir/home/gael/git/pico-sdk/src/rp2_common/hardware_sync_spin_lock/sync_spin_lock.c.o
 .ARM.attributes
                0x00000152       0x2c CMakeFiles/weather_station.dir/home/gael/git/pico-sdk/src/common/pico_time/time.c.o
 .ARM.attributes
                0x0000017e       0x2c CMakeFiles/weather_station.dir/home/gael/git/pico-sdk/src/rp2_common/hardware_timer/timer.c.o
 .ARM.attributes
                0x000001aa       0x2c CMakeFiles/weather_station.dir/home/gael/git/pico-sdk/src/rp2_common/hardware_irq/irq.c.o
 .ARM.attributes
                0x000001d6       0x22 CMakeFiles/weather_station.dir/home/gael/git/pico-sdk/src/rp2_common/hardware_irq/irq_handler_chain.S.o
 .ARM.attributes
                0x000001f8       0x2c CMakeFiles/weather_station.dir/home/gael/git/pico-sdk/src/common/pico_sync/lock_core.c.o
 .ARM.attributes
                0x00000224       0x2c CMakeFiles/weather_station.dir/home/gael/git/pico-sdk/src/common/pico_sync/mutex.c.o
 .ARM.attributes
                0x00000250       0x2c CMakeFiles/weather_station.dir/home/gael/git/pico-sdk/src/rp2_common/hardware_clocks/clocks.c.o
 .ARM.attributes
                0x0000027c       0x2c CMakeFiles/weather_station.dir/home/gael/git/pico-sdk/src/rp2_common/hardware_gpio/gpio.c.o
 .ARM.attributes
                0x000002a8       0x2c CMakeFiles/weather_station.dir/home/gael/git/pico-sdk/src/rp2_common/hardware_pll/pll.c.o
 .ARM.attributes
                0x000002d4       0x2c CMakeFiles/weather_station.dir/home/gael/git/pico-sdk/src/rp2_common/hardware_ticks/ticks.c.o
 .ARM.attributes
                0x00000300       0x2c CMakeFiles/weather_station.dir/home/gael/git/pico-sdk/src/rp2_common/pico_bootrom/bootrom.c.o
 .ARM.attributes
                0x0000032c       0x2c CMakeFiles/weather_station.dir/home/gael/git/pico-sdk/src/rp2_common/hardware_xosc/xosc.c.o
 .ARM.attributes
                0x00000358       0x2c CMakeFiles/weather_station.dir/home/gael/git/pico-sdk/src/rp2_common/pico_runtime/runtime.c.o
 .ARM.attributes
                0x00000384       0x2c CMakeFiles/weather_station.dir/home/gael/git/pico-sdk/src/rp2_common/pico_runtime_init/runtime_init.c.o
 .ARM.attributes
                0x000003b0       0x2c CMakeFiles/weather_station.dir/home/gael/git/pico-sdk/src/rp2_common/pico_runtime_init/runtime_init_clocks.c.o
 .ARM.attributes
                0x000003dc       0x22 CMakeFiles/weather_station.dir/home/gael/git/pico-sdk/src/rp2_common/pico_bit_ops/bit_ops_aeabi.S.o
 .ARM.attributes
                0x000003fe       0x22 CMakeFiles/weather_station.dir/home/gael/git/pico-sdk/src/rp2_common/pico_divider/divider_hardware.S.o
 .ARM.attributes
                0x00000420       0x22 CMakeFiles/weather_station.dir/home/gael/git/pico-sdk/src/rp2_common/pico_double/double_aeabi_rp2040.S.o
 .ARM.attributes
                0x00000442       0x2c CMakeFiles/weather_station.dir/home/gael/git/pico-sdk/src/rp2_common/pico_double/double_init_rom_rp2040.c.o
 .ARM.attributes
                0x0000046e       0x22 CMakeFiles/weather_station.dir/home/gael/git/pico-sdk/src/rp2_common/pico_double/double_v1_rom_shim_rp2040.S.o
 .ARM.attributes
                0x00000490       0x22 CMakeFiles/weather_station.dir/home/gael/git/pico-sdk/src/rp2_common/pico_int64_ops/pico_int64_ops_aeabi.S.o
 .ARM.attributes
                0x000004b2       0x22 CMakeFiles/weather_station.dir/home/gael/git/pico-sdk/src/rp2_common/pico_float/float_aeabi_rp2040.S.o
 .ARM.attributes
                0x000004d4       0x2c CMakeFiles/weather_station.dir/home/gael/git/pico-sdk/src/rp2_common/pico_float/float_init_rom_rp2040.c.o
 .ARM.attributes
                0x00000500       0x22 CMakeFiles/weather_station.dir/home/gael/git/pico-sdk/src/rp2_common/pico_float/float_v1_rom_shim_rp2040.S.o
 .ARM.attributes
                0x00000522       0x22 CMakeFiles/weather_station.dir/home/gael/git/pico-sdk/src/rp2_common/pico_mem_ops/mem_ops_aeabi.S.o
 .ARM.attributes
                0x00000544       0x2c CMakeFiles/weather_station.dir/home/gael/git/pico-sdk/src/rp2_common/pico_standard_binary_info/standard_binary_info.c.o
 .ARM.attributes
                0x00000570       0x2c CMakeFiles/weather_station.dir/home/gael/git/pico-sdk/src/rp2_common/pico_printf/printf.c.o
 .ARM.attributes
                0x0000059c       0x22 CMakeFiles/weather_station.dir/home/gael/git/pico-sdk/src/rp2_common/pico_crt0/crt0.S.o
 .ARM.attributes
                0x000005be       0x2c CMakeFiles/weather_station.dir/home/gael/git/pico-sdk/src/rp2_common/pico_clib_interface/newlib_interface.c.o
 .ARM.attributes
                0x000005ea       0x2c CMakeFiles/weather_station.dir/home/gael/git/pico-sdk/src/rp2_common/pico_stdio/stdio.c.o
 .ARM.attributes
                0x00000616       0x2c CMakeFiles/weather_station.dir/home/gael/git/pico-sdk/src/rp2_common/hardware_spi/spi.c.o
 .ARM.attributes
                0x00000642       0x22 pico-sdk/src/rp2040/boot_stage2/CMakeFiles/bs2_default_library.dir/bs2_default_padded_checksummed.S.o
 .ARM.attributes
                0x00000664       0x2c src/systick/libsystick.a(systick.c.o)
 .ARM.attributes
                0x00000690       0x2c src/station/libstation.a(station.c.o)
 .ARM.attributes
                0x000006bc       0x2c src/weather_mode/libweather_mode.a(weather_mode.c.o)
 .ARM.attributes
                0x000006e8       0x2c src/wellcome_mode/libwellcome_mode.a(wellcome_mode.c.o)
 .ARM.attributes
                0x00000714       0x2c src/lcd/liblcd.a(lcd.c.o)
 .ARM.attributes
                0x00000740       0x2c src/font/libfont.a(font.c.o)
 .ARM.attributes
                0x0000076c       0x2c src/touchscreen/libtouchscreen.a(touchscreen.c.o)
 .ARM.attributes
                0x00000798       0x2c src/bme280/libbme280.a(bme280.c.o)
 .ARM.attributes
                0x000007c4       0x2c src/veml7700/libveml7700.a(veml7700.c.o)
 .ARM.attributes
                0x000007f0       0x2c src/display/libdisplay.a(display.c.o)
 .ARM.attributes
                0x0000081c       0x2c src/drawing_mode/libdrawing_mode.a(drawing_mode.c.o)
 .ARM.attributes
                0x00000848       0x1e /usr/lib/gcc/arm-none-eabi/14.2.0/thumb/v6-m/nofp/libgcc.a(_dvmd_tls.o)
 .ARM.attributes
                0x00000866       0x2c /usr/lib/gcc/arm-none-eabi/14.2.0/../../../../arm-none-eabi/lib/thumb/v6-m/nofp/libg.a(libc_a-atexit.o)
 .ARM.attributes
                0x00000892       0x2c /usr/lib/gcc/arm-none-eabi/14.2.0/../../../../arm-none-eabi/lib/thumb/v6-m/nofp/libg.a(libc_a-fini.o)
 .ARM.attributes
                0x000008be       0x2c /usr/lib/gcc/arm-none-eabi/14.2.0/../../../../arm-none-eabi/lib/thumb/v6-m/nofp/libg.a(libc_a-lock.o)
 .ARM.attributes
                0x000008ea       0x2c /usr/lib/gcc/arm-none-eabi/14.2.0/../../../../arm-none-eabi/lib/thumb/v6-m/nofp/libg.a(libc_a-strlen-stub.o)
 .ARM.attributes
                0x00000916       0x2c /usr/lib/gcc/arm-none-eabi/14.2.0/../../../../arm-none-eabi/lib/thumb/v6-m/nofp/libg.a(libc_a-__atexit.o)
 .ARM.attributes
                0x00000942       0x2c /usr/lib/gcc/arm-none-eabi/14.2.0/../../../../arm-none-eabi/lib/thumb/v6-m/nofp/libg.a(libc_a-__call_atexit.o)

.comment        0x00000000       0x3c
 .comment       0x00000000       0x3c CMakeFiles/weather_station.dir/src/main.c.o
                                 0x1f (size before relaxing)
 .comment       0x0000003c       0x1f CMakeFiles/weather_station.dir/home/gael/git/pico-sdk/src/rp2_common/hardware_i2c/i2c.c.o
 .comment       0x0000003c       0x1f CMakeFiles/weather_station.dir/home/gael/git/pico-sdk/src/rp2_common/pico_platform_panic/panic.c.o
 .comment       0x0000003c       0x1f CMakeFiles/weather_station.dir/home/gael/git/pico-sdk/src/common/hardware_claim/claim.c.o
 .comment       0x0000003c       0x1f CMakeFiles/weather_station.dir/home/gael/git/pico-sdk/src/rp2_common/hardware_sync/sync.c.o
 .comment       0x0000003c       0x1f CMakeFiles/weather_station.dir/home/gael/git/pico-sdk/src/rp2_common/hardware_sync_spin_lock/sync_spin_lock.c.o
 .comment       0x0000003c       0x1f CMakeFiles/weather_station.dir/home/gael/git/pico-sdk/src/common/pico_time/time.c.o
 .comment       0x0000003c       0x1f CMakeFiles/weather_station.dir/home/gael/git/pico-sdk/src/rp2_common/hardware_timer/timer.c.o
 .comment       0x0000003c       0x1f CMakeFiles/weather_station.dir/home/gael/git/pico-sdk/src/rp2_common/hardware_irq/irq.c.o
 .comment       0x0000003c       0x1f CMakeFiles/weather_station.dir/home/gael/git/pico-sdk/src/common/pico_sync/lock_core.c.o
 .comment       0x0000003c       0x1f CMakeFiles/weather_station.dir/home/gael/git/pico-sdk/src/common/pico_sync/mutex.c.o
 .comment       0x0000003c       0x1f CMakeFiles/weather_station.dir/home/gael/git/pico-sdk/src/rp2_common/hardware_clocks/clocks.c.o
 .comment       0x0000003c       0x1f CMakeFiles/weather_station.dir/home/gael/git/pico-sdk/src/rp2_common/hardware_gpio/gpio.c.o
 .comment       0x0000003c       0x1f CMakeFiles/weather_station.dir/home/gael/git/pico-sdk/src/rp2_common/hardware_pll/pll.c.o
 .comment       0x0000003c       0x1f CMakeFiles/weather_station.dir/home/gael/git/pico-sdk/src/rp2_common/hardware_ticks/ticks.c.o
 .comment       0x0000003c       0x1f CMakeFiles/weather_station.dir/home/gael/git/pico-sdk/src/rp2_common/pico_bootrom/bootrom.c.o
 .comment       0x0000003c       0x1f CMakeFiles/weather_station.dir/home/gael/git/pico-sdk/src/rp2_common/hardware_xosc/xosc.c.o
 .comment       0x0000003c       0x1f CMakeFiles/weather_station.dir/home/gael/git/pico-sdk/src/rp2_common/pico_runtime/runtime.c.o
 .comment       0x0000003c       0x1f CMakeFiles/weather_station.dir/home/gael/git/pico-sdk/src/rp2_common/pico_runtime_init/runtime_init.c.o
 .comment       0x0000003c       0x1f CMakeFiles/weather_station.dir/home/gael/git/pico-sdk/src/rp2_common/pico_runtime_init/runtime_init_clocks.c.o
 .comment       0x0000003c       0x1f CMakeFiles/weather_station.dir/home/gael/git/pico-sdk/src/rp2_common/pico_double/double_init_rom_rp2040.c.o
 .comment       0x0000003c       0x1f CMakeFiles/weather_station.dir/home/gael/git/pico-sdk/src/rp2_common/pico_float/float_init_rom_rp2040.c.o
 .comment       0x0000003c       0x1f CMakeFiles/weather_station.dir/home/gael/git/pico-sdk/src/rp2_common/pico_standard_binary_info/standard_binary_info.c.o
 .comment       0x0000003c       0x1f CMakeFiles/weather_station.dir/home/gael/git/pico-sdk/src/rp2_common/pico_printf/printf.c.o
 .comment       0x0000003c       0x1f CMakeFiles/weather_station.dir/home/gael/git/pico-sdk/src/rp2_common/pico_clib_interface/newlib_interface.c.o
 .comment       0x0000003c       0x1f CMakeFiles/weather_station.dir/home/gael/git/pico-sdk/src/rp2_common/pico_stdio/stdio.c.o
 .comment       0x0000003c       0x1f CMakeFiles/weather_station.dir/home/gael/git/pico-sdk/src/rp2_common/hardware_spi/spi.c.o
 .comment       0x0000003c       0x1f src/systick/libsystick.a(systick.c.o)
 .comment       0x0000003c       0x1f src/station/libstation.a(station.c.o)
 .comment       0x0000003c       0x1f src/weather_mode/libweather_mode.a(weather_mode.c.o)
 .comment       0x0000003c       0x1f src/wellcome_mode/libwellcome_mode.a(wellcome_mode.c.o)
 .comment       0x0000003c       0x1f src/lcd/liblcd.a(lcd.c.o)
 .comment       0x0000003c       0x1f src/font/libfont.a(font.c.o)